====================================================
starting compile_wkc
~~~~~~~~~~~~~~~~~~~~~~~~~~~~~~~~~~~~~~~~~~~~~~~~~~~~~~~~~~~~~~~~~~~~~~~~~~~~

  WKC - WRF-Chem/KPP coupler


~~~~~~~~~~~~~~~~~~~~~~~~~~~~~~~~~~~~~~~~~~~~~~~~~~~~~~~~~~~~~~~~~~~~~~~

  KPP - symbolic chemistry Kinetics PreProcessor, Version 2.1
        (http://www.cs.vt.edu/~asandu/Software/KPP)
  KPP is distributed under GPL, the general public licence
        (http://www.gnu.org/copyleft/gpl.html)
    (C) 1995-1997, V. Damian & A. Sandu, CGRER, Univ. Iowa
    (C) 1997-2003, A. Sandu, Michigan Tech
    (C) 2003-2005, A. Sandu, Virginia Polytechnic Institute and State University
        with contributions from:
        R. Sander, Max-Planck Institute for Chemistry, Mainz, Germany


   The current version of KPP was modified for WRF-Chem.

~~~~~~~~~~~~~~~~~~~~~~~~~~~~~~~~~~~~~~~~~~~~~~~~~~~~~~~~~~~~~~~~~~~~~~~
------------------------------------------
 configure_kpp, settings:
location of flex library: /usr/lib64/libfl.a
# DM_CC = mpiicc OMPCC = # -openmp -fpp -auto CCOMP = icc CC = $(DM_CC) -DFSEEKO64_OK
SCC = icc DM_CC = mpicc -cc=$(SCC) -DMPI2_SUPPORT CC_TOOLS = $(SCC) CC="$(SCC)" CFLAGS="$(CFLAGS)" \
writing chem/KPP/configure.kpp
/global/scratch/azare/Josh/WRFV3
-----------------------------------------
compile kpp
make[1]: Entering directory `/global/scratch/azare/Josh/WRFV3/chem/KPP/kpp/kpp-2.1/src'
  icc -O -lm y.tab.o lex.yy.o scanner.o scanutil.o kpp.o gen.o code.o code_c.o code_f77.o code_f90.o code_matlab.o debug.o -L/usr/lib64 -lfl -ll -o kpp
icc: warning #10315: specifying -lm before files may supersede the Intel(R) math library and affect performance
make[1]: Leaving directory `/global/scratch/azare/Josh/WRFV3/chem/KPP/kpp/kpp-2.1/src'
-----------------------------------------
compile the coupler
icc -I../../../../inc  -c -g  registry_kpp.c
icc -I../../../../inc  -c -g  my_strtok.c
icc -I../../../../inc  -c -g  data.c
icc -I../../../../inc  -c -g  type.c
icc -I../../../../inc  -c -g  misc.c
icc -I../../../../inc  -c -g  reg_parse.c
icc -I../../../../inc  -c -g  gen_kpp_utils.c
icc -I../../../../inc  -c -g  gen_kpp_mech_dr.c
icc -I../../../../inc  -c -g  gen_kpp_interface.c
icc -I../../../../inc  -c -g  get_wrf_chem_specs.c
icc -I../../../../inc  -c -g  get_kpp_chem_specs.c
get_kpp_chem_specs.c(42): warning #117: non-void function "get_kpp_chem_specs" should return a value
  	return;
  	      ^

icc -I../../../../inc  -c -g  compare_kpp_to_species.c
icc -I../../../../inc  -c -g  get_wrf_radicals.c
icc -I../../../../inc  -c -g  get_wrf_jvals.c
icc -I../../../../inc  -c -g  change_chem_Makefile.c
icc -I../../../../inc  -c -g  gen_kpp_interf_utils.c
icc -I../../../../inc  -c -g  gen_kpp_args_to_Update_Rconst.c
icc -I../../../../inc  -c -g  gen_kpp.c
icc -I../../../../inc  -c -g  kpp_data.c
icc -I../../../../inc  -c -g  sym.c
icc -I../../../../inc  -c -g  symtab_gen.c
icc -o registry_kpp -g   registry_kpp.o  my_strtok.o data.o type.o misc.o reg_parse.o gen_kpp.o get_wrf_chem_specs.o gen_kpp_mech_dr.o gen_kpp_interface.o get_kpp_chem_specs.o compare_kpp_to_species.o get_wrf_radicals.o get_wrf_jvals.o gen_kpp_utils.o change_chem_Makefile.o gen_kpp_interf_utils.o gen_kpp_args_to_Update_Rconst.o  kpp_data.o sym.o symtab_gen.o
-----------------------------------------
check if Registry was touched
touch run_wkc
touch mod_registry.temp
touch ../mechanisms/*/*.kpp
-----------------------------------------
Run kpp for mechanisms in chem/KPP/mechanisms
=========================================================
mechanisms/cbm4
ln -s ../../util/Makefile_kpp mechanisms/cbm4/Makefile
ln -s ../chem/KPP/inc/cbm4/extra_args_to_update_rconst_cbm4.inc /global/scratch/azare/Josh/WRFV3/inc
ln -s ../chem/KPP/inc/cbm4/extra_args_update_rconst_cbm4.inc /global/scratch/azare/Josh/WRFV3/inc
ln -s ../chem/KPP/inc/cbm4/extra_decls_update_rconst_cbm4.inc /global/scratch/azare/Josh/WRFV3/inc
ln -s ../chem/KPP/inc/cbm4/kpp_mechd_a_cbm4.inc /global/scratch/azare/Josh/WRFV3/inc
ln -s ../chem/KPP/inc/cbm4/kpp_mechd_b_cbm4.inc /global/scratch/azare/Josh/WRFV3/inc
ln -s ../chem/KPP/inc/cbm4/kpp_mechd_e_cbm4.inc /global/scratch/azare/Josh/WRFV3/inc
ln -s ../chem/KPP/inc/cbm4/kpp_mechd_ia_cbm4.inc /global/scratch/azare/Josh/WRFV3/inc
ln -s ../chem/KPP/inc/cbm4/kpp_mechd_ib_cbm4.inc /global/scratch/azare/Josh/WRFV3/inc
ln -s ../chem/KPP/inc/cbm4/kpp_mechd_ibu_cbm4.inc /global/scratch/azare/Josh/WRFV3/inc
ln -s ../chem/KPP/inc/cbm4/kpp_mechd_l_cbm4.inc /global/scratch/azare/Josh/WRFV3/inc
ln -s ../chem/KPP/inc/cbm4/kpp_mechd_u_cbm4.inc /global/scratch/azare/Josh/WRFV3/inc
model cbm4
/global/scratch/azare/Josh/WRFV3/chem/KPP/kpp/kpp-2.1/bin/kpp cbm4.kpp

This is KPP-2.1.

KPP is parsing the equation file.
KPP was told to generate WRF conform code
KPP is computing Jacobian sparsity structure.
KPP is starting the code generation.
KPP is initializing the code generation.
 
 KPP is using the WRF conform integrator routine: 
 /global/scratch/azare/Josh/WRFV3/chem/KPP/kpp/kpp-2.1/int/WRF_conform/rosenbrock 

KPP is generating the monitor data:
    - cbm4_Monitor
KPP is generating the utility data:
    - cbm4_Util
KPP is generating the global declarations:
    - cbm4_Main
KPP is generating the ODE function:
    - cbm4_Function
KPP is generating the ODE Jacobian:
    - cbm4_Jacobian
    - cbm4_JacobianSP
KPP is generating the linear algebra routines:
    - cbm4_LinearAlgebra
KPP is generating the utility functions:
    - cbm4_Util
KPP is generating the rate laws:
    - cbm4_Rates
KPP is generating UpdateRconstWRF (WRF conform): 
    - cbm4_UpdateRconst
KPP is generating the parameters:
    - cbm4_Parameters
KPP is generating the global data:
    - cbm4_Global
KPP is generating the driver from general.f90:
    - cbm4_Main
KPP is starting the code post-processing.

KPP has succesfully created the model "cbm4".

cp -f cbm4_Integrator.f90 ../../../module_kpp_cbm4_Integr.F
cp -f cbm4_Parameters.f90 ../../../module_kpp_cbm4_Parameters.F
cp -f cbm4_Precision.f90 ../../../module_kpp_cbm4_Precision.F
cp -f cbm4_JacobianSP.f90 ../../../module_kpp_cbm4_JacobianSP.F
cp -f cbm4_Jacobian.f90 ../../../module_kpp_cbm4_Jacobian.F
cp -f cbm4_Update_Rconst.f90 ../../../module_kpp_cbm4_Update_Rconst.F
touch ../../util/run_wkc
Makefile:50: warning: overriding commands for target `.F.o'
../../../../configure.wrf:357: warning: ignoring old commands for target `.F.o'
Makefile:58: warning: overriding commands for target `.c.o'
../../../../configure.wrf:384: warning: ignoring old commands for target `.c.o'
rm -f decomp_uses.inc
echo USE cbm4_Parameters > decomp_uses.inc
echo USE cbm4_JacobianSP >> decomp_uses.inc
ln -sf  ../../../module_kpp_cbm4_Precision.F
ln -sf  ../../../module_kpp_cbm4_Parameters.F
ln -sf  ../../../module_kpp_cbm4_JacobianSP.F
ln -sf  ../../../module_kpp_cbm4_Integr.F
make -i -r comp
make[1]: Entering directory `/global/scratch/azare/Josh/WRFV3/chem/KPP/util/write_decomp'
Makefile:50: warning: overriding commands for target `.F.o'
../../../../configure.wrf:357: warning: ignoring old commands for target `.F.o'
Makefile:58: warning: overriding commands for target `.c.o'
../../../../configure.wrf:384: warning: ignoring old commands for target `.c.o'
rm -f module_kpp_cbm4_Precision.o
sed -f ../../../../arch/standard.sed module_kpp_cbm4_Precision.F > module_kpp_cbm4_Precision.b 
/lib/cpp -C -P -I../../../../inc -DEM_CORE=1 -DNMM_CORE=0 -DNMM_MAX_DIM=2600 -DCOAMPS_CORE= -DDA_CORE= -DEXP_CORE= -DIWORDSIZE=4 -DDWORDSIZE=8 -DRWORDSIZE=4 -DLWORDSIZE=4 -DNONSTANDARD_SYSTEM_FUNC -DWRF_USE_CLM  -DDM_PARALLEL -DNETCDF -DUSE_ALLOCATABLES -DGRIB1 -DINTIO -DLIMIT_ARGS -DCONFIG_BUF_LEN=65536 -DMAX_DOMAINS_F=21 -DMAX_HISTORY=25 -DNMM_NEST= -DWRF_CHEM -DBUILD_CHEM=1 -DWRF_KPP -I. -traditional  module_kpp_cbm4_Precision.b  > module_kpp_cbm4_Precision.f90
rm -f module_kpp_cbm4_Precision.b
ifort -c -O2 -ip -fp-model precise -w -ftz -align all -fno-alias -FR -convert big_endian    -i4  module_kpp_cbm4_Precision.f90
rm -f module_kpp_cbm4_Parameters.o
sed -f ../../../../arch/standard.sed module_kpp_cbm4_Parameters.F > module_kpp_cbm4_Parameters.b 
/lib/cpp -C -P -I../../../../inc -DEM_CORE=1 -DNMM_CORE=0 -DNMM_MAX_DIM=2600 -DCOAMPS_CORE= -DDA_CORE= -DEXP_CORE= -DIWORDSIZE=4 -DDWORDSIZE=8 -DRWORDSIZE=4 -DLWORDSIZE=4 -DNONSTANDARD_SYSTEM_FUNC -DWRF_USE_CLM  -DDM_PARALLEL -DNETCDF -DUSE_ALLOCATABLES -DGRIB1 -DINTIO -DLIMIT_ARGS -DCONFIG_BUF_LEN=65536 -DMAX_DOMAINS_F=21 -DMAX_HISTORY=25 -DNMM_NEST= -DWRF_CHEM -DBUILD_CHEM=1 -DWRF_KPP -I. -traditional  module_kpp_cbm4_Parameters.b  > module_kpp_cbm4_Parameters.f90
rm -f module_kpp_cbm4_Parameters.b
ifort -c -O2 -ip -fp-model precise -w -ftz -align all -fno-alias -FR -convert big_endian    -i4  module_kpp_cbm4_Parameters.f90
rm -f module_kpp_cbm4_JacobianSP.o
sed -f ../../../../arch/standard.sed module_kpp_cbm4_JacobianSP.F > module_kpp_cbm4_JacobianSP.b 
/lib/cpp -C -P -I../../../../inc -DEM_CORE=1 -DNMM_CORE=0 -DNMM_MAX_DIM=2600 -DCOAMPS_CORE= -DDA_CORE= -DEXP_CORE= -DIWORDSIZE=4 -DDWORDSIZE=8 -DRWORDSIZE=4 -DLWORDSIZE=4 -DNONSTANDARD_SYSTEM_FUNC -DWRF_USE_CLM  -DDM_PARALLEL -DNETCDF -DUSE_ALLOCATABLES -DGRIB1 -DINTIO -DLIMIT_ARGS -DCONFIG_BUF_LEN=65536 -DMAX_DOMAINS_F=21 -DMAX_HISTORY=25 -DNMM_NEST= -DWRF_CHEM -DBUILD_CHEM=1 -DWRF_KPP -I. -traditional  module_kpp_cbm4_JacobianSP.b  > module_kpp_cbm4_JacobianSP.f90
rm -f module_kpp_cbm4_JacobianSP.b
ifort -c -O2 -ip -fp-model precise -w -ftz -align all -fno-alias -FR -convert big_endian    -i4  module_kpp_cbm4_JacobianSP.f90
rm -f write_decomp.o
sed -f ../../../../arch/standard.sed write_decomp.F > write_decomp.b 
/lib/cpp -C -P -I../../../../inc -DEM_CORE=1 -DNMM_CORE=0 -DNMM_MAX_DIM=2600 -DCOAMPS_CORE= -DDA_CORE= -DEXP_CORE= -DIWORDSIZE=4 -DDWORDSIZE=8 -DRWORDSIZE=4 -DLWORDSIZE=4 -DNONSTANDARD_SYSTEM_FUNC -DWRF_USE_CLM  -DDM_PARALLEL -DNETCDF -DUSE_ALLOCATABLES -DGRIB1 -DINTIO -DLIMIT_ARGS -DCONFIG_BUF_LEN=65536 -DMAX_DOMAINS_F=21 -DMAX_HISTORY=25 -DNMM_NEST= -DWRF_CHEM -DBUILD_CHEM=1 -DWRF_KPP -I. -traditional  write_decomp.b  > write_decomp.f90
rm -f write_decomp.b
ifort -c -O2 -ip -fp-model precise -w -ftz -align all -fno-alias -FR -convert big_endian    -i4  write_decomp.f90
ifort -o write_decomp.exe module_kpp_cbm4_Precision.o module_kpp_cbm4_Parameters.o module_kpp_cbm4_JacobianSP.o      write_decomp.o  
echo cbm4 > mech.tmp
make[1]: Leaving directory `/global/scratch/azare/Josh/WRFV3/chem/KPP/util/write_decomp'
./write_decomp.exe
   -- in write_decomp
     for kpp mechanism: cbm4
 fname:<decomp_cbm4.inc>
make -i -r integr_edit
make[1]: Entering directory `/global/scratch/azare/Josh/WRFV3/chem/KPP/util/write_decomp'
Makefile:50: warning: overriding commands for target `.F.o'
../../../../configure.wrf:357: warning: ignoring old commands for target `.F.o'
Makefile:58: warning: overriding commands for target `.c.o'
../../../../configure.wrf:384: warning: ignoring old commands for target `.c.o'
rm -f integr_edit.o
icc -c -w -O2 -ip  -DDM_PARALLEL -DMAX_HISTORY=25 -DNMM_CORE=0 integr_edit.c
icc -o integr_edit.exe integr_edit.o
make[1]: Leaving directory `/global/scratch/azare/Josh/WRFV3/chem/KPP/util/write_decomp'
./integr_edit.exe cbm4
   integr_edit: replacing     CALL cbm4_KppDecomp ( A, ising )
 
  END MODULE cbm4_Integrator
 make -i -r clean 
make[1]: Entering directory `/global/scratch/azare/Josh/WRFV3/chem/KPP/util/write_decomp'
Makefile:50: warning: overriding commands for target `.F.o'
../../../../configure.wrf:357: warning: ignoring old commands for target `.F.o'
Makefile:58: warning: overriding commands for target `.c.o'
../../../../configure.wrf:384: warning: ignoring old commands for target `.c.o'
rm -f *.o *.tmp *.mod module_kpp_* *~ *.inc *.exe *.f90
make[1]: Leaving directory `/global/scratch/azare/Josh/WRFV3/chem/KPP/util/write_decomp'
=========================================================
mechanisms/cbmz_bb
ln -s ../../util/Makefile_kpp mechanisms/cbmz_bb/Makefile
ln -s ../chem/KPP/inc/cbmz_bb/extra_args_to_update_rconst_cbmz_bb.inc /global/scratch/azare/Josh/WRFV3/inc
ln -s ../chem/KPP/inc/cbmz_bb/extra_args_update_rconst_cbmz_bb.inc /global/scratch/azare/Josh/WRFV3/inc
ln -s ../chem/KPP/inc/cbmz_bb/extra_decls_update_rconst_cbmz_bb.inc /global/scratch/azare/Josh/WRFV3/inc
ln -s ../chem/KPP/inc/cbmz_bb/kpp_mechd_a_cbmz_bb.inc /global/scratch/azare/Josh/WRFV3/inc
ln -s ../chem/KPP/inc/cbmz_bb/kpp_mechd_b_cbmz_bb.inc /global/scratch/azare/Josh/WRFV3/inc
ln -s ../chem/KPP/inc/cbmz_bb/kpp_mechd_e_cbmz_bb.inc /global/scratch/azare/Josh/WRFV3/inc
ln -s ../chem/KPP/inc/cbmz_bb/kpp_mechd_ia_cbmz_bb.inc /global/scratch/azare/Josh/WRFV3/inc
ln -s ../chem/KPP/inc/cbmz_bb/kpp_mechd_ib_cbmz_bb.inc /global/scratch/azare/Josh/WRFV3/inc
ln -s ../chem/KPP/inc/cbmz_bb/kpp_mechd_ibu_cbmz_bb.inc /global/scratch/azare/Josh/WRFV3/inc
ln -s ../chem/KPP/inc/cbmz_bb/kpp_mechd_l_cbmz_bb.inc /global/scratch/azare/Josh/WRFV3/inc
ln -s ../chem/KPP/inc/cbmz_bb/kpp_mechd_u_cbmz_bb.inc /global/scratch/azare/Josh/WRFV3/inc
model cbmz_bb
/global/scratch/azare/Josh/WRFV3/chem/KPP/kpp/kpp-2.1/bin/kpp cbmz_bb.kpp

This is KPP-2.1.

KPP is parsing the equation file.
KPP was told to generate WRF conform code
KPP is computing Jacobian sparsity structure.
KPP is starting the code generation.
KPP is initializing the code generation.
 
 KPP is using the WRF conform integrator routine: 
 /global/scratch/azare/Josh/WRFV3/chem/KPP/kpp/kpp-2.1/int/WRF_conform/rosenbrock 

KPP is generating the monitor data:
    - cbmz_bb_Monitor
KPP is generating the utility data:
    - cbmz_bb_Util
KPP is generating the global declarations:
    - cbmz_bb_Main
KPP is generating the ODE function:
    - cbmz_bb_Function
KPP is generating the ODE Jacobian:
    - cbmz_bb_Jacobian
    - cbmz_bb_JacobianSP
KPP is generating the linear algebra routines:
    - cbmz_bb_LinearAlgebra
KPP is generating the utility functions:
    - cbmz_bb_Util
KPP is generating the rate laws:
    - cbmz_bb_Rates
KPP is generating UpdateRconstWRF (WRF conform): 
    - cbmz_bb_UpdateRconst
KPP is generating the parameters:
    - cbmz_bb_Parameters
KPP is generating the global data:
    - cbmz_bb_Global
KPP is generating the driver from general.f90:
    - cbmz_bb_Main
KPP is starting the code post-processing.

KPP has succesfully created the model "cbmz_bb".

cp -f cbmz_bb_Integrator.f90 ../../../module_kpp_cbmz_bb_Integr.F
cp -f cbmz_bb_Parameters.f90 ../../../module_kpp_cbmz_bb_Parameters.F
cp -f cbmz_bb_Precision.f90 ../../../module_kpp_cbmz_bb_Precision.F
cp -f cbmz_bb_JacobianSP.f90 ../../../module_kpp_cbmz_bb_JacobianSP.F
cp -f cbmz_bb_Jacobian.f90 ../../../module_kpp_cbmz_bb_Jacobian.F
cp -f cbmz_bb_Update_Rconst.f90 ../../../module_kpp_cbmz_bb_Update_Rconst.F
touch ../../util/run_wkc
Makefile:50: warning: overriding commands for target `.F.o'
../../../../configure.wrf:357: warning: ignoring old commands for target `.F.o'
Makefile:58: warning: overriding commands for target `.c.o'
../../../../configure.wrf:384: warning: ignoring old commands for target `.c.o'
rm -f decomp_uses.inc
echo USE cbmz_bb_Parameters > decomp_uses.inc
echo USE cbmz_bb_JacobianSP >> decomp_uses.inc
ln -sf  ../../../module_kpp_cbmz_bb_Precision.F
ln -sf  ../../../module_kpp_cbmz_bb_Parameters.F
ln -sf  ../../../module_kpp_cbmz_bb_JacobianSP.F
ln -sf  ../../../module_kpp_cbmz_bb_Integr.F
make -i -r comp
make[1]: Entering directory `/global/scratch/azare/Josh/WRFV3/chem/KPP/util/write_decomp'
Makefile:50: warning: overriding commands for target `.F.o'
../../../../configure.wrf:357: warning: ignoring old commands for target `.F.o'
Makefile:58: warning: overriding commands for target `.c.o'
../../../../configure.wrf:384: warning: ignoring old commands for target `.c.o'
rm -f module_kpp_cbmz_bb_Precision.o
sed -f ../../../../arch/standard.sed module_kpp_cbmz_bb_Precision.F > module_kpp_cbmz_bb_Precision.b 
/lib/cpp -C -P -I../../../../inc -DEM_CORE=1 -DNMM_CORE=0 -DNMM_MAX_DIM=2600 -DCOAMPS_CORE= -DDA_CORE= -DEXP_CORE= -DIWORDSIZE=4 -DDWORDSIZE=8 -DRWORDSIZE=4 -DLWORDSIZE=4 -DNONSTANDARD_SYSTEM_FUNC -DWRF_USE_CLM  -DDM_PARALLEL -DNETCDF -DUSE_ALLOCATABLES -DGRIB1 -DINTIO -DLIMIT_ARGS -DCONFIG_BUF_LEN=65536 -DMAX_DOMAINS_F=21 -DMAX_HISTORY=25 -DNMM_NEST= -DWRF_CHEM -DBUILD_CHEM=1 -DWRF_KPP -I. -traditional  module_kpp_cbmz_bb_Precision.b  > module_kpp_cbmz_bb_Precision.f90
rm -f module_kpp_cbmz_bb_Precision.b
ifort -c -O2 -ip -fp-model precise -w -ftz -align all -fno-alias -FR -convert big_endian    -i4  module_kpp_cbmz_bb_Precision.f90
rm -f module_kpp_cbmz_bb_Parameters.o
sed -f ../../../../arch/standard.sed module_kpp_cbmz_bb_Parameters.F > module_kpp_cbmz_bb_Parameters.b 
/lib/cpp -C -P -I../../../../inc -DEM_CORE=1 -DNMM_CORE=0 -DNMM_MAX_DIM=2600 -DCOAMPS_CORE= -DDA_CORE= -DEXP_CORE= -DIWORDSIZE=4 -DDWORDSIZE=8 -DRWORDSIZE=4 -DLWORDSIZE=4 -DNONSTANDARD_SYSTEM_FUNC -DWRF_USE_CLM  -DDM_PARALLEL -DNETCDF -DUSE_ALLOCATABLES -DGRIB1 -DINTIO -DLIMIT_ARGS -DCONFIG_BUF_LEN=65536 -DMAX_DOMAINS_F=21 -DMAX_HISTORY=25 -DNMM_NEST= -DWRF_CHEM -DBUILD_CHEM=1 -DWRF_KPP -I. -traditional  module_kpp_cbmz_bb_Parameters.b  > module_kpp_cbmz_bb_Parameters.f90
rm -f module_kpp_cbmz_bb_Parameters.b
ifort -c -O2 -ip -fp-model precise -w -ftz -align all -fno-alias -FR -convert big_endian    -i4  module_kpp_cbmz_bb_Parameters.f90
rm -f module_kpp_cbmz_bb_JacobianSP.o
sed -f ../../../../arch/standard.sed module_kpp_cbmz_bb_JacobianSP.F > module_kpp_cbmz_bb_JacobianSP.b 
/lib/cpp -C -P -I../../../../inc -DEM_CORE=1 -DNMM_CORE=0 -DNMM_MAX_DIM=2600 -DCOAMPS_CORE= -DDA_CORE= -DEXP_CORE= -DIWORDSIZE=4 -DDWORDSIZE=8 -DRWORDSIZE=4 -DLWORDSIZE=4 -DNONSTANDARD_SYSTEM_FUNC -DWRF_USE_CLM  -DDM_PARALLEL -DNETCDF -DUSE_ALLOCATABLES -DGRIB1 -DINTIO -DLIMIT_ARGS -DCONFIG_BUF_LEN=65536 -DMAX_DOMAINS_F=21 -DMAX_HISTORY=25 -DNMM_NEST= -DWRF_CHEM -DBUILD_CHEM=1 -DWRF_KPP -I. -traditional  module_kpp_cbmz_bb_JacobianSP.b  > module_kpp_cbmz_bb_JacobianSP.f90
rm -f module_kpp_cbmz_bb_JacobianSP.b
ifort -c -O2 -ip -fp-model precise -w -ftz -align all -fno-alias -FR -convert big_endian    -i4  module_kpp_cbmz_bb_JacobianSP.f90
rm -f write_decomp.o
sed -f ../../../../arch/standard.sed write_decomp.F > write_decomp.b 
/lib/cpp -C -P -I../../../../inc -DEM_CORE=1 -DNMM_CORE=0 -DNMM_MAX_DIM=2600 -DCOAMPS_CORE= -DDA_CORE= -DEXP_CORE= -DIWORDSIZE=4 -DDWORDSIZE=8 -DRWORDSIZE=4 -DLWORDSIZE=4 -DNONSTANDARD_SYSTEM_FUNC -DWRF_USE_CLM  -DDM_PARALLEL -DNETCDF -DUSE_ALLOCATABLES -DGRIB1 -DINTIO -DLIMIT_ARGS -DCONFIG_BUF_LEN=65536 -DMAX_DOMAINS_F=21 -DMAX_HISTORY=25 -DNMM_NEST= -DWRF_CHEM -DBUILD_CHEM=1 -DWRF_KPP -I. -traditional  write_decomp.b  > write_decomp.f90
rm -f write_decomp.b
ifort -c -O2 -ip -fp-model precise -w -ftz -align all -fno-alias -FR -convert big_endian    -i4  write_decomp.f90
ifort -o write_decomp.exe module_kpp_cbmz_bb_Precision.o module_kpp_cbmz_bb_Parameters.o module_kpp_cbmz_bb_JacobianSP.o      write_decomp.o  
echo cbmz_bb > mech.tmp
make[1]: Leaving directory `/global/scratch/azare/Josh/WRFV3/chem/KPP/util/write_decomp'
./write_decomp.exe
   -- in write_decomp
     for kpp mechanism: cbmz_bb
 fname:<decomp_cbmz_bb.inc>
make -i -r integr_edit
make[1]: Entering directory `/global/scratch/azare/Josh/WRFV3/chem/KPP/util/write_decomp'
Makefile:50: warning: overriding commands for target `.F.o'
../../../../configure.wrf:357: warning: ignoring old commands for target `.F.o'
Makefile:58: warning: overriding commands for target `.c.o'
../../../../configure.wrf:384: warning: ignoring old commands for target `.c.o'
rm -f integr_edit.o
icc -c -w -O2 -ip  -DDM_PARALLEL -DMAX_HISTORY=25 -DNMM_CORE=0 integr_edit.c
icc -o integr_edit.exe integr_edit.o
make[1]: Leaving directory `/global/scratch/azare/Josh/WRFV3/chem/KPP/util/write_decomp'
./integr_edit.exe cbmz_bb
   integr_edit: replacing     CALL cbmz_bb_KppDecomp ( A, ising )
 
  END MODULE cbmz_bb_Integrator
 make -i -r clean 
make[1]: Entering directory `/global/scratch/azare/Josh/WRFV3/chem/KPP/util/write_decomp'
Makefile:50: warning: overriding commands for target `.F.o'
../../../../configure.wrf:357: warning: ignoring old commands for target `.F.o'
Makefile:58: warning: overriding commands for target `.c.o'
../../../../configure.wrf:384: warning: ignoring old commands for target `.c.o'
rm -f *.o *.tmp *.mod module_kpp_* *~ *.inc *.exe *.f90
make[1]: Leaving directory `/global/scratch/azare/Josh/WRFV3/chem/KPP/util/write_decomp'
=========================================================
mechanisms/cbmz_mosaic
ln -s ../../util/Makefile_kpp mechanisms/cbmz_mosaic/Makefile
ln -s ../chem/KPP/inc/cbmz_mosaic/extra_args_to_update_rconst_cbmz_mosaic.inc /global/scratch/azare/Josh/WRFV3/inc
ln -s ../chem/KPP/inc/cbmz_mosaic/extra_args_update_rconst_cbmz_mosaic.inc /global/scratch/azare/Josh/WRFV3/inc
ln -s ../chem/KPP/inc/cbmz_mosaic/extra_decls_update_rconst_cbmz_mosaic.inc /global/scratch/azare/Josh/WRFV3/inc
ln -s ../chem/KPP/inc/cbmz_mosaic/kpp_mechd_a_cbmz_mosaic.inc /global/scratch/azare/Josh/WRFV3/inc
ln -s ../chem/KPP/inc/cbmz_mosaic/kpp_mechd_b_cbmz_mosaic.inc /global/scratch/azare/Josh/WRFV3/inc
ln -s ../chem/KPP/inc/cbmz_mosaic/kpp_mechd_e_cbmz_mosaic.inc /global/scratch/azare/Josh/WRFV3/inc
ln -s ../chem/KPP/inc/cbmz_mosaic/kpp_mechd_ia_cbmz_mosaic.inc /global/scratch/azare/Josh/WRFV3/inc
ln -s ../chem/KPP/inc/cbmz_mosaic/kpp_mechd_ib_cbmz_mosaic.inc /global/scratch/azare/Josh/WRFV3/inc
ln -s ../chem/KPP/inc/cbmz_mosaic/kpp_mechd_ibu_cbmz_mosaic.inc /global/scratch/azare/Josh/WRFV3/inc
ln -s ../chem/KPP/inc/cbmz_mosaic/kpp_mechd_l_cbmz_mosaic.inc /global/scratch/azare/Josh/WRFV3/inc
ln -s ../chem/KPP/inc/cbmz_mosaic/kpp_mechd_u_cbmz_mosaic.inc /global/scratch/azare/Josh/WRFV3/inc
model cbmz_mosaic
/global/scratch/azare/Josh/WRFV3/chem/KPP/kpp/kpp-2.1/bin/kpp cbmz_mosaic.kpp

This is KPP-2.1.

KPP is parsing the equation file.
KPP was told to generate WRF conform code
KPP is computing Jacobian sparsity structure.
KPP is starting the code generation.
KPP is initializing the code generation.
 
 KPP is using the WRF conform integrator routine: 
 /global/scratch/azare/Josh/WRFV3/chem/KPP/kpp/kpp-2.1/int/WRF_conform/rosenbrock 

KPP is generating the monitor data:
    - cbmz_mosaic_Monitor
KPP is generating the utility data:
    - cbmz_mosaic_Util
KPP is generating the global declarations:
    - cbmz_mosaic_Main
KPP is generating the ODE function:
    - cbmz_mosaic_Function
KPP is generating the ODE Jacobian:
    - cbmz_mosaic_Jacobian
    - cbmz_mosaic_JacobianSP
KPP is generating the linear algebra routines:
    - cbmz_mosaic_LinearAlgebra
KPP is generating the utility functions:
    - cbmz_mosaic_Util
KPP is generating the rate laws:
    - cbmz_mosaic_Rates
KPP is generating UpdateRconstWRF (WRF conform): 
    - cbmz_mosaic_UpdateRconst
KPP is generating the parameters:
    - cbmz_mosaic_Parameters
KPP is generating the global data:
    - cbmz_mosaic_Global
KPP is generating the driver from general.f90:
    - cbmz_mosaic_Main
KPP is starting the code post-processing.

KPP has succesfully created the model "cbmz_mosaic".

cp -f cbmz_mosaic_Integrator.f90 ../../../module_kpp_cbmz_mosaic_Integr.F
cp -f cbmz_mosaic_Parameters.f90 ../../../module_kpp_cbmz_mosaic_Parameters.F
cp -f cbmz_mosaic_Precision.f90 ../../../module_kpp_cbmz_mosaic_Precision.F
cp -f cbmz_mosaic_JacobianSP.f90 ../../../module_kpp_cbmz_mosaic_JacobianSP.F
cp -f cbmz_mosaic_Jacobian.f90 ../../../module_kpp_cbmz_mosaic_Jacobian.F
cp -f cbmz_mosaic_Update_Rconst.f90 ../../../module_kpp_cbmz_mosaic_Update_Rconst.F
touch ../../util/run_wkc
Makefile:50: warning: overriding commands for target `.F.o'
../../../../configure.wrf:357: warning: ignoring old commands for target `.F.o'
Makefile:58: warning: overriding commands for target `.c.o'
../../../../configure.wrf:384: warning: ignoring old commands for target `.c.o'
rm -f decomp_uses.inc
echo USE cbmz_mosaic_Parameters > decomp_uses.inc
echo USE cbmz_mosaic_JacobianSP >> decomp_uses.inc
ln -sf  ../../../module_kpp_cbmz_mosaic_Precision.F
ln -sf  ../../../module_kpp_cbmz_mosaic_Parameters.F
ln -sf  ../../../module_kpp_cbmz_mosaic_JacobianSP.F
ln -sf  ../../../module_kpp_cbmz_mosaic_Integr.F
make -i -r comp
make[1]: Entering directory `/global/scratch/azare/Josh/WRFV3/chem/KPP/util/write_decomp'
Makefile:50: warning: overriding commands for target `.F.o'
../../../../configure.wrf:357: warning: ignoring old commands for target `.F.o'
Makefile:58: warning: overriding commands for target `.c.o'
../../../../configure.wrf:384: warning: ignoring old commands for target `.c.o'
rm -f module_kpp_cbmz_mosaic_Precision.o
sed -f ../../../../arch/standard.sed module_kpp_cbmz_mosaic_Precision.F > module_kpp_cbmz_mosaic_Precision.b 
/lib/cpp -C -P -I../../../../inc -DEM_CORE=1 -DNMM_CORE=0 -DNMM_MAX_DIM=2600 -DCOAMPS_CORE= -DDA_CORE= -DEXP_CORE= -DIWORDSIZE=4 -DDWORDSIZE=8 -DRWORDSIZE=4 -DLWORDSIZE=4 -DNONSTANDARD_SYSTEM_FUNC -DWRF_USE_CLM  -DDM_PARALLEL -DNETCDF -DUSE_ALLOCATABLES -DGRIB1 -DINTIO -DLIMIT_ARGS -DCONFIG_BUF_LEN=65536 -DMAX_DOMAINS_F=21 -DMAX_HISTORY=25 -DNMM_NEST= -DWRF_CHEM -DBUILD_CHEM=1 -DWRF_KPP -I. -traditional  module_kpp_cbmz_mosaic_Precision.b  > module_kpp_cbmz_mosaic_Precision.f90
rm -f module_kpp_cbmz_mosaic_Precision.b
ifort -c -O2 -ip -fp-model precise -w -ftz -align all -fno-alias -FR -convert big_endian    -i4  module_kpp_cbmz_mosaic_Precision.f90
rm -f module_kpp_cbmz_mosaic_Parameters.o
sed -f ../../../../arch/standard.sed module_kpp_cbmz_mosaic_Parameters.F > module_kpp_cbmz_mosaic_Parameters.b 
/lib/cpp -C -P -I../../../../inc -DEM_CORE=1 -DNMM_CORE=0 -DNMM_MAX_DIM=2600 -DCOAMPS_CORE= -DDA_CORE= -DEXP_CORE= -DIWORDSIZE=4 -DDWORDSIZE=8 -DRWORDSIZE=4 -DLWORDSIZE=4 -DNONSTANDARD_SYSTEM_FUNC -DWRF_USE_CLM  -DDM_PARALLEL -DNETCDF -DUSE_ALLOCATABLES -DGRIB1 -DINTIO -DLIMIT_ARGS -DCONFIG_BUF_LEN=65536 -DMAX_DOMAINS_F=21 -DMAX_HISTORY=25 -DNMM_NEST= -DWRF_CHEM -DBUILD_CHEM=1 -DWRF_KPP -I. -traditional  module_kpp_cbmz_mosaic_Parameters.b  > module_kpp_cbmz_mosaic_Parameters.f90
rm -f module_kpp_cbmz_mosaic_Parameters.b
ifort -c -O2 -ip -fp-model precise -w -ftz -align all -fno-alias -FR -convert big_endian    -i4  module_kpp_cbmz_mosaic_Parameters.f90
rm -f module_kpp_cbmz_mosaic_JacobianSP.o
sed -f ../../../../arch/standard.sed module_kpp_cbmz_mosaic_JacobianSP.F > module_kpp_cbmz_mosaic_JacobianSP.b 
/lib/cpp -C -P -I../../../../inc -DEM_CORE=1 -DNMM_CORE=0 -DNMM_MAX_DIM=2600 -DCOAMPS_CORE= -DDA_CORE= -DEXP_CORE= -DIWORDSIZE=4 -DDWORDSIZE=8 -DRWORDSIZE=4 -DLWORDSIZE=4 -DNONSTANDARD_SYSTEM_FUNC -DWRF_USE_CLM  -DDM_PARALLEL -DNETCDF -DUSE_ALLOCATABLES -DGRIB1 -DINTIO -DLIMIT_ARGS -DCONFIG_BUF_LEN=65536 -DMAX_DOMAINS_F=21 -DMAX_HISTORY=25 -DNMM_NEST= -DWRF_CHEM -DBUILD_CHEM=1 -DWRF_KPP -I. -traditional  module_kpp_cbmz_mosaic_JacobianSP.b  > module_kpp_cbmz_mosaic_JacobianSP.f90
rm -f module_kpp_cbmz_mosaic_JacobianSP.b
ifort -c -O2 -ip -fp-model precise -w -ftz -align all -fno-alias -FR -convert big_endian    -i4  module_kpp_cbmz_mosaic_JacobianSP.f90
rm -f write_decomp.o
sed -f ../../../../arch/standard.sed write_decomp.F > write_decomp.b 
/lib/cpp -C -P -I../../../../inc -DEM_CORE=1 -DNMM_CORE=0 -DNMM_MAX_DIM=2600 -DCOAMPS_CORE= -DDA_CORE= -DEXP_CORE= -DIWORDSIZE=4 -DDWORDSIZE=8 -DRWORDSIZE=4 -DLWORDSIZE=4 -DNONSTANDARD_SYSTEM_FUNC -DWRF_USE_CLM  -DDM_PARALLEL -DNETCDF -DUSE_ALLOCATABLES -DGRIB1 -DINTIO -DLIMIT_ARGS -DCONFIG_BUF_LEN=65536 -DMAX_DOMAINS_F=21 -DMAX_HISTORY=25 -DNMM_NEST= -DWRF_CHEM -DBUILD_CHEM=1 -DWRF_KPP -I. -traditional  write_decomp.b  > write_decomp.f90
rm -f write_decomp.b
ifort -c -O2 -ip -fp-model precise -w -ftz -align all -fno-alias -FR -convert big_endian    -i4  write_decomp.f90
ifort -o write_decomp.exe module_kpp_cbmz_mosaic_Precision.o module_kpp_cbmz_mosaic_Parameters.o module_kpp_cbmz_mosaic_JacobianSP.o      write_decomp.o  
echo cbmz_mosaic > mech.tmp
make[1]: Leaving directory `/global/scratch/azare/Josh/WRFV3/chem/KPP/util/write_decomp'
./write_decomp.exe
   -- in write_decomp
     for kpp mechanism: cbmz_mosaic
 fname:<decomp_cbmz_mosaic.inc>
make -i -r integr_edit
make[1]: Entering directory `/global/scratch/azare/Josh/WRFV3/chem/KPP/util/write_decomp'
Makefile:50: warning: overriding commands for target `.F.o'
../../../../configure.wrf:357: warning: ignoring old commands for target `.F.o'
Makefile:58: warning: overriding commands for target `.c.o'
../../../../configure.wrf:384: warning: ignoring old commands for target `.c.o'
rm -f integr_edit.o
icc -c -w -O2 -ip  -DDM_PARALLEL -DMAX_HISTORY=25 -DNMM_CORE=0 integr_edit.c
icc -o integr_edit.exe integr_edit.o
make[1]: Leaving directory `/global/scratch/azare/Josh/WRFV3/chem/KPP/util/write_decomp'
./integr_edit.exe cbmz_mosaic
   integr_edit: replacing     CALL cbmz_mosaic_KppDecomp ( A, ising )
 
  END MODULE cbmz_mosaic_Integrator
 make -i -r clean 
make[1]: Entering directory `/global/scratch/azare/Josh/WRFV3/chem/KPP/util/write_decomp'
Makefile:50: warning: overriding commands for target `.F.o'
../../../../configure.wrf:357: warning: ignoring old commands for target `.F.o'
Makefile:58: warning: overriding commands for target `.c.o'
../../../../configure.wrf:384: warning: ignoring old commands for target `.c.o'
rm -f *.o *.tmp *.mod module_kpp_* *~ *.inc *.exe *.f90
make[1]: Leaving directory `/global/scratch/azare/Josh/WRFV3/chem/KPP/util/write_decomp'
=========================================================
mechanisms/cri_mosaic_4bin_aq
ln -s ../../util/Makefile_kpp mechanisms/cri_mosaic_4bin_aq/Makefile
ln -s ../chem/KPP/inc/cri_mosaic_4bin_aq/extra_args_to_update_rconst_cri_mosaic_4bin_aq.inc /global/scratch/azare/Josh/WRFV3/inc
ln -s ../chem/KPP/inc/cri_mosaic_4bin_aq/extra_args_update_rconst_cri_mosaic_4bin_aq.inc /global/scratch/azare/Josh/WRFV3/inc
ln -s ../chem/KPP/inc/cri_mosaic_4bin_aq/extra_decls_update_rconst_cri_mosaic_4bin_aq.inc /global/scratch/azare/Josh/WRFV3/inc
ln -s ../chem/KPP/inc/cri_mosaic_4bin_aq/kpp_mechd_a_cri_mosaic_4bin_aq.inc /global/scratch/azare/Josh/WRFV3/inc
ln -s ../chem/KPP/inc/cri_mosaic_4bin_aq/kpp_mechd_b_cri_mosaic_4bin_aq.inc /global/scratch/azare/Josh/WRFV3/inc
ln -s ../chem/KPP/inc/cri_mosaic_4bin_aq/kpp_mechd_e_cri_mosaic_4bin_aq.inc /global/scratch/azare/Josh/WRFV3/inc
ln -s ../chem/KPP/inc/cri_mosaic_4bin_aq/kpp_mechd_ia_cri_mosaic_4bin_aq.inc /global/scratch/azare/Josh/WRFV3/inc
ln -s ../chem/KPP/inc/cri_mosaic_4bin_aq/kpp_mechd_ib_cri_mosaic_4bin_aq.inc /global/scratch/azare/Josh/WRFV3/inc
ln -s ../chem/KPP/inc/cri_mosaic_4bin_aq/kpp_mechd_ibu_cri_mosaic_4bin_aq.inc /global/scratch/azare/Josh/WRFV3/inc
ln -s ../chem/KPP/inc/cri_mosaic_4bin_aq/kpp_mechd_l_cri_mosaic_4bin_aq.inc /global/scratch/azare/Josh/WRFV3/inc
ln -s ../chem/KPP/inc/cri_mosaic_4bin_aq/kpp_mechd_u_cri_mosaic_4bin_aq.inc /global/scratch/azare/Josh/WRFV3/inc
model cri_mosaic_4bin_aq
/global/scratch/azare/Josh/WRFV3/chem/KPP/kpp/kpp-2.1/bin/kpp cri_mosaic_4bin_aq.kpp

This is KPP-2.1.

KPP is parsing the equation file.
KPP was told to generate WRF conform code
KPP is computing Jacobian sparsity structure.
KPP is starting the code generation.
KPP is initializing the code generation.
 
 KPP is using the WRF conform integrator routine: 
 /global/scratch/azare/Josh/WRFV3/chem/KPP/kpp/kpp-2.1/int/WRF_conform/rosenbrock 

KPP is generating the monitor data:
    - cri_mosaic_4bin_aq_Monitor
KPP is generating the utility data:
    - cri_mosaic_4bin_aq_Util
KPP is generating the global declarations:
    - cri_mosaic_4bin_aq_Main
KPP is generating the ODE function:
    - cri_mosaic_4bin_aq_Function
KPP is generating the ODE Jacobian:
    - cri_mosaic_4bin_aq_Jacobian
    - cri_mosaic_4bin_aq_JacobianSP
KPP is generating the linear algebra routines:
    - cri_mosaic_4bin_aq_LinearAlgebra
KPP is generating the utility functions:
    - cri_mosaic_4bin_aq_Util
KPP is generating the rate laws:
    - cri_mosaic_4bin_aq_Rates
KPP is generating UpdateRconstWRF (WRF conform): 
    - cri_mosaic_4bin_aq_UpdateRconst
KPP is generating the parameters:
    - cri_mosaic_4bin_aq_Parameters
KPP is generating the global data:
    - cri_mosaic_4bin_aq_Global
KPP is generating the driver from general.f90:
    - cri_mosaic_4bin_aq_Main
KPP is starting the code post-processing.

KPP has succesfully created the model "cri_mosaic_4bin_aq".

cp -f cri_mosaic_4bin_aq_Integrator.f90 ../../../module_kpp_cri_mosaic_4bin_aq_Integr.F
cp -f cri_mosaic_4bin_aq_Parameters.f90 ../../../module_kpp_cri_mosaic_4bin_aq_Parameters.F
cp -f cri_mosaic_4bin_aq_Precision.f90 ../../../module_kpp_cri_mosaic_4bin_aq_Precision.F
cp -f cri_mosaic_4bin_aq_JacobianSP.f90 ../../../module_kpp_cri_mosaic_4bin_aq_JacobianSP.F
cp -f cri_mosaic_4bin_aq_Jacobian.f90 ../../../module_kpp_cri_mosaic_4bin_aq_Jacobian.F
cp -f cri_mosaic_4bin_aq_Update_Rconst.f90 ../../../module_kpp_cri_mosaic_4bin_aq_Update_Rconst.F
touch ../../util/run_wkc
Makefile:50: warning: overriding commands for target `.F.o'
../../../../configure.wrf:357: warning: ignoring old commands for target `.F.o'
Makefile:58: warning: overriding commands for target `.c.o'
../../../../configure.wrf:384: warning: ignoring old commands for target `.c.o'
rm -f decomp_uses.inc
echo USE cri_mosaic_4bin_aq_Parameters > decomp_uses.inc
echo USE cri_mosaic_4bin_aq_JacobianSP >> decomp_uses.inc
ln -sf  ../../../module_kpp_cri_mosaic_4bin_aq_Precision.F
ln -sf  ../../../module_kpp_cri_mosaic_4bin_aq_Parameters.F
ln -sf  ../../../module_kpp_cri_mosaic_4bin_aq_JacobianSP.F
ln -sf  ../../../module_kpp_cri_mosaic_4bin_aq_Integr.F
make -i -r comp
make[1]: Entering directory `/global/scratch/azare/Josh/WRFV3/chem/KPP/util/write_decomp'
Makefile:50: warning: overriding commands for target `.F.o'
../../../../configure.wrf:357: warning: ignoring old commands for target `.F.o'
Makefile:58: warning: overriding commands for target `.c.o'
../../../../configure.wrf:384: warning: ignoring old commands for target `.c.o'
rm -f module_kpp_cri_mosaic_4bin_aq_Precision.o
sed -f ../../../../arch/standard.sed module_kpp_cri_mosaic_4bin_aq_Precision.F > module_kpp_cri_mosaic_4bin_aq_Precision.b 
/lib/cpp -C -P -I../../../../inc -DEM_CORE=1 -DNMM_CORE=0 -DNMM_MAX_DIM=2600 -DCOAMPS_CORE= -DDA_CORE= -DEXP_CORE= -DIWORDSIZE=4 -DDWORDSIZE=8 -DRWORDSIZE=4 -DLWORDSIZE=4 -DNONSTANDARD_SYSTEM_FUNC -DWRF_USE_CLM  -DDM_PARALLEL -DNETCDF -DUSE_ALLOCATABLES -DGRIB1 -DINTIO -DLIMIT_ARGS -DCONFIG_BUF_LEN=65536 -DMAX_DOMAINS_F=21 -DMAX_HISTORY=25 -DNMM_NEST= -DWRF_CHEM -DBUILD_CHEM=1 -DWRF_KPP -I. -traditional  module_kpp_cri_mosaic_4bin_aq_Precision.b  > module_kpp_cri_mosaic_4bin_aq_Precision.f90
rm -f module_kpp_cri_mosaic_4bin_aq_Precision.b
ifort -c -O2 -ip -fp-model precise -w -ftz -align all -fno-alias -FR -convert big_endian    -i4  module_kpp_cri_mosaic_4bin_aq_Precision.f90
rm -f module_kpp_cri_mosaic_4bin_aq_Parameters.o
sed -f ../../../../arch/standard.sed module_kpp_cri_mosaic_4bin_aq_Parameters.F > module_kpp_cri_mosaic_4bin_aq_Parameters.b 
/lib/cpp -C -P -I../../../../inc -DEM_CORE=1 -DNMM_CORE=0 -DNMM_MAX_DIM=2600 -DCOAMPS_CORE= -DDA_CORE= -DEXP_CORE= -DIWORDSIZE=4 -DDWORDSIZE=8 -DRWORDSIZE=4 -DLWORDSIZE=4 -DNONSTANDARD_SYSTEM_FUNC -DWRF_USE_CLM  -DDM_PARALLEL -DNETCDF -DUSE_ALLOCATABLES -DGRIB1 -DINTIO -DLIMIT_ARGS -DCONFIG_BUF_LEN=65536 -DMAX_DOMAINS_F=21 -DMAX_HISTORY=25 -DNMM_NEST= -DWRF_CHEM -DBUILD_CHEM=1 -DWRF_KPP -I. -traditional  module_kpp_cri_mosaic_4bin_aq_Parameters.b  > module_kpp_cri_mosaic_4bin_aq_Parameters.f90
rm -f module_kpp_cri_mosaic_4bin_aq_Parameters.b
ifort -c -O2 -ip -fp-model precise -w -ftz -align all -fno-alias -FR -convert big_endian    -i4  module_kpp_cri_mosaic_4bin_aq_Parameters.f90
rm -f module_kpp_cri_mosaic_4bin_aq_JacobianSP.o
sed -f ../../../../arch/standard.sed module_kpp_cri_mosaic_4bin_aq_JacobianSP.F > module_kpp_cri_mosaic_4bin_aq_JacobianSP.b 
/lib/cpp -C -P -I../../../../inc -DEM_CORE=1 -DNMM_CORE=0 -DNMM_MAX_DIM=2600 -DCOAMPS_CORE= -DDA_CORE= -DEXP_CORE= -DIWORDSIZE=4 -DDWORDSIZE=8 -DRWORDSIZE=4 -DLWORDSIZE=4 -DNONSTANDARD_SYSTEM_FUNC -DWRF_USE_CLM  -DDM_PARALLEL -DNETCDF -DUSE_ALLOCATABLES -DGRIB1 -DINTIO -DLIMIT_ARGS -DCONFIG_BUF_LEN=65536 -DMAX_DOMAINS_F=21 -DMAX_HISTORY=25 -DNMM_NEST= -DWRF_CHEM -DBUILD_CHEM=1 -DWRF_KPP -I. -traditional  module_kpp_cri_mosaic_4bin_aq_JacobianSP.b  > module_kpp_cri_mosaic_4bin_aq_JacobianSP.f90
rm -f module_kpp_cri_mosaic_4bin_aq_JacobianSP.b
ifort -c -O2 -ip -fp-model precise -w -ftz -align all -fno-alias -FR -convert big_endian    -i4  module_kpp_cri_mosaic_4bin_aq_JacobianSP.f90
rm -f write_decomp.o
sed -f ../../../../arch/standard.sed write_decomp.F > write_decomp.b 
/lib/cpp -C -P -I../../../../inc -DEM_CORE=1 -DNMM_CORE=0 -DNMM_MAX_DIM=2600 -DCOAMPS_CORE= -DDA_CORE= -DEXP_CORE= -DIWORDSIZE=4 -DDWORDSIZE=8 -DRWORDSIZE=4 -DLWORDSIZE=4 -DNONSTANDARD_SYSTEM_FUNC -DWRF_USE_CLM  -DDM_PARALLEL -DNETCDF -DUSE_ALLOCATABLES -DGRIB1 -DINTIO -DLIMIT_ARGS -DCONFIG_BUF_LEN=65536 -DMAX_DOMAINS_F=21 -DMAX_HISTORY=25 -DNMM_NEST= -DWRF_CHEM -DBUILD_CHEM=1 -DWRF_KPP -I. -traditional  write_decomp.b  > write_decomp.f90
rm -f write_decomp.b
ifort -c -O2 -ip -fp-model precise -w -ftz -align all -fno-alias -FR -convert big_endian    -i4  write_decomp.f90
ifort -o write_decomp.exe module_kpp_cri_mosaic_4bin_aq_Precision.o module_kpp_cri_mosaic_4bin_aq_Parameters.o module_kpp_cri_mosaic_4bin_aq_JacobianSP.o      write_decomp.o  
echo cri_mosaic_4bin_aq > mech.tmp
make[1]: Leaving directory `/global/scratch/azare/Josh/WRFV3/chem/KPP/util/write_decomp'
./write_decomp.exe
   -- in write_decomp
     for kpp mechanism: cri_mosaic_4bin_aq
 fname:<decomp_cri_mosaic_4bin_aq.inc>
make -i -r integr_edit
make[1]: Entering directory `/global/scratch/azare/Josh/WRFV3/chem/KPP/util/write_decomp'
Makefile:50: warning: overriding commands for target `.F.o'
../../../../configure.wrf:357: warning: ignoring old commands for target `.F.o'
Makefile:58: warning: overriding commands for target `.c.o'
../../../../configure.wrf:384: warning: ignoring old commands for target `.c.o'
rm -f integr_edit.o
icc -c -w -O2 -ip  -DDM_PARALLEL -DMAX_HISTORY=25 -DNMM_CORE=0 integr_edit.c
icc -o integr_edit.exe integr_edit.o
make[1]: Leaving directory `/global/scratch/azare/Josh/WRFV3/chem/KPP/util/write_decomp'
./integr_edit.exe cri_mosaic_4bin_aq
   integr_edit: replacing     CALL cri_mosaic_4bin_aq_KppDecomp ( A, ising )
 
  END MODULE cri_mosaic_4bin_aq_Integrator
 make -i -r clean 
make[1]: Entering directory `/global/scratch/azare/Josh/WRFV3/chem/KPP/util/write_decomp'
Makefile:50: warning: overriding commands for target `.F.o'
../../../../configure.wrf:357: warning: ignoring old commands for target `.F.o'
Makefile:58: warning: overriding commands for target `.c.o'
../../../../configure.wrf:384: warning: ignoring old commands for target `.c.o'
rm -f *.o *.tmp *.mod module_kpp_* *~ *.inc *.exe *.f90
make[1]: Leaving directory `/global/scratch/azare/Josh/WRFV3/chem/KPP/util/write_decomp'
=========================================================
mechanisms/cri_mosaic_8bin_aq
ln -s ../../util/Makefile_kpp mechanisms/cri_mosaic_8bin_aq/Makefile
ln -s ../chem/KPP/inc/cri_mosaic_8bin_aq/extra_args_to_update_rconst_cri_mosaic_8bin_aq.inc /global/scratch/azare/Josh/WRFV3/inc
ln -s ../chem/KPP/inc/cri_mosaic_8bin_aq/extra_args_update_rconst_cri_mosaic_8bin_aq.inc /global/scratch/azare/Josh/WRFV3/inc
ln -s ../chem/KPP/inc/cri_mosaic_8bin_aq/extra_decls_update_rconst_cri_mosaic_8bin_aq.inc /global/scratch/azare/Josh/WRFV3/inc
ln -s ../chem/KPP/inc/cri_mosaic_8bin_aq/kpp_mechd_a_cri_mosaic_8bin_aq.inc /global/scratch/azare/Josh/WRFV3/inc
ln -s ../chem/KPP/inc/cri_mosaic_8bin_aq/kpp_mechd_b_cri_mosaic_8bin_aq.inc /global/scratch/azare/Josh/WRFV3/inc
ln -s ../chem/KPP/inc/cri_mosaic_8bin_aq/kpp_mechd_e_cri_mosaic_8bin_aq.inc /global/scratch/azare/Josh/WRFV3/inc
ln -s ../chem/KPP/inc/cri_mosaic_8bin_aq/kpp_mechd_ia_cri_mosaic_8bin_aq.inc /global/scratch/azare/Josh/WRFV3/inc
ln -s ../chem/KPP/inc/cri_mosaic_8bin_aq/kpp_mechd_ib_cri_mosaic_8bin_aq.inc /global/scratch/azare/Josh/WRFV3/inc
ln -s ../chem/KPP/inc/cri_mosaic_8bin_aq/kpp_mechd_ibu_cri_mosaic_8bin_aq.inc /global/scratch/azare/Josh/WRFV3/inc
ln -s ../chem/KPP/inc/cri_mosaic_8bin_aq/kpp_mechd_l_cri_mosaic_8bin_aq.inc /global/scratch/azare/Josh/WRFV3/inc
ln -s ../chem/KPP/inc/cri_mosaic_8bin_aq/kpp_mechd_u_cri_mosaic_8bin_aq.inc /global/scratch/azare/Josh/WRFV3/inc
model cri_mosaic_8bin_aq
/global/scratch/azare/Josh/WRFV3/chem/KPP/kpp/kpp-2.1/bin/kpp cri_mosaic_8bin_aq.kpp

This is KPP-2.1.

KPP is parsing the equation file.
KPP was told to generate WRF conform code
KPP is computing Jacobian sparsity structure.
KPP is starting the code generation.
KPP is initializing the code generation.
 
 KPP is using the WRF conform integrator routine: 
 /global/scratch/azare/Josh/WRFV3/chem/KPP/kpp/kpp-2.1/int/WRF_conform/rosenbrock 

KPP is generating the monitor data:
    - cri_mosaic_8bin_aq_Monitor
KPP is generating the utility data:
    - cri_mosaic_8bin_aq_Util
KPP is generating the global declarations:
    - cri_mosaic_8bin_aq_Main
KPP is generating the ODE function:
    - cri_mosaic_8bin_aq_Function
KPP is generating the ODE Jacobian:
    - cri_mosaic_8bin_aq_Jacobian
    - cri_mosaic_8bin_aq_JacobianSP
KPP is generating the linear algebra routines:
    - cri_mosaic_8bin_aq_LinearAlgebra
KPP is generating the utility functions:
    - cri_mosaic_8bin_aq_Util
KPP is generating the rate laws:
    - cri_mosaic_8bin_aq_Rates
KPP is generating UpdateRconstWRF (WRF conform): 
    - cri_mosaic_8bin_aq_UpdateRconst
KPP is generating the parameters:
    - cri_mosaic_8bin_aq_Parameters
KPP is generating the global data:
    - cri_mosaic_8bin_aq_Global
KPP is generating the driver from general.f90:
    - cri_mosaic_8bin_aq_Main
KPP is starting the code post-processing.

KPP has succesfully created the model "cri_mosaic_8bin_aq".

cp -f cri_mosaic_8bin_aq_Integrator.f90 ../../../module_kpp_cri_mosaic_8bin_aq_Integr.F
cp -f cri_mosaic_8bin_aq_Parameters.f90 ../../../module_kpp_cri_mosaic_8bin_aq_Parameters.F
cp -f cri_mosaic_8bin_aq_Precision.f90 ../../../module_kpp_cri_mosaic_8bin_aq_Precision.F
cp -f cri_mosaic_8bin_aq_JacobianSP.f90 ../../../module_kpp_cri_mosaic_8bin_aq_JacobianSP.F
cp -f cri_mosaic_8bin_aq_Jacobian.f90 ../../../module_kpp_cri_mosaic_8bin_aq_Jacobian.F
cp -f cri_mosaic_8bin_aq_Update_Rconst.f90 ../../../module_kpp_cri_mosaic_8bin_aq_Update_Rconst.F
touch ../../util/run_wkc
Makefile:50: warning: overriding commands for target `.F.o'
../../../../configure.wrf:357: warning: ignoring old commands for target `.F.o'
Makefile:58: warning: overriding commands for target `.c.o'
../../../../configure.wrf:384: warning: ignoring old commands for target `.c.o'
rm -f decomp_uses.inc
echo USE cri_mosaic_8bin_aq_Parameters > decomp_uses.inc
echo USE cri_mosaic_8bin_aq_JacobianSP >> decomp_uses.inc
ln -sf  ../../../module_kpp_cri_mosaic_8bin_aq_Precision.F
ln -sf  ../../../module_kpp_cri_mosaic_8bin_aq_Parameters.F
ln -sf  ../../../module_kpp_cri_mosaic_8bin_aq_JacobianSP.F
ln -sf  ../../../module_kpp_cri_mosaic_8bin_aq_Integr.F
make -i -r comp
make[1]: Entering directory `/global/scratch/azare/Josh/WRFV3/chem/KPP/util/write_decomp'
Makefile:50: warning: overriding commands for target `.F.o'
../../../../configure.wrf:357: warning: ignoring old commands for target `.F.o'
Makefile:58: warning: overriding commands for target `.c.o'
../../../../configure.wrf:384: warning: ignoring old commands for target `.c.o'
rm -f module_kpp_cri_mosaic_8bin_aq_Precision.o
sed -f ../../../../arch/standard.sed module_kpp_cri_mosaic_8bin_aq_Precision.F > module_kpp_cri_mosaic_8bin_aq_Precision.b 
/lib/cpp -C -P -I../../../../inc -DEM_CORE=1 -DNMM_CORE=0 -DNMM_MAX_DIM=2600 -DCOAMPS_CORE= -DDA_CORE= -DEXP_CORE= -DIWORDSIZE=4 -DDWORDSIZE=8 -DRWORDSIZE=4 -DLWORDSIZE=4 -DNONSTANDARD_SYSTEM_FUNC -DWRF_USE_CLM  -DDM_PARALLEL -DNETCDF -DUSE_ALLOCATABLES -DGRIB1 -DINTIO -DLIMIT_ARGS -DCONFIG_BUF_LEN=65536 -DMAX_DOMAINS_F=21 -DMAX_HISTORY=25 -DNMM_NEST= -DWRF_CHEM -DBUILD_CHEM=1 -DWRF_KPP -I. -traditional  module_kpp_cri_mosaic_8bin_aq_Precision.b  > module_kpp_cri_mosaic_8bin_aq_Precision.f90
rm -f module_kpp_cri_mosaic_8bin_aq_Precision.b
ifort -c -O2 -ip -fp-model precise -w -ftz -align all -fno-alias -FR -convert big_endian    -i4  module_kpp_cri_mosaic_8bin_aq_Precision.f90
rm -f module_kpp_cri_mosaic_8bin_aq_Parameters.o
sed -f ../../../../arch/standard.sed module_kpp_cri_mosaic_8bin_aq_Parameters.F > module_kpp_cri_mosaic_8bin_aq_Parameters.b 
/lib/cpp -C -P -I../../../../inc -DEM_CORE=1 -DNMM_CORE=0 -DNMM_MAX_DIM=2600 -DCOAMPS_CORE= -DDA_CORE= -DEXP_CORE= -DIWORDSIZE=4 -DDWORDSIZE=8 -DRWORDSIZE=4 -DLWORDSIZE=4 -DNONSTANDARD_SYSTEM_FUNC -DWRF_USE_CLM  -DDM_PARALLEL -DNETCDF -DUSE_ALLOCATABLES -DGRIB1 -DINTIO -DLIMIT_ARGS -DCONFIG_BUF_LEN=65536 -DMAX_DOMAINS_F=21 -DMAX_HISTORY=25 -DNMM_NEST= -DWRF_CHEM -DBUILD_CHEM=1 -DWRF_KPP -I. -traditional  module_kpp_cri_mosaic_8bin_aq_Parameters.b  > module_kpp_cri_mosaic_8bin_aq_Parameters.f90
rm -f module_kpp_cri_mosaic_8bin_aq_Parameters.b
ifort -c -O2 -ip -fp-model precise -w -ftz -align all -fno-alias -FR -convert big_endian    -i4  module_kpp_cri_mosaic_8bin_aq_Parameters.f90
rm -f module_kpp_cri_mosaic_8bin_aq_JacobianSP.o
sed -f ../../../../arch/standard.sed module_kpp_cri_mosaic_8bin_aq_JacobianSP.F > module_kpp_cri_mosaic_8bin_aq_JacobianSP.b 
/lib/cpp -C -P -I../../../../inc -DEM_CORE=1 -DNMM_CORE=0 -DNMM_MAX_DIM=2600 -DCOAMPS_CORE= -DDA_CORE= -DEXP_CORE= -DIWORDSIZE=4 -DDWORDSIZE=8 -DRWORDSIZE=4 -DLWORDSIZE=4 -DNONSTANDARD_SYSTEM_FUNC -DWRF_USE_CLM  -DDM_PARALLEL -DNETCDF -DUSE_ALLOCATABLES -DGRIB1 -DINTIO -DLIMIT_ARGS -DCONFIG_BUF_LEN=65536 -DMAX_DOMAINS_F=21 -DMAX_HISTORY=25 -DNMM_NEST= -DWRF_CHEM -DBUILD_CHEM=1 -DWRF_KPP -I. -traditional  module_kpp_cri_mosaic_8bin_aq_JacobianSP.b  > module_kpp_cri_mosaic_8bin_aq_JacobianSP.f90
rm -f module_kpp_cri_mosaic_8bin_aq_JacobianSP.b
ifort -c -O2 -ip -fp-model precise -w -ftz -align all -fno-alias -FR -convert big_endian    -i4  module_kpp_cri_mosaic_8bin_aq_JacobianSP.f90
rm -f write_decomp.o
sed -f ../../../../arch/standard.sed write_decomp.F > write_decomp.b 
/lib/cpp -C -P -I../../../../inc -DEM_CORE=1 -DNMM_CORE=0 -DNMM_MAX_DIM=2600 -DCOAMPS_CORE= -DDA_CORE= -DEXP_CORE= -DIWORDSIZE=4 -DDWORDSIZE=8 -DRWORDSIZE=4 -DLWORDSIZE=4 -DNONSTANDARD_SYSTEM_FUNC -DWRF_USE_CLM  -DDM_PARALLEL -DNETCDF -DUSE_ALLOCATABLES -DGRIB1 -DINTIO -DLIMIT_ARGS -DCONFIG_BUF_LEN=65536 -DMAX_DOMAINS_F=21 -DMAX_HISTORY=25 -DNMM_NEST= -DWRF_CHEM -DBUILD_CHEM=1 -DWRF_KPP -I. -traditional  write_decomp.b  > write_decomp.f90
rm -f write_decomp.b
ifort -c -O2 -ip -fp-model precise -w -ftz -align all -fno-alias -FR -convert big_endian    -i4  write_decomp.f90
ifort -o write_decomp.exe module_kpp_cri_mosaic_8bin_aq_Precision.o module_kpp_cri_mosaic_8bin_aq_Parameters.o module_kpp_cri_mosaic_8bin_aq_JacobianSP.o      write_decomp.o  
echo cri_mosaic_8bin_aq > mech.tmp
make[1]: Leaving directory `/global/scratch/azare/Josh/WRFV3/chem/KPP/util/write_decomp'
./write_decomp.exe
   -- in write_decomp
     for kpp mechanism: cri_mosaic_8bin_aq
 fname:<decomp_cri_mosaic_8bin_aq.inc>
make -i -r integr_edit
make[1]: Entering directory `/global/scratch/azare/Josh/WRFV3/chem/KPP/util/write_decomp'
Makefile:50: warning: overriding commands for target `.F.o'
../../../../configure.wrf:357: warning: ignoring old commands for target `.F.o'
Makefile:58: warning: overriding commands for target `.c.o'
../../../../configure.wrf:384: warning: ignoring old commands for target `.c.o'
rm -f integr_edit.o
icc -c -w -O2 -ip  -DDM_PARALLEL -DMAX_HISTORY=25 -DNMM_CORE=0 integr_edit.c
icc -o integr_edit.exe integr_edit.o
make[1]: Leaving directory `/global/scratch/azare/Josh/WRFV3/chem/KPP/util/write_decomp'
./integr_edit.exe cri_mosaic_8bin_aq
   integr_edit: replacing     CALL cri_mosaic_8bin_aq_KppDecomp ( A, ising )
 
  END MODULE cri_mosaic_8bin_aq_Integrator
 make -i -r clean 
make[1]: Entering directory `/global/scratch/azare/Josh/WRFV3/chem/KPP/util/write_decomp'
Makefile:50: warning: overriding commands for target `.F.o'
../../../../configure.wrf:357: warning: ignoring old commands for target `.F.o'
Makefile:58: warning: overriding commands for target `.c.o'
../../../../configure.wrf:384: warning: ignoring old commands for target `.c.o'
rm -f *.o *.tmp *.mod module_kpp_* *~ *.inc *.exe *.f90
make[1]: Leaving directory `/global/scratch/azare/Josh/WRFV3/chem/KPP/util/write_decomp'
=========================================================
mechanisms/crimech
ln -s ../../util/Makefile_kpp mechanisms/crimech/Makefile
ln -s ../chem/KPP/inc/crimech/extra_args_to_update_rconst_crimech.inc /global/scratch/azare/Josh/WRFV3/inc
ln -s ../chem/KPP/inc/crimech/extra_args_update_rconst_crimech.inc /global/scratch/azare/Josh/WRFV3/inc
ln -s ../chem/KPP/inc/crimech/extra_decls_update_rconst_crimech.inc /global/scratch/azare/Josh/WRFV3/inc
ln -s ../chem/KPP/inc/crimech/kpp_mechd_a_crimech.inc /global/scratch/azare/Josh/WRFV3/inc
ln -s ../chem/KPP/inc/crimech/kpp_mechd_b_crimech.inc /global/scratch/azare/Josh/WRFV3/inc
ln -s ../chem/KPP/inc/crimech/kpp_mechd_e_crimech.inc /global/scratch/azare/Josh/WRFV3/inc
ln -s ../chem/KPP/inc/crimech/kpp_mechd_ia_crimech.inc /global/scratch/azare/Josh/WRFV3/inc
ln -s ../chem/KPP/inc/crimech/kpp_mechd_ib_crimech.inc /global/scratch/azare/Josh/WRFV3/inc
ln -s ../chem/KPP/inc/crimech/kpp_mechd_ibu_crimech.inc /global/scratch/azare/Josh/WRFV3/inc
ln -s ../chem/KPP/inc/crimech/kpp_mechd_l_crimech.inc /global/scratch/azare/Josh/WRFV3/inc
ln -s ../chem/KPP/inc/crimech/kpp_mechd_u_crimech.inc /global/scratch/azare/Josh/WRFV3/inc
model crimech
/global/scratch/azare/Josh/WRFV3/chem/KPP/kpp/kpp-2.1/bin/kpp crimech.kpp

This is KPP-2.1.

KPP is parsing the equation file.
KPP was told to generate WRF conform code
KPP is computing Jacobian sparsity structure.
KPP is starting the code generation.
KPP is initializing the code generation.
 
 KPP is using the WRF conform integrator routine: 
 /global/scratch/azare/Josh/WRFV3/chem/KPP/kpp/kpp-2.1/int/WRF_conform/rosenbrock 

KPP is generating the monitor data:
    - crimech_Monitor
KPP is generating the utility data:
    - crimech_Util
KPP is generating the global declarations:
    - crimech_Main
KPP is generating the ODE function:
    - crimech_Function
KPP is generating the ODE Jacobian:
    - crimech_Jacobian
    - crimech_JacobianSP
KPP is generating the linear algebra routines:
    - crimech_LinearAlgebra
KPP is generating the utility functions:
    - crimech_Util
KPP is generating the rate laws:
    - crimech_Rates
KPP is generating UpdateRconstWRF (WRF conform): 
    - crimech_UpdateRconst
KPP is generating the parameters:
    - crimech_Parameters
KPP is generating the global data:
    - crimech_Global
KPP is generating the driver from general.f90:
    - crimech_Main
KPP is starting the code post-processing.

KPP has succesfully created the model "crimech".

cp -f crimech_Integrator.f90 ../../../module_kpp_crimech_Integr.F
cp -f crimech_Parameters.f90 ../../../module_kpp_crimech_Parameters.F
cp -f crimech_Precision.f90 ../../../module_kpp_crimech_Precision.F
cp -f crimech_JacobianSP.f90 ../../../module_kpp_crimech_JacobianSP.F
cp -f crimech_Jacobian.f90 ../../../module_kpp_crimech_Jacobian.F
cp -f crimech_Update_Rconst.f90 ../../../module_kpp_crimech_Update_Rconst.F
touch ../../util/run_wkc
Makefile:50: warning: overriding commands for target `.F.o'
../../../../configure.wrf:357: warning: ignoring old commands for target `.F.o'
Makefile:58: warning: overriding commands for target `.c.o'
../../../../configure.wrf:384: warning: ignoring old commands for target `.c.o'
rm -f decomp_uses.inc
echo USE crimech_Parameters > decomp_uses.inc
echo USE crimech_JacobianSP >> decomp_uses.inc
ln -sf  ../../../module_kpp_crimech_Precision.F
ln -sf  ../../../module_kpp_crimech_Parameters.F
ln -sf  ../../../module_kpp_crimech_JacobianSP.F
ln -sf  ../../../module_kpp_crimech_Integr.F
make -i -r comp
make[1]: Entering directory `/global/scratch/azare/Josh/WRFV3/chem/KPP/util/write_decomp'
Makefile:50: warning: overriding commands for target `.F.o'
../../../../configure.wrf:357: warning: ignoring old commands for target `.F.o'
Makefile:58: warning: overriding commands for target `.c.o'
../../../../configure.wrf:384: warning: ignoring old commands for target `.c.o'
rm -f module_kpp_crimech_Precision.o
sed -f ../../../../arch/standard.sed module_kpp_crimech_Precision.F > module_kpp_crimech_Precision.b 
/lib/cpp -C -P -I../../../../inc -DEM_CORE=1 -DNMM_CORE=0 -DNMM_MAX_DIM=2600 -DCOAMPS_CORE= -DDA_CORE= -DEXP_CORE= -DIWORDSIZE=4 -DDWORDSIZE=8 -DRWORDSIZE=4 -DLWORDSIZE=4 -DNONSTANDARD_SYSTEM_FUNC -DWRF_USE_CLM  -DDM_PARALLEL -DNETCDF -DUSE_ALLOCATABLES -DGRIB1 -DINTIO -DLIMIT_ARGS -DCONFIG_BUF_LEN=65536 -DMAX_DOMAINS_F=21 -DMAX_HISTORY=25 -DNMM_NEST= -DWRF_CHEM -DBUILD_CHEM=1 -DWRF_KPP -I. -traditional  module_kpp_crimech_Precision.b  > module_kpp_crimech_Precision.f90
rm -f module_kpp_crimech_Precision.b
ifort -c -O2 -ip -fp-model precise -w -ftz -align all -fno-alias -FR -convert big_endian    -i4  module_kpp_crimech_Precision.f90
rm -f module_kpp_crimech_Parameters.o
sed -f ../../../../arch/standard.sed module_kpp_crimech_Parameters.F > module_kpp_crimech_Parameters.b 
/lib/cpp -C -P -I../../../../inc -DEM_CORE=1 -DNMM_CORE=0 -DNMM_MAX_DIM=2600 -DCOAMPS_CORE= -DDA_CORE= -DEXP_CORE= -DIWORDSIZE=4 -DDWORDSIZE=8 -DRWORDSIZE=4 -DLWORDSIZE=4 -DNONSTANDARD_SYSTEM_FUNC -DWRF_USE_CLM  -DDM_PARALLEL -DNETCDF -DUSE_ALLOCATABLES -DGRIB1 -DINTIO -DLIMIT_ARGS -DCONFIG_BUF_LEN=65536 -DMAX_DOMAINS_F=21 -DMAX_HISTORY=25 -DNMM_NEST= -DWRF_CHEM -DBUILD_CHEM=1 -DWRF_KPP -I. -traditional  module_kpp_crimech_Parameters.b  > module_kpp_crimech_Parameters.f90
rm -f module_kpp_crimech_Parameters.b
ifort -c -O2 -ip -fp-model precise -w -ftz -align all -fno-alias -FR -convert big_endian    -i4  module_kpp_crimech_Parameters.f90
rm -f module_kpp_crimech_JacobianSP.o
sed -f ../../../../arch/standard.sed module_kpp_crimech_JacobianSP.F > module_kpp_crimech_JacobianSP.b 
/lib/cpp -C -P -I../../../../inc -DEM_CORE=1 -DNMM_CORE=0 -DNMM_MAX_DIM=2600 -DCOAMPS_CORE= -DDA_CORE= -DEXP_CORE= -DIWORDSIZE=4 -DDWORDSIZE=8 -DRWORDSIZE=4 -DLWORDSIZE=4 -DNONSTANDARD_SYSTEM_FUNC -DWRF_USE_CLM  -DDM_PARALLEL -DNETCDF -DUSE_ALLOCATABLES -DGRIB1 -DINTIO -DLIMIT_ARGS -DCONFIG_BUF_LEN=65536 -DMAX_DOMAINS_F=21 -DMAX_HISTORY=25 -DNMM_NEST= -DWRF_CHEM -DBUILD_CHEM=1 -DWRF_KPP -I. -traditional  module_kpp_crimech_JacobianSP.b  > module_kpp_crimech_JacobianSP.f90
rm -f module_kpp_crimech_JacobianSP.b
ifort -c -O2 -ip -fp-model precise -w -ftz -align all -fno-alias -FR -convert big_endian    -i4  module_kpp_crimech_JacobianSP.f90
rm -f write_decomp.o
sed -f ../../../../arch/standard.sed write_decomp.F > write_decomp.b 
/lib/cpp -C -P -I../../../../inc -DEM_CORE=1 -DNMM_CORE=0 -DNMM_MAX_DIM=2600 -DCOAMPS_CORE= -DDA_CORE= -DEXP_CORE= -DIWORDSIZE=4 -DDWORDSIZE=8 -DRWORDSIZE=4 -DLWORDSIZE=4 -DNONSTANDARD_SYSTEM_FUNC -DWRF_USE_CLM  -DDM_PARALLEL -DNETCDF -DUSE_ALLOCATABLES -DGRIB1 -DINTIO -DLIMIT_ARGS -DCONFIG_BUF_LEN=65536 -DMAX_DOMAINS_F=21 -DMAX_HISTORY=25 -DNMM_NEST= -DWRF_CHEM -DBUILD_CHEM=1 -DWRF_KPP -I. -traditional  write_decomp.b  > write_decomp.f90
rm -f write_decomp.b
ifort -c -O2 -ip -fp-model precise -w -ftz -align all -fno-alias -FR -convert big_endian    -i4  write_decomp.f90
ifort -o write_decomp.exe module_kpp_crimech_Precision.o module_kpp_crimech_Parameters.o module_kpp_crimech_JacobianSP.o      write_decomp.o  
echo crimech > mech.tmp
make[1]: Leaving directory `/global/scratch/azare/Josh/WRFV3/chem/KPP/util/write_decomp'
./write_decomp.exe
   -- in write_decomp
     for kpp mechanism: crimech
 fname:<decomp_crimech.inc>
make -i -r integr_edit
make[1]: Entering directory `/global/scratch/azare/Josh/WRFV3/chem/KPP/util/write_decomp'
Makefile:50: warning: overriding commands for target `.F.o'
../../../../configure.wrf:357: warning: ignoring old commands for target `.F.o'
Makefile:58: warning: overriding commands for target `.c.o'
../../../../configure.wrf:384: warning: ignoring old commands for target `.c.o'
rm -f integr_edit.o
icc -c -w -O2 -ip  -DDM_PARALLEL -DMAX_HISTORY=25 -DNMM_CORE=0 integr_edit.c
icc -o integr_edit.exe integr_edit.o
make[1]: Leaving directory `/global/scratch/azare/Josh/WRFV3/chem/KPP/util/write_decomp'
./integr_edit.exe crimech
   integr_edit: replacing     CALL crimech_KppDecomp ( A, ising )
 
  END MODULE crimech_Integrator
 make -i -r clean 
make[1]: Entering directory `/global/scratch/azare/Josh/WRFV3/chem/KPP/util/write_decomp'
Makefile:50: warning: overriding commands for target `.F.o'
../../../../configure.wrf:357: warning: ignoring old commands for target `.F.o'
Makefile:58: warning: overriding commands for target `.c.o'
../../../../configure.wrf:384: warning: ignoring old commands for target `.c.o'
rm -f *.o *.tmp *.mod module_kpp_* *~ *.inc *.exe *.f90
make[1]: Leaving directory `/global/scratch/azare/Josh/WRFV3/chem/KPP/util/write_decomp'
=========================================================
mechanisms/gocartracm
ln -s ../../util/Makefile_kpp mechanisms/gocartracm/Makefile
ln -s ../chem/KPP/inc/gocartracm/extra_args_to_update_rconst_gocartracm.inc /global/scratch/azare/Josh/WRFV3/inc
ln -s ../chem/KPP/inc/gocartracm/extra_args_update_rconst_gocartracm.inc /global/scratch/azare/Josh/WRFV3/inc
ln -s ../chem/KPP/inc/gocartracm/extra_decls_update_rconst_gocartracm.inc /global/scratch/azare/Josh/WRFV3/inc
ln -s ../chem/KPP/inc/gocartracm/kpp_mechd_a_gocartracm.inc /global/scratch/azare/Josh/WRFV3/inc
ln -s ../chem/KPP/inc/gocartracm/kpp_mechd_b_gocartracm.inc /global/scratch/azare/Josh/WRFV3/inc
ln -s ../chem/KPP/inc/gocartracm/kpp_mechd_e_gocartracm.inc /global/scratch/azare/Josh/WRFV3/inc
ln -s ../chem/KPP/inc/gocartracm/kpp_mechd_ia_gocartracm.inc /global/scratch/azare/Josh/WRFV3/inc
ln -s ../chem/KPP/inc/gocartracm/kpp_mechd_ib_gocartracm.inc /global/scratch/azare/Josh/WRFV3/inc
ln -s ../chem/KPP/inc/gocartracm/kpp_mechd_ibu_gocartracm.inc /global/scratch/azare/Josh/WRFV3/inc
ln -s ../chem/KPP/inc/gocartracm/kpp_mechd_l_gocartracm.inc /global/scratch/azare/Josh/WRFV3/inc
ln -s ../chem/KPP/inc/gocartracm/kpp_mechd_u_gocartracm.inc /global/scratch/azare/Josh/WRFV3/inc
model gocartracm
/global/scratch/azare/Josh/WRFV3/chem/KPP/kpp/kpp-2.1/bin/kpp gocartracm.kpp

This is KPP-2.1.

KPP is parsing the equation file.
KPP was told to generate WRF conform code
KPP is computing Jacobian sparsity structure.
KPP is starting the code generation.
KPP is initializing the code generation.
 
 KPP is using the WRF conform integrator routine: 
 /global/scratch/azare/Josh/WRFV3/chem/KPP/kpp/kpp-2.1/int/WRF_conform/rosenbrock 

KPP is generating the monitor data:
    - gocartracm_Monitor
KPP is generating the utility data:
    - gocartracm_Util
KPP is generating the global declarations:
    - gocartracm_Main
KPP is generating the ODE function:
    - gocartracm_Function
KPP is generating the ODE Jacobian:
    - gocartracm_Jacobian
    - gocartracm_JacobianSP
KPP is generating the linear algebra routines:
    - gocartracm_LinearAlgebra
KPP is generating the utility functions:
    - gocartracm_Util
KPP is generating the rate laws:
    - gocartracm_Rates
KPP is generating UpdateRconstWRF (WRF conform): 
    - gocartracm_UpdateRconst
KPP is generating the parameters:
    - gocartracm_Parameters
KPP is generating the global data:
    - gocartracm_Global
KPP is generating the driver from general.f90:
    - gocartracm_Main
KPP is starting the code post-processing.

KPP has succesfully created the model "gocartracm".

cp -f gocartracm_Integrator.f90 ../../../module_kpp_gocartracm_Integr.F
cp -f gocartracm_Parameters.f90 ../../../module_kpp_gocartracm_Parameters.F
cp -f gocartracm_Precision.f90 ../../../module_kpp_gocartracm_Precision.F
cp -f gocartracm_JacobianSP.f90 ../../../module_kpp_gocartracm_JacobianSP.F
cp -f gocartracm_Jacobian.f90 ../../../module_kpp_gocartracm_Jacobian.F
cp -f gocartracm_Update_Rconst.f90 ../../../module_kpp_gocartracm_Update_Rconst.F
touch ../../util/run_wkc
Makefile:50: warning: overriding commands for target `.F.o'
../../../../configure.wrf:357: warning: ignoring old commands for target `.F.o'
Makefile:58: warning: overriding commands for target `.c.o'
../../../../configure.wrf:384: warning: ignoring old commands for target `.c.o'
rm -f decomp_uses.inc
echo USE gocartracm_Parameters > decomp_uses.inc
echo USE gocartracm_JacobianSP >> decomp_uses.inc
ln -sf  ../../../module_kpp_gocartracm_Precision.F
ln -sf  ../../../module_kpp_gocartracm_Parameters.F
ln -sf  ../../../module_kpp_gocartracm_JacobianSP.F
ln -sf  ../../../module_kpp_gocartracm_Integr.F
make -i -r comp
make[1]: Entering directory `/global/scratch/azare/Josh/WRFV3/chem/KPP/util/write_decomp'
Makefile:50: warning: overriding commands for target `.F.o'
../../../../configure.wrf:357: warning: ignoring old commands for target `.F.o'
Makefile:58: warning: overriding commands for target `.c.o'
../../../../configure.wrf:384: warning: ignoring old commands for target `.c.o'
rm -f module_kpp_gocartracm_Precision.o
sed -f ../../../../arch/standard.sed module_kpp_gocartracm_Precision.F > module_kpp_gocartracm_Precision.b 
/lib/cpp -C -P -I../../../../inc -DEM_CORE=1 -DNMM_CORE=0 -DNMM_MAX_DIM=2600 -DCOAMPS_CORE= -DDA_CORE= -DEXP_CORE= -DIWORDSIZE=4 -DDWORDSIZE=8 -DRWORDSIZE=4 -DLWORDSIZE=4 -DNONSTANDARD_SYSTEM_FUNC -DWRF_USE_CLM  -DDM_PARALLEL -DNETCDF -DUSE_ALLOCATABLES -DGRIB1 -DINTIO -DLIMIT_ARGS -DCONFIG_BUF_LEN=65536 -DMAX_DOMAINS_F=21 -DMAX_HISTORY=25 -DNMM_NEST= -DWRF_CHEM -DBUILD_CHEM=1 -DWRF_KPP -I. -traditional  module_kpp_gocartracm_Precision.b  > module_kpp_gocartracm_Precision.f90
rm -f module_kpp_gocartracm_Precision.b
ifort -c -O2 -ip -fp-model precise -w -ftz -align all -fno-alias -FR -convert big_endian    -i4  module_kpp_gocartracm_Precision.f90
rm -f module_kpp_gocartracm_Parameters.o
sed -f ../../../../arch/standard.sed module_kpp_gocartracm_Parameters.F > module_kpp_gocartracm_Parameters.b 
/lib/cpp -C -P -I../../../../inc -DEM_CORE=1 -DNMM_CORE=0 -DNMM_MAX_DIM=2600 -DCOAMPS_CORE= -DDA_CORE= -DEXP_CORE= -DIWORDSIZE=4 -DDWORDSIZE=8 -DRWORDSIZE=4 -DLWORDSIZE=4 -DNONSTANDARD_SYSTEM_FUNC -DWRF_USE_CLM  -DDM_PARALLEL -DNETCDF -DUSE_ALLOCATABLES -DGRIB1 -DINTIO -DLIMIT_ARGS -DCONFIG_BUF_LEN=65536 -DMAX_DOMAINS_F=21 -DMAX_HISTORY=25 -DNMM_NEST= -DWRF_CHEM -DBUILD_CHEM=1 -DWRF_KPP -I. -traditional  module_kpp_gocartracm_Parameters.b  > module_kpp_gocartracm_Parameters.f90
rm -f module_kpp_gocartracm_Parameters.b
ifort -c -O2 -ip -fp-model precise -w -ftz -align all -fno-alias -FR -convert big_endian    -i4  module_kpp_gocartracm_Parameters.f90
rm -f module_kpp_gocartracm_JacobianSP.o
sed -f ../../../../arch/standard.sed module_kpp_gocartracm_JacobianSP.F > module_kpp_gocartracm_JacobianSP.b 
/lib/cpp -C -P -I../../../../inc -DEM_CORE=1 -DNMM_CORE=0 -DNMM_MAX_DIM=2600 -DCOAMPS_CORE= -DDA_CORE= -DEXP_CORE= -DIWORDSIZE=4 -DDWORDSIZE=8 -DRWORDSIZE=4 -DLWORDSIZE=4 -DNONSTANDARD_SYSTEM_FUNC -DWRF_USE_CLM  -DDM_PARALLEL -DNETCDF -DUSE_ALLOCATABLES -DGRIB1 -DINTIO -DLIMIT_ARGS -DCONFIG_BUF_LEN=65536 -DMAX_DOMAINS_F=21 -DMAX_HISTORY=25 -DNMM_NEST= -DWRF_CHEM -DBUILD_CHEM=1 -DWRF_KPP -I. -traditional  module_kpp_gocartracm_JacobianSP.b  > module_kpp_gocartracm_JacobianSP.f90
rm -f module_kpp_gocartracm_JacobianSP.b
ifort -c -O2 -ip -fp-model precise -w -ftz -align all -fno-alias -FR -convert big_endian    -i4  module_kpp_gocartracm_JacobianSP.f90
rm -f write_decomp.o
sed -f ../../../../arch/standard.sed write_decomp.F > write_decomp.b 
/lib/cpp -C -P -I../../../../inc -DEM_CORE=1 -DNMM_CORE=0 -DNMM_MAX_DIM=2600 -DCOAMPS_CORE= -DDA_CORE= -DEXP_CORE= -DIWORDSIZE=4 -DDWORDSIZE=8 -DRWORDSIZE=4 -DLWORDSIZE=4 -DNONSTANDARD_SYSTEM_FUNC -DWRF_USE_CLM  -DDM_PARALLEL -DNETCDF -DUSE_ALLOCATABLES -DGRIB1 -DINTIO -DLIMIT_ARGS -DCONFIG_BUF_LEN=65536 -DMAX_DOMAINS_F=21 -DMAX_HISTORY=25 -DNMM_NEST= -DWRF_CHEM -DBUILD_CHEM=1 -DWRF_KPP -I. -traditional  write_decomp.b  > write_decomp.f90
rm -f write_decomp.b
ifort -c -O2 -ip -fp-model precise -w -ftz -align all -fno-alias -FR -convert big_endian    -i4  write_decomp.f90
ifort -o write_decomp.exe module_kpp_gocartracm_Precision.o module_kpp_gocartracm_Parameters.o module_kpp_gocartracm_JacobianSP.o      write_decomp.o  
echo gocartracm > mech.tmp
make[1]: Leaving directory `/global/scratch/azare/Josh/WRFV3/chem/KPP/util/write_decomp'
./write_decomp.exe
   -- in write_decomp
     for kpp mechanism: gocartracm
 fname:<decomp_gocartracm.inc>
make -i -r integr_edit
make[1]: Entering directory `/global/scratch/azare/Josh/WRFV3/chem/KPP/util/write_decomp'
Makefile:50: warning: overriding commands for target `.F.o'
../../../../configure.wrf:357: warning: ignoring old commands for target `.F.o'
Makefile:58: warning: overriding commands for target `.c.o'
../../../../configure.wrf:384: warning: ignoring old commands for target `.c.o'
rm -f integr_edit.o
icc -c -w -O2 -ip  -DDM_PARALLEL -DMAX_HISTORY=25 -DNMM_CORE=0 integr_edit.c
icc -o integr_edit.exe integr_edit.o
make[1]: Leaving directory `/global/scratch/azare/Josh/WRFV3/chem/KPP/util/write_decomp'
./integr_edit.exe gocartracm
   integr_edit: replacing     CALL gocartracm_KppDecomp ( A, ising )
 
  END MODULE gocartracm_Integrator
 make -i -r clean 
make[1]: Entering directory `/global/scratch/azare/Josh/WRFV3/chem/KPP/util/write_decomp'
Makefile:50: warning: overriding commands for target `.F.o'
../../../../configure.wrf:357: warning: ignoring old commands for target `.F.o'
Makefile:58: warning: overriding commands for target `.c.o'
../../../../configure.wrf:384: warning: ignoring old commands for target `.c.o'
rm -f *.o *.tmp *.mod module_kpp_* *~ *.inc *.exe *.f90
make[1]: Leaving directory `/global/scratch/azare/Josh/WRFV3/chem/KPP/util/write_decomp'
=========================================================
mechanisms/mozart
ln -s ../../util/Makefile_kpp mechanisms/mozart/Makefile
ln -s ../chem/KPP/inc/mozart/extra_args_to_update_rconst_mozart.inc /global/scratch/azare/Josh/WRFV3/inc
ln -s ../chem/KPP/inc/mozart/extra_args_update_rconst_mozart.inc /global/scratch/azare/Josh/WRFV3/inc
ln -s ../chem/KPP/inc/mozart/extra_decls_update_rconst_mozart.inc /global/scratch/azare/Josh/WRFV3/inc
ln -s ../chem/KPP/inc/mozart/kpp_mechd_a_mozart.inc /global/scratch/azare/Josh/WRFV3/inc
ln -s ../chem/KPP/inc/mozart/kpp_mechd_b_mozart.inc /global/scratch/azare/Josh/WRFV3/inc
ln -s ../chem/KPP/inc/mozart/kpp_mechd_e_mozart.inc /global/scratch/azare/Josh/WRFV3/inc
ln -s ../chem/KPP/inc/mozart/kpp_mechd_ia_mozart.inc /global/scratch/azare/Josh/WRFV3/inc
ln -s ../chem/KPP/inc/mozart/kpp_mechd_ib_mozart.inc /global/scratch/azare/Josh/WRFV3/inc
ln -s ../chem/KPP/inc/mozart/kpp_mechd_ibu_mozart.inc /global/scratch/azare/Josh/WRFV3/inc
ln -s ../chem/KPP/inc/mozart/kpp_mechd_l_mozart.inc /global/scratch/azare/Josh/WRFV3/inc
ln -s ../chem/KPP/inc/mozart/kpp_mechd_u_mozart.inc /global/scratch/azare/Josh/WRFV3/inc
model mozart
/global/scratch/azare/Josh/WRFV3/chem/KPP/kpp/kpp-2.1/bin/kpp mozart.kpp

This is KPP-2.1.

KPP is parsing the equation file.
KPP was told to generate WRF conform code
KPP is computing Jacobian sparsity structure.
KPP is starting the code generation.
KPP is initializing the code generation.
 
 KPP is using the WRF conform integrator routine: 
 /global/scratch/azare/Josh/WRFV3/chem/KPP/kpp/kpp-2.1/int/WRF_conform/rosenbrock 

KPP is generating the monitor data:
    - mozart_Monitor
KPP is generating the utility data:
    - mozart_Util
KPP is generating the global declarations:
    - mozart_Main
KPP is generating the ODE function:
    - mozart_Function
KPP is generating the ODE Jacobian:
    - mozart_Jacobian
    - mozart_JacobianSP
KPP is generating the linear algebra routines:
    - mozart_LinearAlgebra
KPP is generating the utility functions:
    - mozart_Util
KPP is generating the rate laws:
    - mozart_Rates
KPP is generating UpdateRconstWRF (WRF conform): 
    - mozart_UpdateRconst
KPP is generating the parameters:
    - mozart_Parameters
KPP is generating the global data:
    - mozart_Global
KPP is generating the driver from general.f90:
    - mozart_Main
KPP is starting the code post-processing.

KPP has succesfully created the model "mozart".

cp -f mozart_Integrator.f90 ../../../module_kpp_mozart_Integr.F
cp -f mozart_Parameters.f90 ../../../module_kpp_mozart_Parameters.F
cp -f mozart_Precision.f90 ../../../module_kpp_mozart_Precision.F
cp -f mozart_JacobianSP.f90 ../../../module_kpp_mozart_JacobianSP.F
cp -f mozart_Jacobian.f90 ../../../module_kpp_mozart_Jacobian.F
cp -f mozart_Update_Rconst.f90 ../../../module_kpp_mozart_Update_Rconst.F
touch ../../util/run_wkc
Makefile:50: warning: overriding commands for target `.F.o'
../../../../configure.wrf:357: warning: ignoring old commands for target `.F.o'
Makefile:58: warning: overriding commands for target `.c.o'
../../../../configure.wrf:384: warning: ignoring old commands for target `.c.o'
rm -f decomp_uses.inc
echo USE mozart_Parameters > decomp_uses.inc
echo USE mozart_JacobianSP >> decomp_uses.inc
ln -sf  ../../../module_kpp_mozart_Precision.F
ln -sf  ../../../module_kpp_mozart_Parameters.F
ln -sf  ../../../module_kpp_mozart_JacobianSP.F
ln -sf  ../../../module_kpp_mozart_Integr.F
make -i -r comp
make[1]: Entering directory `/global/scratch/azare/Josh/WRFV3/chem/KPP/util/write_decomp'
Makefile:50: warning: overriding commands for target `.F.o'
../../../../configure.wrf:357: warning: ignoring old commands for target `.F.o'
Makefile:58: warning: overriding commands for target `.c.o'
../../../../configure.wrf:384: warning: ignoring old commands for target `.c.o'
rm -f module_kpp_mozart_Precision.o
sed -f ../../../../arch/standard.sed module_kpp_mozart_Precision.F > module_kpp_mozart_Precision.b 
/lib/cpp -C -P -I../../../../inc -DEM_CORE=1 -DNMM_CORE=0 -DNMM_MAX_DIM=2600 -DCOAMPS_CORE= -DDA_CORE= -DEXP_CORE= -DIWORDSIZE=4 -DDWORDSIZE=8 -DRWORDSIZE=4 -DLWORDSIZE=4 -DNONSTANDARD_SYSTEM_FUNC -DWRF_USE_CLM  -DDM_PARALLEL -DNETCDF -DUSE_ALLOCATABLES -DGRIB1 -DINTIO -DLIMIT_ARGS -DCONFIG_BUF_LEN=65536 -DMAX_DOMAINS_F=21 -DMAX_HISTORY=25 -DNMM_NEST= -DWRF_CHEM -DBUILD_CHEM=1 -DWRF_KPP -I. -traditional  module_kpp_mozart_Precision.b  > module_kpp_mozart_Precision.f90
rm -f module_kpp_mozart_Precision.b
ifort -c -O2 -ip -fp-model precise -w -ftz -align all -fno-alias -FR -convert big_endian    -i4  module_kpp_mozart_Precision.f90
rm -f module_kpp_mozart_Parameters.o
sed -f ../../../../arch/standard.sed module_kpp_mozart_Parameters.F > module_kpp_mozart_Parameters.b 
/lib/cpp -C -P -I../../../../inc -DEM_CORE=1 -DNMM_CORE=0 -DNMM_MAX_DIM=2600 -DCOAMPS_CORE= -DDA_CORE= -DEXP_CORE= -DIWORDSIZE=4 -DDWORDSIZE=8 -DRWORDSIZE=4 -DLWORDSIZE=4 -DNONSTANDARD_SYSTEM_FUNC -DWRF_USE_CLM  -DDM_PARALLEL -DNETCDF -DUSE_ALLOCATABLES -DGRIB1 -DINTIO -DLIMIT_ARGS -DCONFIG_BUF_LEN=65536 -DMAX_DOMAINS_F=21 -DMAX_HISTORY=25 -DNMM_NEST= -DWRF_CHEM -DBUILD_CHEM=1 -DWRF_KPP -I. -traditional  module_kpp_mozart_Parameters.b  > module_kpp_mozart_Parameters.f90
rm -f module_kpp_mozart_Parameters.b
ifort -c -O2 -ip -fp-model precise -w -ftz -align all -fno-alias -FR -convert big_endian    -i4  module_kpp_mozart_Parameters.f90
rm -f module_kpp_mozart_JacobianSP.o
sed -f ../../../../arch/standard.sed module_kpp_mozart_JacobianSP.F > module_kpp_mozart_JacobianSP.b 
/lib/cpp -C -P -I../../../../inc -DEM_CORE=1 -DNMM_CORE=0 -DNMM_MAX_DIM=2600 -DCOAMPS_CORE= -DDA_CORE= -DEXP_CORE= -DIWORDSIZE=4 -DDWORDSIZE=8 -DRWORDSIZE=4 -DLWORDSIZE=4 -DNONSTANDARD_SYSTEM_FUNC -DWRF_USE_CLM  -DDM_PARALLEL -DNETCDF -DUSE_ALLOCATABLES -DGRIB1 -DINTIO -DLIMIT_ARGS -DCONFIG_BUF_LEN=65536 -DMAX_DOMAINS_F=21 -DMAX_HISTORY=25 -DNMM_NEST= -DWRF_CHEM -DBUILD_CHEM=1 -DWRF_KPP -I. -traditional  module_kpp_mozart_JacobianSP.b  > module_kpp_mozart_JacobianSP.f90
rm -f module_kpp_mozart_JacobianSP.b
ifort -c -O2 -ip -fp-model precise -w -ftz -align all -fno-alias -FR -convert big_endian    -i4  module_kpp_mozart_JacobianSP.f90
rm -f write_decomp.o
sed -f ../../../../arch/standard.sed write_decomp.F > write_decomp.b 
/lib/cpp -C -P -I../../../../inc -DEM_CORE=1 -DNMM_CORE=0 -DNMM_MAX_DIM=2600 -DCOAMPS_CORE= -DDA_CORE= -DEXP_CORE= -DIWORDSIZE=4 -DDWORDSIZE=8 -DRWORDSIZE=4 -DLWORDSIZE=4 -DNONSTANDARD_SYSTEM_FUNC -DWRF_USE_CLM  -DDM_PARALLEL -DNETCDF -DUSE_ALLOCATABLES -DGRIB1 -DINTIO -DLIMIT_ARGS -DCONFIG_BUF_LEN=65536 -DMAX_DOMAINS_F=21 -DMAX_HISTORY=25 -DNMM_NEST= -DWRF_CHEM -DBUILD_CHEM=1 -DWRF_KPP -I. -traditional  write_decomp.b  > write_decomp.f90
rm -f write_decomp.b
ifort -c -O2 -ip -fp-model precise -w -ftz -align all -fno-alias -FR -convert big_endian    -i4  write_decomp.f90
ifort -o write_decomp.exe module_kpp_mozart_Precision.o module_kpp_mozart_Parameters.o module_kpp_mozart_JacobianSP.o      write_decomp.o  
echo mozart > mech.tmp
make[1]: Leaving directory `/global/scratch/azare/Josh/WRFV3/chem/KPP/util/write_decomp'
./write_decomp.exe
   -- in write_decomp
     for kpp mechanism: mozart
 fname:<decomp_mozart.inc>
make -i -r integr_edit
make[1]: Entering directory `/global/scratch/azare/Josh/WRFV3/chem/KPP/util/write_decomp'
Makefile:50: warning: overriding commands for target `.F.o'
../../../../configure.wrf:357: warning: ignoring old commands for target `.F.o'
Makefile:58: warning: overriding commands for target `.c.o'
../../../../configure.wrf:384: warning: ignoring old commands for target `.c.o'
rm -f integr_edit.o
icc -c -w -O2 -ip  -DDM_PARALLEL -DMAX_HISTORY=25 -DNMM_CORE=0 integr_edit.c
icc -o integr_edit.exe integr_edit.o
make[1]: Leaving directory `/global/scratch/azare/Josh/WRFV3/chem/KPP/util/write_decomp'
./integr_edit.exe mozart
   integr_edit: replacing     CALL mozart_KppDecomp ( A, ising )
 
  END MODULE mozart_Integrator
 make -i -r clean 
make[1]: Entering directory `/global/scratch/azare/Josh/WRFV3/chem/KPP/util/write_decomp'
Makefile:50: warning: overriding commands for target `.F.o'
../../../../configure.wrf:357: warning: ignoring old commands for target `.F.o'
Makefile:58: warning: overriding commands for target `.c.o'
../../../../configure.wrf:384: warning: ignoring old commands for target `.c.o'
rm -f *.o *.tmp *.mod module_kpp_* *~ *.inc *.exe *.f90
make[1]: Leaving directory `/global/scratch/azare/Josh/WRFV3/chem/KPP/util/write_decomp'
=========================================================
mechanisms/mozart_mosaic_4bin_vbs0
ln -s ../../util/Makefile_kpp mechanisms/mozart_mosaic_4bin_vbs0/Makefile
ln -s ../chem/KPP/inc/mozart_mosaic_4bin_vbs0/extra_args_to_update_rconst_mozart_mosaic_4bin_vbs0.inc /global/scratch/azare/Josh/WRFV3/inc
ln -s ../chem/KPP/inc/mozart_mosaic_4bin_vbs0/extra_args_update_rconst_mozart_mosaic_4bin_vbs0.inc /global/scratch/azare/Josh/WRFV3/inc
ln -s ../chem/KPP/inc/mozart_mosaic_4bin_vbs0/extra_decls_update_rconst_mozart_mosaic_4bin_vbs0.inc /global/scratch/azare/Josh/WRFV3/inc
ln -s ../chem/KPP/inc/mozart_mosaic_4bin_vbs0/kpp_mechd_a_mozart_mosaic_4bin_vbs0.inc /global/scratch/azare/Josh/WRFV3/inc
ln -s ../chem/KPP/inc/mozart_mosaic_4bin_vbs0/kpp_mechd_b_mozart_mosaic_4bin_vbs0.inc /global/scratch/azare/Josh/WRFV3/inc
ln -s ../chem/KPP/inc/mozart_mosaic_4bin_vbs0/kpp_mechd_e_mozart_mosaic_4bin_vbs0.inc /global/scratch/azare/Josh/WRFV3/inc
ln -s ../chem/KPP/inc/mozart_mosaic_4bin_vbs0/kpp_mechd_ia_mozart_mosaic_4bin_vbs0.inc /global/scratch/azare/Josh/WRFV3/inc
ln -s ../chem/KPP/inc/mozart_mosaic_4bin_vbs0/kpp_mechd_ib_mozart_mosaic_4bin_vbs0.inc /global/scratch/azare/Josh/WRFV3/inc
ln -s ../chem/KPP/inc/mozart_mosaic_4bin_vbs0/kpp_mechd_ibu_mozart_mosaic_4bin_vbs0.inc /global/scratch/azare/Josh/WRFV3/inc
ln -s ../chem/KPP/inc/mozart_mosaic_4bin_vbs0/kpp_mechd_l_mozart_mosaic_4bin_vbs0.inc /global/scratch/azare/Josh/WRFV3/inc
ln -s ../chem/KPP/inc/mozart_mosaic_4bin_vbs0/kpp_mechd_u_mozart_mosaic_4bin_vbs0.inc /global/scratch/azare/Josh/WRFV3/inc
model mozart_mosaic_4bin_vbs0
/global/scratch/azare/Josh/WRFV3/chem/KPP/kpp/kpp-2.1/bin/kpp mozart_mosaic_4bin_vbs0.kpp

This is KPP-2.1.

KPP is parsing the equation file.
KPP was told to generate WRF conform code
KPP is computing Jacobian sparsity structure.
KPP is starting the code generation.
KPP is initializing the code generation.
 
 KPP is using the WRF conform integrator routine: 
 /global/scratch/azare/Josh/WRFV3/chem/KPP/kpp/kpp-2.1/int/WRF_conform/rosenbrock 

KPP is generating the monitor data:
    - mozart_mosaic_4bin_vbs0_Monitor
KPP is generating the utility data:
    - mozart_mosaic_4bin_vbs0_Util
KPP is generating the global declarations:
    - mozart_mosaic_4bin_vbs0_Main
KPP is generating the ODE function:
    - mozart_mosaic_4bin_vbs0_Function
KPP is generating the ODE Jacobian:
    - mozart_mosaic_4bin_vbs0_Jacobian
    - mozart_mosaic_4bin_vbs0_JacobianSP
KPP is generating the linear algebra routines:
    - mozart_mosaic_4bin_vbs0_LinearAlgebra
KPP is generating the utility functions:
    - mozart_mosaic_4bin_vbs0_Util
KPP is generating the rate laws:
    - mozart_mosaic_4bin_vbs0_Rates
KPP is generating UpdateRconstWRF (WRF conform): 
    - mozart_mosaic_4bin_vbs0_UpdateRconst
KPP is generating the parameters:
    - mozart_mosaic_4bin_vbs0_Parameters
KPP is generating the global data:
    - mozart_mosaic_4bin_vbs0_Global
KPP is generating the driver from general.f90:
    - mozart_mosaic_4bin_vbs0_Main
KPP is starting the code post-processing.

KPP has succesfully created the model "mozart_mosaic_4bin_vbs0".

cp -f mozart_mosaic_4bin_vbs0_Integrator.f90 ../../../module_kpp_mozart_mosaic_4bin_vbs0_Integr.F
cp -f mozart_mosaic_4bin_vbs0_Parameters.f90 ../../../module_kpp_mozart_mosaic_4bin_vbs0_Parameters.F
cp -f mozart_mosaic_4bin_vbs0_Precision.f90 ../../../module_kpp_mozart_mosaic_4bin_vbs0_Precision.F
cp -f mozart_mosaic_4bin_vbs0_JacobianSP.f90 ../../../module_kpp_mozart_mosaic_4bin_vbs0_JacobianSP.F
cp -f mozart_mosaic_4bin_vbs0_Jacobian.f90 ../../../module_kpp_mozart_mosaic_4bin_vbs0_Jacobian.F
cp -f mozart_mosaic_4bin_vbs0_Update_Rconst.f90 ../../../module_kpp_mozart_mosaic_4bin_vbs0_Update_Rconst.F
touch ../../util/run_wkc
Makefile:50: warning: overriding commands for target `.F.o'
../../../../configure.wrf:357: warning: ignoring old commands for target `.F.o'
Makefile:58: warning: overriding commands for target `.c.o'
../../../../configure.wrf:384: warning: ignoring old commands for target `.c.o'
rm -f decomp_uses.inc
echo USE mozart_mosaic_4bin_vbs0_Parameters > decomp_uses.inc
echo USE mozart_mosaic_4bin_vbs0_JacobianSP >> decomp_uses.inc
ln -sf  ../../../module_kpp_mozart_mosaic_4bin_vbs0_Precision.F
ln -sf  ../../../module_kpp_mozart_mosaic_4bin_vbs0_Parameters.F
ln -sf  ../../../module_kpp_mozart_mosaic_4bin_vbs0_JacobianSP.F
ln -sf  ../../../module_kpp_mozart_mosaic_4bin_vbs0_Integr.F
make -i -r comp
make[1]: Entering directory `/global/scratch/azare/Josh/WRFV3/chem/KPP/util/write_decomp'
Makefile:50: warning: overriding commands for target `.F.o'
../../../../configure.wrf:357: warning: ignoring old commands for target `.F.o'
Makefile:58: warning: overriding commands for target `.c.o'
../../../../configure.wrf:384: warning: ignoring old commands for target `.c.o'
rm -f module_kpp_mozart_mosaic_4bin_vbs0_Precision.o
sed -f ../../../../arch/standard.sed module_kpp_mozart_mosaic_4bin_vbs0_Precision.F > module_kpp_mozart_mosaic_4bin_vbs0_Precision.b 
/lib/cpp -C -P -I../../../../inc -DEM_CORE=1 -DNMM_CORE=0 -DNMM_MAX_DIM=2600 -DCOAMPS_CORE= -DDA_CORE= -DEXP_CORE= -DIWORDSIZE=4 -DDWORDSIZE=8 -DRWORDSIZE=4 -DLWORDSIZE=4 -DNONSTANDARD_SYSTEM_FUNC -DWRF_USE_CLM  -DDM_PARALLEL -DNETCDF -DUSE_ALLOCATABLES -DGRIB1 -DINTIO -DLIMIT_ARGS -DCONFIG_BUF_LEN=65536 -DMAX_DOMAINS_F=21 -DMAX_HISTORY=25 -DNMM_NEST= -DWRF_CHEM -DBUILD_CHEM=1 -DWRF_KPP -I. -traditional  module_kpp_mozart_mosaic_4bin_vbs0_Precision.b  > module_kpp_mozart_mosaic_4bin_vbs0_Precision.f90
rm -f module_kpp_mozart_mosaic_4bin_vbs0_Precision.b
ifort -c -O2 -ip -fp-model precise -w -ftz -align all -fno-alias -FR -convert big_endian    -i4  module_kpp_mozart_mosaic_4bin_vbs0_Precision.f90
rm -f module_kpp_mozart_mosaic_4bin_vbs0_Parameters.o
sed -f ../../../../arch/standard.sed module_kpp_mozart_mosaic_4bin_vbs0_Parameters.F > module_kpp_mozart_mosaic_4bin_vbs0_Parameters.b 
/lib/cpp -C -P -I../../../../inc -DEM_CORE=1 -DNMM_CORE=0 -DNMM_MAX_DIM=2600 -DCOAMPS_CORE= -DDA_CORE= -DEXP_CORE= -DIWORDSIZE=4 -DDWORDSIZE=8 -DRWORDSIZE=4 -DLWORDSIZE=4 -DNONSTANDARD_SYSTEM_FUNC -DWRF_USE_CLM  -DDM_PARALLEL -DNETCDF -DUSE_ALLOCATABLES -DGRIB1 -DINTIO -DLIMIT_ARGS -DCONFIG_BUF_LEN=65536 -DMAX_DOMAINS_F=21 -DMAX_HISTORY=25 -DNMM_NEST= -DWRF_CHEM -DBUILD_CHEM=1 -DWRF_KPP -I. -traditional  module_kpp_mozart_mosaic_4bin_vbs0_Parameters.b  > module_kpp_mozart_mosaic_4bin_vbs0_Parameters.f90
rm -f module_kpp_mozart_mosaic_4bin_vbs0_Parameters.b
ifort -c -O2 -ip -fp-model precise -w -ftz -align all -fno-alias -FR -convert big_endian    -i4  module_kpp_mozart_mosaic_4bin_vbs0_Parameters.f90
rm -f module_kpp_mozart_mosaic_4bin_vbs0_JacobianSP.o
sed -f ../../../../arch/standard.sed module_kpp_mozart_mosaic_4bin_vbs0_JacobianSP.F > module_kpp_mozart_mosaic_4bin_vbs0_JacobianSP.b 
/lib/cpp -C -P -I../../../../inc -DEM_CORE=1 -DNMM_CORE=0 -DNMM_MAX_DIM=2600 -DCOAMPS_CORE= -DDA_CORE= -DEXP_CORE= -DIWORDSIZE=4 -DDWORDSIZE=8 -DRWORDSIZE=4 -DLWORDSIZE=4 -DNONSTANDARD_SYSTEM_FUNC -DWRF_USE_CLM  -DDM_PARALLEL -DNETCDF -DUSE_ALLOCATABLES -DGRIB1 -DINTIO -DLIMIT_ARGS -DCONFIG_BUF_LEN=65536 -DMAX_DOMAINS_F=21 -DMAX_HISTORY=25 -DNMM_NEST= -DWRF_CHEM -DBUILD_CHEM=1 -DWRF_KPP -I. -traditional  module_kpp_mozart_mosaic_4bin_vbs0_JacobianSP.b  > module_kpp_mozart_mosaic_4bin_vbs0_JacobianSP.f90
rm -f module_kpp_mozart_mosaic_4bin_vbs0_JacobianSP.b
ifort -c -O2 -ip -fp-model precise -w -ftz -align all -fno-alias -FR -convert big_endian    -i4  module_kpp_mozart_mosaic_4bin_vbs0_JacobianSP.f90
rm -f write_decomp.o
sed -f ../../../../arch/standard.sed write_decomp.F > write_decomp.b 
/lib/cpp -C -P -I../../../../inc -DEM_CORE=1 -DNMM_CORE=0 -DNMM_MAX_DIM=2600 -DCOAMPS_CORE= -DDA_CORE= -DEXP_CORE= -DIWORDSIZE=4 -DDWORDSIZE=8 -DRWORDSIZE=4 -DLWORDSIZE=4 -DNONSTANDARD_SYSTEM_FUNC -DWRF_USE_CLM  -DDM_PARALLEL -DNETCDF -DUSE_ALLOCATABLES -DGRIB1 -DINTIO -DLIMIT_ARGS -DCONFIG_BUF_LEN=65536 -DMAX_DOMAINS_F=21 -DMAX_HISTORY=25 -DNMM_NEST= -DWRF_CHEM -DBUILD_CHEM=1 -DWRF_KPP -I. -traditional  write_decomp.b  > write_decomp.f90
rm -f write_decomp.b
ifort -c -O2 -ip -fp-model precise -w -ftz -align all -fno-alias -FR -convert big_endian    -i4  write_decomp.f90
ifort -o write_decomp.exe module_kpp_mozart_mosaic_4bin_vbs0_Precision.o module_kpp_mozart_mosaic_4bin_vbs0_Parameters.o module_kpp_mozart_mosaic_4bin_vbs0_JacobianSP.o      write_decomp.o  
echo mozart_mosaic_4bin_vbs0 > mech.tmp
make[1]: Leaving directory `/global/scratch/azare/Josh/WRFV3/chem/KPP/util/write_decomp'
./write_decomp.exe
   -- in write_decomp
     for kpp mechanism: mozart_mosaic_4bin_vbs0
 fname:<decomp_mozart_mosaic_4bin_vbs0.inc>
make -i -r integr_edit
make[1]: Entering directory `/global/scratch/azare/Josh/WRFV3/chem/KPP/util/write_decomp'
Makefile:50: warning: overriding commands for target `.F.o'
../../../../configure.wrf:357: warning: ignoring old commands for target `.F.o'
Makefile:58: warning: overriding commands for target `.c.o'
../../../../configure.wrf:384: warning: ignoring old commands for target `.c.o'
rm -f integr_edit.o
icc -c -w -O2 -ip  -DDM_PARALLEL -DMAX_HISTORY=25 -DNMM_CORE=0 integr_edit.c
icc -o integr_edit.exe integr_edit.o
make[1]: Leaving directory `/global/scratch/azare/Josh/WRFV3/chem/KPP/util/write_decomp'
./integr_edit.exe mozart_mosaic_4bin_vbs0
   integr_edit: replacing     CALL mozart_mosaic_4bin_vbs0_KppDecomp ( A, ising )
 
  END MODULE mozart_mosaic_4bin_vbs0_Integrator
 make -i -r clean 
make[1]: Entering directory `/global/scratch/azare/Josh/WRFV3/chem/KPP/util/write_decomp'
Makefile:50: warning: overriding commands for target `.F.o'
../../../../configure.wrf:357: warning: ignoring old commands for target `.F.o'
Makefile:58: warning: overriding commands for target `.c.o'
../../../../configure.wrf:384: warning: ignoring old commands for target `.c.o'
rm -f *.o *.tmp *.mod module_kpp_* *~ *.inc *.exe *.f90
make[1]: Leaving directory `/global/scratch/azare/Josh/WRFV3/chem/KPP/util/write_decomp'
=========================================================
mechanisms/mozcart
ln -s ../../util/Makefile_kpp mechanisms/mozcart/Makefile
ln -s ../chem/KPP/inc/mozcart/extra_args_to_update_rconst_mozcart.inc /global/scratch/azare/Josh/WRFV3/inc
ln -s ../chem/KPP/inc/mozcart/extra_args_update_rconst_mozcart.inc /global/scratch/azare/Josh/WRFV3/inc
ln -s ../chem/KPP/inc/mozcart/extra_decls_update_rconst_mozcart.inc /global/scratch/azare/Josh/WRFV3/inc
ln -s ../chem/KPP/inc/mozcart/kpp_mechd_a_mozcart.inc /global/scratch/azare/Josh/WRFV3/inc
ln -s ../chem/KPP/inc/mozcart/kpp_mechd_b_mozcart.inc /global/scratch/azare/Josh/WRFV3/inc
ln -s ../chem/KPP/inc/mozcart/kpp_mechd_e_mozcart.inc /global/scratch/azare/Josh/WRFV3/inc
ln -s ../chem/KPP/inc/mozcart/kpp_mechd_ia_mozcart.inc /global/scratch/azare/Josh/WRFV3/inc
ln -s ../chem/KPP/inc/mozcart/kpp_mechd_ib_mozcart.inc /global/scratch/azare/Josh/WRFV3/inc
ln -s ../chem/KPP/inc/mozcart/kpp_mechd_ibu_mozcart.inc /global/scratch/azare/Josh/WRFV3/inc
ln -s ../chem/KPP/inc/mozcart/kpp_mechd_l_mozcart.inc /global/scratch/azare/Josh/WRFV3/inc
ln -s ../chem/KPP/inc/mozcart/kpp_mechd_u_mozcart.inc /global/scratch/azare/Josh/WRFV3/inc
model mozcart
/global/scratch/azare/Josh/WRFV3/chem/KPP/kpp/kpp-2.1/bin/kpp mozcart.kpp

This is KPP-2.1.

KPP is parsing the equation file.
KPP was told to generate WRF conform code
KPP is computing Jacobian sparsity structure.
KPP is starting the code generation.
KPP is initializing the code generation.
 
 KPP is using the WRF conform integrator routine: 
 /global/scratch/azare/Josh/WRFV3/chem/KPP/kpp/kpp-2.1/int/WRF_conform/rosenbrock 

KPP is generating the monitor data:
    - mozcart_Monitor
KPP is generating the utility data:
    - mozcart_Util
KPP is generating the global declarations:
    - mozcart_Main
KPP is generating the ODE function:
    - mozcart_Function
KPP is generating the ODE Jacobian:
    - mozcart_Jacobian
    - mozcart_JacobianSP
KPP is generating the linear algebra routines:
    - mozcart_LinearAlgebra
KPP is generating the utility functions:
    - mozcart_Util
KPP is generating the rate laws:
    - mozcart_Rates
KPP is generating UpdateRconstWRF (WRF conform): 
    - mozcart_UpdateRconst
KPP is generating the parameters:
    - mozcart_Parameters
KPP is generating the global data:
    - mozcart_Global
KPP is generating the driver from general.f90:
    - mozcart_Main
KPP is starting the code post-processing.

KPP has succesfully created the model "mozcart".

cp -f mozcart_Integrator.f90 ../../../module_kpp_mozcart_Integr.F
cp -f mozcart_Parameters.f90 ../../../module_kpp_mozcart_Parameters.F
cp -f mozcart_Precision.f90 ../../../module_kpp_mozcart_Precision.F
cp -f mozcart_JacobianSP.f90 ../../../module_kpp_mozcart_JacobianSP.F
cp -f mozcart_Jacobian.f90 ../../../module_kpp_mozcart_Jacobian.F
cp -f mozcart_Update_Rconst.f90 ../../../module_kpp_mozcart_Update_Rconst.F
touch ../../util/run_wkc
Makefile:50: warning: overriding commands for target `.F.o'
../../../../configure.wrf:357: warning: ignoring old commands for target `.F.o'
Makefile:58: warning: overriding commands for target `.c.o'
../../../../configure.wrf:384: warning: ignoring old commands for target `.c.o'
rm -f decomp_uses.inc
echo USE mozcart_Parameters > decomp_uses.inc
echo USE mozcart_JacobianSP >> decomp_uses.inc
ln -sf  ../../../module_kpp_mozcart_Precision.F
ln -sf  ../../../module_kpp_mozcart_Parameters.F
ln -sf  ../../../module_kpp_mozcart_JacobianSP.F
ln -sf  ../../../module_kpp_mozcart_Integr.F
make -i -r comp
make[1]: Entering directory `/global/scratch/azare/Josh/WRFV3/chem/KPP/util/write_decomp'
Makefile:50: warning: overriding commands for target `.F.o'
../../../../configure.wrf:357: warning: ignoring old commands for target `.F.o'
Makefile:58: warning: overriding commands for target `.c.o'
../../../../configure.wrf:384: warning: ignoring old commands for target `.c.o'
rm -f module_kpp_mozcart_Precision.o
sed -f ../../../../arch/standard.sed module_kpp_mozcart_Precision.F > module_kpp_mozcart_Precision.b 
/lib/cpp -C -P -I../../../../inc -DEM_CORE=1 -DNMM_CORE=0 -DNMM_MAX_DIM=2600 -DCOAMPS_CORE= -DDA_CORE= -DEXP_CORE= -DIWORDSIZE=4 -DDWORDSIZE=8 -DRWORDSIZE=4 -DLWORDSIZE=4 -DNONSTANDARD_SYSTEM_FUNC -DWRF_USE_CLM  -DDM_PARALLEL -DNETCDF -DUSE_ALLOCATABLES -DGRIB1 -DINTIO -DLIMIT_ARGS -DCONFIG_BUF_LEN=65536 -DMAX_DOMAINS_F=21 -DMAX_HISTORY=25 -DNMM_NEST= -DWRF_CHEM -DBUILD_CHEM=1 -DWRF_KPP -I. -traditional  module_kpp_mozcart_Precision.b  > module_kpp_mozcart_Precision.f90
rm -f module_kpp_mozcart_Precision.b
ifort -c -O2 -ip -fp-model precise -w -ftz -align all -fno-alias -FR -convert big_endian    -i4  module_kpp_mozcart_Precision.f90
rm -f module_kpp_mozcart_Parameters.o
sed -f ../../../../arch/standard.sed module_kpp_mozcart_Parameters.F > module_kpp_mozcart_Parameters.b 
/lib/cpp -C -P -I../../../../inc -DEM_CORE=1 -DNMM_CORE=0 -DNMM_MAX_DIM=2600 -DCOAMPS_CORE= -DDA_CORE= -DEXP_CORE= -DIWORDSIZE=4 -DDWORDSIZE=8 -DRWORDSIZE=4 -DLWORDSIZE=4 -DNONSTANDARD_SYSTEM_FUNC -DWRF_USE_CLM  -DDM_PARALLEL -DNETCDF -DUSE_ALLOCATABLES -DGRIB1 -DINTIO -DLIMIT_ARGS -DCONFIG_BUF_LEN=65536 -DMAX_DOMAINS_F=21 -DMAX_HISTORY=25 -DNMM_NEST= -DWRF_CHEM -DBUILD_CHEM=1 -DWRF_KPP -I. -traditional  module_kpp_mozcart_Parameters.b  > module_kpp_mozcart_Parameters.f90
rm -f module_kpp_mozcart_Parameters.b
ifort -c -O2 -ip -fp-model precise -w -ftz -align all -fno-alias -FR -convert big_endian    -i4  module_kpp_mozcart_Parameters.f90
rm -f module_kpp_mozcart_JacobianSP.o
sed -f ../../../../arch/standard.sed module_kpp_mozcart_JacobianSP.F > module_kpp_mozcart_JacobianSP.b 
/lib/cpp -C -P -I../../../../inc -DEM_CORE=1 -DNMM_CORE=0 -DNMM_MAX_DIM=2600 -DCOAMPS_CORE= -DDA_CORE= -DEXP_CORE= -DIWORDSIZE=4 -DDWORDSIZE=8 -DRWORDSIZE=4 -DLWORDSIZE=4 -DNONSTANDARD_SYSTEM_FUNC -DWRF_USE_CLM  -DDM_PARALLEL -DNETCDF -DUSE_ALLOCATABLES -DGRIB1 -DINTIO -DLIMIT_ARGS -DCONFIG_BUF_LEN=65536 -DMAX_DOMAINS_F=21 -DMAX_HISTORY=25 -DNMM_NEST= -DWRF_CHEM -DBUILD_CHEM=1 -DWRF_KPP -I. -traditional  module_kpp_mozcart_JacobianSP.b  > module_kpp_mozcart_JacobianSP.f90
rm -f module_kpp_mozcart_JacobianSP.b
ifort -c -O2 -ip -fp-model precise -w -ftz -align all -fno-alias -FR -convert big_endian    -i4  module_kpp_mozcart_JacobianSP.f90
rm -f write_decomp.o
sed -f ../../../../arch/standard.sed write_decomp.F > write_decomp.b 
/lib/cpp -C -P -I../../../../inc -DEM_CORE=1 -DNMM_CORE=0 -DNMM_MAX_DIM=2600 -DCOAMPS_CORE= -DDA_CORE= -DEXP_CORE= -DIWORDSIZE=4 -DDWORDSIZE=8 -DRWORDSIZE=4 -DLWORDSIZE=4 -DNONSTANDARD_SYSTEM_FUNC -DWRF_USE_CLM  -DDM_PARALLEL -DNETCDF -DUSE_ALLOCATABLES -DGRIB1 -DINTIO -DLIMIT_ARGS -DCONFIG_BUF_LEN=65536 -DMAX_DOMAINS_F=21 -DMAX_HISTORY=25 -DNMM_NEST= -DWRF_CHEM -DBUILD_CHEM=1 -DWRF_KPP -I. -traditional  write_decomp.b  > write_decomp.f90
rm -f write_decomp.b
ifort -c -O2 -ip -fp-model precise -w -ftz -align all -fno-alias -FR -convert big_endian    -i4  write_decomp.f90
ifort -o write_decomp.exe module_kpp_mozcart_Precision.o module_kpp_mozcart_Parameters.o module_kpp_mozcart_JacobianSP.o      write_decomp.o  
echo mozcart > mech.tmp
make[1]: Leaving directory `/global/scratch/azare/Josh/WRFV3/chem/KPP/util/write_decomp'
./write_decomp.exe
   -- in write_decomp
     for kpp mechanism: mozcart
 fname:<decomp_mozcart.inc>
make -i -r integr_edit
make[1]: Entering directory `/global/scratch/azare/Josh/WRFV3/chem/KPP/util/write_decomp'
Makefile:50: warning: overriding commands for target `.F.o'
../../../../configure.wrf:357: warning: ignoring old commands for target `.F.o'
Makefile:58: warning: overriding commands for target `.c.o'
../../../../configure.wrf:384: warning: ignoring old commands for target `.c.o'
rm -f integr_edit.o
icc -c -w -O2 -ip  -DDM_PARALLEL -DMAX_HISTORY=25 -DNMM_CORE=0 integr_edit.c
icc -o integr_edit.exe integr_edit.o
make[1]: Leaving directory `/global/scratch/azare/Josh/WRFV3/chem/KPP/util/write_decomp'
./integr_edit.exe mozcart
   integr_edit: replacing     CALL mozcart_KppDecomp ( A, ising )
 
  END MODULE mozcart_Integrator
 make -i -r clean 
make[1]: Entering directory `/global/scratch/azare/Josh/WRFV3/chem/KPP/util/write_decomp'
Makefile:50: warning: overriding commands for target `.F.o'
../../../../configure.wrf:357: warning: ignoring old commands for target `.F.o'
Makefile:58: warning: overriding commands for target `.c.o'
../../../../configure.wrf:384: warning: ignoring old commands for target `.c.o'
rm -f *.o *.tmp *.mod module_kpp_* *~ *.inc *.exe *.f90
make[1]: Leaving directory `/global/scratch/azare/Josh/WRFV3/chem/KPP/util/write_decomp'
=========================================================
mechanisms/nmhc9
ln -s ../../util/Makefile_kpp mechanisms/nmhc9/Makefile
ln -s ../chem/KPP/inc/nmhc9/extra_args_to_update_rconst_nmhc9.inc /global/scratch/azare/Josh/WRFV3/inc
ln -s ../chem/KPP/inc/nmhc9/extra_args_update_rconst_nmhc9.inc /global/scratch/azare/Josh/WRFV3/inc
ln -s ../chem/KPP/inc/nmhc9/extra_decls_update_rconst_nmhc9.inc /global/scratch/azare/Josh/WRFV3/inc
ln -s ../chem/KPP/inc/nmhc9/kpp_mechd_a_nmhc9.inc /global/scratch/azare/Josh/WRFV3/inc
ln -s ../chem/KPP/inc/nmhc9/kpp_mechd_b_nmhc9.inc /global/scratch/azare/Josh/WRFV3/inc
ln -s ../chem/KPP/inc/nmhc9/kpp_mechd_e_nmhc9.inc /global/scratch/azare/Josh/WRFV3/inc
ln -s ../chem/KPP/inc/nmhc9/kpp_mechd_ia_nmhc9.inc /global/scratch/azare/Josh/WRFV3/inc
ln -s ../chem/KPP/inc/nmhc9/kpp_mechd_ib_nmhc9.inc /global/scratch/azare/Josh/WRFV3/inc
ln -s ../chem/KPP/inc/nmhc9/kpp_mechd_ibu_nmhc9.inc /global/scratch/azare/Josh/WRFV3/inc
ln -s ../chem/KPP/inc/nmhc9/kpp_mechd_l_nmhc9.inc /global/scratch/azare/Josh/WRFV3/inc
ln -s ../chem/KPP/inc/nmhc9/kpp_mechd_u_nmhc9.inc /global/scratch/azare/Josh/WRFV3/inc
model nmhc9
/global/scratch/azare/Josh/WRFV3/chem/KPP/kpp/kpp-2.1/bin/kpp nmhc9.kpp

This is KPP-2.1.

KPP is parsing the equation file.
KPP was told to generate WRF conform code
KPP is computing Jacobian sparsity structure.
KPP is starting the code generation.
KPP is initializing the code generation.
 
 KPP is using the WRF conform integrator routine: 
 /global/scratch/azare/Josh/WRFV3/chem/KPP/kpp/kpp-2.1/int/WRF_conform/rosenbrock 

KPP is generating the monitor data:
    - nmhc9_Monitor
KPP is generating the utility data:
    - nmhc9_Util
KPP is generating the global declarations:
    - nmhc9_Main
KPP is generating the ODE function:
    - nmhc9_Function
KPP is generating the ODE Jacobian:
    - nmhc9_Jacobian
    - nmhc9_JacobianSP
KPP is generating the linear algebra routines:
    - nmhc9_LinearAlgebra
KPP is generating the utility functions:
    - nmhc9_Util
KPP is generating the rate laws:
    - nmhc9_Rates
KPP is generating UpdateRconstWRF (WRF conform): 
    - nmhc9_UpdateRconst
KPP is generating the parameters:
    - nmhc9_Parameters
KPP is generating the global data:
    - nmhc9_Global
KPP is generating the driver from general.f90:
    - nmhc9_Main
KPP is starting the code post-processing.

KPP has succesfully created the model "nmhc9".

cp -f nmhc9_Integrator.f90 ../../../module_kpp_nmhc9_Integr.F
cp -f nmhc9_Parameters.f90 ../../../module_kpp_nmhc9_Parameters.F
cp -f nmhc9_Precision.f90 ../../../module_kpp_nmhc9_Precision.F
cp -f nmhc9_JacobianSP.f90 ../../../module_kpp_nmhc9_JacobianSP.F
cp -f nmhc9_Jacobian.f90 ../../../module_kpp_nmhc9_Jacobian.F
cp -f nmhc9_Update_Rconst.f90 ../../../module_kpp_nmhc9_Update_Rconst.F
touch ../../util/run_wkc
Makefile:50: warning: overriding commands for target `.F.o'
../../../../configure.wrf:357: warning: ignoring old commands for target `.F.o'
Makefile:58: warning: overriding commands for target `.c.o'
../../../../configure.wrf:384: warning: ignoring old commands for target `.c.o'
rm -f decomp_uses.inc
echo USE nmhc9_Parameters > decomp_uses.inc
echo USE nmhc9_JacobianSP >> decomp_uses.inc
ln -sf  ../../../module_kpp_nmhc9_Precision.F
ln -sf  ../../../module_kpp_nmhc9_Parameters.F
ln -sf  ../../../module_kpp_nmhc9_JacobianSP.F
ln -sf  ../../../module_kpp_nmhc9_Integr.F
make -i -r comp
make[1]: Entering directory `/global/scratch/azare/Josh/WRFV3/chem/KPP/util/write_decomp'
Makefile:50: warning: overriding commands for target `.F.o'
../../../../configure.wrf:357: warning: ignoring old commands for target `.F.o'
Makefile:58: warning: overriding commands for target `.c.o'
../../../../configure.wrf:384: warning: ignoring old commands for target `.c.o'
rm -f module_kpp_nmhc9_Precision.o
sed -f ../../../../arch/standard.sed module_kpp_nmhc9_Precision.F > module_kpp_nmhc9_Precision.b 
/lib/cpp -C -P -I../../../../inc -DEM_CORE=1 -DNMM_CORE=0 -DNMM_MAX_DIM=2600 -DCOAMPS_CORE= -DDA_CORE= -DEXP_CORE= -DIWORDSIZE=4 -DDWORDSIZE=8 -DRWORDSIZE=4 -DLWORDSIZE=4 -DNONSTANDARD_SYSTEM_FUNC -DWRF_USE_CLM  -DDM_PARALLEL -DNETCDF -DUSE_ALLOCATABLES -DGRIB1 -DINTIO -DLIMIT_ARGS -DCONFIG_BUF_LEN=65536 -DMAX_DOMAINS_F=21 -DMAX_HISTORY=25 -DNMM_NEST= -DWRF_CHEM -DBUILD_CHEM=1 -DWRF_KPP -I. -traditional  module_kpp_nmhc9_Precision.b  > module_kpp_nmhc9_Precision.f90
rm -f module_kpp_nmhc9_Precision.b
ifort -c -O2 -ip -fp-model precise -w -ftz -align all -fno-alias -FR -convert big_endian    -i4  module_kpp_nmhc9_Precision.f90
rm -f module_kpp_nmhc9_Parameters.o
sed -f ../../../../arch/standard.sed module_kpp_nmhc9_Parameters.F > module_kpp_nmhc9_Parameters.b 
/lib/cpp -C -P -I../../../../inc -DEM_CORE=1 -DNMM_CORE=0 -DNMM_MAX_DIM=2600 -DCOAMPS_CORE= -DDA_CORE= -DEXP_CORE= -DIWORDSIZE=4 -DDWORDSIZE=8 -DRWORDSIZE=4 -DLWORDSIZE=4 -DNONSTANDARD_SYSTEM_FUNC -DWRF_USE_CLM  -DDM_PARALLEL -DNETCDF -DUSE_ALLOCATABLES -DGRIB1 -DINTIO -DLIMIT_ARGS -DCONFIG_BUF_LEN=65536 -DMAX_DOMAINS_F=21 -DMAX_HISTORY=25 -DNMM_NEST= -DWRF_CHEM -DBUILD_CHEM=1 -DWRF_KPP -I. -traditional  module_kpp_nmhc9_Parameters.b  > module_kpp_nmhc9_Parameters.f90
rm -f module_kpp_nmhc9_Parameters.b
ifort -c -O2 -ip -fp-model precise -w -ftz -align all -fno-alias -FR -convert big_endian    -i4  module_kpp_nmhc9_Parameters.f90
rm -f module_kpp_nmhc9_JacobianSP.o
sed -f ../../../../arch/standard.sed module_kpp_nmhc9_JacobianSP.F > module_kpp_nmhc9_JacobianSP.b 
/lib/cpp -C -P -I../../../../inc -DEM_CORE=1 -DNMM_CORE=0 -DNMM_MAX_DIM=2600 -DCOAMPS_CORE= -DDA_CORE= -DEXP_CORE= -DIWORDSIZE=4 -DDWORDSIZE=8 -DRWORDSIZE=4 -DLWORDSIZE=4 -DNONSTANDARD_SYSTEM_FUNC -DWRF_USE_CLM  -DDM_PARALLEL -DNETCDF -DUSE_ALLOCATABLES -DGRIB1 -DINTIO -DLIMIT_ARGS -DCONFIG_BUF_LEN=65536 -DMAX_DOMAINS_F=21 -DMAX_HISTORY=25 -DNMM_NEST= -DWRF_CHEM -DBUILD_CHEM=1 -DWRF_KPP -I. -traditional  module_kpp_nmhc9_JacobianSP.b  > module_kpp_nmhc9_JacobianSP.f90
rm -f module_kpp_nmhc9_JacobianSP.b
ifort -c -O2 -ip -fp-model precise -w -ftz -align all -fno-alias -FR -convert big_endian    -i4  module_kpp_nmhc9_JacobianSP.f90
rm -f write_decomp.o
sed -f ../../../../arch/standard.sed write_decomp.F > write_decomp.b 
/lib/cpp -C -P -I../../../../inc -DEM_CORE=1 -DNMM_CORE=0 -DNMM_MAX_DIM=2600 -DCOAMPS_CORE= -DDA_CORE= -DEXP_CORE= -DIWORDSIZE=4 -DDWORDSIZE=8 -DRWORDSIZE=4 -DLWORDSIZE=4 -DNONSTANDARD_SYSTEM_FUNC -DWRF_USE_CLM  -DDM_PARALLEL -DNETCDF -DUSE_ALLOCATABLES -DGRIB1 -DINTIO -DLIMIT_ARGS -DCONFIG_BUF_LEN=65536 -DMAX_DOMAINS_F=21 -DMAX_HISTORY=25 -DNMM_NEST= -DWRF_CHEM -DBUILD_CHEM=1 -DWRF_KPP -I. -traditional  write_decomp.b  > write_decomp.f90
rm -f write_decomp.b
ifort -c -O2 -ip -fp-model precise -w -ftz -align all -fno-alias -FR -convert big_endian    -i4  write_decomp.f90
ifort -o write_decomp.exe module_kpp_nmhc9_Precision.o module_kpp_nmhc9_Parameters.o module_kpp_nmhc9_JacobianSP.o      write_decomp.o  
echo nmhc9 > mech.tmp
make[1]: Leaving directory `/global/scratch/azare/Josh/WRFV3/chem/KPP/util/write_decomp'
./write_decomp.exe
   -- in write_decomp
     for kpp mechanism: nmhc9
 fname:<decomp_nmhc9.inc>
make -i -r integr_edit
make[1]: Entering directory `/global/scratch/azare/Josh/WRFV3/chem/KPP/util/write_decomp'
Makefile:50: warning: overriding commands for target `.F.o'
../../../../configure.wrf:357: warning: ignoring old commands for target `.F.o'
Makefile:58: warning: overriding commands for target `.c.o'
../../../../configure.wrf:384: warning: ignoring old commands for target `.c.o'
rm -f integr_edit.o
icc -c -w -O2 -ip  -DDM_PARALLEL -DMAX_HISTORY=25 -DNMM_CORE=0 integr_edit.c
icc -o integr_edit.exe integr_edit.o
make[1]: Leaving directory `/global/scratch/azare/Josh/WRFV3/chem/KPP/util/write_decomp'
./integr_edit.exe nmhc9
   integr_edit: replacing     CALL nmhc9_KppDecomp ( A, ising )
 
  END MODULE nmhc9_Integrator
 make -i -r clean 
make[1]: Entering directory `/global/scratch/azare/Josh/WRFV3/chem/KPP/util/write_decomp'
Makefile:50: warning: overriding commands for target `.F.o'
../../../../configure.wrf:357: warning: ignoring old commands for target `.F.o'
Makefile:58: warning: overriding commands for target `.c.o'
../../../../configure.wrf:384: warning: ignoring old commands for target `.c.o'
rm -f *.o *.tmp *.mod module_kpp_* *~ *.inc *.exe *.f90
make[1]: Leaving directory `/global/scratch/azare/Josh/WRFV3/chem/KPP/util/write_decomp'
=========================================================
mechanisms/r2smh
ln -s ../../util/Makefile_kpp mechanisms/r2smh/Makefile
ln -s ../chem/KPP/inc/r2smh/extra_args_to_update_rconst_r2smh.inc /global/scratch/azare/Josh/WRFV3/inc
ln -s ../chem/KPP/inc/r2smh/extra_args_update_rconst_r2smh.inc /global/scratch/azare/Josh/WRFV3/inc
ln -s ../chem/KPP/inc/r2smh/extra_decls_update_rconst_r2smh.inc /global/scratch/azare/Josh/WRFV3/inc
ln -s ../chem/KPP/inc/r2smh/kpp_mechd_a_r2smh.inc /global/scratch/azare/Josh/WRFV3/inc
ln -s ../chem/KPP/inc/r2smh/kpp_mechd_b_r2smh.inc /global/scratch/azare/Josh/WRFV3/inc
ln -s ../chem/KPP/inc/r2smh/kpp_mechd_e_r2smh.inc /global/scratch/azare/Josh/WRFV3/inc
ln -s ../chem/KPP/inc/r2smh/kpp_mechd_ia_r2smh.inc /global/scratch/azare/Josh/WRFV3/inc
ln -s ../chem/KPP/inc/r2smh/kpp_mechd_ib_r2smh.inc /global/scratch/azare/Josh/WRFV3/inc
ln -s ../chem/KPP/inc/r2smh/kpp_mechd_ibu_r2smh.inc /global/scratch/azare/Josh/WRFV3/inc
ln -s ../chem/KPP/inc/r2smh/kpp_mechd_l_r2smh.inc /global/scratch/azare/Josh/WRFV3/inc
ln -s ../chem/KPP/inc/r2smh/kpp_mechd_u_r2smh.inc /global/scratch/azare/Josh/WRFV3/inc
model r2smh
/global/scratch/azare/Josh/WRFV3/chem/KPP/kpp/kpp-2.1/bin/kpp r2smh.kpp

This is KPP-2.1.

KPP is parsing the equation file.
KPP was told to generate WRF conform code
KPP is computing Jacobian sparsity structure.
KPP is starting the code generation.
KPP is initializing the code generation.
 
 KPP is using the WRF conform integrator routine: 
 /global/scratch/azare/Josh/WRFV3/chem/KPP/kpp/kpp-2.1/int/WRF_conform/rosenbrock 

KPP is generating the monitor data:
    - r2smh_Monitor
KPP is generating the utility data:
    - r2smh_Util
KPP is generating the global declarations:
    - r2smh_Main
KPP is generating the ODE function:
    - r2smh_Function
KPP is generating the ODE Jacobian:
    - r2smh_Jacobian
    - r2smh_JacobianSP
KPP is generating the linear algebra routines:
    - r2smh_LinearAlgebra
KPP is generating the utility functions:
    - r2smh_Util
KPP is generating the rate laws:
    - r2smh_Rates
KPP is generating UpdateRconstWRF (WRF conform): 
    - r2smh_UpdateRconst
KPP is generating the parameters:
    - r2smh_Parameters
KPP is generating the global data:
    - r2smh_Global
KPP is generating the driver from general.f90:
    - r2smh_Main
KPP is starting the code post-processing.

KPP has succesfully created the model "r2smh".

cp -f r2smh_Integrator.f90 ../../../module_kpp_r2smh_Integr.F
cp -f r2smh_Parameters.f90 ../../../module_kpp_r2smh_Parameters.F
cp -f r2smh_Precision.f90 ../../../module_kpp_r2smh_Precision.F
cp -f r2smh_JacobianSP.f90 ../../../module_kpp_r2smh_JacobianSP.F
cp -f r2smh_Jacobian.f90 ../../../module_kpp_r2smh_Jacobian.F
cp -f r2smh_Update_Rconst.f90 ../../../module_kpp_r2smh_Update_Rconst.F
touch ../../util/run_wkc
Makefile:50: warning: overriding commands for target `.F.o'
../../../../configure.wrf:357: warning: ignoring old commands for target `.F.o'
Makefile:58: warning: overriding commands for target `.c.o'
../../../../configure.wrf:384: warning: ignoring old commands for target `.c.o'
rm -f decomp_uses.inc
echo USE r2smh_Parameters > decomp_uses.inc
echo USE r2smh_JacobianSP >> decomp_uses.inc
ln -sf  ../../../module_kpp_r2smh_Precision.F
ln -sf  ../../../module_kpp_r2smh_Parameters.F
ln -sf  ../../../module_kpp_r2smh_JacobianSP.F
ln -sf  ../../../module_kpp_r2smh_Integr.F
make -i -r comp
make[1]: Entering directory `/global/scratch/azare/Josh/WRFV3/chem/KPP/util/write_decomp'
Makefile:50: warning: overriding commands for target `.F.o'
../../../../configure.wrf:357: warning: ignoring old commands for target `.F.o'
Makefile:58: warning: overriding commands for target `.c.o'
../../../../configure.wrf:384: warning: ignoring old commands for target `.c.o'
rm -f module_kpp_r2smh_Precision.o
sed -f ../../../../arch/standard.sed module_kpp_r2smh_Precision.F > module_kpp_r2smh_Precision.b 
/lib/cpp -C -P -I../../../../inc -DEM_CORE=1 -DNMM_CORE=0 -DNMM_MAX_DIM=2600 -DCOAMPS_CORE= -DDA_CORE= -DEXP_CORE= -DIWORDSIZE=4 -DDWORDSIZE=8 -DRWORDSIZE=4 -DLWORDSIZE=4 -DNONSTANDARD_SYSTEM_FUNC -DWRF_USE_CLM  -DDM_PARALLEL -DNETCDF -DUSE_ALLOCATABLES -DGRIB1 -DINTIO -DLIMIT_ARGS -DCONFIG_BUF_LEN=65536 -DMAX_DOMAINS_F=21 -DMAX_HISTORY=25 -DNMM_NEST= -DWRF_CHEM -DBUILD_CHEM=1 -DWRF_KPP -I. -traditional  module_kpp_r2smh_Precision.b  > module_kpp_r2smh_Precision.f90
rm -f module_kpp_r2smh_Precision.b
ifort -c -O2 -ip -fp-model precise -w -ftz -align all -fno-alias -FR -convert big_endian    -i4  module_kpp_r2smh_Precision.f90
rm -f module_kpp_r2smh_Parameters.o
sed -f ../../../../arch/standard.sed module_kpp_r2smh_Parameters.F > module_kpp_r2smh_Parameters.b 
/lib/cpp -C -P -I../../../../inc -DEM_CORE=1 -DNMM_CORE=0 -DNMM_MAX_DIM=2600 -DCOAMPS_CORE= -DDA_CORE= -DEXP_CORE= -DIWORDSIZE=4 -DDWORDSIZE=8 -DRWORDSIZE=4 -DLWORDSIZE=4 -DNONSTANDARD_SYSTEM_FUNC -DWRF_USE_CLM  -DDM_PARALLEL -DNETCDF -DUSE_ALLOCATABLES -DGRIB1 -DINTIO -DLIMIT_ARGS -DCONFIG_BUF_LEN=65536 -DMAX_DOMAINS_F=21 -DMAX_HISTORY=25 -DNMM_NEST= -DWRF_CHEM -DBUILD_CHEM=1 -DWRF_KPP -I. -traditional  module_kpp_r2smh_Parameters.b  > module_kpp_r2smh_Parameters.f90
rm -f module_kpp_r2smh_Parameters.b
ifort -c -O2 -ip -fp-model precise -w -ftz -align all -fno-alias -FR -convert big_endian    -i4  module_kpp_r2smh_Parameters.f90
rm -f module_kpp_r2smh_JacobianSP.o
sed -f ../../../../arch/standard.sed module_kpp_r2smh_JacobianSP.F > module_kpp_r2smh_JacobianSP.b 
/lib/cpp -C -P -I../../../../inc -DEM_CORE=1 -DNMM_CORE=0 -DNMM_MAX_DIM=2600 -DCOAMPS_CORE= -DDA_CORE= -DEXP_CORE= -DIWORDSIZE=4 -DDWORDSIZE=8 -DRWORDSIZE=4 -DLWORDSIZE=4 -DNONSTANDARD_SYSTEM_FUNC -DWRF_USE_CLM  -DDM_PARALLEL -DNETCDF -DUSE_ALLOCATABLES -DGRIB1 -DINTIO -DLIMIT_ARGS -DCONFIG_BUF_LEN=65536 -DMAX_DOMAINS_F=21 -DMAX_HISTORY=25 -DNMM_NEST= -DWRF_CHEM -DBUILD_CHEM=1 -DWRF_KPP -I. -traditional  module_kpp_r2smh_JacobianSP.b  > module_kpp_r2smh_JacobianSP.f90
rm -f module_kpp_r2smh_JacobianSP.b
ifort -c -O2 -ip -fp-model precise -w -ftz -align all -fno-alias -FR -convert big_endian    -i4  module_kpp_r2smh_JacobianSP.f90
rm -f write_decomp.o
sed -f ../../../../arch/standard.sed write_decomp.F > write_decomp.b 
/lib/cpp -C -P -I../../../../inc -DEM_CORE=1 -DNMM_CORE=0 -DNMM_MAX_DIM=2600 -DCOAMPS_CORE= -DDA_CORE= -DEXP_CORE= -DIWORDSIZE=4 -DDWORDSIZE=8 -DRWORDSIZE=4 -DLWORDSIZE=4 -DNONSTANDARD_SYSTEM_FUNC -DWRF_USE_CLM  -DDM_PARALLEL -DNETCDF -DUSE_ALLOCATABLES -DGRIB1 -DINTIO -DLIMIT_ARGS -DCONFIG_BUF_LEN=65536 -DMAX_DOMAINS_F=21 -DMAX_HISTORY=25 -DNMM_NEST= -DWRF_CHEM -DBUILD_CHEM=1 -DWRF_KPP -I. -traditional  write_decomp.b  > write_decomp.f90
rm -f write_decomp.b
ifort -c -O2 -ip -fp-model precise -w -ftz -align all -fno-alias -FR -convert big_endian    -i4  write_decomp.f90
ifort -o write_decomp.exe module_kpp_r2smh_Precision.o module_kpp_r2smh_Parameters.o module_kpp_r2smh_JacobianSP.o      write_decomp.o  
echo r2smh > mech.tmp
make[1]: Leaving directory `/global/scratch/azare/Josh/WRFV3/chem/KPP/util/write_decomp'
./write_decomp.exe
   -- in write_decomp
     for kpp mechanism: r2smh
 fname:<decomp_r2smh.inc>
make -i -r integr_edit
make[1]: Entering directory `/global/scratch/azare/Josh/WRFV3/chem/KPP/util/write_decomp'
Makefile:50: warning: overriding commands for target `.F.o'
../../../../configure.wrf:357: warning: ignoring old commands for target `.F.o'
Makefile:58: warning: overriding commands for target `.c.o'
../../../../configure.wrf:384: warning: ignoring old commands for target `.c.o'
rm -f integr_edit.o
icc -c -w -O2 -ip  -DDM_PARALLEL -DMAX_HISTORY=25 -DNMM_CORE=0 integr_edit.c
icc -o integr_edit.exe integr_edit.o
make[1]: Leaving directory `/global/scratch/azare/Josh/WRFV3/chem/KPP/util/write_decomp'
./integr_edit.exe r2smh
   integr_edit: replacing     CALL r2smh_KppDecomp ( A, ising )
 
  END MODULE r2smh_Integrator
 make -i -r clean 
make[1]: Entering directory `/global/scratch/azare/Josh/WRFV3/chem/KPP/util/write_decomp'
Makefile:50: warning: overriding commands for target `.F.o'
../../../../configure.wrf:357: warning: ignoring old commands for target `.F.o'
Makefile:58: warning: overriding commands for target `.c.o'
../../../../configure.wrf:384: warning: ignoring old commands for target `.c.o'
rm -f *.o *.tmp *.mod module_kpp_* *~ *.inc *.exe *.f90
make[1]: Leaving directory `/global/scratch/azare/Josh/WRFV3/chem/KPP/util/write_decomp'
=========================================================
mechanisms/racm
ln -s ../../util/Makefile_kpp mechanisms/racm/Makefile
ln -s ../chem/KPP/inc/racm/extra_args_to_update_rconst_racm.inc /global/scratch/azare/Josh/WRFV3/inc
ln -s ../chem/KPP/inc/racm/extra_args_update_rconst_racm.inc /global/scratch/azare/Josh/WRFV3/inc
ln -s ../chem/KPP/inc/racm/extra_decls_update_rconst_racm.inc /global/scratch/azare/Josh/WRFV3/inc
ln -s ../chem/KPP/inc/racm/kpp_mechd_a_racm.inc /global/scratch/azare/Josh/WRFV3/inc
ln -s ../chem/KPP/inc/racm/kpp_mechd_b_racm.inc /global/scratch/azare/Josh/WRFV3/inc
ln -s ../chem/KPP/inc/racm/kpp_mechd_e_racm.inc /global/scratch/azare/Josh/WRFV3/inc
ln -s ../chem/KPP/inc/racm/kpp_mechd_ia_racm.inc /global/scratch/azare/Josh/WRFV3/inc
ln -s ../chem/KPP/inc/racm/kpp_mechd_ib_racm.inc /global/scratch/azare/Josh/WRFV3/inc
ln -s ../chem/KPP/inc/racm/kpp_mechd_ibu_racm.inc /global/scratch/azare/Josh/WRFV3/inc
ln -s ../chem/KPP/inc/racm/kpp_mechd_l_racm.inc /global/scratch/azare/Josh/WRFV3/inc
ln -s ../chem/KPP/inc/racm/kpp_mechd_u_racm.inc /global/scratch/azare/Josh/WRFV3/inc
model racm
/global/scratch/azare/Josh/WRFV3/chem/KPP/kpp/kpp-2.1/bin/kpp racm.kpp

This is KPP-2.1.

KPP is parsing the equation file.
KPP was told to generate WRF conform code
KPP is computing Jacobian sparsity structure.
KPP is starting the code generation.
KPP is initializing the code generation.
 
 KPP is using the WRF conform integrator routine: 
 /global/scratch/azare/Josh/WRFV3/chem/KPP/kpp/kpp-2.1/int/WRF_conform/rosenbrock 

KPP is generating the monitor data:
    - racm_Monitor
KPP is generating the utility data:
    - racm_Util
KPP is generating the global declarations:
    - racm_Main
KPP is generating the ODE function:
    - racm_Function
KPP is generating the ODE Jacobian:
    - racm_Jacobian
    - racm_JacobianSP
KPP is generating the linear algebra routines:
    - racm_LinearAlgebra
KPP is generating the utility functions:
    - racm_Util
KPP is generating the rate laws:
    - racm_Rates
KPP is generating UpdateRconstWRF (WRF conform): 
    - racm_UpdateRconst
KPP is generating the parameters:
    - racm_Parameters
KPP is generating the global data:
    - racm_Global
KPP is generating the driver from general.f90:
    - racm_Main
KPP is starting the code post-processing.

KPP has succesfully created the model "racm".

cp -f racm_Integrator.f90 ../../../module_kpp_racm_Integr.F
cp -f racm_Parameters.f90 ../../../module_kpp_racm_Parameters.F
cp -f racm_Precision.f90 ../../../module_kpp_racm_Precision.F
cp -f racm_JacobianSP.f90 ../../../module_kpp_racm_JacobianSP.F
cp -f racm_Jacobian.f90 ../../../module_kpp_racm_Jacobian.F
cp -f racm_Update_Rconst.f90 ../../../module_kpp_racm_Update_Rconst.F
touch ../../util/run_wkc
Makefile:50: warning: overriding commands for target `.F.o'
../../../../configure.wrf:357: warning: ignoring old commands for target `.F.o'
Makefile:58: warning: overriding commands for target `.c.o'
../../../../configure.wrf:384: warning: ignoring old commands for target `.c.o'
rm -f decomp_uses.inc
echo USE racm_Parameters > decomp_uses.inc
echo USE racm_JacobianSP >> decomp_uses.inc
ln -sf  ../../../module_kpp_racm_Precision.F
ln -sf  ../../../module_kpp_racm_Parameters.F
ln -sf  ../../../module_kpp_racm_JacobianSP.F
ln -sf  ../../../module_kpp_racm_Integr.F
make -i -r comp
make[1]: Entering directory `/global/scratch/azare/Josh/WRFV3/chem/KPP/util/write_decomp'
Makefile:50: warning: overriding commands for target `.F.o'
../../../../configure.wrf:357: warning: ignoring old commands for target `.F.o'
Makefile:58: warning: overriding commands for target `.c.o'
../../../../configure.wrf:384: warning: ignoring old commands for target `.c.o'
rm -f module_kpp_racm_Precision.o
sed -f ../../../../arch/standard.sed module_kpp_racm_Precision.F > module_kpp_racm_Precision.b 
/lib/cpp -C -P -I../../../../inc -DEM_CORE=1 -DNMM_CORE=0 -DNMM_MAX_DIM=2600 -DCOAMPS_CORE= -DDA_CORE= -DEXP_CORE= -DIWORDSIZE=4 -DDWORDSIZE=8 -DRWORDSIZE=4 -DLWORDSIZE=4 -DNONSTANDARD_SYSTEM_FUNC -DWRF_USE_CLM  -DDM_PARALLEL -DNETCDF -DUSE_ALLOCATABLES -DGRIB1 -DINTIO -DLIMIT_ARGS -DCONFIG_BUF_LEN=65536 -DMAX_DOMAINS_F=21 -DMAX_HISTORY=25 -DNMM_NEST= -DWRF_CHEM -DBUILD_CHEM=1 -DWRF_KPP -I. -traditional  module_kpp_racm_Precision.b  > module_kpp_racm_Precision.f90
rm -f module_kpp_racm_Precision.b
ifort -c -O2 -ip -fp-model precise -w -ftz -align all -fno-alias -FR -convert big_endian    -i4  module_kpp_racm_Precision.f90
rm -f module_kpp_racm_Parameters.o
sed -f ../../../../arch/standard.sed module_kpp_racm_Parameters.F > module_kpp_racm_Parameters.b 
/lib/cpp -C -P -I../../../../inc -DEM_CORE=1 -DNMM_CORE=0 -DNMM_MAX_DIM=2600 -DCOAMPS_CORE= -DDA_CORE= -DEXP_CORE= -DIWORDSIZE=4 -DDWORDSIZE=8 -DRWORDSIZE=4 -DLWORDSIZE=4 -DNONSTANDARD_SYSTEM_FUNC -DWRF_USE_CLM  -DDM_PARALLEL -DNETCDF -DUSE_ALLOCATABLES -DGRIB1 -DINTIO -DLIMIT_ARGS -DCONFIG_BUF_LEN=65536 -DMAX_DOMAINS_F=21 -DMAX_HISTORY=25 -DNMM_NEST= -DWRF_CHEM -DBUILD_CHEM=1 -DWRF_KPP -I. -traditional  module_kpp_racm_Parameters.b  > module_kpp_racm_Parameters.f90
rm -f module_kpp_racm_Parameters.b
ifort -c -O2 -ip -fp-model precise -w -ftz -align all -fno-alias -FR -convert big_endian    -i4  module_kpp_racm_Parameters.f90
rm -f module_kpp_racm_JacobianSP.o
sed -f ../../../../arch/standard.sed module_kpp_racm_JacobianSP.F > module_kpp_racm_JacobianSP.b 
/lib/cpp -C -P -I../../../../inc -DEM_CORE=1 -DNMM_CORE=0 -DNMM_MAX_DIM=2600 -DCOAMPS_CORE= -DDA_CORE= -DEXP_CORE= -DIWORDSIZE=4 -DDWORDSIZE=8 -DRWORDSIZE=4 -DLWORDSIZE=4 -DNONSTANDARD_SYSTEM_FUNC -DWRF_USE_CLM  -DDM_PARALLEL -DNETCDF -DUSE_ALLOCATABLES -DGRIB1 -DINTIO -DLIMIT_ARGS -DCONFIG_BUF_LEN=65536 -DMAX_DOMAINS_F=21 -DMAX_HISTORY=25 -DNMM_NEST= -DWRF_CHEM -DBUILD_CHEM=1 -DWRF_KPP -I. -traditional  module_kpp_racm_JacobianSP.b  > module_kpp_racm_JacobianSP.f90
rm -f module_kpp_racm_JacobianSP.b
ifort -c -O2 -ip -fp-model precise -w -ftz -align all -fno-alias -FR -convert big_endian    -i4  module_kpp_racm_JacobianSP.f90
rm -f write_decomp.o
sed -f ../../../../arch/standard.sed write_decomp.F > write_decomp.b 
/lib/cpp -C -P -I../../../../inc -DEM_CORE=1 -DNMM_CORE=0 -DNMM_MAX_DIM=2600 -DCOAMPS_CORE= -DDA_CORE= -DEXP_CORE= -DIWORDSIZE=4 -DDWORDSIZE=8 -DRWORDSIZE=4 -DLWORDSIZE=4 -DNONSTANDARD_SYSTEM_FUNC -DWRF_USE_CLM  -DDM_PARALLEL -DNETCDF -DUSE_ALLOCATABLES -DGRIB1 -DINTIO -DLIMIT_ARGS -DCONFIG_BUF_LEN=65536 -DMAX_DOMAINS_F=21 -DMAX_HISTORY=25 -DNMM_NEST= -DWRF_CHEM -DBUILD_CHEM=1 -DWRF_KPP -I. -traditional  write_decomp.b  > write_decomp.f90
rm -f write_decomp.b
ifort -c -O2 -ip -fp-model precise -w -ftz -align all -fno-alias -FR -convert big_endian    -i4  write_decomp.f90
ifort -o write_decomp.exe module_kpp_racm_Precision.o module_kpp_racm_Parameters.o module_kpp_racm_JacobianSP.o      write_decomp.o  
echo racm > mech.tmp
make[1]: Leaving directory `/global/scratch/azare/Josh/WRFV3/chem/KPP/util/write_decomp'
./write_decomp.exe
   -- in write_decomp
     for kpp mechanism: racm
 fname:<decomp_racm.inc>
make -i -r integr_edit
make[1]: Entering directory `/global/scratch/azare/Josh/WRFV3/chem/KPP/util/write_decomp'
Makefile:50: warning: overriding commands for target `.F.o'
../../../../configure.wrf:357: warning: ignoring old commands for target `.F.o'
Makefile:58: warning: overriding commands for target `.c.o'
../../../../configure.wrf:384: warning: ignoring old commands for target `.c.o'
rm -f integr_edit.o
icc -c -w -O2 -ip  -DDM_PARALLEL -DMAX_HISTORY=25 -DNMM_CORE=0 integr_edit.c
icc -o integr_edit.exe integr_edit.o
make[1]: Leaving directory `/global/scratch/azare/Josh/WRFV3/chem/KPP/util/write_decomp'
./integr_edit.exe racm
   integr_edit: replacing     CALL racm_KppDecomp ( A, ising )
 
  END MODULE racm_Integrator
 make -i -r clean 
make[1]: Entering directory `/global/scratch/azare/Josh/WRFV3/chem/KPP/util/write_decomp'
Makefile:50: warning: overriding commands for target `.F.o'
../../../../configure.wrf:357: warning: ignoring old commands for target `.F.o'
Makefile:58: warning: overriding commands for target `.c.o'
../../../../configure.wrf:384: warning: ignoring old commands for target `.c.o'
rm -f *.o *.tmp *.mod module_kpp_* *~ *.inc *.exe *.f90
make[1]: Leaving directory `/global/scratch/azare/Josh/WRFV3/chem/KPP/util/write_decomp'
=========================================================
mechanisms/racm_esrlsorg
ln -s ../../util/Makefile_kpp mechanisms/racm_esrlsorg/Makefile
ln -s ../chem/KPP/inc/racm_esrlsorg/extra_args_to_update_rconst_racm_esrlsorg.inc /global/scratch/azare/Josh/WRFV3/inc
ln -s ../chem/KPP/inc/racm_esrlsorg/extra_args_update_rconst_racm_esrlsorg.inc /global/scratch/azare/Josh/WRFV3/inc
ln -s ../chem/KPP/inc/racm_esrlsorg/extra_decls_update_rconst_racm_esrlsorg.inc /global/scratch/azare/Josh/WRFV3/inc
ln -s ../chem/KPP/inc/racm_esrlsorg/kpp_mechd_a_racm_esrlsorg.inc /global/scratch/azare/Josh/WRFV3/inc
ln -s ../chem/KPP/inc/racm_esrlsorg/kpp_mechd_b_racm_esrlsorg.inc /global/scratch/azare/Josh/WRFV3/inc
ln -s ../chem/KPP/inc/racm_esrlsorg/kpp_mechd_e_racm_esrlsorg.inc /global/scratch/azare/Josh/WRFV3/inc
ln -s ../chem/KPP/inc/racm_esrlsorg/kpp_mechd_ia_racm_esrlsorg.inc /global/scratch/azare/Josh/WRFV3/inc
ln -s ../chem/KPP/inc/racm_esrlsorg/kpp_mechd_ib_racm_esrlsorg.inc /global/scratch/azare/Josh/WRFV3/inc
ln -s ../chem/KPP/inc/racm_esrlsorg/kpp_mechd_ibu_racm_esrlsorg.inc /global/scratch/azare/Josh/WRFV3/inc
ln -s ../chem/KPP/inc/racm_esrlsorg/kpp_mechd_l_racm_esrlsorg.inc /global/scratch/azare/Josh/WRFV3/inc
ln -s ../chem/KPP/inc/racm_esrlsorg/kpp_mechd_u_racm_esrlsorg.inc /global/scratch/azare/Josh/WRFV3/inc
model racm_esrlsorg
/global/scratch/azare/Josh/WRFV3/chem/KPP/kpp/kpp-2.1/bin/kpp racm_esrlsorg.kpp

This is KPP-2.1.

KPP is parsing the equation file.
KPP was told to generate WRF conform code
KPP is computing Jacobian sparsity structure.
KPP is starting the code generation.
KPP is initializing the code generation.
 
 KPP is using the WRF conform integrator routine: 
 /global/scratch/azare/Josh/WRFV3/chem/KPP/kpp/kpp-2.1/int/WRF_conform/rosenbrock 

KPP is generating the monitor data:
    - racm_esrlsorg_Monitor
KPP is generating the utility data:
    - racm_esrlsorg_Util
KPP is generating the global declarations:
    - racm_esrlsorg_Main
KPP is generating the ODE function:
    - racm_esrlsorg_Function
KPP is generating the ODE Jacobian:
    - racm_esrlsorg_Jacobian
    - racm_esrlsorg_JacobianSP
KPP is generating the linear algebra routines:
    - racm_esrlsorg_LinearAlgebra
KPP is generating the utility functions:
    - racm_esrlsorg_Util
KPP is generating the rate laws:
    - racm_esrlsorg_Rates
KPP is generating UpdateRconstWRF (WRF conform): 
    - racm_esrlsorg_UpdateRconst
KPP is generating the parameters:
    - racm_esrlsorg_Parameters
KPP is generating the global data:
    - racm_esrlsorg_Global
KPP is generating the driver from general.f90:
    - racm_esrlsorg_Main
KPP is starting the code post-processing.

KPP has succesfully created the model "racm_esrlsorg".

cp -f racm_esrlsorg_Integrator.f90 ../../../module_kpp_racm_esrlsorg_Integr.F
cp -f racm_esrlsorg_Parameters.f90 ../../../module_kpp_racm_esrlsorg_Parameters.F
cp -f racm_esrlsorg_Precision.f90 ../../../module_kpp_racm_esrlsorg_Precision.F
cp -f racm_esrlsorg_JacobianSP.f90 ../../../module_kpp_racm_esrlsorg_JacobianSP.F
cp -f racm_esrlsorg_Jacobian.f90 ../../../module_kpp_racm_esrlsorg_Jacobian.F
cp -f racm_esrlsorg_Update_Rconst.f90 ../../../module_kpp_racm_esrlsorg_Update_Rconst.F
touch ../../util/run_wkc
Makefile:50: warning: overriding commands for target `.F.o'
../../../../configure.wrf:357: warning: ignoring old commands for target `.F.o'
Makefile:58: warning: overriding commands for target `.c.o'
../../../../configure.wrf:384: warning: ignoring old commands for target `.c.o'
rm -f decomp_uses.inc
echo USE racm_esrlsorg_Parameters > decomp_uses.inc
echo USE racm_esrlsorg_JacobianSP >> decomp_uses.inc
ln -sf  ../../../module_kpp_racm_esrlsorg_Precision.F
ln -sf  ../../../module_kpp_racm_esrlsorg_Parameters.F
ln -sf  ../../../module_kpp_racm_esrlsorg_JacobianSP.F
ln -sf  ../../../module_kpp_racm_esrlsorg_Integr.F
make -i -r comp
make[1]: Entering directory `/global/scratch/azare/Josh/WRFV3/chem/KPP/util/write_decomp'
Makefile:50: warning: overriding commands for target `.F.o'
../../../../configure.wrf:357: warning: ignoring old commands for target `.F.o'
Makefile:58: warning: overriding commands for target `.c.o'
../../../../configure.wrf:384: warning: ignoring old commands for target `.c.o'
rm -f module_kpp_racm_esrlsorg_Precision.o
sed -f ../../../../arch/standard.sed module_kpp_racm_esrlsorg_Precision.F > module_kpp_racm_esrlsorg_Precision.b 
/lib/cpp -C -P -I../../../../inc -DEM_CORE=1 -DNMM_CORE=0 -DNMM_MAX_DIM=2600 -DCOAMPS_CORE= -DDA_CORE= -DEXP_CORE= -DIWORDSIZE=4 -DDWORDSIZE=8 -DRWORDSIZE=4 -DLWORDSIZE=4 -DNONSTANDARD_SYSTEM_FUNC -DWRF_USE_CLM  -DDM_PARALLEL -DNETCDF -DUSE_ALLOCATABLES -DGRIB1 -DINTIO -DLIMIT_ARGS -DCONFIG_BUF_LEN=65536 -DMAX_DOMAINS_F=21 -DMAX_HISTORY=25 -DNMM_NEST= -DWRF_CHEM -DBUILD_CHEM=1 -DWRF_KPP -I. -traditional  module_kpp_racm_esrlsorg_Precision.b  > module_kpp_racm_esrlsorg_Precision.f90
rm -f module_kpp_racm_esrlsorg_Precision.b
ifort -c -O2 -ip -fp-model precise -w -ftz -align all -fno-alias -FR -convert big_endian    -i4  module_kpp_racm_esrlsorg_Precision.f90
rm -f module_kpp_racm_esrlsorg_Parameters.o
sed -f ../../../../arch/standard.sed module_kpp_racm_esrlsorg_Parameters.F > module_kpp_racm_esrlsorg_Parameters.b 
/lib/cpp -C -P -I../../../../inc -DEM_CORE=1 -DNMM_CORE=0 -DNMM_MAX_DIM=2600 -DCOAMPS_CORE= -DDA_CORE= -DEXP_CORE= -DIWORDSIZE=4 -DDWORDSIZE=8 -DRWORDSIZE=4 -DLWORDSIZE=4 -DNONSTANDARD_SYSTEM_FUNC -DWRF_USE_CLM  -DDM_PARALLEL -DNETCDF -DUSE_ALLOCATABLES -DGRIB1 -DINTIO -DLIMIT_ARGS -DCONFIG_BUF_LEN=65536 -DMAX_DOMAINS_F=21 -DMAX_HISTORY=25 -DNMM_NEST= -DWRF_CHEM -DBUILD_CHEM=1 -DWRF_KPP -I. -traditional  module_kpp_racm_esrlsorg_Parameters.b  > module_kpp_racm_esrlsorg_Parameters.f90
rm -f module_kpp_racm_esrlsorg_Parameters.b
ifort -c -O2 -ip -fp-model precise -w -ftz -align all -fno-alias -FR -convert big_endian    -i4  module_kpp_racm_esrlsorg_Parameters.f90
rm -f module_kpp_racm_esrlsorg_JacobianSP.o
sed -f ../../../../arch/standard.sed module_kpp_racm_esrlsorg_JacobianSP.F > module_kpp_racm_esrlsorg_JacobianSP.b 
/lib/cpp -C -P -I../../../../inc -DEM_CORE=1 -DNMM_CORE=0 -DNMM_MAX_DIM=2600 -DCOAMPS_CORE= -DDA_CORE= -DEXP_CORE= -DIWORDSIZE=4 -DDWORDSIZE=8 -DRWORDSIZE=4 -DLWORDSIZE=4 -DNONSTANDARD_SYSTEM_FUNC -DWRF_USE_CLM  -DDM_PARALLEL -DNETCDF -DUSE_ALLOCATABLES -DGRIB1 -DINTIO -DLIMIT_ARGS -DCONFIG_BUF_LEN=65536 -DMAX_DOMAINS_F=21 -DMAX_HISTORY=25 -DNMM_NEST= -DWRF_CHEM -DBUILD_CHEM=1 -DWRF_KPP -I. -traditional  module_kpp_racm_esrlsorg_JacobianSP.b  > module_kpp_racm_esrlsorg_JacobianSP.f90
rm -f module_kpp_racm_esrlsorg_JacobianSP.b
ifort -c -O2 -ip -fp-model precise -w -ftz -align all -fno-alias -FR -convert big_endian    -i4  module_kpp_racm_esrlsorg_JacobianSP.f90
rm -f write_decomp.o
sed -f ../../../../arch/standard.sed write_decomp.F > write_decomp.b 
/lib/cpp -C -P -I../../../../inc -DEM_CORE=1 -DNMM_CORE=0 -DNMM_MAX_DIM=2600 -DCOAMPS_CORE= -DDA_CORE= -DEXP_CORE= -DIWORDSIZE=4 -DDWORDSIZE=8 -DRWORDSIZE=4 -DLWORDSIZE=4 -DNONSTANDARD_SYSTEM_FUNC -DWRF_USE_CLM  -DDM_PARALLEL -DNETCDF -DUSE_ALLOCATABLES -DGRIB1 -DINTIO -DLIMIT_ARGS -DCONFIG_BUF_LEN=65536 -DMAX_DOMAINS_F=21 -DMAX_HISTORY=25 -DNMM_NEST= -DWRF_CHEM -DBUILD_CHEM=1 -DWRF_KPP -I. -traditional  write_decomp.b  > write_decomp.f90
rm -f write_decomp.b
ifort -c -O2 -ip -fp-model precise -w -ftz -align all -fno-alias -FR -convert big_endian    -i4  write_decomp.f90
ifort -o write_decomp.exe module_kpp_racm_esrlsorg_Precision.o module_kpp_racm_esrlsorg_Parameters.o module_kpp_racm_esrlsorg_JacobianSP.o      write_decomp.o  
echo racm_esrlsorg > mech.tmp
make[1]: Leaving directory `/global/scratch/azare/Josh/WRFV3/chem/KPP/util/write_decomp'
./write_decomp.exe
   -- in write_decomp
     for kpp mechanism: racm_esrlsorg
 fname:<decomp_racm_esrlsorg.inc>
make -i -r integr_edit
make[1]: Entering directory `/global/scratch/azare/Josh/WRFV3/chem/KPP/util/write_decomp'
Makefile:50: warning: overriding commands for target `.F.o'
../../../../configure.wrf:357: warning: ignoring old commands for target `.F.o'
Makefile:58: warning: overriding commands for target `.c.o'
../../../../configure.wrf:384: warning: ignoring old commands for target `.c.o'
rm -f integr_edit.o
icc -c -w -O2 -ip  -DDM_PARALLEL -DMAX_HISTORY=25 -DNMM_CORE=0 integr_edit.c
icc -o integr_edit.exe integr_edit.o
make[1]: Leaving directory `/global/scratch/azare/Josh/WRFV3/chem/KPP/util/write_decomp'
./integr_edit.exe racm_esrlsorg
   integr_edit: replacing     CALL racm_esrlsorg_KppDecomp ( A, ising )
 
  END MODULE racm_esrlsorg_Integrator
 make -i -r clean 
make[1]: Entering directory `/global/scratch/azare/Josh/WRFV3/chem/KPP/util/write_decomp'
Makefile:50: warning: overriding commands for target `.F.o'
../../../../configure.wrf:357: warning: ignoring old commands for target `.F.o'
Makefile:58: warning: overriding commands for target `.c.o'
../../../../configure.wrf:384: warning: ignoring old commands for target `.c.o'
rm -f *.o *.tmp *.mod module_kpp_* *~ *.inc *.exe *.f90
make[1]: Leaving directory `/global/scratch/azare/Josh/WRFV3/chem/KPP/util/write_decomp'
=========================================================
mechanisms/racm_esrlsorg_aqchem
ln -s ../../util/Makefile_kpp mechanisms/racm_esrlsorg_aqchem/Makefile
ln -s ../chem/KPP/inc/racm_esrlsorg_aqchem/extra_args_to_update_rconst_racm_esrlsorg_aqchem.inc /global/scratch/azare/Josh/WRFV3/inc
ln -s ../chem/KPP/inc/racm_esrlsorg_aqchem/extra_args_update_rconst_racm_esrlsorg_aqchem.inc /global/scratch/azare/Josh/WRFV3/inc
ln -s ../chem/KPP/inc/racm_esrlsorg_aqchem/extra_decls_update_rconst_racm_esrlsorg_aqchem.inc /global/scratch/azare/Josh/WRFV3/inc
ln -s ../chem/KPP/inc/racm_esrlsorg_aqchem/kpp_mechd_a_racm_esrlsorg_aqchem.inc /global/scratch/azare/Josh/WRFV3/inc
ln -s ../chem/KPP/inc/racm_esrlsorg_aqchem/kpp_mechd_b_racm_esrlsorg_aqchem.inc /global/scratch/azare/Josh/WRFV3/inc
ln -s ../chem/KPP/inc/racm_esrlsorg_aqchem/kpp_mechd_e_racm_esrlsorg_aqchem.inc /global/scratch/azare/Josh/WRFV3/inc
ln -s ../chem/KPP/inc/racm_esrlsorg_aqchem/kpp_mechd_ia_racm_esrlsorg_aqchem.inc /global/scratch/azare/Josh/WRFV3/inc
ln -s ../chem/KPP/inc/racm_esrlsorg_aqchem/kpp_mechd_ib_racm_esrlsorg_aqchem.inc /global/scratch/azare/Josh/WRFV3/inc
ln -s ../chem/KPP/inc/racm_esrlsorg_aqchem/kpp_mechd_ibu_racm_esrlsorg_aqchem.inc /global/scratch/azare/Josh/WRFV3/inc
ln -s ../chem/KPP/inc/racm_esrlsorg_aqchem/kpp_mechd_l_racm_esrlsorg_aqchem.inc /global/scratch/azare/Josh/WRFV3/inc
ln -s ../chem/KPP/inc/racm_esrlsorg_aqchem/kpp_mechd_u_racm_esrlsorg_aqchem.inc /global/scratch/azare/Josh/WRFV3/inc
model racm_esrlsorg_aqchem
/global/scratch/azare/Josh/WRFV3/chem/KPP/kpp/kpp-2.1/bin/kpp racm_esrlsorg_aqchem.kpp

This is KPP-2.1.

KPP is parsing the equation file.
KPP was told to generate WRF conform code
KPP is computing Jacobian sparsity structure.
KPP is starting the code generation.
KPP is initializing the code generation.
 
 KPP is using the WRF conform integrator routine: 
 /global/scratch/azare/Josh/WRFV3/chem/KPP/kpp/kpp-2.1/int/WRF_conform/rosenbrock 

KPP is generating the monitor data:
    - racm_esrlsorg_aqchem_Monitor
KPP is generating the utility data:
    - racm_esrlsorg_aqchem_Util
KPP is generating the global declarations:
    - racm_esrlsorg_aqchem_Main
KPP is generating the ODE function:
    - racm_esrlsorg_aqchem_Function
KPP is generating the ODE Jacobian:
    - racm_esrlsorg_aqchem_Jacobian
    - racm_esrlsorg_aqchem_JacobianSP
KPP is generating the linear algebra routines:
    - racm_esrlsorg_aqchem_LinearAlgebra
KPP is generating the utility functions:
    - racm_esrlsorg_aqchem_Util
KPP is generating the rate laws:
    - racm_esrlsorg_aqchem_Rates
KPP is generating UpdateRconstWRF (WRF conform): 
    - racm_esrlsorg_aqchem_UpdateRconst
KPP is generating the parameters:
    - racm_esrlsorg_aqchem_Parameters
KPP is generating the global data:
    - racm_esrlsorg_aqchem_Global
KPP is generating the driver from general.f90:
    - racm_esrlsorg_aqchem_Main
KPP is starting the code post-processing.

KPP has succesfully created the model "racm_esrlsorg_aqchem".

cp -f racm_esrlsorg_aqchem_Integrator.f90 ../../../module_kpp_racm_esrlsorg_aqchem_Integr.F
cp -f racm_esrlsorg_aqchem_Parameters.f90 ../../../module_kpp_racm_esrlsorg_aqchem_Parameters.F
cp -f racm_esrlsorg_aqchem_Precision.f90 ../../../module_kpp_racm_esrlsorg_aqchem_Precision.F
cp -f racm_esrlsorg_aqchem_JacobianSP.f90 ../../../module_kpp_racm_esrlsorg_aqchem_JacobianSP.F
cp -f racm_esrlsorg_aqchem_Jacobian.f90 ../../../module_kpp_racm_esrlsorg_aqchem_Jacobian.F
cp -f racm_esrlsorg_aqchem_Update_Rconst.f90 ../../../module_kpp_racm_esrlsorg_aqchem_Update_Rconst.F
touch ../../util/run_wkc
Makefile:50: warning: overriding commands for target `.F.o'
../../../../configure.wrf:357: warning: ignoring old commands for target `.F.o'
Makefile:58: warning: overriding commands for target `.c.o'
../../../../configure.wrf:384: warning: ignoring old commands for target `.c.o'
rm -f decomp_uses.inc
echo USE racm_esrlsorg_aqchem_Parameters > decomp_uses.inc
echo USE racm_esrlsorg_aqchem_JacobianSP >> decomp_uses.inc
ln -sf  ../../../module_kpp_racm_esrlsorg_aqchem_Precision.F
ln -sf  ../../../module_kpp_racm_esrlsorg_aqchem_Parameters.F
ln -sf  ../../../module_kpp_racm_esrlsorg_aqchem_JacobianSP.F
ln -sf  ../../../module_kpp_racm_esrlsorg_aqchem_Integr.F
make -i -r comp
make[1]: Entering directory `/global/scratch/azare/Josh/WRFV3/chem/KPP/util/write_decomp'
Makefile:50: warning: overriding commands for target `.F.o'
../../../../configure.wrf:357: warning: ignoring old commands for target `.F.o'
Makefile:58: warning: overriding commands for target `.c.o'
../../../../configure.wrf:384: warning: ignoring old commands for target `.c.o'
rm -f module_kpp_racm_esrlsorg_aqchem_Precision.o
sed -f ../../../../arch/standard.sed module_kpp_racm_esrlsorg_aqchem_Precision.F > module_kpp_racm_esrlsorg_aqchem_Precision.b 
/lib/cpp -C -P -I../../../../inc -DEM_CORE=1 -DNMM_CORE=0 -DNMM_MAX_DIM=2600 -DCOAMPS_CORE= -DDA_CORE= -DEXP_CORE= -DIWORDSIZE=4 -DDWORDSIZE=8 -DRWORDSIZE=4 -DLWORDSIZE=4 -DNONSTANDARD_SYSTEM_FUNC -DWRF_USE_CLM  -DDM_PARALLEL -DNETCDF -DUSE_ALLOCATABLES -DGRIB1 -DINTIO -DLIMIT_ARGS -DCONFIG_BUF_LEN=65536 -DMAX_DOMAINS_F=21 -DMAX_HISTORY=25 -DNMM_NEST= -DWRF_CHEM -DBUILD_CHEM=1 -DWRF_KPP -I. -traditional  module_kpp_racm_esrlsorg_aqchem_Precision.b  > module_kpp_racm_esrlsorg_aqchem_Precision.f90
rm -f module_kpp_racm_esrlsorg_aqchem_Precision.b
ifort -c -O2 -ip -fp-model precise -w -ftz -align all -fno-alias -FR -convert big_endian    -i4  module_kpp_racm_esrlsorg_aqchem_Precision.f90
rm -f module_kpp_racm_esrlsorg_aqchem_Parameters.o
sed -f ../../../../arch/standard.sed module_kpp_racm_esrlsorg_aqchem_Parameters.F > module_kpp_racm_esrlsorg_aqchem_Parameters.b 
/lib/cpp -C -P -I../../../../inc -DEM_CORE=1 -DNMM_CORE=0 -DNMM_MAX_DIM=2600 -DCOAMPS_CORE= -DDA_CORE= -DEXP_CORE= -DIWORDSIZE=4 -DDWORDSIZE=8 -DRWORDSIZE=4 -DLWORDSIZE=4 -DNONSTANDARD_SYSTEM_FUNC -DWRF_USE_CLM  -DDM_PARALLEL -DNETCDF -DUSE_ALLOCATABLES -DGRIB1 -DINTIO -DLIMIT_ARGS -DCONFIG_BUF_LEN=65536 -DMAX_DOMAINS_F=21 -DMAX_HISTORY=25 -DNMM_NEST= -DWRF_CHEM -DBUILD_CHEM=1 -DWRF_KPP -I. -traditional  module_kpp_racm_esrlsorg_aqchem_Parameters.b  > module_kpp_racm_esrlsorg_aqchem_Parameters.f90
rm -f module_kpp_racm_esrlsorg_aqchem_Parameters.b
ifort -c -O2 -ip -fp-model precise -w -ftz -align all -fno-alias -FR -convert big_endian    -i4  module_kpp_racm_esrlsorg_aqchem_Parameters.f90
rm -f module_kpp_racm_esrlsorg_aqchem_JacobianSP.o
sed -f ../../../../arch/standard.sed module_kpp_racm_esrlsorg_aqchem_JacobianSP.F > module_kpp_racm_esrlsorg_aqchem_JacobianSP.b 
/lib/cpp -C -P -I../../../../inc -DEM_CORE=1 -DNMM_CORE=0 -DNMM_MAX_DIM=2600 -DCOAMPS_CORE= -DDA_CORE= -DEXP_CORE= -DIWORDSIZE=4 -DDWORDSIZE=8 -DRWORDSIZE=4 -DLWORDSIZE=4 -DNONSTANDARD_SYSTEM_FUNC -DWRF_USE_CLM  -DDM_PARALLEL -DNETCDF -DUSE_ALLOCATABLES -DGRIB1 -DINTIO -DLIMIT_ARGS -DCONFIG_BUF_LEN=65536 -DMAX_DOMAINS_F=21 -DMAX_HISTORY=25 -DNMM_NEST= -DWRF_CHEM -DBUILD_CHEM=1 -DWRF_KPP -I. -traditional  module_kpp_racm_esrlsorg_aqchem_JacobianSP.b  > module_kpp_racm_esrlsorg_aqchem_JacobianSP.f90
rm -f module_kpp_racm_esrlsorg_aqchem_JacobianSP.b
ifort -c -O2 -ip -fp-model precise -w -ftz -align all -fno-alias -FR -convert big_endian    -i4  module_kpp_racm_esrlsorg_aqchem_JacobianSP.f90
rm -f write_decomp.o
sed -f ../../../../arch/standard.sed write_decomp.F > write_decomp.b 
/lib/cpp -C -P -I../../../../inc -DEM_CORE=1 -DNMM_CORE=0 -DNMM_MAX_DIM=2600 -DCOAMPS_CORE= -DDA_CORE= -DEXP_CORE= -DIWORDSIZE=4 -DDWORDSIZE=8 -DRWORDSIZE=4 -DLWORDSIZE=4 -DNONSTANDARD_SYSTEM_FUNC -DWRF_USE_CLM  -DDM_PARALLEL -DNETCDF -DUSE_ALLOCATABLES -DGRIB1 -DINTIO -DLIMIT_ARGS -DCONFIG_BUF_LEN=65536 -DMAX_DOMAINS_F=21 -DMAX_HISTORY=25 -DNMM_NEST= -DWRF_CHEM -DBUILD_CHEM=1 -DWRF_KPP -I. -traditional  write_decomp.b  > write_decomp.f90
rm -f write_decomp.b
ifort -c -O2 -ip -fp-model precise -w -ftz -align all -fno-alias -FR -convert big_endian    -i4  write_decomp.f90
ifort -o write_decomp.exe module_kpp_racm_esrlsorg_aqchem_Precision.o module_kpp_racm_esrlsorg_aqchem_Parameters.o module_kpp_racm_esrlsorg_aqchem_JacobianSP.o      write_decomp.o  
echo racm_esrlsorg_aqchem > mech.tmp
make[1]: Leaving directory `/global/scratch/azare/Josh/WRFV3/chem/KPP/util/write_decomp'
./write_decomp.exe
   -- in write_decomp
     for kpp mechanism: racm_esrlsorg_aqchem
 fname:<decomp_racm_esrlsorg_aqchem.inc>
make -i -r integr_edit
make[1]: Entering directory `/global/scratch/azare/Josh/WRFV3/chem/KPP/util/write_decomp'
Makefile:50: warning: overriding commands for target `.F.o'
../../../../configure.wrf:357: warning: ignoring old commands for target `.F.o'
Makefile:58: warning: overriding commands for target `.c.o'
../../../../configure.wrf:384: warning: ignoring old commands for target `.c.o'
rm -f integr_edit.o
icc -c -w -O2 -ip  -DDM_PARALLEL -DMAX_HISTORY=25 -DNMM_CORE=0 integr_edit.c
icc -o integr_edit.exe integr_edit.o
make[1]: Leaving directory `/global/scratch/azare/Josh/WRFV3/chem/KPP/util/write_decomp'
./integr_edit.exe racm_esrlsorg_aqchem
   integr_edit: replacing     CALL racm_esrlsorg_aqchem_KppDecomp ( A, ising )
 
  END MODULE racm_esrlsorg_aqchem_Integrator
 make -i -r clean 
make[1]: Entering directory `/global/scratch/azare/Josh/WRFV3/chem/KPP/util/write_decomp'
Makefile:50: warning: overriding commands for target `.F.o'
../../../../configure.wrf:357: warning: ignoring old commands for target `.F.o'
Makefile:58: warning: overriding commands for target `.c.o'
../../../../configure.wrf:384: warning: ignoring old commands for target `.c.o'
rm -f *.o *.tmp *.mod module_kpp_* *~ *.inc *.exe *.f90
make[1]: Leaving directory `/global/scratch/azare/Josh/WRFV3/chem/KPP/util/write_decomp'
=========================================================
mechanisms/racm_mim
ln -s ../../util/Makefile_kpp mechanisms/racm_mim/Makefile
ln -s ../chem/KPP/inc/racm_mim/extra_args_to_update_rconst_racm_mim.inc /global/scratch/azare/Josh/WRFV3/inc
ln -s ../chem/KPP/inc/racm_mim/extra_args_update_rconst_racm_mim.inc /global/scratch/azare/Josh/WRFV3/inc
ln -s ../chem/KPP/inc/racm_mim/extra_decls_update_rconst_racm_mim.inc /global/scratch/azare/Josh/WRFV3/inc
ln -s ../chem/KPP/inc/racm_mim/kpp_mechd_a_racm_mim.inc /global/scratch/azare/Josh/WRFV3/inc
ln -s ../chem/KPP/inc/racm_mim/kpp_mechd_b_racm_mim.inc /global/scratch/azare/Josh/WRFV3/inc
ln -s ../chem/KPP/inc/racm_mim/kpp_mechd_e_racm_mim.inc /global/scratch/azare/Josh/WRFV3/inc
ln -s ../chem/KPP/inc/racm_mim/kpp_mechd_ia_racm_mim.inc /global/scratch/azare/Josh/WRFV3/inc
ln -s ../chem/KPP/inc/racm_mim/kpp_mechd_ib_racm_mim.inc /global/scratch/azare/Josh/WRFV3/inc
ln -s ../chem/KPP/inc/racm_mim/kpp_mechd_ibu_racm_mim.inc /global/scratch/azare/Josh/WRFV3/inc
ln -s ../chem/KPP/inc/racm_mim/kpp_mechd_l_racm_mim.inc /global/scratch/azare/Josh/WRFV3/inc
ln -s ../chem/KPP/inc/racm_mim/kpp_mechd_u_racm_mim.inc /global/scratch/azare/Josh/WRFV3/inc
model racm_mim
/global/scratch/azare/Josh/WRFV3/chem/KPP/kpp/kpp-2.1/bin/kpp racm_mim.kpp

This is KPP-2.1.

KPP is parsing the equation file.
KPP was told to generate WRF conform code
KPP is computing Jacobian sparsity structure.
KPP is starting the code generation.
KPP is initializing the code generation.
 
 KPP is using the WRF conform integrator routine: 
 /global/scratch/azare/Josh/WRFV3/chem/KPP/kpp/kpp-2.1/int/WRF_conform/rosenbrock 

KPP is generating the monitor data:
    - racm_mim_Monitor
KPP is generating the utility data:
    - racm_mim_Util
KPP is generating the global declarations:
    - racm_mim_Main
KPP is generating the ODE function:
    - racm_mim_Function
KPP is generating the ODE Jacobian:
    - racm_mim_Jacobian
    - racm_mim_JacobianSP
KPP is generating the linear algebra routines:
    - racm_mim_LinearAlgebra
KPP is generating the utility functions:
    - racm_mim_Util
KPP is generating the rate laws:
    - racm_mim_Rates
KPP is generating UpdateRconstWRF (WRF conform): 
    - racm_mim_UpdateRconst
KPP is generating the parameters:
    - racm_mim_Parameters
KPP is generating the global data:
    - racm_mim_Global
KPP is generating the driver from general.f90:
    - racm_mim_Main
KPP is starting the code post-processing.

KPP has succesfully created the model "racm_mim".

cp -f racm_mim_Integrator.f90 ../../../module_kpp_racm_mim_Integr.F
cp -f racm_mim_Parameters.f90 ../../../module_kpp_racm_mim_Parameters.F
cp -f racm_mim_Precision.f90 ../../../module_kpp_racm_mim_Precision.F
cp -f racm_mim_JacobianSP.f90 ../../../module_kpp_racm_mim_JacobianSP.F
cp -f racm_mim_Jacobian.f90 ../../../module_kpp_racm_mim_Jacobian.F
cp -f racm_mim_Update_Rconst.f90 ../../../module_kpp_racm_mim_Update_Rconst.F
touch ../../util/run_wkc
Makefile:50: warning: overriding commands for target `.F.o'
../../../../configure.wrf:357: warning: ignoring old commands for target `.F.o'
Makefile:58: warning: overriding commands for target `.c.o'
../../../../configure.wrf:384: warning: ignoring old commands for target `.c.o'
rm -f decomp_uses.inc
echo USE racm_mim_Parameters > decomp_uses.inc
echo USE racm_mim_JacobianSP >> decomp_uses.inc
ln -sf  ../../../module_kpp_racm_mim_Precision.F
ln -sf  ../../../module_kpp_racm_mim_Parameters.F
ln -sf  ../../../module_kpp_racm_mim_JacobianSP.F
ln -sf  ../../../module_kpp_racm_mim_Integr.F
make -i -r comp
make[1]: Entering directory `/global/scratch/azare/Josh/WRFV3/chem/KPP/util/write_decomp'
Makefile:50: warning: overriding commands for target `.F.o'
../../../../configure.wrf:357: warning: ignoring old commands for target `.F.o'
Makefile:58: warning: overriding commands for target `.c.o'
../../../../configure.wrf:384: warning: ignoring old commands for target `.c.o'
rm -f module_kpp_racm_mim_Precision.o
sed -f ../../../../arch/standard.sed module_kpp_racm_mim_Precision.F > module_kpp_racm_mim_Precision.b 
/lib/cpp -C -P -I../../../../inc -DEM_CORE=1 -DNMM_CORE=0 -DNMM_MAX_DIM=2600 -DCOAMPS_CORE= -DDA_CORE= -DEXP_CORE= -DIWORDSIZE=4 -DDWORDSIZE=8 -DRWORDSIZE=4 -DLWORDSIZE=4 -DNONSTANDARD_SYSTEM_FUNC -DWRF_USE_CLM  -DDM_PARALLEL -DNETCDF -DUSE_ALLOCATABLES -DGRIB1 -DINTIO -DLIMIT_ARGS -DCONFIG_BUF_LEN=65536 -DMAX_DOMAINS_F=21 -DMAX_HISTORY=25 -DNMM_NEST= -DWRF_CHEM -DBUILD_CHEM=1 -DWRF_KPP -I. -traditional  module_kpp_racm_mim_Precision.b  > module_kpp_racm_mim_Precision.f90
rm -f module_kpp_racm_mim_Precision.b
ifort -c -O2 -ip -fp-model precise -w -ftz -align all -fno-alias -FR -convert big_endian    -i4  module_kpp_racm_mim_Precision.f90
rm -f module_kpp_racm_mim_Parameters.o
sed -f ../../../../arch/standard.sed module_kpp_racm_mim_Parameters.F > module_kpp_racm_mim_Parameters.b 
/lib/cpp -C -P -I../../../../inc -DEM_CORE=1 -DNMM_CORE=0 -DNMM_MAX_DIM=2600 -DCOAMPS_CORE= -DDA_CORE= -DEXP_CORE= -DIWORDSIZE=4 -DDWORDSIZE=8 -DRWORDSIZE=4 -DLWORDSIZE=4 -DNONSTANDARD_SYSTEM_FUNC -DWRF_USE_CLM  -DDM_PARALLEL -DNETCDF -DUSE_ALLOCATABLES -DGRIB1 -DINTIO -DLIMIT_ARGS -DCONFIG_BUF_LEN=65536 -DMAX_DOMAINS_F=21 -DMAX_HISTORY=25 -DNMM_NEST= -DWRF_CHEM -DBUILD_CHEM=1 -DWRF_KPP -I. -traditional  module_kpp_racm_mim_Parameters.b  > module_kpp_racm_mim_Parameters.f90
rm -f module_kpp_racm_mim_Parameters.b
ifort -c -O2 -ip -fp-model precise -w -ftz -align all -fno-alias -FR -convert big_endian    -i4  module_kpp_racm_mim_Parameters.f90
rm -f module_kpp_racm_mim_JacobianSP.o
sed -f ../../../../arch/standard.sed module_kpp_racm_mim_JacobianSP.F > module_kpp_racm_mim_JacobianSP.b 
/lib/cpp -C -P -I../../../../inc -DEM_CORE=1 -DNMM_CORE=0 -DNMM_MAX_DIM=2600 -DCOAMPS_CORE= -DDA_CORE= -DEXP_CORE= -DIWORDSIZE=4 -DDWORDSIZE=8 -DRWORDSIZE=4 -DLWORDSIZE=4 -DNONSTANDARD_SYSTEM_FUNC -DWRF_USE_CLM  -DDM_PARALLEL -DNETCDF -DUSE_ALLOCATABLES -DGRIB1 -DINTIO -DLIMIT_ARGS -DCONFIG_BUF_LEN=65536 -DMAX_DOMAINS_F=21 -DMAX_HISTORY=25 -DNMM_NEST= -DWRF_CHEM -DBUILD_CHEM=1 -DWRF_KPP -I. -traditional  module_kpp_racm_mim_JacobianSP.b  > module_kpp_racm_mim_JacobianSP.f90
rm -f module_kpp_racm_mim_JacobianSP.b
ifort -c -O2 -ip -fp-model precise -w -ftz -align all -fno-alias -FR -convert big_endian    -i4  module_kpp_racm_mim_JacobianSP.f90
rm -f write_decomp.o
sed -f ../../../../arch/standard.sed write_decomp.F > write_decomp.b 
/lib/cpp -C -P -I../../../../inc -DEM_CORE=1 -DNMM_CORE=0 -DNMM_MAX_DIM=2600 -DCOAMPS_CORE= -DDA_CORE= -DEXP_CORE= -DIWORDSIZE=4 -DDWORDSIZE=8 -DRWORDSIZE=4 -DLWORDSIZE=4 -DNONSTANDARD_SYSTEM_FUNC -DWRF_USE_CLM  -DDM_PARALLEL -DNETCDF -DUSE_ALLOCATABLES -DGRIB1 -DINTIO -DLIMIT_ARGS -DCONFIG_BUF_LEN=65536 -DMAX_DOMAINS_F=21 -DMAX_HISTORY=25 -DNMM_NEST= -DWRF_CHEM -DBUILD_CHEM=1 -DWRF_KPP -I. -traditional  write_decomp.b  > write_decomp.f90
rm -f write_decomp.b
ifort -c -O2 -ip -fp-model precise -w -ftz -align all -fno-alias -FR -convert big_endian    -i4  write_decomp.f90
ifort -o write_decomp.exe module_kpp_racm_mim_Precision.o module_kpp_racm_mim_Parameters.o module_kpp_racm_mim_JacobianSP.o      write_decomp.o  
echo racm_mim > mech.tmp
make[1]: Leaving directory `/global/scratch/azare/Josh/WRFV3/chem/KPP/util/write_decomp'
./write_decomp.exe
   -- in write_decomp
     for kpp mechanism: racm_mim
 fname:<decomp_racm_mim.inc>
make -i -r integr_edit
make[1]: Entering directory `/global/scratch/azare/Josh/WRFV3/chem/KPP/util/write_decomp'
Makefile:50: warning: overriding commands for target `.F.o'
../../../../configure.wrf:357: warning: ignoring old commands for target `.F.o'
Makefile:58: warning: overriding commands for target `.c.o'
../../../../configure.wrf:384: warning: ignoring old commands for target `.c.o'
rm -f integr_edit.o
icc -c -w -O2 -ip  -DDM_PARALLEL -DMAX_HISTORY=25 -DNMM_CORE=0 integr_edit.c
icc -o integr_edit.exe integr_edit.o
make[1]: Leaving directory `/global/scratch/azare/Josh/WRFV3/chem/KPP/util/write_decomp'
./integr_edit.exe racm_mim
   integr_edit: replacing     CALL racm_mim_KppDecomp ( A, ising )
 
  END MODULE racm_mim_Integrator
 make -i -r clean 
make[1]: Entering directory `/global/scratch/azare/Josh/WRFV3/chem/KPP/util/write_decomp'
Makefile:50: warning: overriding commands for target `.F.o'
../../../../configure.wrf:357: warning: ignoring old commands for target `.F.o'
Makefile:58: warning: overriding commands for target `.c.o'
../../../../configure.wrf:384: warning: ignoring old commands for target `.c.o'
rm -f *.o *.tmp *.mod module_kpp_* *~ *.inc *.exe *.f90
make[1]: Leaving directory `/global/scratch/azare/Josh/WRFV3/chem/KPP/util/write_decomp'
=========================================================
mechanisms/racm_soa_vbs
ln -s ../../util/Makefile_kpp mechanisms/racm_soa_vbs/Makefile
ln -s ../chem/KPP/inc/racm_soa_vbs/extra_args_to_update_rconst_racm_soa_vbs.inc /global/scratch/azare/Josh/WRFV3/inc
ln -s ../chem/KPP/inc/racm_soa_vbs/extra_args_update_rconst_racm_soa_vbs.inc /global/scratch/azare/Josh/WRFV3/inc
ln -s ../chem/KPP/inc/racm_soa_vbs/extra_decls_update_rconst_racm_soa_vbs.inc /global/scratch/azare/Josh/WRFV3/inc
ln -s ../chem/KPP/inc/racm_soa_vbs/kpp_mechd_a_racm_soa_vbs.inc /global/scratch/azare/Josh/WRFV3/inc
ln -s ../chem/KPP/inc/racm_soa_vbs/kpp_mechd_b_racm_soa_vbs.inc /global/scratch/azare/Josh/WRFV3/inc
ln -s ../chem/KPP/inc/racm_soa_vbs/kpp_mechd_e_racm_soa_vbs.inc /global/scratch/azare/Josh/WRFV3/inc
ln -s ../chem/KPP/inc/racm_soa_vbs/kpp_mechd_ia_racm_soa_vbs.inc /global/scratch/azare/Josh/WRFV3/inc
ln -s ../chem/KPP/inc/racm_soa_vbs/kpp_mechd_ib_racm_soa_vbs.inc /global/scratch/azare/Josh/WRFV3/inc
ln -s ../chem/KPP/inc/racm_soa_vbs/kpp_mechd_ibu_racm_soa_vbs.inc /global/scratch/azare/Josh/WRFV3/inc
ln -s ../chem/KPP/inc/racm_soa_vbs/kpp_mechd_l_racm_soa_vbs.inc /global/scratch/azare/Josh/WRFV3/inc
ln -s ../chem/KPP/inc/racm_soa_vbs/kpp_mechd_u_racm_soa_vbs.inc /global/scratch/azare/Josh/WRFV3/inc
model racm_soa_vbs
/global/scratch/azare/Josh/WRFV3/chem/KPP/kpp/kpp-2.1/bin/kpp racm_soa_vbs.kpp

This is KPP-2.1.

KPP is parsing the equation file.
KPP was told to generate WRF conform code
KPP is computing Jacobian sparsity structure.
KPP is starting the code generation.
KPP is initializing the code generation.
 
 KPP is using the WRF conform integrator routine: 
 /global/scratch/azare/Josh/WRFV3/chem/KPP/kpp/kpp-2.1/int/WRF_conform/rosenbrock 

KPP is generating the monitor data:
    - racm_soa_vbs_Monitor
KPP is generating the utility data:
    - racm_soa_vbs_Util
KPP is generating the global declarations:
    - racm_soa_vbs_Main
KPP is generating the ODE function:
    - racm_soa_vbs_Function
KPP is generating the ODE Jacobian:
    - racm_soa_vbs_Jacobian
    - racm_soa_vbs_JacobianSP
KPP is generating the linear algebra routines:
    - racm_soa_vbs_LinearAlgebra
KPP is generating the utility functions:
    - racm_soa_vbs_Util
KPP is generating the rate laws:
    - racm_soa_vbs_Rates
KPP is generating UpdateRconstWRF (WRF conform): 
    - racm_soa_vbs_UpdateRconst
KPP is generating the parameters:
    - racm_soa_vbs_Parameters
KPP is generating the global data:
    - racm_soa_vbs_Global
KPP is generating the driver from general.f90:
    - racm_soa_vbs_Main
KPP is starting the code post-processing.

KPP has succesfully created the model "racm_soa_vbs".

cp -f racm_soa_vbs_Integrator.f90 ../../../module_kpp_racm_soa_vbs_Integr.F
cp -f racm_soa_vbs_Parameters.f90 ../../../module_kpp_racm_soa_vbs_Parameters.F
cp -f racm_soa_vbs_Precision.f90 ../../../module_kpp_racm_soa_vbs_Precision.F
cp -f racm_soa_vbs_JacobianSP.f90 ../../../module_kpp_racm_soa_vbs_JacobianSP.F
cp -f racm_soa_vbs_Jacobian.f90 ../../../module_kpp_racm_soa_vbs_Jacobian.F
cp -f racm_soa_vbs_Update_Rconst.f90 ../../../module_kpp_racm_soa_vbs_Update_Rconst.F
touch ../../util/run_wkc
Makefile:50: warning: overriding commands for target `.F.o'
../../../../configure.wrf:357: warning: ignoring old commands for target `.F.o'
Makefile:58: warning: overriding commands for target `.c.o'
../../../../configure.wrf:384: warning: ignoring old commands for target `.c.o'
rm -f decomp_uses.inc
echo USE racm_soa_vbs_Parameters > decomp_uses.inc
echo USE racm_soa_vbs_JacobianSP >> decomp_uses.inc
ln -sf  ../../../module_kpp_racm_soa_vbs_Precision.F
ln -sf  ../../../module_kpp_racm_soa_vbs_Parameters.F
ln -sf  ../../../module_kpp_racm_soa_vbs_JacobianSP.F
ln -sf  ../../../module_kpp_racm_soa_vbs_Integr.F
make -i -r comp
make[1]: Entering directory `/global/scratch/azare/Josh/WRFV3/chem/KPP/util/write_decomp'
Makefile:50: warning: overriding commands for target `.F.o'
../../../../configure.wrf:357: warning: ignoring old commands for target `.F.o'
Makefile:58: warning: overriding commands for target `.c.o'
../../../../configure.wrf:384: warning: ignoring old commands for target `.c.o'
rm -f module_kpp_racm_soa_vbs_Precision.o
sed -f ../../../../arch/standard.sed module_kpp_racm_soa_vbs_Precision.F > module_kpp_racm_soa_vbs_Precision.b 
/lib/cpp -C -P -I../../../../inc -DEM_CORE=1 -DNMM_CORE=0 -DNMM_MAX_DIM=2600 -DCOAMPS_CORE= -DDA_CORE= -DEXP_CORE= -DIWORDSIZE=4 -DDWORDSIZE=8 -DRWORDSIZE=4 -DLWORDSIZE=4 -DNONSTANDARD_SYSTEM_FUNC -DWRF_USE_CLM  -DDM_PARALLEL -DNETCDF -DUSE_ALLOCATABLES -DGRIB1 -DINTIO -DLIMIT_ARGS -DCONFIG_BUF_LEN=65536 -DMAX_DOMAINS_F=21 -DMAX_HISTORY=25 -DNMM_NEST= -DWRF_CHEM -DBUILD_CHEM=1 -DWRF_KPP -I. -traditional  module_kpp_racm_soa_vbs_Precision.b  > module_kpp_racm_soa_vbs_Precision.f90
rm -f module_kpp_racm_soa_vbs_Precision.b
ifort -c -O2 -ip -fp-model precise -w -ftz -align all -fno-alias -FR -convert big_endian    -i4  module_kpp_racm_soa_vbs_Precision.f90
rm -f module_kpp_racm_soa_vbs_Parameters.o
sed -f ../../../../arch/standard.sed module_kpp_racm_soa_vbs_Parameters.F > module_kpp_racm_soa_vbs_Parameters.b 
/lib/cpp -C -P -I../../../../inc -DEM_CORE=1 -DNMM_CORE=0 -DNMM_MAX_DIM=2600 -DCOAMPS_CORE= -DDA_CORE= -DEXP_CORE= -DIWORDSIZE=4 -DDWORDSIZE=8 -DRWORDSIZE=4 -DLWORDSIZE=4 -DNONSTANDARD_SYSTEM_FUNC -DWRF_USE_CLM  -DDM_PARALLEL -DNETCDF -DUSE_ALLOCATABLES -DGRIB1 -DINTIO -DLIMIT_ARGS -DCONFIG_BUF_LEN=65536 -DMAX_DOMAINS_F=21 -DMAX_HISTORY=25 -DNMM_NEST= -DWRF_CHEM -DBUILD_CHEM=1 -DWRF_KPP -I. -traditional  module_kpp_racm_soa_vbs_Parameters.b  > module_kpp_racm_soa_vbs_Parameters.f90
rm -f module_kpp_racm_soa_vbs_Parameters.b
ifort -c -O2 -ip -fp-model precise -w -ftz -align all -fno-alias -FR -convert big_endian    -i4  module_kpp_racm_soa_vbs_Parameters.f90
rm -f module_kpp_racm_soa_vbs_JacobianSP.o
sed -f ../../../../arch/standard.sed module_kpp_racm_soa_vbs_JacobianSP.F > module_kpp_racm_soa_vbs_JacobianSP.b 
/lib/cpp -C -P -I../../../../inc -DEM_CORE=1 -DNMM_CORE=0 -DNMM_MAX_DIM=2600 -DCOAMPS_CORE= -DDA_CORE= -DEXP_CORE= -DIWORDSIZE=4 -DDWORDSIZE=8 -DRWORDSIZE=4 -DLWORDSIZE=4 -DNONSTANDARD_SYSTEM_FUNC -DWRF_USE_CLM  -DDM_PARALLEL -DNETCDF -DUSE_ALLOCATABLES -DGRIB1 -DINTIO -DLIMIT_ARGS -DCONFIG_BUF_LEN=65536 -DMAX_DOMAINS_F=21 -DMAX_HISTORY=25 -DNMM_NEST= -DWRF_CHEM -DBUILD_CHEM=1 -DWRF_KPP -I. -traditional  module_kpp_racm_soa_vbs_JacobianSP.b  > module_kpp_racm_soa_vbs_JacobianSP.f90
rm -f module_kpp_racm_soa_vbs_JacobianSP.b
ifort -c -O2 -ip -fp-model precise -w -ftz -align all -fno-alias -FR -convert big_endian    -i4  module_kpp_racm_soa_vbs_JacobianSP.f90
rm -f write_decomp.o
sed -f ../../../../arch/standard.sed write_decomp.F > write_decomp.b 
/lib/cpp -C -P -I../../../../inc -DEM_CORE=1 -DNMM_CORE=0 -DNMM_MAX_DIM=2600 -DCOAMPS_CORE= -DDA_CORE= -DEXP_CORE= -DIWORDSIZE=4 -DDWORDSIZE=8 -DRWORDSIZE=4 -DLWORDSIZE=4 -DNONSTANDARD_SYSTEM_FUNC -DWRF_USE_CLM  -DDM_PARALLEL -DNETCDF -DUSE_ALLOCATABLES -DGRIB1 -DINTIO -DLIMIT_ARGS -DCONFIG_BUF_LEN=65536 -DMAX_DOMAINS_F=21 -DMAX_HISTORY=25 -DNMM_NEST= -DWRF_CHEM -DBUILD_CHEM=1 -DWRF_KPP -I. -traditional  write_decomp.b  > write_decomp.f90
rm -f write_decomp.b
ifort -c -O2 -ip -fp-model precise -w -ftz -align all -fno-alias -FR -convert big_endian    -i4  write_decomp.f90
ifort -o write_decomp.exe module_kpp_racm_soa_vbs_Precision.o module_kpp_racm_soa_vbs_Parameters.o module_kpp_racm_soa_vbs_JacobianSP.o      write_decomp.o  
echo racm_soa_vbs > mech.tmp
make[1]: Leaving directory `/global/scratch/azare/Josh/WRFV3/chem/KPP/util/write_decomp'
./write_decomp.exe
   -- in write_decomp
     for kpp mechanism: racm_soa_vbs
 fname:<decomp_racm_soa_vbs.inc>
make -i -r integr_edit
make[1]: Entering directory `/global/scratch/azare/Josh/WRFV3/chem/KPP/util/write_decomp'
Makefile:50: warning: overriding commands for target `.F.o'
../../../../configure.wrf:357: warning: ignoring old commands for target `.F.o'
Makefile:58: warning: overriding commands for target `.c.o'
../../../../configure.wrf:384: warning: ignoring old commands for target `.c.o'
rm -f integr_edit.o
icc -c -w -O2 -ip  -DDM_PARALLEL -DMAX_HISTORY=25 -DNMM_CORE=0 integr_edit.c
icc -o integr_edit.exe integr_edit.o
make[1]: Leaving directory `/global/scratch/azare/Josh/WRFV3/chem/KPP/util/write_decomp'
./integr_edit.exe racm_soa_vbs
   integr_edit: replacing     CALL racm_soa_vbs_KppDecomp ( A, ising )
 
  END MODULE racm_soa_vbs_Integrator
 make -i -r clean 
make[1]: Entering directory `/global/scratch/azare/Josh/WRFV3/chem/KPP/util/write_decomp'
Makefile:50: warning: overriding commands for target `.F.o'
../../../../configure.wrf:357: warning: ignoring old commands for target `.F.o'
Makefile:58: warning: overriding commands for target `.c.o'
../../../../configure.wrf:384: warning: ignoring old commands for target `.c.o'
rm -f *.o *.tmp *.mod module_kpp_* *~ *.inc *.exe *.f90
make[1]: Leaving directory `/global/scratch/azare/Josh/WRFV3/chem/KPP/util/write_decomp'
=========================================================
mechanisms/racmpm
ln -s ../../util/Makefile_kpp mechanisms/racmpm/Makefile
ln -s ../chem/KPP/inc/racmpm/extra_args_to_update_rconst_racmpm.inc /global/scratch/azare/Josh/WRFV3/inc
ln -s ../chem/KPP/inc/racmpm/extra_args_update_rconst_racmpm.inc /global/scratch/azare/Josh/WRFV3/inc
ln -s ../chem/KPP/inc/racmpm/extra_decls_update_rconst_racmpm.inc /global/scratch/azare/Josh/WRFV3/inc
ln -s ../chem/KPP/inc/racmpm/kpp_mechd_a_racmpm.inc /global/scratch/azare/Josh/WRFV3/inc
ln -s ../chem/KPP/inc/racmpm/kpp_mechd_b_racmpm.inc /global/scratch/azare/Josh/WRFV3/inc
ln -s ../chem/KPP/inc/racmpm/kpp_mechd_e_racmpm.inc /global/scratch/azare/Josh/WRFV3/inc
ln -s ../chem/KPP/inc/racmpm/kpp_mechd_ia_racmpm.inc /global/scratch/azare/Josh/WRFV3/inc
ln -s ../chem/KPP/inc/racmpm/kpp_mechd_ib_racmpm.inc /global/scratch/azare/Josh/WRFV3/inc
ln -s ../chem/KPP/inc/racmpm/kpp_mechd_ibu_racmpm.inc /global/scratch/azare/Josh/WRFV3/inc
ln -s ../chem/KPP/inc/racmpm/kpp_mechd_l_racmpm.inc /global/scratch/azare/Josh/WRFV3/inc
ln -s ../chem/KPP/inc/racmpm/kpp_mechd_u_racmpm.inc /global/scratch/azare/Josh/WRFV3/inc
model racmpm
/global/scratch/azare/Josh/WRFV3/chem/KPP/kpp/kpp-2.1/bin/kpp racmpm.kpp

This is KPP-2.1.

KPP is parsing the equation file.
KPP was told to generate WRF conform code
KPP is computing Jacobian sparsity structure.
KPP is starting the code generation.
KPP is initializing the code generation.
 
 KPP is using the WRF conform integrator routine: 
 /global/scratch/azare/Josh/WRFV3/chem/KPP/kpp/kpp-2.1/int/WRF_conform/rosenbrock 

KPP is generating the monitor data:
    - racmpm_Monitor
KPP is generating the utility data:
    - racmpm_Util
KPP is generating the global declarations:
    - racmpm_Main
KPP is generating the ODE function:
    - racmpm_Function
KPP is generating the ODE Jacobian:
    - racmpm_Jacobian
    - racmpm_JacobianSP
KPP is generating the linear algebra routines:
    - racmpm_LinearAlgebra
KPP is generating the utility functions:
    - racmpm_Util
KPP is generating the rate laws:
    - racmpm_Rates
KPP is generating UpdateRconstWRF (WRF conform): 
    - racmpm_UpdateRconst
KPP is generating the parameters:
    - racmpm_Parameters
KPP is generating the global data:
    - racmpm_Global
KPP is generating the driver from general.f90:
    - racmpm_Main
KPP is starting the code post-processing.

KPP has succesfully created the model "racmpm".

cp -f racmpm_Integrator.f90 ../../../module_kpp_racmpm_Integr.F
cp -f racmpm_Parameters.f90 ../../../module_kpp_racmpm_Parameters.F
cp -f racmpm_Precision.f90 ../../../module_kpp_racmpm_Precision.F
cp -f racmpm_JacobianSP.f90 ../../../module_kpp_racmpm_JacobianSP.F
cp -f racmpm_Jacobian.f90 ../../../module_kpp_racmpm_Jacobian.F
cp -f racmpm_Update_Rconst.f90 ../../../module_kpp_racmpm_Update_Rconst.F
touch ../../util/run_wkc
Makefile:50: warning: overriding commands for target `.F.o'
../../../../configure.wrf:357: warning: ignoring old commands for target `.F.o'
Makefile:58: warning: overriding commands for target `.c.o'
../../../../configure.wrf:384: warning: ignoring old commands for target `.c.o'
rm -f decomp_uses.inc
echo USE racmpm_Parameters > decomp_uses.inc
echo USE racmpm_JacobianSP >> decomp_uses.inc
ln -sf  ../../../module_kpp_racmpm_Precision.F
ln -sf  ../../../module_kpp_racmpm_Parameters.F
ln -sf  ../../../module_kpp_racmpm_JacobianSP.F
ln -sf  ../../../module_kpp_racmpm_Integr.F
make -i -r comp
make[1]: Entering directory `/global/scratch/azare/Josh/WRFV3/chem/KPP/util/write_decomp'
Makefile:50: warning: overriding commands for target `.F.o'
../../../../configure.wrf:357: warning: ignoring old commands for target `.F.o'
Makefile:58: warning: overriding commands for target `.c.o'
../../../../configure.wrf:384: warning: ignoring old commands for target `.c.o'
rm -f module_kpp_racmpm_Precision.o
sed -f ../../../../arch/standard.sed module_kpp_racmpm_Precision.F > module_kpp_racmpm_Precision.b 
/lib/cpp -C -P -I../../../../inc -DEM_CORE=1 -DNMM_CORE=0 -DNMM_MAX_DIM=2600 -DCOAMPS_CORE= -DDA_CORE= -DEXP_CORE= -DIWORDSIZE=4 -DDWORDSIZE=8 -DRWORDSIZE=4 -DLWORDSIZE=4 -DNONSTANDARD_SYSTEM_FUNC -DWRF_USE_CLM  -DDM_PARALLEL -DNETCDF -DUSE_ALLOCATABLES -DGRIB1 -DINTIO -DLIMIT_ARGS -DCONFIG_BUF_LEN=65536 -DMAX_DOMAINS_F=21 -DMAX_HISTORY=25 -DNMM_NEST= -DWRF_CHEM -DBUILD_CHEM=1 -DWRF_KPP -I. -traditional  module_kpp_racmpm_Precision.b  > module_kpp_racmpm_Precision.f90
rm -f module_kpp_racmpm_Precision.b
ifort -c -O2 -ip -fp-model precise -w -ftz -align all -fno-alias -FR -convert big_endian    -i4  module_kpp_racmpm_Precision.f90
rm -f module_kpp_racmpm_Parameters.o
sed -f ../../../../arch/standard.sed module_kpp_racmpm_Parameters.F > module_kpp_racmpm_Parameters.b 
/lib/cpp -C -P -I../../../../inc -DEM_CORE=1 -DNMM_CORE=0 -DNMM_MAX_DIM=2600 -DCOAMPS_CORE= -DDA_CORE= -DEXP_CORE= -DIWORDSIZE=4 -DDWORDSIZE=8 -DRWORDSIZE=4 -DLWORDSIZE=4 -DNONSTANDARD_SYSTEM_FUNC -DWRF_USE_CLM  -DDM_PARALLEL -DNETCDF -DUSE_ALLOCATABLES -DGRIB1 -DINTIO -DLIMIT_ARGS -DCONFIG_BUF_LEN=65536 -DMAX_DOMAINS_F=21 -DMAX_HISTORY=25 -DNMM_NEST= -DWRF_CHEM -DBUILD_CHEM=1 -DWRF_KPP -I. -traditional  module_kpp_racmpm_Parameters.b  > module_kpp_racmpm_Parameters.f90
rm -f module_kpp_racmpm_Parameters.b
ifort -c -O2 -ip -fp-model precise -w -ftz -align all -fno-alias -FR -convert big_endian    -i4  module_kpp_racmpm_Parameters.f90
rm -f module_kpp_racmpm_JacobianSP.o
sed -f ../../../../arch/standard.sed module_kpp_racmpm_JacobianSP.F > module_kpp_racmpm_JacobianSP.b 
/lib/cpp -C -P -I../../../../inc -DEM_CORE=1 -DNMM_CORE=0 -DNMM_MAX_DIM=2600 -DCOAMPS_CORE= -DDA_CORE= -DEXP_CORE= -DIWORDSIZE=4 -DDWORDSIZE=8 -DRWORDSIZE=4 -DLWORDSIZE=4 -DNONSTANDARD_SYSTEM_FUNC -DWRF_USE_CLM  -DDM_PARALLEL -DNETCDF -DUSE_ALLOCATABLES -DGRIB1 -DINTIO -DLIMIT_ARGS -DCONFIG_BUF_LEN=65536 -DMAX_DOMAINS_F=21 -DMAX_HISTORY=25 -DNMM_NEST= -DWRF_CHEM -DBUILD_CHEM=1 -DWRF_KPP -I. -traditional  module_kpp_racmpm_JacobianSP.b  > module_kpp_racmpm_JacobianSP.f90
rm -f module_kpp_racmpm_JacobianSP.b
ifort -c -O2 -ip -fp-model precise -w -ftz -align all -fno-alias -FR -convert big_endian    -i4  module_kpp_racmpm_JacobianSP.f90
rm -f write_decomp.o
sed -f ../../../../arch/standard.sed write_decomp.F > write_decomp.b 
/lib/cpp -C -P -I../../../../inc -DEM_CORE=1 -DNMM_CORE=0 -DNMM_MAX_DIM=2600 -DCOAMPS_CORE= -DDA_CORE= -DEXP_CORE= -DIWORDSIZE=4 -DDWORDSIZE=8 -DRWORDSIZE=4 -DLWORDSIZE=4 -DNONSTANDARD_SYSTEM_FUNC -DWRF_USE_CLM  -DDM_PARALLEL -DNETCDF -DUSE_ALLOCATABLES -DGRIB1 -DINTIO -DLIMIT_ARGS -DCONFIG_BUF_LEN=65536 -DMAX_DOMAINS_F=21 -DMAX_HISTORY=25 -DNMM_NEST= -DWRF_CHEM -DBUILD_CHEM=1 -DWRF_KPP -I. -traditional  write_decomp.b  > write_decomp.f90
rm -f write_decomp.b
ifort -c -O2 -ip -fp-model precise -w -ftz -align all -fno-alias -FR -convert big_endian    -i4  write_decomp.f90
ifort -o write_decomp.exe module_kpp_racmpm_Precision.o module_kpp_racmpm_Parameters.o module_kpp_racmpm_JacobianSP.o      write_decomp.o  
echo racmpm > mech.tmp
make[1]: Leaving directory `/global/scratch/azare/Josh/WRFV3/chem/KPP/util/write_decomp'
./write_decomp.exe
   -- in write_decomp
     for kpp mechanism: racmpm
 fname:<decomp_racmpm.inc>
make -i -r integr_edit
make[1]: Entering directory `/global/scratch/azare/Josh/WRFV3/chem/KPP/util/write_decomp'
Makefile:50: warning: overriding commands for target `.F.o'
../../../../configure.wrf:357: warning: ignoring old commands for target `.F.o'
Makefile:58: warning: overriding commands for target `.c.o'
../../../../configure.wrf:384: warning: ignoring old commands for target `.c.o'
rm -f integr_edit.o
icc -c -w -O2 -ip  -DDM_PARALLEL -DMAX_HISTORY=25 -DNMM_CORE=0 integr_edit.c
icc -o integr_edit.exe integr_edit.o
make[1]: Leaving directory `/global/scratch/azare/Josh/WRFV3/chem/KPP/util/write_decomp'
./integr_edit.exe racmpm
   integr_edit: replacing     CALL racmpm_KppDecomp ( A, ising )
 
  END MODULE racmpm_Integrator
 make -i -r clean 
make[1]: Entering directory `/global/scratch/azare/Josh/WRFV3/chem/KPP/util/write_decomp'
Makefile:50: warning: overriding commands for target `.F.o'
../../../../configure.wrf:357: warning: ignoring old commands for target `.F.o'
Makefile:58: warning: overriding commands for target `.c.o'
../../../../configure.wrf:384: warning: ignoring old commands for target `.c.o'
rm -f *.o *.tmp *.mod module_kpp_* *~ *.inc *.exe *.f90
make[1]: Leaving directory `/global/scratch/azare/Josh/WRFV3/chem/KPP/util/write_decomp'
=========================================================
mechanisms/racmsorg
ln -s ../../util/Makefile_kpp mechanisms/racmsorg/Makefile
ln -s ../chem/KPP/inc/racmsorg/extra_args_to_update_rconst_racmsorg.inc /global/scratch/azare/Josh/WRFV3/inc
ln -s ../chem/KPP/inc/racmsorg/extra_args_update_rconst_racmsorg.inc /global/scratch/azare/Josh/WRFV3/inc
ln -s ../chem/KPP/inc/racmsorg/extra_decls_update_rconst_racmsorg.inc /global/scratch/azare/Josh/WRFV3/inc
ln -s ../chem/KPP/inc/racmsorg/kpp_mechd_a_racmsorg.inc /global/scratch/azare/Josh/WRFV3/inc
ln -s ../chem/KPP/inc/racmsorg/kpp_mechd_b_racmsorg.inc /global/scratch/azare/Josh/WRFV3/inc
ln -s ../chem/KPP/inc/racmsorg/kpp_mechd_e_racmsorg.inc /global/scratch/azare/Josh/WRFV3/inc
ln -s ../chem/KPP/inc/racmsorg/kpp_mechd_ia_racmsorg.inc /global/scratch/azare/Josh/WRFV3/inc
ln -s ../chem/KPP/inc/racmsorg/kpp_mechd_ib_racmsorg.inc /global/scratch/azare/Josh/WRFV3/inc
ln -s ../chem/KPP/inc/racmsorg/kpp_mechd_ibu_racmsorg.inc /global/scratch/azare/Josh/WRFV3/inc
ln -s ../chem/KPP/inc/racmsorg/kpp_mechd_l_racmsorg.inc /global/scratch/azare/Josh/WRFV3/inc
ln -s ../chem/KPP/inc/racmsorg/kpp_mechd_u_racmsorg.inc /global/scratch/azare/Josh/WRFV3/inc
model racmsorg
/global/scratch/azare/Josh/WRFV3/chem/KPP/kpp/kpp-2.1/bin/kpp racmsorg.kpp

This is KPP-2.1.

KPP is parsing the equation file.
KPP was told to generate WRF conform code
KPP is computing Jacobian sparsity structure.
KPP is starting the code generation.
KPP is initializing the code generation.
 
 KPP is using the WRF conform integrator routine: 
 /global/scratch/azare/Josh/WRFV3/chem/KPP/kpp/kpp-2.1/int/WRF_conform/rosenbrock 

KPP is generating the monitor data:
    - racmsorg_Monitor
KPP is generating the utility data:
    - racmsorg_Util
KPP is generating the global declarations:
    - racmsorg_Main
KPP is generating the ODE function:
    - racmsorg_Function
KPP is generating the ODE Jacobian:
    - racmsorg_Jacobian
    - racmsorg_JacobianSP
KPP is generating the linear algebra routines:
    - racmsorg_LinearAlgebra
KPP is generating the utility functions:
    - racmsorg_Util
KPP is generating the rate laws:
    - racmsorg_Rates
KPP is generating UpdateRconstWRF (WRF conform): 
    - racmsorg_UpdateRconst
KPP is generating the parameters:
    - racmsorg_Parameters
KPP is generating the global data:
    - racmsorg_Global
KPP is generating the driver from general.f90:
    - racmsorg_Main
KPP is starting the code post-processing.

KPP has succesfully created the model "racmsorg".

cp -f racmsorg_Integrator.f90 ../../../module_kpp_racmsorg_Integr.F
cp -f racmsorg_Parameters.f90 ../../../module_kpp_racmsorg_Parameters.F
cp -f racmsorg_Precision.f90 ../../../module_kpp_racmsorg_Precision.F
cp -f racmsorg_JacobianSP.f90 ../../../module_kpp_racmsorg_JacobianSP.F
cp -f racmsorg_Jacobian.f90 ../../../module_kpp_racmsorg_Jacobian.F
cp -f racmsorg_Update_Rconst.f90 ../../../module_kpp_racmsorg_Update_Rconst.F
touch ../../util/run_wkc
Makefile:50: warning: overriding commands for target `.F.o'
../../../../configure.wrf:357: warning: ignoring old commands for target `.F.o'
Makefile:58: warning: overriding commands for target `.c.o'
../../../../configure.wrf:384: warning: ignoring old commands for target `.c.o'
rm -f decomp_uses.inc
echo USE racmsorg_Parameters > decomp_uses.inc
echo USE racmsorg_JacobianSP >> decomp_uses.inc
ln -sf  ../../../module_kpp_racmsorg_Precision.F
ln -sf  ../../../module_kpp_racmsorg_Parameters.F
ln -sf  ../../../module_kpp_racmsorg_JacobianSP.F
ln -sf  ../../../module_kpp_racmsorg_Integr.F
make -i -r comp
make[1]: Entering directory `/global/scratch/azare/Josh/WRFV3/chem/KPP/util/write_decomp'
Makefile:50: warning: overriding commands for target `.F.o'
../../../../configure.wrf:357: warning: ignoring old commands for target `.F.o'
Makefile:58: warning: overriding commands for target `.c.o'
../../../../configure.wrf:384: warning: ignoring old commands for target `.c.o'
rm -f module_kpp_racmsorg_Precision.o
sed -f ../../../../arch/standard.sed module_kpp_racmsorg_Precision.F > module_kpp_racmsorg_Precision.b 
/lib/cpp -C -P -I../../../../inc -DEM_CORE=1 -DNMM_CORE=0 -DNMM_MAX_DIM=2600 -DCOAMPS_CORE= -DDA_CORE= -DEXP_CORE= -DIWORDSIZE=4 -DDWORDSIZE=8 -DRWORDSIZE=4 -DLWORDSIZE=4 -DNONSTANDARD_SYSTEM_FUNC -DWRF_USE_CLM  -DDM_PARALLEL -DNETCDF -DUSE_ALLOCATABLES -DGRIB1 -DINTIO -DLIMIT_ARGS -DCONFIG_BUF_LEN=65536 -DMAX_DOMAINS_F=21 -DMAX_HISTORY=25 -DNMM_NEST= -DWRF_CHEM -DBUILD_CHEM=1 -DWRF_KPP -I. -traditional  module_kpp_racmsorg_Precision.b  > module_kpp_racmsorg_Precision.f90
rm -f module_kpp_racmsorg_Precision.b
ifort -c -O2 -ip -fp-model precise -w -ftz -align all -fno-alias -FR -convert big_endian    -i4  module_kpp_racmsorg_Precision.f90
rm -f module_kpp_racmsorg_Parameters.o
sed -f ../../../../arch/standard.sed module_kpp_racmsorg_Parameters.F > module_kpp_racmsorg_Parameters.b 
/lib/cpp -C -P -I../../../../inc -DEM_CORE=1 -DNMM_CORE=0 -DNMM_MAX_DIM=2600 -DCOAMPS_CORE= -DDA_CORE= -DEXP_CORE= -DIWORDSIZE=4 -DDWORDSIZE=8 -DRWORDSIZE=4 -DLWORDSIZE=4 -DNONSTANDARD_SYSTEM_FUNC -DWRF_USE_CLM  -DDM_PARALLEL -DNETCDF -DUSE_ALLOCATABLES -DGRIB1 -DINTIO -DLIMIT_ARGS -DCONFIG_BUF_LEN=65536 -DMAX_DOMAINS_F=21 -DMAX_HISTORY=25 -DNMM_NEST= -DWRF_CHEM -DBUILD_CHEM=1 -DWRF_KPP -I. -traditional  module_kpp_racmsorg_Parameters.b  > module_kpp_racmsorg_Parameters.f90
rm -f module_kpp_racmsorg_Parameters.b
ifort -c -O2 -ip -fp-model precise -w -ftz -align all -fno-alias -FR -convert big_endian    -i4  module_kpp_racmsorg_Parameters.f90
rm -f module_kpp_racmsorg_JacobianSP.o
sed -f ../../../../arch/standard.sed module_kpp_racmsorg_JacobianSP.F > module_kpp_racmsorg_JacobianSP.b 
/lib/cpp -C -P -I../../../../inc -DEM_CORE=1 -DNMM_CORE=0 -DNMM_MAX_DIM=2600 -DCOAMPS_CORE= -DDA_CORE= -DEXP_CORE= -DIWORDSIZE=4 -DDWORDSIZE=8 -DRWORDSIZE=4 -DLWORDSIZE=4 -DNONSTANDARD_SYSTEM_FUNC -DWRF_USE_CLM  -DDM_PARALLEL -DNETCDF -DUSE_ALLOCATABLES -DGRIB1 -DINTIO -DLIMIT_ARGS -DCONFIG_BUF_LEN=65536 -DMAX_DOMAINS_F=21 -DMAX_HISTORY=25 -DNMM_NEST= -DWRF_CHEM -DBUILD_CHEM=1 -DWRF_KPP -I. -traditional  module_kpp_racmsorg_JacobianSP.b  > module_kpp_racmsorg_JacobianSP.f90
rm -f module_kpp_racmsorg_JacobianSP.b
ifort -c -O2 -ip -fp-model precise -w -ftz -align all -fno-alias -FR -convert big_endian    -i4  module_kpp_racmsorg_JacobianSP.f90
rm -f write_decomp.o
sed -f ../../../../arch/standard.sed write_decomp.F > write_decomp.b 
/lib/cpp -C -P -I../../../../inc -DEM_CORE=1 -DNMM_CORE=0 -DNMM_MAX_DIM=2600 -DCOAMPS_CORE= -DDA_CORE= -DEXP_CORE= -DIWORDSIZE=4 -DDWORDSIZE=8 -DRWORDSIZE=4 -DLWORDSIZE=4 -DNONSTANDARD_SYSTEM_FUNC -DWRF_USE_CLM  -DDM_PARALLEL -DNETCDF -DUSE_ALLOCATABLES -DGRIB1 -DINTIO -DLIMIT_ARGS -DCONFIG_BUF_LEN=65536 -DMAX_DOMAINS_F=21 -DMAX_HISTORY=25 -DNMM_NEST= -DWRF_CHEM -DBUILD_CHEM=1 -DWRF_KPP -I. -traditional  write_decomp.b  > write_decomp.f90
rm -f write_decomp.b
ifort -c -O2 -ip -fp-model precise -w -ftz -align all -fno-alias -FR -convert big_endian    -i4  write_decomp.f90
ifort -o write_decomp.exe module_kpp_racmsorg_Precision.o module_kpp_racmsorg_Parameters.o module_kpp_racmsorg_JacobianSP.o      write_decomp.o  
echo racmsorg > mech.tmp
make[1]: Leaving directory `/global/scratch/azare/Josh/WRFV3/chem/KPP/util/write_decomp'
./write_decomp.exe
   -- in write_decomp
     for kpp mechanism: racmsorg
 fname:<decomp_racmsorg.inc>
make -i -r integr_edit
make[1]: Entering directory `/global/scratch/azare/Josh/WRFV3/chem/KPP/util/write_decomp'
Makefile:50: warning: overriding commands for target `.F.o'
../../../../configure.wrf:357: warning: ignoring old commands for target `.F.o'
Makefile:58: warning: overriding commands for target `.c.o'
../../../../configure.wrf:384: warning: ignoring old commands for target `.c.o'
rm -f integr_edit.o
icc -c -w -O2 -ip  -DDM_PARALLEL -DMAX_HISTORY=25 -DNMM_CORE=0 integr_edit.c
icc -o integr_edit.exe integr_edit.o
make[1]: Leaving directory `/global/scratch/azare/Josh/WRFV3/chem/KPP/util/write_decomp'
./integr_edit.exe racmsorg
   integr_edit: replacing     CALL racmsorg_KppDecomp ( A, ising )
 
  END MODULE racmsorg_Integrator
 make -i -r clean 
make[1]: Entering directory `/global/scratch/azare/Josh/WRFV3/chem/KPP/util/write_decomp'
Makefile:50: warning: overriding commands for target `.F.o'
../../../../configure.wrf:357: warning: ignoring old commands for target `.F.o'
Makefile:58: warning: overriding commands for target `.c.o'
../../../../configure.wrf:384: warning: ignoring old commands for target `.c.o'
rm -f *.o *.tmp *.mod module_kpp_* *~ *.inc *.exe *.f90
make[1]: Leaving directory `/global/scratch/azare/Josh/WRFV3/chem/KPP/util/write_decomp'
=========================================================
mechanisms/racmsorg_aqchem
ln -s ../../util/Makefile_kpp mechanisms/racmsorg_aqchem/Makefile
ln -s ../chem/KPP/inc/racmsorg_aqchem/extra_args_to_update_rconst_racmsorg_aqchem.inc /global/scratch/azare/Josh/WRFV3/inc
ln -s ../chem/KPP/inc/racmsorg_aqchem/extra_args_update_rconst_racmsorg_aqchem.inc /global/scratch/azare/Josh/WRFV3/inc
ln -s ../chem/KPP/inc/racmsorg_aqchem/extra_decls_update_rconst_racmsorg_aqchem.inc /global/scratch/azare/Josh/WRFV3/inc
ln -s ../chem/KPP/inc/racmsorg_aqchem/kpp_mechd_a_racmsorg_aqchem.inc /global/scratch/azare/Josh/WRFV3/inc
ln -s ../chem/KPP/inc/racmsorg_aqchem/kpp_mechd_b_racmsorg_aqchem.inc /global/scratch/azare/Josh/WRFV3/inc
ln -s ../chem/KPP/inc/racmsorg_aqchem/kpp_mechd_e_racmsorg_aqchem.inc /global/scratch/azare/Josh/WRFV3/inc
ln -s ../chem/KPP/inc/racmsorg_aqchem/kpp_mechd_ia_racmsorg_aqchem.inc /global/scratch/azare/Josh/WRFV3/inc
ln -s ../chem/KPP/inc/racmsorg_aqchem/kpp_mechd_ib_racmsorg_aqchem.inc /global/scratch/azare/Josh/WRFV3/inc
ln -s ../chem/KPP/inc/racmsorg_aqchem/kpp_mechd_ibu_racmsorg_aqchem.inc /global/scratch/azare/Josh/WRFV3/inc
ln -s ../chem/KPP/inc/racmsorg_aqchem/kpp_mechd_l_racmsorg_aqchem.inc /global/scratch/azare/Josh/WRFV3/inc
ln -s ../chem/KPP/inc/racmsorg_aqchem/kpp_mechd_u_racmsorg_aqchem.inc /global/scratch/azare/Josh/WRFV3/inc
model racmsorg_aqchem
/global/scratch/azare/Josh/WRFV3/chem/KPP/kpp/kpp-2.1/bin/kpp racmsorg_aqchem.kpp

This is KPP-2.1.

KPP is parsing the equation file.
KPP was told to generate WRF conform code
KPP is computing Jacobian sparsity structure.
KPP is starting the code generation.
KPP is initializing the code generation.
 
 KPP is using the WRF conform integrator routine: 
 /global/scratch/azare/Josh/WRFV3/chem/KPP/kpp/kpp-2.1/int/WRF_conform/rosenbrock 

KPP is generating the monitor data:
    - racmsorg_aqchem_Monitor
KPP is generating the utility data:
    - racmsorg_aqchem_Util
KPP is generating the global declarations:
    - racmsorg_aqchem_Main
KPP is generating the ODE function:
    - racmsorg_aqchem_Function
KPP is generating the ODE Jacobian:
    - racmsorg_aqchem_Jacobian
    - racmsorg_aqchem_JacobianSP
KPP is generating the linear algebra routines:
    - racmsorg_aqchem_LinearAlgebra
KPP is generating the utility functions:
    - racmsorg_aqchem_Util
KPP is generating the rate laws:
    - racmsorg_aqchem_Rates
KPP is generating UpdateRconstWRF (WRF conform): 
    - racmsorg_aqchem_UpdateRconst
KPP is generating the parameters:
    - racmsorg_aqchem_Parameters
KPP is generating the global data:
    - racmsorg_aqchem_Global
KPP is generating the driver from general.f90:
    - racmsorg_aqchem_Main
KPP is starting the code post-processing.

KPP has succesfully created the model "racmsorg_aqchem".

cp -f racmsorg_aqchem_Integrator.f90 ../../../module_kpp_racmsorg_aqchem_Integr.F
cp -f racmsorg_aqchem_Parameters.f90 ../../../module_kpp_racmsorg_aqchem_Parameters.F
cp -f racmsorg_aqchem_Precision.f90 ../../../module_kpp_racmsorg_aqchem_Precision.F
cp -f racmsorg_aqchem_JacobianSP.f90 ../../../module_kpp_racmsorg_aqchem_JacobianSP.F
cp -f racmsorg_aqchem_Jacobian.f90 ../../../module_kpp_racmsorg_aqchem_Jacobian.F
cp -f racmsorg_aqchem_Update_Rconst.f90 ../../../module_kpp_racmsorg_aqchem_Update_Rconst.F
touch ../../util/run_wkc
Makefile:50: warning: overriding commands for target `.F.o'
../../../../configure.wrf:357: warning: ignoring old commands for target `.F.o'
Makefile:58: warning: overriding commands for target `.c.o'
../../../../configure.wrf:384: warning: ignoring old commands for target `.c.o'
rm -f decomp_uses.inc
echo USE racmsorg_aqchem_Parameters > decomp_uses.inc
echo USE racmsorg_aqchem_JacobianSP >> decomp_uses.inc
ln -sf  ../../../module_kpp_racmsorg_aqchem_Precision.F
ln -sf  ../../../module_kpp_racmsorg_aqchem_Parameters.F
ln -sf  ../../../module_kpp_racmsorg_aqchem_JacobianSP.F
ln -sf  ../../../module_kpp_racmsorg_aqchem_Integr.F
make -i -r comp
make[1]: Entering directory `/global/scratch/azare/Josh/WRFV3/chem/KPP/util/write_decomp'
Makefile:50: warning: overriding commands for target `.F.o'
../../../../configure.wrf:357: warning: ignoring old commands for target `.F.o'
Makefile:58: warning: overriding commands for target `.c.o'
../../../../configure.wrf:384: warning: ignoring old commands for target `.c.o'
rm -f module_kpp_racmsorg_aqchem_Precision.o
sed -f ../../../../arch/standard.sed module_kpp_racmsorg_aqchem_Precision.F > module_kpp_racmsorg_aqchem_Precision.b 
/lib/cpp -C -P -I../../../../inc -DEM_CORE=1 -DNMM_CORE=0 -DNMM_MAX_DIM=2600 -DCOAMPS_CORE= -DDA_CORE= -DEXP_CORE= -DIWORDSIZE=4 -DDWORDSIZE=8 -DRWORDSIZE=4 -DLWORDSIZE=4 -DNONSTANDARD_SYSTEM_FUNC -DWRF_USE_CLM  -DDM_PARALLEL -DNETCDF -DUSE_ALLOCATABLES -DGRIB1 -DINTIO -DLIMIT_ARGS -DCONFIG_BUF_LEN=65536 -DMAX_DOMAINS_F=21 -DMAX_HISTORY=25 -DNMM_NEST= -DWRF_CHEM -DBUILD_CHEM=1 -DWRF_KPP -I. -traditional  module_kpp_racmsorg_aqchem_Precision.b  > module_kpp_racmsorg_aqchem_Precision.f90
rm -f module_kpp_racmsorg_aqchem_Precision.b
ifort -c -O2 -ip -fp-model precise -w -ftz -align all -fno-alias -FR -convert big_endian    -i4  module_kpp_racmsorg_aqchem_Precision.f90
rm -f module_kpp_racmsorg_aqchem_Parameters.o
sed -f ../../../../arch/standard.sed module_kpp_racmsorg_aqchem_Parameters.F > module_kpp_racmsorg_aqchem_Parameters.b 
/lib/cpp -C -P -I../../../../inc -DEM_CORE=1 -DNMM_CORE=0 -DNMM_MAX_DIM=2600 -DCOAMPS_CORE= -DDA_CORE= -DEXP_CORE= -DIWORDSIZE=4 -DDWORDSIZE=8 -DRWORDSIZE=4 -DLWORDSIZE=4 -DNONSTANDARD_SYSTEM_FUNC -DWRF_USE_CLM  -DDM_PARALLEL -DNETCDF -DUSE_ALLOCATABLES -DGRIB1 -DINTIO -DLIMIT_ARGS -DCONFIG_BUF_LEN=65536 -DMAX_DOMAINS_F=21 -DMAX_HISTORY=25 -DNMM_NEST= -DWRF_CHEM -DBUILD_CHEM=1 -DWRF_KPP -I. -traditional  module_kpp_racmsorg_aqchem_Parameters.b  > module_kpp_racmsorg_aqchem_Parameters.f90
rm -f module_kpp_racmsorg_aqchem_Parameters.b
ifort -c -O2 -ip -fp-model precise -w -ftz -align all -fno-alias -FR -convert big_endian    -i4  module_kpp_racmsorg_aqchem_Parameters.f90
rm -f module_kpp_racmsorg_aqchem_JacobianSP.o
sed -f ../../../../arch/standard.sed module_kpp_racmsorg_aqchem_JacobianSP.F > module_kpp_racmsorg_aqchem_JacobianSP.b 
/lib/cpp -C -P -I../../../../inc -DEM_CORE=1 -DNMM_CORE=0 -DNMM_MAX_DIM=2600 -DCOAMPS_CORE= -DDA_CORE= -DEXP_CORE= -DIWORDSIZE=4 -DDWORDSIZE=8 -DRWORDSIZE=4 -DLWORDSIZE=4 -DNONSTANDARD_SYSTEM_FUNC -DWRF_USE_CLM  -DDM_PARALLEL -DNETCDF -DUSE_ALLOCATABLES -DGRIB1 -DINTIO -DLIMIT_ARGS -DCONFIG_BUF_LEN=65536 -DMAX_DOMAINS_F=21 -DMAX_HISTORY=25 -DNMM_NEST= -DWRF_CHEM -DBUILD_CHEM=1 -DWRF_KPP -I. -traditional  module_kpp_racmsorg_aqchem_JacobianSP.b  > module_kpp_racmsorg_aqchem_JacobianSP.f90
rm -f module_kpp_racmsorg_aqchem_JacobianSP.b
ifort -c -O2 -ip -fp-model precise -w -ftz -align all -fno-alias -FR -convert big_endian    -i4  module_kpp_racmsorg_aqchem_JacobianSP.f90
rm -f write_decomp.o
sed -f ../../../../arch/standard.sed write_decomp.F > write_decomp.b 
/lib/cpp -C -P -I../../../../inc -DEM_CORE=1 -DNMM_CORE=0 -DNMM_MAX_DIM=2600 -DCOAMPS_CORE= -DDA_CORE= -DEXP_CORE= -DIWORDSIZE=4 -DDWORDSIZE=8 -DRWORDSIZE=4 -DLWORDSIZE=4 -DNONSTANDARD_SYSTEM_FUNC -DWRF_USE_CLM  -DDM_PARALLEL -DNETCDF -DUSE_ALLOCATABLES -DGRIB1 -DINTIO -DLIMIT_ARGS -DCONFIG_BUF_LEN=65536 -DMAX_DOMAINS_F=21 -DMAX_HISTORY=25 -DNMM_NEST= -DWRF_CHEM -DBUILD_CHEM=1 -DWRF_KPP -I. -traditional  write_decomp.b  > write_decomp.f90
rm -f write_decomp.b
ifort -c -O2 -ip -fp-model precise -w -ftz -align all -fno-alias -FR -convert big_endian    -i4  write_decomp.f90
ifort -o write_decomp.exe module_kpp_racmsorg_aqchem_Precision.o module_kpp_racmsorg_aqchem_Parameters.o module_kpp_racmsorg_aqchem_JacobianSP.o      write_decomp.o  
echo racmsorg_aqchem > mech.tmp
make[1]: Leaving directory `/global/scratch/azare/Josh/WRFV3/chem/KPP/util/write_decomp'
./write_decomp.exe
   -- in write_decomp
     for kpp mechanism: racmsorg_aqchem
 fname:<decomp_racmsorg_aqchem.inc>
make -i -r integr_edit
make[1]: Entering directory `/global/scratch/azare/Josh/WRFV3/chem/KPP/util/write_decomp'
Makefile:50: warning: overriding commands for target `.F.o'
../../../../configure.wrf:357: warning: ignoring old commands for target `.F.o'
Makefile:58: warning: overriding commands for target `.c.o'
../../../../configure.wrf:384: warning: ignoring old commands for target `.c.o'
rm -f integr_edit.o
icc -c -w -O2 -ip  -DDM_PARALLEL -DMAX_HISTORY=25 -DNMM_CORE=0 integr_edit.c
icc -o integr_edit.exe integr_edit.o
make[1]: Leaving directory `/global/scratch/azare/Josh/WRFV3/chem/KPP/util/write_decomp'
./integr_edit.exe racmsorg_aqchem
   integr_edit: replacing     CALL racmsorg_aqchem_KppDecomp ( A, ising )
 
  END MODULE racmsorg_aqchem_Integrator
 make -i -r clean 
make[1]: Entering directory `/global/scratch/azare/Josh/WRFV3/chem/KPP/util/write_decomp'
Makefile:50: warning: overriding commands for target `.F.o'
../../../../configure.wrf:357: warning: ignoring old commands for target `.F.o'
Makefile:58: warning: overriding commands for target `.c.o'
../../../../configure.wrf:384: warning: ignoring old commands for target `.c.o'
rm -f *.o *.tmp *.mod module_kpp_* *~ *.inc *.exe *.f90
make[1]: Leaving directory `/global/scratch/azare/Josh/WRFV3/chem/KPP/util/write_decomp'
=========================================================
mechanisms/radm2
ln -s ../../util/Makefile_kpp mechanisms/radm2/Makefile
ln -s ../chem/KPP/inc/radm2/extra_args_to_update_rconst_radm2.inc /global/scratch/azare/Josh/WRFV3/inc
ln -s ../chem/KPP/inc/radm2/extra_args_update_rconst_radm2.inc /global/scratch/azare/Josh/WRFV3/inc
ln -s ../chem/KPP/inc/radm2/extra_decls_update_rconst_radm2.inc /global/scratch/azare/Josh/WRFV3/inc
ln -s ../chem/KPP/inc/radm2/kpp_mechd_a_radm2.inc /global/scratch/azare/Josh/WRFV3/inc
ln -s ../chem/KPP/inc/radm2/kpp_mechd_b_radm2.inc /global/scratch/azare/Josh/WRFV3/inc
ln -s ../chem/KPP/inc/radm2/kpp_mechd_e_radm2.inc /global/scratch/azare/Josh/WRFV3/inc
ln -s ../chem/KPP/inc/radm2/kpp_mechd_ia_radm2.inc /global/scratch/azare/Josh/WRFV3/inc
ln -s ../chem/KPP/inc/radm2/kpp_mechd_ib_radm2.inc /global/scratch/azare/Josh/WRFV3/inc
ln -s ../chem/KPP/inc/radm2/kpp_mechd_ibu_radm2.inc /global/scratch/azare/Josh/WRFV3/inc
ln -s ../chem/KPP/inc/radm2/kpp_mechd_l_radm2.inc /global/scratch/azare/Josh/WRFV3/inc
ln -s ../chem/KPP/inc/radm2/kpp_mechd_u_radm2.inc /global/scratch/azare/Josh/WRFV3/inc
model radm2
/global/scratch/azare/Josh/WRFV3/chem/KPP/kpp/kpp-2.1/bin/kpp radm2.kpp

This is KPP-2.1.

KPP is parsing the equation file.
KPP was told to generate WRF conform code
KPP is computing Jacobian sparsity structure.
KPP is starting the code generation.
KPP is initializing the code generation.
 
 KPP is using the WRF conform integrator routine: 
 /global/scratch/azare/Josh/WRFV3/chem/KPP/kpp/kpp-2.1/int/WRF_conform/rosenbrock 

KPP is generating the monitor data:
    - radm2_Monitor
KPP is generating the utility data:
    - radm2_Util
KPP is generating the global declarations:
    - radm2_Main
KPP is generating the ODE function:
    - radm2_Function
KPP is generating the ODE Jacobian:
    - radm2_Jacobian
    - radm2_JacobianSP
KPP is generating the linear algebra routines:
    - radm2_LinearAlgebra
KPP is generating the utility functions:
    - radm2_Util
KPP is generating the rate laws:
    - radm2_Rates
KPP is generating UpdateRconstWRF (WRF conform): 
    - radm2_UpdateRconst
KPP is generating the parameters:
    - radm2_Parameters
KPP is generating the global data:
    - radm2_Global
KPP is generating the driver from general.f90:
    - radm2_Main
KPP is starting the code post-processing.

KPP has succesfully created the model "radm2".

cp -f radm2_Integrator.f90 ../../../module_kpp_radm2_Integr.F
cp -f radm2_Parameters.f90 ../../../module_kpp_radm2_Parameters.F
cp -f radm2_Precision.f90 ../../../module_kpp_radm2_Precision.F
cp -f radm2_JacobianSP.f90 ../../../module_kpp_radm2_JacobianSP.F
cp -f radm2_Jacobian.f90 ../../../module_kpp_radm2_Jacobian.F
cp -f radm2_Update_Rconst.f90 ../../../module_kpp_radm2_Update_Rconst.F
touch ../../util/run_wkc
Makefile:50: warning: overriding commands for target `.F.o'
../../../../configure.wrf:357: warning: ignoring old commands for target `.F.o'
Makefile:58: warning: overriding commands for target `.c.o'
../../../../configure.wrf:384: warning: ignoring old commands for target `.c.o'
rm -f decomp_uses.inc
echo USE radm2_Parameters > decomp_uses.inc
echo USE radm2_JacobianSP >> decomp_uses.inc
ln -sf  ../../../module_kpp_radm2_Precision.F
ln -sf  ../../../module_kpp_radm2_Parameters.F
ln -sf  ../../../module_kpp_radm2_JacobianSP.F
ln -sf  ../../../module_kpp_radm2_Integr.F
make -i -r comp
make[1]: Entering directory `/global/scratch/azare/Josh/WRFV3/chem/KPP/util/write_decomp'
Makefile:50: warning: overriding commands for target `.F.o'
../../../../configure.wrf:357: warning: ignoring old commands for target `.F.o'
Makefile:58: warning: overriding commands for target `.c.o'
../../../../configure.wrf:384: warning: ignoring old commands for target `.c.o'
rm -f module_kpp_radm2_Precision.o
sed -f ../../../../arch/standard.sed module_kpp_radm2_Precision.F > module_kpp_radm2_Precision.b 
/lib/cpp -C -P -I../../../../inc -DEM_CORE=1 -DNMM_CORE=0 -DNMM_MAX_DIM=2600 -DCOAMPS_CORE= -DDA_CORE= -DEXP_CORE= -DIWORDSIZE=4 -DDWORDSIZE=8 -DRWORDSIZE=4 -DLWORDSIZE=4 -DNONSTANDARD_SYSTEM_FUNC -DWRF_USE_CLM  -DDM_PARALLEL -DNETCDF -DUSE_ALLOCATABLES -DGRIB1 -DINTIO -DLIMIT_ARGS -DCONFIG_BUF_LEN=65536 -DMAX_DOMAINS_F=21 -DMAX_HISTORY=25 -DNMM_NEST= -DWRF_CHEM -DBUILD_CHEM=1 -DWRF_KPP -I. -traditional  module_kpp_radm2_Precision.b  > module_kpp_radm2_Precision.f90
rm -f module_kpp_radm2_Precision.b
ifort -c -O2 -ip -fp-model precise -w -ftz -align all -fno-alias -FR -convert big_endian    -i4  module_kpp_radm2_Precision.f90
rm -f module_kpp_radm2_Parameters.o
sed -f ../../../../arch/standard.sed module_kpp_radm2_Parameters.F > module_kpp_radm2_Parameters.b 
/lib/cpp -C -P -I../../../../inc -DEM_CORE=1 -DNMM_CORE=0 -DNMM_MAX_DIM=2600 -DCOAMPS_CORE= -DDA_CORE= -DEXP_CORE= -DIWORDSIZE=4 -DDWORDSIZE=8 -DRWORDSIZE=4 -DLWORDSIZE=4 -DNONSTANDARD_SYSTEM_FUNC -DWRF_USE_CLM  -DDM_PARALLEL -DNETCDF -DUSE_ALLOCATABLES -DGRIB1 -DINTIO -DLIMIT_ARGS -DCONFIG_BUF_LEN=65536 -DMAX_DOMAINS_F=21 -DMAX_HISTORY=25 -DNMM_NEST= -DWRF_CHEM -DBUILD_CHEM=1 -DWRF_KPP -I. -traditional  module_kpp_radm2_Parameters.b  > module_kpp_radm2_Parameters.f90
rm -f module_kpp_radm2_Parameters.b
ifort -c -O2 -ip -fp-model precise -w -ftz -align all -fno-alias -FR -convert big_endian    -i4  module_kpp_radm2_Parameters.f90
rm -f module_kpp_radm2_JacobianSP.o
sed -f ../../../../arch/standard.sed module_kpp_radm2_JacobianSP.F > module_kpp_radm2_JacobianSP.b 
/lib/cpp -C -P -I../../../../inc -DEM_CORE=1 -DNMM_CORE=0 -DNMM_MAX_DIM=2600 -DCOAMPS_CORE= -DDA_CORE= -DEXP_CORE= -DIWORDSIZE=4 -DDWORDSIZE=8 -DRWORDSIZE=4 -DLWORDSIZE=4 -DNONSTANDARD_SYSTEM_FUNC -DWRF_USE_CLM  -DDM_PARALLEL -DNETCDF -DUSE_ALLOCATABLES -DGRIB1 -DINTIO -DLIMIT_ARGS -DCONFIG_BUF_LEN=65536 -DMAX_DOMAINS_F=21 -DMAX_HISTORY=25 -DNMM_NEST= -DWRF_CHEM -DBUILD_CHEM=1 -DWRF_KPP -I. -traditional  module_kpp_radm2_JacobianSP.b  > module_kpp_radm2_JacobianSP.f90
rm -f module_kpp_radm2_JacobianSP.b
ifort -c -O2 -ip -fp-model precise -w -ftz -align all -fno-alias -FR -convert big_endian    -i4  module_kpp_radm2_JacobianSP.f90
rm -f write_decomp.o
sed -f ../../../../arch/standard.sed write_decomp.F > write_decomp.b 
/lib/cpp -C -P -I../../../../inc -DEM_CORE=1 -DNMM_CORE=0 -DNMM_MAX_DIM=2600 -DCOAMPS_CORE= -DDA_CORE= -DEXP_CORE= -DIWORDSIZE=4 -DDWORDSIZE=8 -DRWORDSIZE=4 -DLWORDSIZE=4 -DNONSTANDARD_SYSTEM_FUNC -DWRF_USE_CLM  -DDM_PARALLEL -DNETCDF -DUSE_ALLOCATABLES -DGRIB1 -DINTIO -DLIMIT_ARGS -DCONFIG_BUF_LEN=65536 -DMAX_DOMAINS_F=21 -DMAX_HISTORY=25 -DNMM_NEST= -DWRF_CHEM -DBUILD_CHEM=1 -DWRF_KPP -I. -traditional  write_decomp.b  > write_decomp.f90
rm -f write_decomp.b
ifort -c -O2 -ip -fp-model precise -w -ftz -align all -fno-alias -FR -convert big_endian    -i4  write_decomp.f90
ifort -o write_decomp.exe module_kpp_radm2_Precision.o module_kpp_radm2_Parameters.o module_kpp_radm2_JacobianSP.o      write_decomp.o  
echo radm2 > mech.tmp
make[1]: Leaving directory `/global/scratch/azare/Josh/WRFV3/chem/KPP/util/write_decomp'
./write_decomp.exe
   -- in write_decomp
     for kpp mechanism: radm2
 fname:<decomp_radm2.inc>
make -i -r integr_edit
make[1]: Entering directory `/global/scratch/azare/Josh/WRFV3/chem/KPP/util/write_decomp'
Makefile:50: warning: overriding commands for target `.F.o'
../../../../configure.wrf:357: warning: ignoring old commands for target `.F.o'
Makefile:58: warning: overriding commands for target `.c.o'
../../../../configure.wrf:384: warning: ignoring old commands for target `.c.o'
rm -f integr_edit.o
icc -c -w -O2 -ip  -DDM_PARALLEL -DMAX_HISTORY=25 -DNMM_CORE=0 integr_edit.c
icc -o integr_edit.exe integr_edit.o
make[1]: Leaving directory `/global/scratch/azare/Josh/WRFV3/chem/KPP/util/write_decomp'
./integr_edit.exe radm2
   integr_edit: replacing     CALL radm2_KppDecomp ( A, ising )
 
  END MODULE radm2_Integrator
 make -i -r clean 
make[1]: Entering directory `/global/scratch/azare/Josh/WRFV3/chem/KPP/util/write_decomp'
Makefile:50: warning: overriding commands for target `.F.o'
../../../../configure.wrf:357: warning: ignoring old commands for target `.F.o'
Makefile:58: warning: overriding commands for target `.c.o'
../../../../configure.wrf:384: warning: ignoring old commands for target `.c.o'
rm -f *.o *.tmp *.mod module_kpp_* *~ *.inc *.exe *.f90
make[1]: Leaving directory `/global/scratch/azare/Josh/WRFV3/chem/KPP/util/write_decomp'
=========================================================
mechanisms/radm2sorg
ln -s ../../util/Makefile_kpp mechanisms/radm2sorg/Makefile
ln -s ../chem/KPP/inc/radm2sorg/extra_args_to_update_rconst_radm2sorg.inc /global/scratch/azare/Josh/WRFV3/inc
ln -s ../chem/KPP/inc/radm2sorg/extra_args_update_rconst_radm2sorg.inc /global/scratch/azare/Josh/WRFV3/inc
ln -s ../chem/KPP/inc/radm2sorg/extra_decls_update_rconst_radm2sorg.inc /global/scratch/azare/Josh/WRFV3/inc
ln -s ../chem/KPP/inc/radm2sorg/kpp_mechd_a_radm2sorg.inc /global/scratch/azare/Josh/WRFV3/inc
ln -s ../chem/KPP/inc/radm2sorg/kpp_mechd_b_radm2sorg.inc /global/scratch/azare/Josh/WRFV3/inc
ln -s ../chem/KPP/inc/radm2sorg/kpp_mechd_e_radm2sorg.inc /global/scratch/azare/Josh/WRFV3/inc
ln -s ../chem/KPP/inc/radm2sorg/kpp_mechd_ia_radm2sorg.inc /global/scratch/azare/Josh/WRFV3/inc
ln -s ../chem/KPP/inc/radm2sorg/kpp_mechd_ib_radm2sorg.inc /global/scratch/azare/Josh/WRFV3/inc
ln -s ../chem/KPP/inc/radm2sorg/kpp_mechd_ibu_radm2sorg.inc /global/scratch/azare/Josh/WRFV3/inc
ln -s ../chem/KPP/inc/radm2sorg/kpp_mechd_l_radm2sorg.inc /global/scratch/azare/Josh/WRFV3/inc
ln -s ../chem/KPP/inc/radm2sorg/kpp_mechd_u_radm2sorg.inc /global/scratch/azare/Josh/WRFV3/inc
model radm2sorg
/global/scratch/azare/Josh/WRFV3/chem/KPP/kpp/kpp-2.1/bin/kpp radm2sorg.kpp

This is KPP-2.1.

KPP is parsing the equation file.
KPP was told to generate WRF conform code
KPP is computing Jacobian sparsity structure.
KPP is starting the code generation.
KPP is initializing the code generation.
 
 KPP is using the WRF conform integrator routine: 
 /global/scratch/azare/Josh/WRFV3/chem/KPP/kpp/kpp-2.1/int/WRF_conform/rosenbrock 

KPP is generating the monitor data:
    - radm2sorg_Monitor
KPP is generating the utility data:
    - radm2sorg_Util
KPP is generating the global declarations:
    - radm2sorg_Main
KPP is generating the ODE function:
    - radm2sorg_Function
KPP is generating the ODE Jacobian:
    - radm2sorg_Jacobian
    - radm2sorg_JacobianSP
KPP is generating the linear algebra routines:
    - radm2sorg_LinearAlgebra
KPP is generating the utility functions:
    - radm2sorg_Util
KPP is generating the rate laws:
    - radm2sorg_Rates
KPP is generating UpdateRconstWRF (WRF conform): 
    - radm2sorg_UpdateRconst
KPP is generating the parameters:
    - radm2sorg_Parameters
KPP is generating the global data:
    - radm2sorg_Global
KPP is generating the driver from general.f90:
    - radm2sorg_Main
KPP is starting the code post-processing.

KPP has succesfully created the model "radm2sorg".

cp -f radm2sorg_Integrator.f90 ../../../module_kpp_radm2sorg_Integr.F
cp -f radm2sorg_Parameters.f90 ../../../module_kpp_radm2sorg_Parameters.F
cp -f radm2sorg_Precision.f90 ../../../module_kpp_radm2sorg_Precision.F
cp -f radm2sorg_JacobianSP.f90 ../../../module_kpp_radm2sorg_JacobianSP.F
cp -f radm2sorg_Jacobian.f90 ../../../module_kpp_radm2sorg_Jacobian.F
cp -f radm2sorg_Update_Rconst.f90 ../../../module_kpp_radm2sorg_Update_Rconst.F
touch ../../util/run_wkc
Makefile:50: warning: overriding commands for target `.F.o'
../../../../configure.wrf:357: warning: ignoring old commands for target `.F.o'
Makefile:58: warning: overriding commands for target `.c.o'
../../../../configure.wrf:384: warning: ignoring old commands for target `.c.o'
rm -f decomp_uses.inc
echo USE radm2sorg_Parameters > decomp_uses.inc
echo USE radm2sorg_JacobianSP >> decomp_uses.inc
ln -sf  ../../../module_kpp_radm2sorg_Precision.F
ln -sf  ../../../module_kpp_radm2sorg_Parameters.F
ln -sf  ../../../module_kpp_radm2sorg_JacobianSP.F
ln -sf  ../../../module_kpp_radm2sorg_Integr.F
make -i -r comp
make[1]: Entering directory `/global/scratch/azare/Josh/WRFV3/chem/KPP/util/write_decomp'
Makefile:50: warning: overriding commands for target `.F.o'
../../../../configure.wrf:357: warning: ignoring old commands for target `.F.o'
Makefile:58: warning: overriding commands for target `.c.o'
../../../../configure.wrf:384: warning: ignoring old commands for target `.c.o'
rm -f module_kpp_radm2sorg_Precision.o
sed -f ../../../../arch/standard.sed module_kpp_radm2sorg_Precision.F > module_kpp_radm2sorg_Precision.b 
/lib/cpp -C -P -I../../../../inc -DEM_CORE=1 -DNMM_CORE=0 -DNMM_MAX_DIM=2600 -DCOAMPS_CORE= -DDA_CORE= -DEXP_CORE= -DIWORDSIZE=4 -DDWORDSIZE=8 -DRWORDSIZE=4 -DLWORDSIZE=4 -DNONSTANDARD_SYSTEM_FUNC -DWRF_USE_CLM  -DDM_PARALLEL -DNETCDF -DUSE_ALLOCATABLES -DGRIB1 -DINTIO -DLIMIT_ARGS -DCONFIG_BUF_LEN=65536 -DMAX_DOMAINS_F=21 -DMAX_HISTORY=25 -DNMM_NEST= -DWRF_CHEM -DBUILD_CHEM=1 -DWRF_KPP -I. -traditional  module_kpp_radm2sorg_Precision.b  > module_kpp_radm2sorg_Precision.f90
rm -f module_kpp_radm2sorg_Precision.b
ifort -c -O2 -ip -fp-model precise -w -ftz -align all -fno-alias -FR -convert big_endian    -i4  module_kpp_radm2sorg_Precision.f90
rm -f module_kpp_radm2sorg_Parameters.o
sed -f ../../../../arch/standard.sed module_kpp_radm2sorg_Parameters.F > module_kpp_radm2sorg_Parameters.b 
/lib/cpp -C -P -I../../../../inc -DEM_CORE=1 -DNMM_CORE=0 -DNMM_MAX_DIM=2600 -DCOAMPS_CORE= -DDA_CORE= -DEXP_CORE= -DIWORDSIZE=4 -DDWORDSIZE=8 -DRWORDSIZE=4 -DLWORDSIZE=4 -DNONSTANDARD_SYSTEM_FUNC -DWRF_USE_CLM  -DDM_PARALLEL -DNETCDF -DUSE_ALLOCATABLES -DGRIB1 -DINTIO -DLIMIT_ARGS -DCONFIG_BUF_LEN=65536 -DMAX_DOMAINS_F=21 -DMAX_HISTORY=25 -DNMM_NEST= -DWRF_CHEM -DBUILD_CHEM=1 -DWRF_KPP -I. -traditional  module_kpp_radm2sorg_Parameters.b  > module_kpp_radm2sorg_Parameters.f90
rm -f module_kpp_radm2sorg_Parameters.b
ifort -c -O2 -ip -fp-model precise -w -ftz -align all -fno-alias -FR -convert big_endian    -i4  module_kpp_radm2sorg_Parameters.f90
rm -f module_kpp_radm2sorg_JacobianSP.o
sed -f ../../../../arch/standard.sed module_kpp_radm2sorg_JacobianSP.F > module_kpp_radm2sorg_JacobianSP.b 
/lib/cpp -C -P -I../../../../inc -DEM_CORE=1 -DNMM_CORE=0 -DNMM_MAX_DIM=2600 -DCOAMPS_CORE= -DDA_CORE= -DEXP_CORE= -DIWORDSIZE=4 -DDWORDSIZE=8 -DRWORDSIZE=4 -DLWORDSIZE=4 -DNONSTANDARD_SYSTEM_FUNC -DWRF_USE_CLM  -DDM_PARALLEL -DNETCDF -DUSE_ALLOCATABLES -DGRIB1 -DINTIO -DLIMIT_ARGS -DCONFIG_BUF_LEN=65536 -DMAX_DOMAINS_F=21 -DMAX_HISTORY=25 -DNMM_NEST= -DWRF_CHEM -DBUILD_CHEM=1 -DWRF_KPP -I. -traditional  module_kpp_radm2sorg_JacobianSP.b  > module_kpp_radm2sorg_JacobianSP.f90
rm -f module_kpp_radm2sorg_JacobianSP.b
ifort -c -O2 -ip -fp-model precise -w -ftz -align all -fno-alias -FR -convert big_endian    -i4  module_kpp_radm2sorg_JacobianSP.f90
rm -f write_decomp.o
sed -f ../../../../arch/standard.sed write_decomp.F > write_decomp.b 
/lib/cpp -C -P -I../../../../inc -DEM_CORE=1 -DNMM_CORE=0 -DNMM_MAX_DIM=2600 -DCOAMPS_CORE= -DDA_CORE= -DEXP_CORE= -DIWORDSIZE=4 -DDWORDSIZE=8 -DRWORDSIZE=4 -DLWORDSIZE=4 -DNONSTANDARD_SYSTEM_FUNC -DWRF_USE_CLM  -DDM_PARALLEL -DNETCDF -DUSE_ALLOCATABLES -DGRIB1 -DINTIO -DLIMIT_ARGS -DCONFIG_BUF_LEN=65536 -DMAX_DOMAINS_F=21 -DMAX_HISTORY=25 -DNMM_NEST= -DWRF_CHEM -DBUILD_CHEM=1 -DWRF_KPP -I. -traditional  write_decomp.b  > write_decomp.f90
rm -f write_decomp.b
ifort -c -O2 -ip -fp-model precise -w -ftz -align all -fno-alias -FR -convert big_endian    -i4  write_decomp.f90
ifort -o write_decomp.exe module_kpp_radm2sorg_Precision.o module_kpp_radm2sorg_Parameters.o module_kpp_radm2sorg_JacobianSP.o      write_decomp.o  
echo radm2sorg > mech.tmp
make[1]: Leaving directory `/global/scratch/azare/Josh/WRFV3/chem/KPP/util/write_decomp'
./write_decomp.exe
   -- in write_decomp
     for kpp mechanism: radm2sorg
 fname:<decomp_radm2sorg.inc>
make -i -r integr_edit
make[1]: Entering directory `/global/scratch/azare/Josh/WRFV3/chem/KPP/util/write_decomp'
Makefile:50: warning: overriding commands for target `.F.o'
../../../../configure.wrf:357: warning: ignoring old commands for target `.F.o'
Makefile:58: warning: overriding commands for target `.c.o'
../../../../configure.wrf:384: warning: ignoring old commands for target `.c.o'
rm -f integr_edit.o
icc -c -w -O2 -ip  -DDM_PARALLEL -DMAX_HISTORY=25 -DNMM_CORE=0 integr_edit.c
icc -o integr_edit.exe integr_edit.o
make[1]: Leaving directory `/global/scratch/azare/Josh/WRFV3/chem/KPP/util/write_decomp'
./integr_edit.exe radm2sorg
   integr_edit: replacing     CALL radm2sorg_KppDecomp ( A, ising )
 
  END MODULE radm2sorg_Integrator
 make -i -r clean 
make[1]: Entering directory `/global/scratch/azare/Josh/WRFV3/chem/KPP/util/write_decomp'
Makefile:50: warning: overriding commands for target `.F.o'
../../../../configure.wrf:357: warning: ignoring old commands for target `.F.o'
Makefile:58: warning: overriding commands for target `.c.o'
../../../../configure.wrf:384: warning: ignoring old commands for target `.c.o'
rm -f *.o *.tmp *.mod module_kpp_* *~ *.inc *.exe *.f90
make[1]: Leaving directory `/global/scratch/azare/Josh/WRFV3/chem/KPP/util/write_decomp'
=========================================================
mechanisms/saprc99
ln -s ../../util/Makefile_kpp mechanisms/saprc99/Makefile
ln -s ../chem/KPP/inc/saprc99/extra_args_to_update_rconst_saprc99.inc /global/scratch/azare/Josh/WRFV3/inc
ln -s ../chem/KPP/inc/saprc99/extra_args_update_rconst_saprc99.inc /global/scratch/azare/Josh/WRFV3/inc
ln -s ../chem/KPP/inc/saprc99/extra_decls_update_rconst_saprc99.inc /global/scratch/azare/Josh/WRFV3/inc
ln -s ../chem/KPP/inc/saprc99/kpp_mechd_a_saprc99.inc /global/scratch/azare/Josh/WRFV3/inc
ln -s ../chem/KPP/inc/saprc99/kpp_mechd_b_saprc99.inc /global/scratch/azare/Josh/WRFV3/inc
ln -s ../chem/KPP/inc/saprc99/kpp_mechd_e_saprc99.inc /global/scratch/azare/Josh/WRFV3/inc
ln -s ../chem/KPP/inc/saprc99/kpp_mechd_ia_saprc99.inc /global/scratch/azare/Josh/WRFV3/inc
ln -s ../chem/KPP/inc/saprc99/kpp_mechd_ib_saprc99.inc /global/scratch/azare/Josh/WRFV3/inc
ln -s ../chem/KPP/inc/saprc99/kpp_mechd_ibu_saprc99.inc /global/scratch/azare/Josh/WRFV3/inc
ln -s ../chem/KPP/inc/saprc99/kpp_mechd_l_saprc99.inc /global/scratch/azare/Josh/WRFV3/inc
ln -s ../chem/KPP/inc/saprc99/kpp_mechd_u_saprc99.inc /global/scratch/azare/Josh/WRFV3/inc
model saprc99
/global/scratch/azare/Josh/WRFV3/chem/KPP/kpp/kpp-2.1/bin/kpp saprc99.kpp

This is KPP-2.1.

KPP is parsing the equation file.
KPP was told to generate WRF conform code
KPP is computing Jacobian sparsity structure.
KPP is starting the code generation.
KPP is initializing the code generation.
 
 KPP is using the WRF conform integrator routine: 
 /global/scratch/azare/Josh/WRFV3/chem/KPP/kpp/kpp-2.1/int/WRF_conform/rosenbrock 

KPP is generating the monitor data:
    - saprc99_Monitor
KPP is generating the utility data:
    - saprc99_Util
KPP is generating the global declarations:
    - saprc99_Main
KPP is generating the ODE function:
    - saprc99_Function
KPP is generating the ODE Jacobian:
    - saprc99_Jacobian
    - saprc99_JacobianSP
KPP is generating the linear algebra routines:
    - saprc99_LinearAlgebra
KPP is generating the utility functions:
    - saprc99_Util
KPP is generating the rate laws:
    - saprc99_Rates
KPP is generating UpdateRconstWRF (WRF conform): 
    - saprc99_UpdateRconst
KPP is generating the parameters:
    - saprc99_Parameters
KPP is generating the global data:
    - saprc99_Global
KPP is generating the driver from general.f90:
    - saprc99_Main
KPP is starting the code post-processing.

KPP has succesfully created the model "saprc99".

cp -f saprc99_Integrator.f90 ../../../module_kpp_saprc99_Integr.F
cp -f saprc99_Parameters.f90 ../../../module_kpp_saprc99_Parameters.F
cp -f saprc99_Precision.f90 ../../../module_kpp_saprc99_Precision.F
cp -f saprc99_JacobianSP.f90 ../../../module_kpp_saprc99_JacobianSP.F
cp -f saprc99_Jacobian.f90 ../../../module_kpp_saprc99_Jacobian.F
cp -f saprc99_Update_Rconst.f90 ../../../module_kpp_saprc99_Update_Rconst.F
touch ../../util/run_wkc
Makefile:50: warning: overriding commands for target `.F.o'
../../../../configure.wrf:357: warning: ignoring old commands for target `.F.o'
Makefile:58: warning: overriding commands for target `.c.o'
../../../../configure.wrf:384: warning: ignoring old commands for target `.c.o'
rm -f decomp_uses.inc
echo USE saprc99_Parameters > decomp_uses.inc
echo USE saprc99_JacobianSP >> decomp_uses.inc
ln -sf  ../../../module_kpp_saprc99_Precision.F
ln -sf  ../../../module_kpp_saprc99_Parameters.F
ln -sf  ../../../module_kpp_saprc99_JacobianSP.F
ln -sf  ../../../module_kpp_saprc99_Integr.F
make -i -r comp
make[1]: Entering directory `/global/scratch/azare/Josh/WRFV3/chem/KPP/util/write_decomp'
Makefile:50: warning: overriding commands for target `.F.o'
../../../../configure.wrf:357: warning: ignoring old commands for target `.F.o'
Makefile:58: warning: overriding commands for target `.c.o'
../../../../configure.wrf:384: warning: ignoring old commands for target `.c.o'
rm -f module_kpp_saprc99_Precision.o
sed -f ../../../../arch/standard.sed module_kpp_saprc99_Precision.F > module_kpp_saprc99_Precision.b 
/lib/cpp -C -P -I../../../../inc -DEM_CORE=1 -DNMM_CORE=0 -DNMM_MAX_DIM=2600 -DCOAMPS_CORE= -DDA_CORE= -DEXP_CORE= -DIWORDSIZE=4 -DDWORDSIZE=8 -DRWORDSIZE=4 -DLWORDSIZE=4 -DNONSTANDARD_SYSTEM_FUNC -DWRF_USE_CLM  -DDM_PARALLEL -DNETCDF -DUSE_ALLOCATABLES -DGRIB1 -DINTIO -DLIMIT_ARGS -DCONFIG_BUF_LEN=65536 -DMAX_DOMAINS_F=21 -DMAX_HISTORY=25 -DNMM_NEST= -DWRF_CHEM -DBUILD_CHEM=1 -DWRF_KPP -I. -traditional  module_kpp_saprc99_Precision.b  > module_kpp_saprc99_Precision.f90
rm -f module_kpp_saprc99_Precision.b
ifort -c -O2 -ip -fp-model precise -w -ftz -align all -fno-alias -FR -convert big_endian    -i4  module_kpp_saprc99_Precision.f90
rm -f module_kpp_saprc99_Parameters.o
sed -f ../../../../arch/standard.sed module_kpp_saprc99_Parameters.F > module_kpp_saprc99_Parameters.b 
/lib/cpp -C -P -I../../../../inc -DEM_CORE=1 -DNMM_CORE=0 -DNMM_MAX_DIM=2600 -DCOAMPS_CORE= -DDA_CORE= -DEXP_CORE= -DIWORDSIZE=4 -DDWORDSIZE=8 -DRWORDSIZE=4 -DLWORDSIZE=4 -DNONSTANDARD_SYSTEM_FUNC -DWRF_USE_CLM  -DDM_PARALLEL -DNETCDF -DUSE_ALLOCATABLES -DGRIB1 -DINTIO -DLIMIT_ARGS -DCONFIG_BUF_LEN=65536 -DMAX_DOMAINS_F=21 -DMAX_HISTORY=25 -DNMM_NEST= -DWRF_CHEM -DBUILD_CHEM=1 -DWRF_KPP -I. -traditional  module_kpp_saprc99_Parameters.b  > module_kpp_saprc99_Parameters.f90
rm -f module_kpp_saprc99_Parameters.b
ifort -c -O2 -ip -fp-model precise -w -ftz -align all -fno-alias -FR -convert big_endian    -i4  module_kpp_saprc99_Parameters.f90
rm -f module_kpp_saprc99_JacobianSP.o
sed -f ../../../../arch/standard.sed module_kpp_saprc99_JacobianSP.F > module_kpp_saprc99_JacobianSP.b 
/lib/cpp -C -P -I../../../../inc -DEM_CORE=1 -DNMM_CORE=0 -DNMM_MAX_DIM=2600 -DCOAMPS_CORE= -DDA_CORE= -DEXP_CORE= -DIWORDSIZE=4 -DDWORDSIZE=8 -DRWORDSIZE=4 -DLWORDSIZE=4 -DNONSTANDARD_SYSTEM_FUNC -DWRF_USE_CLM  -DDM_PARALLEL -DNETCDF -DUSE_ALLOCATABLES -DGRIB1 -DINTIO -DLIMIT_ARGS -DCONFIG_BUF_LEN=65536 -DMAX_DOMAINS_F=21 -DMAX_HISTORY=25 -DNMM_NEST= -DWRF_CHEM -DBUILD_CHEM=1 -DWRF_KPP -I. -traditional  module_kpp_saprc99_JacobianSP.b  > module_kpp_saprc99_JacobianSP.f90
rm -f module_kpp_saprc99_JacobianSP.b
ifort -c -O2 -ip -fp-model precise -w -ftz -align all -fno-alias -FR -convert big_endian    -i4  module_kpp_saprc99_JacobianSP.f90
rm -f write_decomp.o
sed -f ../../../../arch/standard.sed write_decomp.F > write_decomp.b 
/lib/cpp -C -P -I../../../../inc -DEM_CORE=1 -DNMM_CORE=0 -DNMM_MAX_DIM=2600 -DCOAMPS_CORE= -DDA_CORE= -DEXP_CORE= -DIWORDSIZE=4 -DDWORDSIZE=8 -DRWORDSIZE=4 -DLWORDSIZE=4 -DNONSTANDARD_SYSTEM_FUNC -DWRF_USE_CLM  -DDM_PARALLEL -DNETCDF -DUSE_ALLOCATABLES -DGRIB1 -DINTIO -DLIMIT_ARGS -DCONFIG_BUF_LEN=65536 -DMAX_DOMAINS_F=21 -DMAX_HISTORY=25 -DNMM_NEST= -DWRF_CHEM -DBUILD_CHEM=1 -DWRF_KPP -I. -traditional  write_decomp.b  > write_decomp.f90
rm -f write_decomp.b
ifort -c -O2 -ip -fp-model precise -w -ftz -align all -fno-alias -FR -convert big_endian    -i4  write_decomp.f90
ifort -o write_decomp.exe module_kpp_saprc99_Precision.o module_kpp_saprc99_Parameters.o module_kpp_saprc99_JacobianSP.o      write_decomp.o  
echo saprc99 > mech.tmp
make[1]: Leaving directory `/global/scratch/azare/Josh/WRFV3/chem/KPP/util/write_decomp'
./write_decomp.exe
   -- in write_decomp
     for kpp mechanism: saprc99
 fname:<decomp_saprc99.inc>
make -i -r integr_edit
make[1]: Entering directory `/global/scratch/azare/Josh/WRFV3/chem/KPP/util/write_decomp'
Makefile:50: warning: overriding commands for target `.F.o'
../../../../configure.wrf:357: warning: ignoring old commands for target `.F.o'
Makefile:58: warning: overriding commands for target `.c.o'
../../../../configure.wrf:384: warning: ignoring old commands for target `.c.o'
rm -f integr_edit.o
icc -c -w -O2 -ip  -DDM_PARALLEL -DMAX_HISTORY=25 -DNMM_CORE=0 integr_edit.c
icc -o integr_edit.exe integr_edit.o
make[1]: Leaving directory `/global/scratch/azare/Josh/WRFV3/chem/KPP/util/write_decomp'
./integr_edit.exe saprc99
   integr_edit: replacing     CALL saprc99_KppDecomp ( A, ising )
 
  END MODULE saprc99_Integrator
 make -i -r clean 
make[1]: Entering directory `/global/scratch/azare/Josh/WRFV3/chem/KPP/util/write_decomp'
Makefile:50: warning: overriding commands for target `.F.o'
../../../../configure.wrf:357: warning: ignoring old commands for target `.F.o'
Makefile:58: warning: overriding commands for target `.c.o'
../../../../configure.wrf:384: warning: ignoring old commands for target `.c.o'
rm -f *.o *.tmp *.mod module_kpp_* *~ *.inc *.exe *.f90
make[1]: Leaving directory `/global/scratch/azare/Josh/WRFV3/chem/KPP/util/write_decomp'
=========================================================
mechanisms/saprc99_mosaic_4bin_vbs2
ln -s ../../util/Makefile_kpp mechanisms/saprc99_mosaic_4bin_vbs2/Makefile
ln -s ../chem/KPP/inc/saprc99_mosaic_4bin_vbs2/extra_args_to_update_rconst_saprc99_mosaic_4bin_vbs2.inc /global/scratch/azare/Josh/WRFV3/inc
ln -s ../chem/KPP/inc/saprc99_mosaic_4bin_vbs2/extra_args_update_rconst_saprc99_mosaic_4bin_vbs2.inc /global/scratch/azare/Josh/WRFV3/inc
ln -s ../chem/KPP/inc/saprc99_mosaic_4bin_vbs2/extra_decls_update_rconst_saprc99_mosaic_4bin_vbs2.inc /global/scratch/azare/Josh/WRFV3/inc
ln -s ../chem/KPP/inc/saprc99_mosaic_4bin_vbs2/kpp_mechd_a_saprc99_mosaic_4bin_vbs2.inc /global/scratch/azare/Josh/WRFV3/inc
ln -s ../chem/KPP/inc/saprc99_mosaic_4bin_vbs2/kpp_mechd_b_saprc99_mosaic_4bin_vbs2.inc /global/scratch/azare/Josh/WRFV3/inc
ln -s ../chem/KPP/inc/saprc99_mosaic_4bin_vbs2/kpp_mechd_e_saprc99_mosaic_4bin_vbs2.inc /global/scratch/azare/Josh/WRFV3/inc
ln -s ../chem/KPP/inc/saprc99_mosaic_4bin_vbs2/kpp_mechd_ia_saprc99_mosaic_4bin_vbs2.inc /global/scratch/azare/Josh/WRFV3/inc
ln -s ../chem/KPP/inc/saprc99_mosaic_4bin_vbs2/kpp_mechd_ib_saprc99_mosaic_4bin_vbs2.inc /global/scratch/azare/Josh/WRFV3/inc
ln -s ../chem/KPP/inc/saprc99_mosaic_4bin_vbs2/kpp_mechd_ibu_saprc99_mosaic_4bin_vbs2.inc /global/scratch/azare/Josh/WRFV3/inc
ln -s ../chem/KPP/inc/saprc99_mosaic_4bin_vbs2/kpp_mechd_l_saprc99_mosaic_4bin_vbs2.inc /global/scratch/azare/Josh/WRFV3/inc
ln -s ../chem/KPP/inc/saprc99_mosaic_4bin_vbs2/kpp_mechd_u_saprc99_mosaic_4bin_vbs2.inc /global/scratch/azare/Josh/WRFV3/inc
model saprc99_mosaic_4bin_vbs2
/global/scratch/azare/Josh/WRFV3/chem/KPP/kpp/kpp-2.1/bin/kpp saprc99_mosaic_4bin_vbs2.kpp

This is KPP-2.1.

KPP is parsing the equation file.
KPP was told to generate WRF conform code
KPP is computing Jacobian sparsity structure.
KPP is starting the code generation.
KPP is initializing the code generation.
 
 KPP is using the WRF conform integrator routine: 
 /global/scratch/azare/Josh/WRFV3/chem/KPP/kpp/kpp-2.1/int/WRF_conform/rosenbrock 

KPP is generating the monitor data:
    - saprc99_mosaic_4bin_vbs2_Monitor
KPP is generating the utility data:
    - saprc99_mosaic_4bin_vbs2_Util
KPP is generating the global declarations:
    - saprc99_mosaic_4bin_vbs2_Main
KPP is generating the ODE function:
    - saprc99_mosaic_4bin_vbs2_Function
KPP is generating the ODE Jacobian:
    - saprc99_mosaic_4bin_vbs2_Jacobian
    - saprc99_mosaic_4bin_vbs2_JacobianSP
KPP is generating the linear algebra routines:
    - saprc99_mosaic_4bin_vbs2_LinearAlgebra
KPP is generating the utility functions:
    - saprc99_mosaic_4bin_vbs2_Util
KPP is generating the rate laws:
    - saprc99_mosaic_4bin_vbs2_Rates
KPP is generating UpdateRconstWRF (WRF conform): 
    - saprc99_mosaic_4bin_vbs2_UpdateRconst
KPP is generating the parameters:
    - saprc99_mosaic_4bin_vbs2_Parameters
KPP is generating the global data:
    - saprc99_mosaic_4bin_vbs2_Global
KPP is generating the driver from general.f90:
    - saprc99_mosaic_4bin_vbs2_Main
KPP is starting the code post-processing.

KPP has succesfully created the model "saprc99_mosaic_4bin_vbs2".

cp -f saprc99_mosaic_4bin_vbs2_Integrator.f90 ../../../module_kpp_saprc99_mosaic_4bin_vbs2_Integr.F
cp -f saprc99_mosaic_4bin_vbs2_Parameters.f90 ../../../module_kpp_saprc99_mosaic_4bin_vbs2_Parameters.F
cp -f saprc99_mosaic_4bin_vbs2_Precision.f90 ../../../module_kpp_saprc99_mosaic_4bin_vbs2_Precision.F
cp -f saprc99_mosaic_4bin_vbs2_JacobianSP.f90 ../../../module_kpp_saprc99_mosaic_4bin_vbs2_JacobianSP.F
cp -f saprc99_mosaic_4bin_vbs2_Jacobian.f90 ../../../module_kpp_saprc99_mosaic_4bin_vbs2_Jacobian.F
cp -f saprc99_mosaic_4bin_vbs2_Update_Rconst.f90 ../../../module_kpp_saprc99_mosaic_4bin_vbs2_Update_Rconst.F
touch ../../util/run_wkc
Makefile:50: warning: overriding commands for target `.F.o'
../../../../configure.wrf:357: warning: ignoring old commands for target `.F.o'
Makefile:58: warning: overriding commands for target `.c.o'
../../../../configure.wrf:384: warning: ignoring old commands for target `.c.o'
rm -f decomp_uses.inc
echo USE saprc99_mosaic_4bin_vbs2_Parameters > decomp_uses.inc
echo USE saprc99_mosaic_4bin_vbs2_JacobianSP >> decomp_uses.inc
ln -sf  ../../../module_kpp_saprc99_mosaic_4bin_vbs2_Precision.F
ln -sf  ../../../module_kpp_saprc99_mosaic_4bin_vbs2_Parameters.F
ln -sf  ../../../module_kpp_saprc99_mosaic_4bin_vbs2_JacobianSP.F
ln -sf  ../../../module_kpp_saprc99_mosaic_4bin_vbs2_Integr.F
make -i -r comp
make[1]: Entering directory `/global/scratch/azare/Josh/WRFV3/chem/KPP/util/write_decomp'
Makefile:50: warning: overriding commands for target `.F.o'
../../../../configure.wrf:357: warning: ignoring old commands for target `.F.o'
Makefile:58: warning: overriding commands for target `.c.o'
../../../../configure.wrf:384: warning: ignoring old commands for target `.c.o'
rm -f module_kpp_saprc99_mosaic_4bin_vbs2_Precision.o
sed -f ../../../../arch/standard.sed module_kpp_saprc99_mosaic_4bin_vbs2_Precision.F > module_kpp_saprc99_mosaic_4bin_vbs2_Precision.b 
/lib/cpp -C -P -I../../../../inc -DEM_CORE=1 -DNMM_CORE=0 -DNMM_MAX_DIM=2600 -DCOAMPS_CORE= -DDA_CORE= -DEXP_CORE= -DIWORDSIZE=4 -DDWORDSIZE=8 -DRWORDSIZE=4 -DLWORDSIZE=4 -DNONSTANDARD_SYSTEM_FUNC -DWRF_USE_CLM  -DDM_PARALLEL -DNETCDF -DUSE_ALLOCATABLES -DGRIB1 -DINTIO -DLIMIT_ARGS -DCONFIG_BUF_LEN=65536 -DMAX_DOMAINS_F=21 -DMAX_HISTORY=25 -DNMM_NEST= -DWRF_CHEM -DBUILD_CHEM=1 -DWRF_KPP -I. -traditional  module_kpp_saprc99_mosaic_4bin_vbs2_Precision.b  > module_kpp_saprc99_mosaic_4bin_vbs2_Precision.f90
rm -f module_kpp_saprc99_mosaic_4bin_vbs2_Precision.b
ifort -c -O2 -ip -fp-model precise -w -ftz -align all -fno-alias -FR -convert big_endian    -i4  module_kpp_saprc99_mosaic_4bin_vbs2_Precision.f90
rm -f module_kpp_saprc99_mosaic_4bin_vbs2_Parameters.o
sed -f ../../../../arch/standard.sed module_kpp_saprc99_mosaic_4bin_vbs2_Parameters.F > module_kpp_saprc99_mosaic_4bin_vbs2_Parameters.b 
/lib/cpp -C -P -I../../../../inc -DEM_CORE=1 -DNMM_CORE=0 -DNMM_MAX_DIM=2600 -DCOAMPS_CORE= -DDA_CORE= -DEXP_CORE= -DIWORDSIZE=4 -DDWORDSIZE=8 -DRWORDSIZE=4 -DLWORDSIZE=4 -DNONSTANDARD_SYSTEM_FUNC -DWRF_USE_CLM  -DDM_PARALLEL -DNETCDF -DUSE_ALLOCATABLES -DGRIB1 -DINTIO -DLIMIT_ARGS -DCONFIG_BUF_LEN=65536 -DMAX_DOMAINS_F=21 -DMAX_HISTORY=25 -DNMM_NEST= -DWRF_CHEM -DBUILD_CHEM=1 -DWRF_KPP -I. -traditional  module_kpp_saprc99_mosaic_4bin_vbs2_Parameters.b  > module_kpp_saprc99_mosaic_4bin_vbs2_Parameters.f90
rm -f module_kpp_saprc99_mosaic_4bin_vbs2_Parameters.b
ifort -c -O2 -ip -fp-model precise -w -ftz -align all -fno-alias -FR -convert big_endian    -i4  module_kpp_saprc99_mosaic_4bin_vbs2_Parameters.f90
rm -f module_kpp_saprc99_mosaic_4bin_vbs2_JacobianSP.o
sed -f ../../../../arch/standard.sed module_kpp_saprc99_mosaic_4bin_vbs2_JacobianSP.F > module_kpp_saprc99_mosaic_4bin_vbs2_JacobianSP.b 
/lib/cpp -C -P -I../../../../inc -DEM_CORE=1 -DNMM_CORE=0 -DNMM_MAX_DIM=2600 -DCOAMPS_CORE= -DDA_CORE= -DEXP_CORE= -DIWORDSIZE=4 -DDWORDSIZE=8 -DRWORDSIZE=4 -DLWORDSIZE=4 -DNONSTANDARD_SYSTEM_FUNC -DWRF_USE_CLM  -DDM_PARALLEL -DNETCDF -DUSE_ALLOCATABLES -DGRIB1 -DINTIO -DLIMIT_ARGS -DCONFIG_BUF_LEN=65536 -DMAX_DOMAINS_F=21 -DMAX_HISTORY=25 -DNMM_NEST= -DWRF_CHEM -DBUILD_CHEM=1 -DWRF_KPP -I. -traditional  module_kpp_saprc99_mosaic_4bin_vbs2_JacobianSP.b  > module_kpp_saprc99_mosaic_4bin_vbs2_JacobianSP.f90
rm -f module_kpp_saprc99_mosaic_4bin_vbs2_JacobianSP.b
ifort -c -O2 -ip -fp-model precise -w -ftz -align all -fno-alias -FR -convert big_endian    -i4  module_kpp_saprc99_mosaic_4bin_vbs2_JacobianSP.f90
rm -f write_decomp.o
sed -f ../../../../arch/standard.sed write_decomp.F > write_decomp.b 
/lib/cpp -C -P -I../../../../inc -DEM_CORE=1 -DNMM_CORE=0 -DNMM_MAX_DIM=2600 -DCOAMPS_CORE= -DDA_CORE= -DEXP_CORE= -DIWORDSIZE=4 -DDWORDSIZE=8 -DRWORDSIZE=4 -DLWORDSIZE=4 -DNONSTANDARD_SYSTEM_FUNC -DWRF_USE_CLM  -DDM_PARALLEL -DNETCDF -DUSE_ALLOCATABLES -DGRIB1 -DINTIO -DLIMIT_ARGS -DCONFIG_BUF_LEN=65536 -DMAX_DOMAINS_F=21 -DMAX_HISTORY=25 -DNMM_NEST= -DWRF_CHEM -DBUILD_CHEM=1 -DWRF_KPP -I. -traditional  write_decomp.b  > write_decomp.f90
rm -f write_decomp.b
ifort -c -O2 -ip -fp-model precise -w -ftz -align all -fno-alias -FR -convert big_endian    -i4  write_decomp.f90
ifort -o write_decomp.exe module_kpp_saprc99_mosaic_4bin_vbs2_Precision.o module_kpp_saprc99_mosaic_4bin_vbs2_Parameters.o module_kpp_saprc99_mosaic_4bin_vbs2_JacobianSP.o      write_decomp.o  
echo saprc99_mosaic_4bin_vbs2 > mech.tmp
make[1]: Leaving directory `/global/scratch/azare/Josh/WRFV3/chem/KPP/util/write_decomp'
./write_decomp.exe
   -- in write_decomp
     for kpp mechanism: saprc99_mosaic_4bin_vbs2
 fname:<decomp_saprc99_mosaic_4bin_vbs2.inc>
make -i -r integr_edit
make[1]: Entering directory `/global/scratch/azare/Josh/WRFV3/chem/KPP/util/write_decomp'
Makefile:50: warning: overriding commands for target `.F.o'
../../../../configure.wrf:357: warning: ignoring old commands for target `.F.o'
Makefile:58: warning: overriding commands for target `.c.o'
../../../../configure.wrf:384: warning: ignoring old commands for target `.c.o'
rm -f integr_edit.o
icc -c -w -O2 -ip  -DDM_PARALLEL -DMAX_HISTORY=25 -DNMM_CORE=0 integr_edit.c
icc -o integr_edit.exe integr_edit.o
make[1]: Leaving directory `/global/scratch/azare/Josh/WRFV3/chem/KPP/util/write_decomp'
./integr_edit.exe saprc99_mosaic_4bin_vbs2
   integr_edit: replacing     CALL saprc99_mosaic_4bin_vbs2_KppDecomp ( A, ising )
 
  END MODULE saprc99_mosaic_4bin_vbs2_Integrator
 make -i -r clean 
make[1]: Entering directory `/global/scratch/azare/Josh/WRFV3/chem/KPP/util/write_decomp'
Makefile:50: warning: overriding commands for target `.F.o'
../../../../configure.wrf:357: warning: ignoring old commands for target `.F.o'
Makefile:58: warning: overriding commands for target `.c.o'
../../../../configure.wrf:384: warning: ignoring old commands for target `.c.o'
rm -f *.o *.tmp *.mod module_kpp_* *~ *.inc *.exe *.f90
make[1]: Leaving directory `/global/scratch/azare/Josh/WRFV3/chem/KPP/util/write_decomp'
=========================================================
ln -s ../chem/KPP/inc/fixed_args_kpp_interf.inc /global/scratch/azare/Josh/WRFV3/inc
ln -s ../chem/KPP/inc/fixed_decl_kpp_interf.inc /global/scratch/azare/Josh/WRFV3/inc
ln -s ../chem/KPP/inc/kpp_ctrl_default.inc /global/scratch/azare/Josh/WRFV3/inc
 
RUN WRF-Chem KPP coupler ---------------------------
opening Registry/registry.dimspec
including Registry/registry.dimspec
opening Registry/Registry.EM_COMMON
including Registry/Registry.EM_COMMON
opening Registry/registry.io_boilerplate
including Registry/registry.io_boilerplate
opening Registry/io_boilerplate_temporary.inc
including Registry/io_boilerplate_temporary.inc
opening Registry/registry.chem
including Registry/registry.chem
opening Registry/registry.fire
including Registry/registry.fire
opening Registry/registry.avgflx
including Registry/registry.avgflx
opening Registry/registry.stoch
including Registry/registry.stoch
opening Registry/registry.les
including Registry/registry.les
opening Registry/registry.cam
including Registry/registry.cam
opening Registry/registry.clm
including Registry/registry.clm
opening Registry/registry.ssib
including Registry/registry.ssib
opening Registry/registry.diags
including Registry/registry.diags
opening Registry/registry.bdy_perturb
including Registry/registry.bdy_perturb
 spcfilename: chem/KPP/mechanisms/racm_esrlsorg_aqchem/racm_esrlsorg_aqchem.spc 
 spcfilename: chem/KPP/mechanisms/mozart_mosaic_4bin_vbs0/mozart_mosaic_4bin_vbs0.spc 
 spcfilename: chem/KPP/mechanisms/saprc99/saprc99.spc 
 spcfilename: chem/KPP/mechanisms/nmhc9/nmhc9.spc 
 spcfilename: chem/KPP/mechanisms/mozcart/mozcart.spc 
 spcfilename: chem/KPP/mechanisms/gocartracm/gocartracm.spc 
 spcfilename: chem/KPP/mechanisms/racm_esrlsorg/racm_esrlsorg.spc 
 spcfilename: chem/KPP/mechanisms/mozart/mozart.spc 
 spcfilename: chem/KPP/mechanisms/racm/racm.spc 
 spcfilename: chem/KPP/mechanisms/racmpm/racmpm.spc 
 spcfilename: chem/KPP/mechanisms/cri_mosaic_4bin_aq/cri_mosaic_4bin_aq.spc 
 spcfilename: chem/KPP/mechanisms/r2smh/r2smh.spc 
 spcfilename: chem/KPP/mechanisms/crimech/crimech.spc 
 spcfilename: chem/KPP/mechanisms/racm_soa_vbs/racm_soa_vbs.spc 
 spcfilename: chem/KPP/mechanisms/racmsorg/racmsorg.spc 
 spcfilename: chem/KPP/mechanisms/radm2sorg/radm2sorg.spc 
 spcfilename: chem/KPP/mechanisms/saprc99_mosaic_4bin_vbs2/saprc99_mosaic_4bin_vbs2.spc 
 spcfilename: chem/KPP/mechanisms/racm_mim/racm_mim.spc 
 spcfilename: chem/KPP/mechanisms/cbmz_bb/cbmz_bb.spc 
 spcfilename: chem/KPP/mechanisms/cbmz_mosaic/cbmz_mosaic.spc 
 spcfilename: chem/KPP/mechanisms/radm2/radm2.spc 
 spcfilename: chem/KPP/mechanisms/racmsorg_aqchem/racmsorg_aqchem.spc 
 spcfilename: chem/KPP/mechanisms/cbm4/cbm4.spc 
 spcfilename: chem/KPP/mechanisms/cri_mosaic_8bin_aq/cri_mosaic_8bin_aq.spc 

 
 FOUND match between WRF-Chem/KPP for mechanism:  racm_esrlsorg_aqchem 
 Found file chem/KPP/mechanisms/racm_esrlsorg_aqchem/racm_esrlsorg_aqchem_wrfkpp.equiv

 
 FOUND match between WRF-Chem/KPP for mechanism:  mozart_mosaic_4bin_vbs0 
 Found file chem/KPP/mechanisms/mozart_mosaic_4bin_vbs0/mozart_mosaic_4bin_vbs0_wrfkpp.equiv

 
 FOUND match between WRF-Chem/KPP for mechanism:  saprc99 
 Found file chem/KPP/mechanisms/saprc99/saprc99_wrfkpp.equiv

 
 FOUND match between WRF-Chem/KPP for mechanism:  nmhc9 
 Found file chem/KPP/mechanisms/nmhc9/nmhc9_wrfkpp.equiv

 
 FOUND match between WRF-Chem/KPP for mechanism:  mozcart 
 Found file chem/KPP/mechanisms/mozcart/mozcart_wrfkpp.equiv

 
 FOUND match between WRF-Chem/KPP for mechanism:  gocartracm 
 Found file chem/KPP/mechanisms/gocartracm/gocartracm_wrfkpp.equiv

 
 FOUND match between WRF-Chem/KPP for mechanism:  racm_esrlsorg 
 Found file chem/KPP/mechanisms/racm_esrlsorg/racm_esrlsorg_wrfkpp.equiv

 
 FOUND match between WRF-Chem/KPP for mechanism:  mozart 
 Found file chem/KPP/mechanisms/mozart/mozart_wrfkpp.equiv

 
 FOUND match between WRF-Chem/KPP for mechanism:  racm 
 Found file chem/KPP/mechanisms/racm/racm_wrfkpp.equiv

 
 FOUND match between WRF-Chem/KPP for mechanism:  racmpm 
 Found file chem/KPP/mechanisms/racmpm/racmpm_wrfkpp.equiv

 
 FOUND match between WRF-Chem/KPP for mechanism:  cri_mosaic_4bin_aq 
 Found file chem/KPP/mechanisms/cri_mosaic_4bin_aq/cri_mosaic_4bin_aq_wrfkpp.equiv

 
 FOUND match between WRF-Chem/KPP for mechanism:  r2smh 
 Found file chem/KPP/mechanisms/r2smh/r2smh_wrfkpp.equiv

 
 FOUND match between WRF-Chem/KPP for mechanism:  crimech 
 Found file chem/KPP/mechanisms/crimech/crimech_wrfkpp.equiv

 
 FOUND match between WRF-Chem/KPP for mechanism:  racm_soa_vbs 
 Found file chem/KPP/mechanisms/racm_soa_vbs/racm_soa_vbs_wrfkpp.equiv

 
 FOUND match between WRF-Chem/KPP for mechanism:  racmsorg 
 Found file chem/KPP/mechanisms/racmsorg/racmsorg_wrfkpp.equiv

 
 FOUND match between WRF-Chem/KPP for mechanism:  radm2sorg 
 Found file chem/KPP/mechanisms/radm2sorg/radm2sorg_wrfkpp.equiv

 
 FOUND match between WRF-Chem/KPP for mechanism:  saprc99_mosaic_4bin_vbs2 
 Found file chem/KPP/mechanisms/saprc99_mosaic_4bin_vbs2/saprc99_mosaic_4bin_vbs2_wrfkpp.equiv

 
 FOUND match between WRF-Chem/KPP for mechanism:  racm_mim 
 Found file chem/KPP/mechanisms/racm_mim/racm_mim_wrfkpp.equiv

 
 FOUND match between WRF-Chem/KPP for mechanism:  cbmz_bb 
 Found file chem/KPP/mechanisms/cbmz_bb/cbmz_bb_wrfkpp.equiv

 
 FOUND match between WRF-Chem/KPP for mechanism:  cbmz_mosaic 
 Found file chem/KPP/mechanisms/cbmz_mosaic/cbmz_mosaic_wrfkpp.equiv

 
 FOUND match between WRF-Chem/KPP for mechanism:  radm2 
 Found file chem/KPP/mechanisms/radm2/radm2_wrfkpp.equiv

 
 FOUND match between WRF-Chem/KPP for mechanism:  racmsorg_aqchem 
 Found file chem/KPP/mechanisms/racmsorg_aqchem/racmsorg_aqchem_wrfkpp.equiv

 
 FOUND match between WRF-Chem/KPP for mechanism:  cbm4 
 Found file chem/KPP/mechanisms/cbm4/cbm4_wrfkpp.equiv
ERROR: variable name for third body in KPP species file is expected to be  M, but was not found in cbm4 species file 

 
 FOUND match between WRF-Chem/KPP for mechanism:  cri_mosaic_8bin_aq 
 Found file chem/KPP/mechanisms/cri_mosaic_8bin_aq/cri_mosaic_8bin_aq_wrfkpp.equiv
KPP PACK:  racm_esrlsorg_aqchem 
MATCHING PACK:  racm_esrlsorg_aqchem_kpp 
 1 found (special) H2O THIRD BODY  
 1 found (special) M WATER VAPOR  
KPP PACK:  mozart_mosaic_4bin_vbs0 
MATCHING PACK:  mozart_mosaic_4bin_vbs0_kpp 
 1 found (special) H2O THIRD BODY  
 1 found (special) M WATER VAPOR  
KPP PACK:  saprc99 
MATCHING PACK:  saprc99_kpp 
 1 found (special) H2O THIRD BODY  
 1 found (special) M WATER VAPOR  
KPP PACK:  nmhc9 
MATCHING PACK:  nmhc9_kpp 
 1 found (special) H2O THIRD BODY  
 1 found (special) M WATER VAPOR  
KPP PACK:  mozcart 
MATCHING PACK:  mozcart_kpp 
 1 found (special) H2O THIRD BODY  
 1 found (special) M WATER VAPOR  
KPP PACK:  gocartracm 
MATCHING PACK:  gocartracm_kpp 
 1 found (special) H2O THIRD BODY  
 1 found (special) M WATER VAPOR  
KPP PACK:  racm_esrlsorg 
MATCHING PACK:  racm_esrlsorg_kpp 
 1 found (special) H2O THIRD BODY  
 1 found (special) M WATER VAPOR  
KPP PACK:  mozart 
MATCHING PACK:  mozart_kpp 
 1 found (special) H2O THIRD BODY  
 1 found (special) M WATER VAPOR  
KPP PACK:  racm 
MATCHING PACK:  racm_kpp 
 1 found (special) H2O THIRD BODY  
 1 found (special) M WATER VAPOR  
KPP PACK:  racmpm 
MATCHING PACK:  racmpm_kpp 
 1 found (special) H2O THIRD BODY  
 1 found (special) M WATER VAPOR  
KPP PACK:  cri_mosaic_4bin_aq 
MATCHING PACK:  cri_mosaic_4bin_aq_kpp 
 1 found (special) H2O THIRD BODY  
 1 found (special) M WATER VAPOR  
KPP PACK:  r2smh 
MATCHING PACK:  r2smh_kpp 
 1 found (special) H2O THIRD BODY  
 1 found (special) M WATER VAPOR  
KPP PACK:  crimech 
MATCHING PACK:  crimech_kpp 
 1 found (special) H2O THIRD BODY  
 1 found (special) M WATER VAPOR  
KPP PACK:  racm_soa_vbs 
MATCHING PACK:  racm_soa_vbs_kpp 
 1 found (special) H2O THIRD BODY  
 1 found (special) M WATER VAPOR  
KPP PACK:  racmsorg 
MATCHING PACK:  racmsorg_kpp 
 1 found (special) H2O THIRD BODY  
 1 found (special) M WATER VAPOR  
KPP PACK:  radm2sorg 
MATCHING PACK:  radm2sorg_kpp 
 1 found (special) H2O THIRD BODY  
 1 found (special) M WATER VAPOR  
KPP PACK:  saprc99_mosaic_4bin_vbs2 
MATCHING PACK:  saprc99_mosaic_4bin_vbs2_kpp 
 1 found (special) H2O THIRD BODY  
 1 found (special) M WATER VAPOR  
KPP PACK:  racm_mim 
MATCHING PACK:  racm_mim_kpp 
 1 found (special) H2O THIRD BODY  
 1 found (special) M WATER VAPOR  
KPP PACK:  cbmz_bb 
MATCHING PACK:  cbmz_bb_kpp 
 1 found (special) H2O THIRD BODY  
 1 found (special) M WATER VAPOR  
KPP PACK:  cbmz_mosaic 
MATCHING PACK:  cbmz_mosaic_kpp 
 1 found (special) H2O THIRD BODY  
 1 found (special) M WATER VAPOR  
KPP PACK:  radm2 
MATCHING PACK:  radm2_kpp 
 1 found (special) H2O THIRD BODY  
 1 found (special) M WATER VAPOR  
KPP PACK:  racmsorg_aqchem 
MATCHING PACK:  racmsorg_aqchem_kpp 
 1 found (special) H2O THIRD BODY  
 1 found (special) M WATER VAPOR  
KPP PACK:  cbm4 
MATCHING PACK:  cbm4_kpp 
 1 found (special) H2O THIRD BODY  
KPP PACK:  cri_mosaic_8bin_aq 
MATCHING PACK:  cri_mosaic_8bin_aq_kpp 
 1 found (special) H2O THIRD BODY  
 1 found (special) M WATER VAPOR  
next: get_wrf_chem_specs 
name1:name11:next: get_wrf_radicals 
khar2 next: get_wrf_jvals 
khar3 next: get_kpp_chem_specs 
chem/KPP/mechanisms/racm_esrlsorg_aqchem 
 Found chem/KPP/mechanisms/racm_esrlsorg_aqchem/racm_esrlsorg_aqchem.spc 
chem/KPP/mechanisms/mozart_mosaic_4bin_vbs0 
 Found chem/KPP/mechanisms/mozart_mosaic_4bin_vbs0/mozart_mosaic_4bin_vbs0.spc 
chem/KPP/mechanisms/saprc99 
 Found chem/KPP/mechanisms/saprc99/saprc99.spc 
chem/KPP/mechanisms/nmhc9 
 Found chem/KPP/mechanisms/nmhc9/nmhc9.spc 
chem/KPP/mechanisms/mozcart 
 Found chem/KPP/mechanisms/mozcart/mozcart.spc 
chem/KPP/mechanisms/gocartracm 
 Found chem/KPP/mechanisms/gocartracm/gocartracm.spc 
chem/KPP/mechanisms/racm_esrlsorg 
 Found chem/KPP/mechanisms/racm_esrlsorg/racm_esrlsorg.spc 
chem/KPP/mechanisms/mozart 
 Found chem/KPP/mechanisms/mozart/mozart.spc 
chem/KPP/mechanisms/racm 
 Found chem/KPP/mechanisms/racm/racm.spc 
chem/KPP/mechanisms/racmpm 
 Found chem/KPP/mechanisms/racmpm/racmpm.spc 
chem/KPP/mechanisms/cri_mosaic_4bin_aq 
 Found chem/KPP/mechanisms/cri_mosaic_4bin_aq/cri_mosaic_4bin_aq.spc 
chem/KPP/mechanisms/r2smh 
 Found chem/KPP/mechanisms/r2smh/r2smh.spc 
chem/KPP/mechanisms/crimech 
 Found chem/KPP/mechanisms/crimech/crimech.spc 
chem/KPP/mechanisms/racm_soa_vbs 
 Found chem/KPP/mechanisms/racm_soa_vbs/racm_soa_vbs.spc 
chem/KPP/mechanisms/racmsorg 
 Found chem/KPP/mechanisms/racmsorg/racmsorg.spc 
chem/KPP/mechanisms/radm2sorg 
 Found chem/KPP/mechanisms/radm2sorg/radm2sorg.spc 
chem/KPP/mechanisms/saprc99_mosaic_4bin_vbs2 
 Found chem/KPP/mechanisms/saprc99_mosaic_4bin_vbs2/saprc99_mosaic_4bin_vbs2.spc 
chem/KPP/mechanisms/racm_mim 
 Found chem/KPP/mechanisms/racm_mim/racm_mim.spc 
chem/KPP/mechanisms/cbmz_bb 
 Found chem/KPP/mechanisms/cbmz_bb/cbmz_bb.spc 
chem/KPP/mechanisms/cbmz_mosaic 
 Found chem/KPP/mechanisms/cbmz_mosaic/cbmz_mosaic.spc 
chem/KPP/mechanisms/radm2 
 Found chem/KPP/mechanisms/radm2/radm2.spc 
chem/KPP/mechanisms/racmsorg_aqchem 
 Found chem/KPP/mechanisms/racmsorg_aqchem/racmsorg_aqchem.spc 
chem/KPP/mechanisms/cbm4 
 Found chem/KPP/mechanisms/cbm4/cbm4.spc 
chem/KPP/mechanisms/cri_mosaic_8bin_aq 
 Found chem/KPP/mechanisms/cri_mosaic_8bin_aq/cri_mosaic_8bin_aq.spc 
khar4 next: compare_kpp_to_species 
 kpp_name,  wrf_name3   ÿÿÿÿ sA 
  ... testing  racm_esrlsorg_aqchem racm_esrlsorg_aqchem
 kpp_name,  wrf_name   PHO RPHO 
  ... testing  mozart_mosaic_4bin_vbs0 mozart_mosaic_4bin_vbs0
 kpp_name,  wrf_name   OH HO 
  kpp_name,  wrf_name   HO2NO2 HNO4 
  kpp_name,  wrf_name   CH2O HCHO 
  kpp_name,  wrf_name   CH3COCH3 ACET 
  kpp_name,  wrf_name   ROOH ACETP 
  kpp_name,  wrf_name   HYAC ACETOL 
  kpp_name,  wrf_name   RO2 ACETO2 
  kpp_name,  wrf_name   CH3COCHO MGLY 
  kpp_name,  wrf_name   CH3CO3 ACO3 
  kpp_name,  wrf_name   CH3COOOH PAA 
  kpp_name,  wrf_name   GLYOXAL GLY 
  kpp_name,  wrf_name   POOH C3H6OOH 
  kpp_name,  wrf_name   C2H5OOH ETOOH 
  kpp_name,  wrf_name   C2H5O2 ETO2 
  kpp_name,  wrf_name   CH3CHO ALD 
  kpp_name,  wrf_name   MACRO2 MVKO2 
  kpp_name,  wrf_name   MACROOH MVKOOH 
  kpp_name,  wrf_name   C3H7OOH PROOH 
  kpp_name,  wrf_name   C3H7O2 PRO2 
  kpp_name,  wrf_name   ISOP ISOPR 
  kpp_name,  wrf_name   ISOPO2 ISO2 
  kpp_name,  wrf_name   ISOPOOH ISOOH 
  kpp_name,  wrf_name   ISOPNO3 ISOPN 
  kpp_name,  wrf_name   BIGALD OPEN 
  kpp_name,  wrf_name   CRESOL CRES 
  kpp_name,  wrf_name   TOLUENE TOL 
  kpp_name,  wrf_name   TOLO2 TO2 
  kpp_name,  wrf_name   SO4 SULF 
  ... testing  saprc99 saprc99
 kpp_name,  wrf_name   OH HO 
  ... testing  nmhc9 nmhc9
 kpp_name,  wrf_name   MEOOH OP1 
  kpp_name,  wrf_name   ISOP ISOPR 
  kpp_name,  wrf_name   OH HO 
  ... testing  mozcart mozcart
 kpp_name,  wrf_name   OH HO 
  kpp_name,  wrf_name   HO2NO2 HNO4 
  kpp_name,  wrf_name   CH2O HCHO 
  kpp_name,  wrf_name   CH3COCH3 ACET 
  kpp_name,  wrf_name   ROOH ACETP 
  kpp_name,  wrf_name   HYAC ACETOL 
  kpp_name,  wrf_name   RO2 ACETO2 
  kpp_name,  wrf_name   CH3COCHO MGLY 
  kpp_name,  wrf_name   CH3CO3 ACO3 
  kpp_name,  wrf_name   CH3COOOH PAA 
  kpp_name,  wrf_name   GLYOXAL GLY 
  kpp_name,  wrf_name   POOH C3H6OOH 
  kpp_name,  wrf_name   C2H5OOH ETOOH 
  kpp_name,  wrf_name   C2H5O2 ETO2 
  kpp_name,  wrf_name   CH3CHO ALD 
  kpp_name,  wrf_name   MACRO2 MVKO2 
  kpp_name,  wrf_name   MACROOH MVKOOH 
  kpp_name,  wrf_name   C3H7OOH PROOH 
  kpp_name,  wrf_name   C3H7O2 PRO2 
  kpp_name,  wrf_name   ISOP ISOPR 
  kpp_name,  wrf_name   ISOPO2 ISO2 
  kpp_name,  wrf_name   ISOPOOH ISOOH 
  kpp_name,  wrf_name   ISOPNO3 ISOPN 
  kpp_name,  wrf_name   BIGALD OPEN 
  kpp_name,  wrf_name   CRESOL CRES 
  kpp_name,  wrf_name   TOLUENE TOL 
  kpp_name,  wrf_name   TOLO2 TO2 
  kpp_name,  wrf_name   SO4 SULF 
  ... testing  gocartracm gocartracm
 kpp_name,  wrf_name   PHO RPHO 
  ... testing  racm_esrlsorg racm_esrlsorg
 kpp_name,  wrf_name   PHO RPHO 
  ... testing  mozart mozart
 kpp_name,  wrf_name   OH HO 
  kpp_name,  wrf_name   HO2NO2 HNO4 
  kpp_name,  wrf_name   CH2O HCHO 
  kpp_name,  wrf_name   CH3COCH3 ACET 
  kpp_name,  wrf_name   ROOH ACETP 
  kpp_name,  wrf_name   HYAC ACETOL 
  kpp_name,  wrf_name   RO2 ACETO2 
  kpp_name,  wrf_name   CH3COCHO MGLY 
  kpp_name,  wrf_name   CH3CO3 ACO3 
  kpp_name,  wrf_name   CH3COOOH PAA 
  kpp_name,  wrf_name   GLYOXAL GLY 
  kpp_name,  wrf_name   POOH C3H6OOH 
  kpp_name,  wrf_name   C2H5OOH ETOOH 
  kpp_name,  wrf_name   C2H5O2 ETO2 
  kpp_name,  wrf_name   CH3CHO ALD 
  kpp_name,  wrf_name   MACRO2 MVKO2 
  kpp_name,  wrf_name   MACROOH MVKOOH 
  kpp_name,  wrf_name   C3H7OOH PROOH 
  kpp_name,  wrf_name   C3H7O2 PRO2 
  kpp_name,  wrf_name   ISOP ISOPR 
  kpp_name,  wrf_name   ISOPO2 ISO2 
  kpp_name,  wrf_name   ISOPOOH ISOOH 
  kpp_name,  wrf_name   ISOPNO3 ISOPN 
  kpp_name,  wrf_name   BIGALD OPEN 
  kpp_name,  wrf_name   CRESOL CRES 
  kpp_name,  wrf_name   TOLUENE TOL 
  kpp_name,  wrf_name   TOLO2 TO2 
  kpp_name,  wrf_name   SO4 SULF 
  ... testing  racm racm
 kpp_name,  wrf_name   PHO RPHO 
  ... testing  racmpm racmpm
 kpp_name,  wrf_name   PHO RPHO 
  ... testing  cri_mosaic_4bin_aq cri_mosaic_4bin_aq
 kpp_name,  wrf_name   OH HO 
  kpp_name,  wrf_name   CH3COCH3 KET 
  kpp_name,  wrf_name   CH3CO3 ACO3 
  kpp_name,  wrf_name   CH3CO3H PAA 
  kpp_name,  wrf_name   IC3H7OOH PROOH 
  kpp_name,  wrf_name   H2SO4 SULF 
  ... testing  r2smh r2smh
 kpp_name,  wrf_name   ETHP RETHP 
  kpp_name,  wrf_name   XO2 RXO2 
  ... testing  crimech crimech
 kpp_name,  wrf_name   OH HO 
  kpp_name,  wrf_name   CH3COCH3 KET 
  kpp_name,  wrf_name   CH3CO3 ACO3 
  kpp_name,  wrf_name   CH3CO3H PAA 
  kpp_name,  wrf_name   IC3H7OOH PROOH 
  kpp_name,  wrf_name   H2SO4 SULF 
  ... testing  racm_soa_vbs racm_soa_vbs
 kpp_name,  wrf_name   PHO RPHO 
  ... testing  racmsorg racmsorg
 kpp_name,  wrf_name   PHO RPHO 
  ... testing  radm2sorg radm2sorg
 kpp_name,  wrf_name   OH HO 
  ... testing  saprc99_mosaic_4bin_vbs2 saprc99_mosaic_4bin_vbs2
 kpp_name,  wrf_name   OH HO 
  ... testing  racm_mim racm_mim
 kpp_name,  wrf_name   PHO RPHO 
  ... testing  cbmz_bb cbmz_bb
 kpp_name,  wrf_name   OH HO 
  kpp_name,  wrf_name   H2SO4 SULF 
  kpp_name,  wrf_name   C2H6 ETH 
  kpp_name,  wrf_name   ALD2 ALD 
  kpp_name,  wrf_name   AONE KET 
  kpp_name,  wrf_name   ETH OL2 
  kpp_name,  wrf_name   OLET OLT 
  kpp_name,  wrf_name   OLEI OLI 
  kpp_name,  wrf_name   CRES CSL 
  kpp_name,  wrf_name   ISOP ISO 
  kpp_name,  wrf_name   CH3OOH OP1 
  kpp_name,  wrf_name   ETHOOH OP2 
  kpp_name,  wrf_name   HCOOH ORA1 
  kpp_name,  wrf_name   RCOOH ORA2 
  kpp_name,  wrf_name   ANOL C2H5OH 
  kpp_name,  wrf_name   ROOH OP3 
  ... testing  cbmz_mosaic cbmz_mosaic
 kpp_name,  wrf_name   OH HO 
  kpp_name,  wrf_name   H2SO4 SULF 
  kpp_name,  wrf_name   C2H6 ETH 
  kpp_name,  wrf_name   ALD2 ALD 
  kpp_name,  wrf_name   AONE KET 
  kpp_name,  wrf_name   ETH OL2 
  kpp_name,  wrf_name   OLET OLT 
  kpp_name,  wrf_name   OLEI OLI 
  kpp_name,  wrf_name   CRES CSL 
  kpp_name,  wrf_name   ISOP ISO 
  kpp_name,  wrf_name   CH3OOH OP1 
  kpp_name,  wrf_name   ETHOOH OP2 
  kpp_name,  wrf_name   HCOOH ORA1 
  kpp_name,  wrf_name   RCOOH ORA2 
  kpp_name,  wrf_name   ANOL C2H5OH 
  kpp_name,  wrf_name   ROOH OP3 
  ... testing  radm2 radm2
 kpp_name,  wrf_name   OH HO 
  ... testing  racmsorg_aqchem racmsorg_aqchem
 kpp_name,  wrf_name   PHO RPHO 
  ... testing  cbm4 cbm4
 ... testing  cri_mosaic_8bin_aq cri_mosaic_8bin_aq
 kpp_name,  wrf_name   OH HO 
  kpp_name,  wrf_name   CH3COCH3 KET 
  kpp_name,  wrf_name   CH3CO3 ACO3 
  kpp_name,  wrf_name   CH3CO3H PAA 
  kpp_name,  wrf_name   IC3H7OOH PROOH 
  kpp_name,  wrf_name   H2SO4 SULF 
 khar44 next: screen_out 
khar5next: check_all 
next: change_chem_Makefile  
next: gen_kpp_mechanism_driver (writing chem/kpp_mechanism_driver.F) 
next: gen_call_to_kpp_mechanism_driver (writing inc/call_to_kpp_mech_drive.inc) 
next: gen_kpp_args_to_Update_Rconst (writing inc/args_to_update_rconst.inc and inc/<decls_update_rconst.inc) 
next: gen_kpp_interface (writing several module_kpp_* for each mechanism)
DONE gen_kpp 
 back from KPP coupler: check generated code in chem directory
end of compile_wkc
=========================================================
 
Compiling: WRF_EM_CORE .
 
setting parallel make -j 2
make -i -r MODULE_DIRS="-I../dyn_em -I../dyn_nmm   -I/global/scratch/azare/Josh/WRFV3/external/esmf_time_f90  -I/global/scratch/azare/Josh/WRFV3/main -I/global/scratch/azare/Josh/WRFV3/external/io_netcdf -I/global/scratch/azare/Josh/WRFV3/external/io_int -I/global/scratch/azare/Josh/WRFV3/frame -I/global/scratch/azare/Josh/WRFV3/share -I/global/scratch/azare/Josh/WRFV3/phys -I/global/scratch/azare/Josh/WRFV3/chem -I/global/scratch/azare/Josh/WRFV3/inc -I/global/software/sl-6.x86_64/modules/intel/2013_sp1.4.211/netcdf/4.3.2-intel-p/include " ext
make[1]: Entering directory `/global/scratch/azare/Josh/WRFV3'
--------------------------------------
( cd frame ; make -i -r externals )
make[2]: Entering directory `/global/scratch/azare/Josh/WRFV3/frame'
( cd /global/scratch/azare/Josh/WRFV3/external/esmf_time_f90 ; \
          make -j 2 FC="ifort -i4  -ip -fp-model precise -w -ftz -align all -fno-alias -FR -convert big_endian  " RANLIB="ranlib" \
          CPP="/lib/cpp -C -P -I/global/scratch/azare/Josh/WRFV3/inc -I. -DEM_CORE=1 -DNMM_CORE=0 -DNMM_MAX_DIM=2600 -DCOAMPS_CORE=0 -DDA_CORE=0 -DEXP_CORE=0 -DIWORDSIZE=4 -DDWORDSIZE=8 -DRWORDSIZE=4 -DLWORDSIZE=4 -DNONSTANDARD_SYSTEM_FUNC -DWRF_USE_CLM  -DDM_PARALLEL -DNETCDF -DUSE_ALLOCATABLES -DGRIB1 -DINTIO -DLIMIT_ARGS -DCONFIG_BUF_LEN=65536 -DMAX_DOMAINS_F=21 -DMAX_HISTORY=25 -DNMM_NEST=0 -traditional" AR="ar" ARFLAGS="ru" )
make[3]: Entering directory `/global/scratch/azare/Josh/WRFV3/external/esmf_time_f90'
make[3]: Nothing to be done for `default'.
make[3]: Leaving directory `/global/scratch/azare/Josh/WRFV3/external/esmf_time_f90'
( cd /global/scratch/azare/Josh/WRFV3/external/io_netcdf ; \
          make -j 2 NETCDFPATH="/global/software/sl-6.x86_64/modules/intel/2013_sp1.4.211/netcdf/4.3.2-intel-p" RANLIB="ranlib" CPP="/lib/cpp -C -P" \
          CC="icc" CFLAGS="-w -O2 -ip  -DDM_PARALLEL -DMAX_HISTORY=25 -DNMM_CORE=0" \
          FC="ifort -i4  -O2 -ip -fp-model precise -w -ftz -align all -fno-alias -FR -convert big_endian  " TRADFLAG="-traditional" AR="ar" ARFLAGS="ru" )
make[3]: Entering directory `/global/scratch/azare/Josh/WRFV3/external/io_netcdf'
make[3]: Nothing to be done for `all'.
make[3]: Leaving directory `/global/scratch/azare/Josh/WRFV3/external/io_netcdf'
( cd /global/scratch/azare/Josh/WRFV3/external/ioapi_share ; \
          make -i -r NATIVE_RWORDSIZE="4" RWORDSIZE="4" AR="ar" ARFLAGS="ru" )
make[3]: Entering directory `/global/scratch/azare/Josh/WRFV3/external/ioapi_share'
( /bin/rm -f ../../inc/wrf_io_flags.h foo_io_flags.h; \
	/bin/cp wrf_io_flags.h foo_io_flags.h; \
	if [ 4 -ne 4 ] ; then \
	  /bin/rm -f foo_io_flags.h; \
	  sed -e 's/104/105/' wrf_io_flags.h > foo_io_flags.h ;\
	fi ; \
	/bin/mv foo_io_flags.h ../../inc/wrf_io_flags.h )
make[3]: Leaving directory `/global/scratch/azare/Josh/WRFV3/external/ioapi_share'
( cd /global/scratch/azare/Josh/WRFV3/external/io_grib_share ; \
          make -j 2 CC="icc" CFLAGS="-w -O2 -ip  -DDM_PARALLEL -DMAX_HISTORY=25 -DNMM_CORE=0" RM="rm -f" RANLIB="ranlib" CPP="/lib/cpp -C -P" \
          FC="ifort -i4 -I.  -ip -fp-model precise -w -ftz -align all -fno-alias -FR -convert big_endian   " TRADFLAG="-traditional" AR="ar" ARFLAGS="ru" archive) 
make[3]: Entering directory `/global/scratch/azare/Josh/WRFV3/external/io_grib_share'
make[4]: Entering directory `/global/scratch/azare/Josh/WRFV3/external/io_grib_share'
ar ru ./libio_grib_share.a io_grib_share.o get_region_center.o gridnav.o open_file.o
ranlib ./libio_grib_share.a
make[4]: Leaving directory `/global/scratch/azare/Josh/WRFV3/external/io_grib_share'
make[3]: Leaving directory `/global/scratch/azare/Josh/WRFV3/external/io_grib_share'
( cd /global/scratch/azare/Josh/WRFV3/external/io_grib1 ; \
          make -j 2 CC="icc" CFLAGS="-w -O2 -ip  -DDM_PARALLEL -DMAX_HISTORY=25 -DNMM_CORE=0" RM="rm -f" RANLIB="ranlib" CPP="/lib/cpp -C -P" \
          FC="ifort -i4 -I.  -ip -fp-model precise -w -ftz -align all -fno-alias -FR -convert big_endian   " TRADFLAG="-traditional" AR="ar" ARFLAGS="ru" archive)
make[3]: Entering directory `/global/scratch/azare/Josh/WRFV3/external/io_grib1'
        Doing make archive on library subdirectory MEL_grib1
make[4]: Entering directory `/global/scratch/azare/Josh/WRFV3/external/io_grib1/MEL_grib1'
make[5]: Entering directory `/global/scratch/azare/Josh/WRFV3/external/io_grib1/MEL_grib1'
ar ru ../libio_grib1.a FTP_getfile.o apply_bitmap.o display_gribhdr.o gbyte.o grib_dec.o grib_enc.o grib_seek.o gribgetbds.o gribgetbms.o gribgetgds.o gribgetpds.o gribhdr2file.o gribputbds.o gribputgds.o gribputpds.o hdr_print.o init_dec_struct.o init_enc_struct.o init_gribhdr.o init_struct.o ld_dec_lookup.o ld_enc_input.o ld_enc_lookup.o ld_grib_origctrs.o make_default_grbfn.o make_grib_log.o map_lvl.o map_parm.o pack_spatial.o prt_inp_struct.o upd_child_errmsg.o prt_badmsg.o swap.o grib_uthin.o set_bytes.o
ranlib ../libio_grib1.a
make[5]: Leaving directory `/global/scratch/azare/Josh/WRFV3/external/io_grib1/MEL_grib1'
make[4]: Leaving directory `/global/scratch/azare/Josh/WRFV3/external/io_grib1/MEL_grib1'
        Doing make archive on library subdirectory grib1_util
make[4]: Entering directory `/global/scratch/azare/Josh/WRFV3/external/io_grib1/grib1_util'
make[5]: Entering directory `/global/scratch/azare/Josh/WRFV3/external/io_grib1/grib1_util'
ar ru ../libio_grib1.a alloc_2d.o read_grib.o write_grib.o
ranlib ../libio_grib1.a
make[5]: Leaving directory `/global/scratch/azare/Josh/WRFV3/external/io_grib1/grib1_util'
make[4]: Leaving directory `/global/scratch/azare/Josh/WRFV3/external/io_grib1/grib1_util'
        Doing make archive on library subdirectory WGRIB
make[4]: Entering directory `/global/scratch/azare/Josh/WRFV3/external/io_grib1/WGRIB'
make[4]: Nothing to be done for `archive'.
make[4]: Leaving directory `/global/scratch/azare/Josh/WRFV3/external/io_grib1/WGRIB'
make[4]: Entering directory `/global/scratch/azare/Josh/WRFV3/external/io_grib1'
ar ru ./libio_grib1.a grib1_routines.o gribmap.o io_grib1.o trim.o
ranlib ./libio_grib1.a
make[4]: Leaving directory `/global/scratch/azare/Josh/WRFV3/external/io_grib1'
make[3]: Leaving directory `/global/scratch/azare/Josh/WRFV3/external/io_grib1'
( cd /global/scratch/azare/Josh/WRFV3/external/io_int ; \
          make -j 2 CC="mpicc -cc=icc -DMPI2_SUPPORT -DFSEEKO64_OK " RM="rm -f" RANLIB="ranlib" CPP="/lib/cpp -C -P" \
          FC="mpif90 -f90=ifort -i4  -ip -fp-model precise -w -ftz -align all -fno-alias -FR -convert big_endian   " FGREP="fgrep -iq" \
          TRADFLAG="-traditional" AR="ar" ARFLAGS="ru" ARCHFLAGS="-DEM_CORE=1 -DNMM_CORE=0 -DNMM_MAX_DIM=2600 -DCOAMPS_CORE=0 -DDA_CORE=0 -DEXP_CORE=0 -DIWORDSIZE=4 -DDWORDSIZE=8 -DRWORDSIZE=4 -DLWORDSIZE=4 -DNONSTANDARD_SYSTEM_FUNC -DWRF_USE_CLM  -DDM_PARALLEL -DNETCDF -DUSE_ALLOCATABLES -DGRIB1 -DINTIO -DLIMIT_ARGS -DCONFIG_BUF_LEN=65536 -DMAX_DOMAINS_F=21 -DMAX_HISTORY=25 -DNMM_NEST=0" all )
make[3]: Entering directory `/global/scratch/azare/Josh/WRFV3/external/io_int'
Diffwrf io_int will be built later on in this compile. No need to rerun compile. 
Diffwrf io_int will be built later on in this compile. No need to rerun compile. 
Diffwrf io_int will be built later on in this compile. No need to rerun compile. 
Diffwrf io_int will be built later on in this compile. No need to rerun compile. 
Diffwrf io_int will be built later on in this compile. No need to rerun compile. 
Diffwrf io_int will be built later on in this compile. No need to rerun compile. 
if [ -f ../../frame/pack_utils.o -a -f ../../frame/clog.o ] ; then \
	  mpif90 -f90=ifort -i4  -ip -fp-model precise -w -ftz -align all -fno-alias -FR -convert big_endian    -O2 -ip -fp-model precise -w -ftz -align all -fno-alias -FR -convert big_endian    -I../ioapi_share -o diffwrf diffwrf.f \
		../../frame/pack_utils.o ../../frame/module_internal_header_util.o ../../frame/module_driver_constants.o ../../frame/module_machine.o ../../frame/module_wrf_error.o ../../frame/wrf_debug.o  libwrfio_int.a ; \
	fi
make[3]: Leaving directory `/global/scratch/azare/Josh/WRFV3/external/io_int'
( cd /global/scratch/azare/Josh/WRFV3/external/fftpack/fftpack5 ; \
          make -j 2 FC="ifort" FFLAGS="-i4  -ip -fp-model precise -w -ftz -align all -fno-alias -FR -convert big_endian  " RANLIB="ranlib" AR="ar" ARFLAGS="ru" )
make[3]: Entering directory `/global/scratch/azare/Josh/WRFV3/external/fftpack/fftpack5'
ar ru libfftpack.a c1f2kb.o c1f2kf.o c1f3kb.o c1f3kf.o c1f4kb.o c1f4kf.o c1f5kb.o c1f5kf.o c1fgkb.o c1fgkf.o c1fm1b.o c1fm1f.o cfft1b.o cfft1f.o cfft1i.o cfft2b.o cfft2f.o cfft2i.o cfftmb.o cfftmf.o cfftmi.o cmf2kb.o cmf2kf.o cmf3kb.o cmf3kf.o cmf4kb.o cmf4kf.o cmf5kb.o cmf5kf.o cmfgkb.o cmfgkf.o cmfm1b.o cmfm1f.o cosq1b.o cosq1f.o cosq1i.o cosqb1.o cosqf1.o cosqmb.o cosqmf.o cosqmi.o cost1b.o cost1f.o cost1i.o costb1.o costf1.o costmb.o costmf.o costmi.o factor.o mcfti1.o mcsqb1.o mcsqf1.o mcstb1.o mcstf1.o mradb2.o mradb3.o mradb4.o mradb5.o mradbg.o mradf2.o mradf3.o mradf4.o mradf5.o mradfg.o mrftb1.o mrftf1.o mrfti1.o msntb1.o msntf1.o r1f2kb.o r1f2kf.o r1f3kb.o r1f3kf.o r1f4kb.o r1f4kf.o r1f5kb.o r1f5kf.o r1fgkb.o r1fgkf.o rfft1b.o rfft1f.o rfft1i.o rfft2b.o rfft2f.o rfft2i.o rfftb1.o rfftf1.o rffti1.o rfftmb.o rfftmf.o rfftmi.o sinq1b.o sinq1f.o sinq1i.o sinqmb.o sinqmf.o sinqmi.o sint1b.o sint1f.o sint1i.o sintb1.o sintf1.o sintmb.o sintmf.o sintmi.o tables.o xercon.o xerfft.o
ranlib libfftpack.a
make[3]: Leaving directory `/global/scratch/azare/Josh/WRFV3/external/fftpack/fftpack5'
( if [ ! -e /global/scratch/azare/Josh/WRFV3/tools/gen_comms.c ] ; then \
          /bin/cp /global/scratch/azare/Josh/WRFV3/tools/gen_comms_warning /global/scratch/azare/Josh/WRFV3/tools/gen_comms.c ; \
          cat /global/scratch/azare/Josh/WRFV3/external/RSL_LITE/gen_comms.c >> /global/scratch/azare/Josh/WRFV3/tools/gen_comms.c ; fi )
( if [ ! -e module_dm.F ] ; then /bin/cp module_dm_warning module_dm.F ; \
          cat /global/scratch/azare/Josh/WRFV3/external/RSL_LITE/module_dm.F >> module_dm.F ; fi )
make[2]: Leaving directory `/global/scratch/azare/Josh/WRFV3/frame'
make[1]: Leaving directory `/global/scratch/azare/Josh/WRFV3'
make -i -r MODULE_DIRS="-I../dyn_em -I../dyn_nmm   -I/global/scratch/azare/Josh/WRFV3/external/esmf_time_f90  -I/global/scratch/azare/Josh/WRFV3/main -I/global/scratch/azare/Josh/WRFV3/external/io_netcdf -I/global/scratch/azare/Josh/WRFV3/external/io_int -I/global/scratch/azare/Josh/WRFV3/frame -I/global/scratch/azare/Josh/WRFV3/share -I/global/scratch/azare/Josh/WRFV3/phys -I/global/scratch/azare/Josh/WRFV3/chem -I/global/scratch/azare/Josh/WRFV3/inc -I/global/software/sl-6.x86_64/modules/intel/2013_sp1.4.211/netcdf/4.3.2-intel-p/include " toolsdir
make[1]: Entering directory `/global/scratch/azare/Josh/WRFV3'
--------------------------------------
( cd tools ; make -i -r CC_TOOLS_CFLAGS="-DNMM_CORE=0" CC_TOOLS="icc  -DIWORDSIZE=4 -DMAX_HISTORY=25" )
make[2]: Entering directory `/global/scratch/azare/Josh/WRFV3/tools'
icc  -DIWORDSIZE=4 -DMAX_HISTORY=25 -DNMM_CORE=0  -c -g  registry.c
icc  -DIWORDSIZE=4 -DMAX_HISTORY=25 -DNMM_CORE=0  -c -g  my_strtok.c
icc  -DIWORDSIZE=4 -DMAX_HISTORY=25 -DNMM_CORE=0  -c -g  reg_parse.c
icc  -DIWORDSIZE=4 -DMAX_HISTORY=25 -DNMM_CORE=0  -c -g  data.c
icc  -DIWORDSIZE=4 -DMAX_HISTORY=25 -DNMM_CORE=0  -c -g  type.c
icc  -DIWORDSIZE=4 -DMAX_HISTORY=25 -DNMM_CORE=0  -c -g  misc.c
icc  -DIWORDSIZE=4 -DMAX_HISTORY=25 -DNMM_CORE=0  -c -g  gen_defs.c
icc  -DIWORDSIZE=4 -DMAX_HISTORY=25 -DNMM_CORE=0  -c -g  gen_allocs.c
icc  -DIWORDSIZE=4 -DMAX_HISTORY=25 -DNMM_CORE=0  -c -g  gen_mod_state_descr.c
icc  -DIWORDSIZE=4 -DMAX_HISTORY=25 -DNMM_CORE=0  -c -g  gen_scalar_indices.c
icc  -DIWORDSIZE=4 -DMAX_HISTORY=25 -DNMM_CORE=0  -c -g  gen_args.c
icc  -DIWORDSIZE=4 -DMAX_HISTORY=25 -DNMM_CORE=0  -c -g  gen_config.c
icc  -DIWORDSIZE=4 -DMAX_HISTORY=25 -DNMM_CORE=0  -c -g  sym.c
icc  -DIWORDSIZE=4 -DMAX_HISTORY=25 -DNMM_CORE=0  -c -g  symtab_gen.c
icc  -DIWORDSIZE=4 -DMAX_HISTORY=25 -DNMM_CORE=0  -c -g  gen_model_data_ord.c
icc  -DIWORDSIZE=4 -DMAX_HISTORY=25 -DNMM_CORE=0  -c -g  gen_interp.c
icc  -DIWORDSIZE=4 -DMAX_HISTORY=25 -DNMM_CORE=0  -c -g  gen_comms.c
icc  -DIWORDSIZE=4 -DMAX_HISTORY=25 -DNMM_CORE=0  -c -g  gen_scalar_derefs.c
icc  -DIWORDSIZE=4 -DMAX_HISTORY=25 -DNMM_CORE=0  -c -g  set_dim_strs.c
icc  -DIWORDSIZE=4 -DMAX_HISTORY=25 -DNMM_CORE=0  -c -g  gen_wrf_io.c
icc  -DIWORDSIZE=4 -DMAX_HISTORY=25 -DNMM_CORE=0  -c -g  gen_streams.c
icc  -DIWORDSIZE=4 -DMAX_HISTORY=25 -DNMM_CORE=0  -c -g  standard.c
icc  -DIWORDSIZE=4 -DMAX_HISTORY=25 -o standard.exe -g   standard.o
icc  -DIWORDSIZE=4 -DMAX_HISTORY=25 -o registry -g   registry.o my_strtok.o reg_parse.o data.o type.o misc.o gen_defs.o gen_allocs.o gen_mod_state_descr.o gen_scalar_indices.o gen_args.o gen_config.o sym.o symtab_gen.o gen_model_data_ord.o gen_interp.o gen_comms.o gen_scalar_derefs.o set_dim_strs.o gen_wrf_io.o gen_streams.o
make[2]: Leaving directory `/global/scratch/azare/Josh/WRFV3/tools'
make[1]: Leaving directory `/global/scratch/azare/Josh/WRFV3'
/bin/rm -f main/libwrflib.a main/libwrflib.lib
make -i -r MODULE_DIRS="-I../dyn_em -I../dyn_nmm   -I/global/scratch/azare/Josh/WRFV3/external/esmf_time_f90  -I/global/scratch/azare/Josh/WRFV3/main -I/global/scratch/azare/Josh/WRFV3/external/io_netcdf -I/global/scratch/azare/Josh/WRFV3/external/io_int -I/global/scratch/azare/Josh/WRFV3/frame -I/global/scratch/azare/Josh/WRFV3/share -I/global/scratch/azare/Josh/WRFV3/phys -I/global/scratch/azare/Josh/WRFV3/chem -I/global/scratch/azare/Josh/WRFV3/inc -I/global/software/sl-6.x86_64/modules/intel/2013_sp1.4.211/netcdf/4.3.2-intel-p/include " framework
make[1]: Entering directory `/global/scratch/azare/Josh/WRFV3'
--------------------------------------
( cd frame ; make -i -r -j 2 framework; \
          cd ../external/io_netcdf ; \
          make -i -r NETCDFPATH="/global/software/sl-6.x86_64/modules/intel/2013_sp1.4.211/netcdf/4.3.2-intel-p" FC="ifort -ip -fp-model precise -w -ftz -align all -fno-alias -FR -convert big_endian  " RANLIB="ranlib" \
               CPP="/lib/cpp -C -P" LDFLAGS=" -O2 -ip -fp-model precise -w -ftz -align all -fno-alias -FR -convert big_endian   -ip  " TRADFLAG="-traditional" ESMF_IO_LIB_EXT="-L/global/scratch/azare/Josh/WRFV3/external/esmf_time_f90 -lesmf_time" \
	       LIB_LOCAL="" \
               ESMF_MOD_DEPENDENCE="/global/scratch/azare/Josh/WRFV3/external/esmf_time_f90/module_utility.o" AR="INTERNAL_BUILD_ERROR_SHOULD_NOT_NEED_AR" diffwrf; \
          cd ../io_int ; \
          make -i -r SFC="ifort -ip -fp-model precise -w -ftz -align all -fno-alias -FR -convert big_endian  " FC="ifort -ip -fp-model precise -w -ftz -align all -fno-alias -FR -convert big_endian  " RANLIB="ranlib" CPP="/lib/cpp -C -P -DNONSTANDARD_SYSTEM_FUNC -DWRF_USE_CLM" DM_FC="mpif90 -f90=ifort -ip -fp-model precise -w -ftz -align all -fno-alias -FR -convert big_endian  "\
               TRADFLAG="-traditional" ESMF_IO_LIB_EXT="-L/global/scratch/azare/Josh/WRFV3/external/esmf_time_f90 -lesmf_time" \
               ESMF_MOD_DEPENDENCE="/global/scratch/azare/Josh/WRFV3/external/esmf_time_f90/module_utility.o" AR="INTERNAL_BUILD_ERROR_SHOULD_NOT_NEED_AR" diffwrf ; \
          cd ../../frame )
make[2]: Entering directory `/global/scratch/azare/Josh/WRFV3/frame'
( cd .. ; tools/registry -DEM_CORE=1 -DNMM_CORE=0 -DNMM_MAX_DIM=2600 -DCOAMPS_CORE=0 -DDA_CORE=0 -DEXP_CORE=0 -DIWORDSIZE=4 -DDWORDSIZE=8 -DRWORDSIZE=4 -DLWORDSIZE=4 -DNONSTANDARD_SYSTEM_FUNC -DWRF_USE_CLM  -DDM_PARALLEL -DNETCDF -DUSE_ALLOCATABLES -DGRIB1 -DINTIO -DLIMIT_ARGS -DCONFIG_BUF_LEN=65536 -DMAX_DOMAINS_F=21 -DMAX_HISTORY=25 -DNMM_NEST=0 -DWRF_CHEM -DBUILD_CHEM=1 -DWRF_KPP -DNEW_BDYS Registry/Registry ) ; 
rm -f wrf_shutdown.o
/lib/cpp -C -P -I/global/scratch/azare/Josh/WRFV3/inc -DEM_CORE=1 -DNMM_CORE=0 -DNMM_MAX_DIM=2600 -DCOAMPS_CORE=0 -DDA_CORE=0 -DEXP_CORE=0 -DIWORDSIZE=4 -DDWORDSIZE=8 -DRWORDSIZE=4 -DLWORDSIZE=4 -DNONSTANDARD_SYSTEM_FUNC -DWRF_USE_CLM  -DDM_PARALLEL -DNETCDF -DUSE_ALLOCATABLES -DGRIB1 -DINTIO -DLIMIT_ARGS -DCONFIG_BUF_LEN=65536 -DMAX_DOMAINS_F=21 -DMAX_HISTORY=25 -DNMM_NEST=0 -DWRF_CHEM -DBUILD_CHEM=1 -DWRF_KPP -I. -traditional   wrf_shutdown.F  > wrf_shutdown.bb
opening Registry/registry.dimspec
including Registry/registry.dimspec
opening Registry/Registry.EM_COMMON
including Registry/Registry.EM_COMMON
/global/scratch/azare/Josh/WRFV3/tools/standard.exe wrf_shutdown.bb | /lib/cpp -C -P > wrf_shutdown.f90
rm -f wrf_shutdown.b wrf_shutdown.bb
opening Registry/registry.io_boilerplate
including Registry/registry.io_boilerplate
opening Registry/io_boilerplate_temporary.inc
including Registry/io_boilerplate_temporary.inc
opening Registry/registry.chem
including Registry/registry.chem
mpif90 -f90=ifort -o wrf_shutdown.o -c -O2 -ip -fp-model precise -w -ftz -align all -fno-alias -FR -convert big_endian    -I../dyn_em -I../dyn_nmm   -I/global/scratch/azare/Josh/WRFV3/external/esmf_time_f90  -I/global/scratch/azare/Josh/WRFV3/main -I/global/scratch/azare/Josh/WRFV3/external/io_netcdf -I/global/scratch/azare/Josh/WRFV3/external/io_int -I/global/scratch/azare/Josh/WRFV3/frame -I/global/scratch/azare/Josh/WRFV3/share -I/global/scratch/azare/Josh/WRFV3/phys -I/global/scratch/azare/Josh/WRFV3/chem -I/global/scratch/azare/Josh/WRFV3/inc -I/global/software/sl-6.x86_64/modules/intel/2013_sp1.4.211/netcdf/4.3.2-intel-p/include  -i4  wrf_shutdown.f90
rm -f clog.o
mpicc -cc=icc -DMPI2_SUPPORT -DFSEEKO64_OK  -o clog.o -c -w -O2 -ip  -DDM_PARALLEL -DMAX_HISTORY=25 -DNMM_CORE=0 clog.c
opening Registry/registry.fire
including Registry/registry.fire
opening Registry/registry.avgflx
including Registry/registry.avgflx
opening Registry/registry.stoch
including Registry/registry.stoch
opening Registry/registry.les
including Registry/registry.les
opening Registry/registry.cam
including Registry/registry.cam
opening Registry/registry.clm
including Registry/registry.clm
opening Registry/registry.ssib
including Registry/registry.ssib
opening Registry/registry.diags
including Registry/registry.diags
opening Registry/registry.bdy_perturb
including Registry/registry.bdy_perturb
rm -f hires_timer.o
mpicc -cc=icc -DMPI2_SUPPORT -DFSEEKO64_OK  -o hires_timer.o -c -w -O2 -ip  -DDM_PARALLEL -DMAX_HISTORY=25 -DNMM_CORE=0 hires_timer.c
rm -f module_sm.o
/lib/cpp -C -P -I/global/scratch/azare/Josh/WRFV3/inc -DEM_CORE=1 -DNMM_CORE=0 -DNMM_MAX_DIM=2600 -DCOAMPS_CORE=0 -DDA_CORE=0 -DEXP_CORE=0 -DIWORDSIZE=4 -DDWORDSIZE=8 -DRWORDSIZE=4 -DLWORDSIZE=4 -DNONSTANDARD_SYSTEM_FUNC -DWRF_USE_CLM  -DDM_PARALLEL -DNETCDF -DUSE_ALLOCATABLES -DGRIB1 -DINTIO -DLIMIT_ARGS -DCONFIG_BUF_LEN=65536 -DMAX_DOMAINS_F=21 -DMAX_HISTORY=25 -DNMM_NEST=0 -DWRF_CHEM -DBUILD_CHEM=1 -DWRF_KPP -I. -traditional   module_sm.F  > module_sm.bb
/global/scratch/azare/Josh/WRFV3/tools/standard.exe module_sm.bb | /lib/cpp -C -P > module_sm.f90
rm -f module_sm.b module_sm.bb
mpif90 -f90=ifort -o module_sm.o -c -O2 -ip -fp-model precise -w -ftz -align all -fno-alias -FR -convert big_endian    -I../dyn_em -I../dyn_nmm   -I/global/scratch/azare/Josh/WRFV3/external/esmf_time_f90  -I/global/scratch/azare/Josh/WRFV3/main -I/global/scratch/azare/Josh/WRFV3/external/io_netcdf -I/global/scratch/azare/Josh/WRFV3/external/io_int -I/global/scratch/azare/Josh/WRFV3/frame -I/global/scratch/azare/Josh/WRFV3/share -I/global/scratch/azare/Josh/WRFV3/phys -I/global/scratch/azare/Josh/WRFV3/chem -I/global/scratch/azare/Josh/WRFV3/inc -I/global/software/sl-6.x86_64/modules/intel/2013_sp1.4.211/netcdf/4.3.2-intel-p/include  -i4  module_sm.f90
if [ "m4" = NA ] ; then \
	  /bin/cp ../arch/md_calls.inc . ; \
	else \
	  m4 md_calls.m4 > md_calls.inc ; \
	fi
/lib/cpp -C -P -DEM_CORE=1 -DNMM_CORE=0 -DNMM_MAX_DIM=2600 -DCOAMPS_CORE=0 -DDA_CORE=0 -DEXP_CORE=0 -DIWORDSIZE=4 -DDWORDSIZE=8 -DRWORDSIZE=4 -DLWORDSIZE=4 -DNONSTANDARD_SYSTEM_FUNC -DWRF_USE_CLM  -DDM_PARALLEL -DNETCDF -DUSE_ALLOCATABLES -DGRIB1 -DINTIO -DLIMIT_ARGS -DCONFIG_BUF_LEN=65536 -DMAX_DOMAINS_F=21 -DMAX_HISTORY=25 -DNMM_NEST=0 -DWRF_CHEM -DBUILD_CHEM=1 -DWRF_KPP -I. -traditional  -I../inc module_internal_header_util.F > module_internal_header_util.f90
ifort -c -i4   -ip -fp-model precise -w -ftz -align all -fno-alias -FR -convert big_endian   module_internal_header_util.f90
mpicc -cc=icc -DMPI2_SUPPORT -DFSEEKO64_OK  -c -w -O2 -ip  -DDM_PARALLEL -DMAX_HISTORY=25 -DNMM_CORE=0 wrf_num_bytes_between.c
rm -f libmassv.o
/lib/cpp -C -P -I/global/scratch/azare/Josh/WRFV3/inc -DEM_CORE=1 -DNMM_CORE=0 -DNMM_MAX_DIM=2600 -DCOAMPS_CORE=0 -DDA_CORE=0 -DEXP_CORE=0 -DIWORDSIZE=4 -DDWORDSIZE=8 -DRWORDSIZE=4 -DLWORDSIZE=4 -DNONSTANDARD_SYSTEM_FUNC -DWRF_USE_CLM  -DDM_PARALLEL -DNETCDF -DUSE_ALLOCATABLES -DGRIB1 -DINTIO -DLIMIT_ARGS -DCONFIG_BUF_LEN=65536 -DMAX_DOMAINS_F=21 -DMAX_HISTORY=25 -DNMM_NEST=0 -DWRF_CHEM -DBUILD_CHEM=1 -DWRF_KPP -I. -traditional   libmassv.F  > libmassv.bb
Registry INFO variable counts: 0d 2134 1d 112 2d 982 3d 1005
/global/scratch/azare/Josh/WRFV3/tools/standard.exe libmassv.bb | /lib/cpp -C -P > libmassv.f90
rm -f libmassv.b libmassv.bb
mpif90 -f90=ifort -o libmassv.o -c -O2 -ip -fp-model precise -w -ftz -align all -fno-alias -FR -convert big_endian    -I../dyn_em -I../dyn_nmm   -I/global/scratch/azare/Josh/WRFV3/external/esmf_time_f90  -I/global/scratch/azare/Josh/WRFV3/main -I/global/scratch/azare/Josh/WRFV3/external/io_netcdf -I/global/scratch/azare/Josh/WRFV3/external/io_int -I/global/scratch/azare/Josh/WRFV3/frame -I/global/scratch/azare/Josh/WRFV3/share -I/global/scratch/azare/Josh/WRFV3/phys -I/global/scratch/azare/Josh/WRFV3/chem -I/global/scratch/azare/Josh/WRFV3/inc -I/global/software/sl-6.x86_64/modules/intel/2013_sp1.4.211/netcdf/4.3.2-intel-p/include  -i4  libmassv.f90
rm -f collect_on_comm.o
mpicc -cc=icc -DMPI2_SUPPORT -DFSEEKO64_OK  -o collect_on_comm.o -c -w -O2 -ip  -DDM_PARALLEL -DMAX_HISTORY=25 -DNMM_CORE=0 collect_on_comm.c
mpicc -cc=icc -DMPI2_SUPPORT -DFSEEKO64_OK  -c -w -O2 -ip  -DDM_PARALLEL -DMAX_HISTORY=25 -DNMM_CORE=0 -DIWORDSIZE=4 pack_utils.c
rm -f module_wrf_error.o
/lib/cpp -C -P -I/global/scratch/azare/Josh/WRFV3/inc -DEM_CORE=1 -DNMM_CORE=0 -DNMM_MAX_DIM=2600 -DCOAMPS_CORE=0 -DDA_CORE=0 -DEXP_CORE=0 -DIWORDSIZE=4 -DDWORDSIZE=8 -DRWORDSIZE=4 -DLWORDSIZE=4 -DNONSTANDARD_SYSTEM_FUNC -DWRF_USE_CLM  -DDM_PARALLEL -DNETCDF -DUSE_ALLOCATABLES -DGRIB1 -DINTIO -DLIMIT_ARGS -DCONFIG_BUF_LEN=65536 -DMAX_DOMAINS_F=21 -DMAX_HISTORY=25 -DNMM_NEST=0 -DWRF_CHEM -DBUILD_CHEM=1 -DWRF_KPP -I. -traditional   module_wrf_error.F  > module_wrf_error.bb
/global/scratch/azare/Josh/WRFV3/tools/standard.exe module_wrf_error.bb | /lib/cpp -C -P > module_wrf_error.f90
rm -f module_wrf_error.b module_wrf_error.bb
WARNING: dvel_pmn is not a member of 4D array dvel
WARNING: dvel_glyci is not a member of 4D array dvel
mpif90 -f90=ifort -o module_wrf_error.o -c -O2 -ip -fp-model precise -w -ftz -align all -fno-alias -FR -convert big_endian    -I../dyn_em -I../dyn_nmm   -I/global/scratch/azare/Josh/WRFV3/external/esmf_time_f90  -I/global/scratch/azare/Josh/WRFV3/main -I/global/scratch/azare/Josh/WRFV3/external/io_netcdf -I/global/scratch/azare/Josh/WRFV3/external/io_int -I/global/scratch/azare/Josh/WRFV3/frame -I/global/scratch/azare/Josh/WRFV3/share -I/global/scratch/azare/Josh/WRFV3/phys -I/global/scratch/azare/Josh/WRFV3/chem -I/global/scratch/azare/Josh/WRFV3/inc -I/global/software/sl-6.x86_64/modules/intel/2013_sp1.4.211/netcdf/4.3.2-intel-p/include  -i4  module_wrf_error.f90
REGISTRY WARNING: o3rad: o3rad_b is not a variable or number; ignoring it
REGISTRY WARNING: o3rad: o3rad_bt is not a variable or number; ignoring it
REGISTRY WARNING: aerod(grid%sm31,grid%sm32,grid%sm33,itrace): aerod_b is not a variable or number; ignoring it
REGISTRY WARNING: aerod(grid%sm31,grid%sm32,grid%sm33,itrace): aerod_bt is not a variable or number; ignoring it
REGISTRY WARNING: om_tmp: om_tmp_b is not a variable or number; ignoring it
REGISTRY WARNING: om_tmp: om_tmp_bt is not a variable or number; ignoring it
REGISTRY WARNING: om_s: om_s_b is not a variable or number; ignoring it
REGISTRY WARNING: om_s: om_s_bt is not a variable or number; ignoring it
REGISTRY WARNING: om_u: om_u_b is not a variable or number; ignoring it
REGISTRY WARNING: om_u: om_u_bt is not a variable or number; ignoring it
REGISTRY WARNING: om_v: om_v_b is not a variable or number; ignoring it
REGISTRY WARNING: om_v: om_v_bt is not a variable or number; ignoring it
REGISTRY WARNING: om_ml: om_ml_b is not a variable or number; ignoring it
REGISTRY WARNING: om_ml: om_ml_bt is not a variable or number; ignoring it
REGISTRY WARNING: ru_tendf_stoch: ru_tendf_stoch_b is not a variable or number; ignoring it
REGISTRY WARNING: ru_tendf_stoch: ru_tendf_stoch_bt is not a variable or number; ignoring it
REGISTRY WARNING: rv_tendf_stoch: rv_tendf_stoch_b is not a variable or number; ignoring it
REGISTRY WARNING: rv_tendf_stoch: rv_tendf_stoch_bt is not a variable or number; ignoring it
REGISTRY WARNING: rt_tendf_stoch: rt_tendf_stoch_b is not a variable or number; ignoring it
REGISTRY WARNING: rt_tendf_stoch: rt_tendf_stoch_bt is not a variable or number; ignoring it
REGISTRY WARNING: field_u_tend_perturb: field_u_tend_perturb_b is not a variable or number; ignoring it
REGISTRY WARNING: field_u_tend_perturb: field_u_tend_perturb_bt is not a variable or number; ignoring it
REGISTRY WARNING: field_v_tend_perturb: field_v_tend_perturb_b is not a variable or number; ignoring it
REGISTRY WARNING: field_v_tend_perturb: field_v_tend_perturb_bt is not a variable or number; ignoring it
REGISTRY WARNING: field_t_tend_perturb: field_t_tend_perturb_b is not a variable or number; ignoring it
REGISTRY WARNING: field_t_tend_perturb: field_t_tend_perturb_bt is not a variable or number; ignoring it
rm -f wrf_debug.o
/lib/cpp -C -P -I/global/scratch/azare/Josh/WRFV3/inc -DEM_CORE=1 -DNMM_CORE=0 -DNMM_MAX_DIM=2600 -DCOAMPS_CORE=0 -DDA_CORE=0 -DEXP_CORE=0 -DIWORDSIZE=4 -DDWORDSIZE=8 -DRWORDSIZE=4 -DLWORDSIZE=4 -DNONSTANDARD_SYSTEM_FUNC -DWRF_USE_CLM  -DDM_PARALLEL -DNETCDF -DUSE_ALLOCATABLES -DGRIB1 -DINTIO -DLIMIT_ARGS -DCONFIG_BUF_LEN=65536 -DMAX_DOMAINS_F=21 -DMAX_HISTORY=25 -DNMM_NEST=0 -DWRF_CHEM -DBUILD_CHEM=1 -DWRF_KPP -I. -traditional   wrf_debug.F  > wrf_debug.bb
/global/scratch/azare/Josh/WRFV3/tools/standard.exe wrf_debug.bb | /lib/cpp -C -P > wrf_debug.f90
rm -f wrf_debug.b wrf_debug.bb
mpif90 -f90=ifort -o wrf_debug.o -c -O2 -ip -fp-model precise -w -ftz -align all -fno-alias -FR -convert big_endian    -I../dyn_em -I../dyn_nmm   -I/global/scratch/azare/Josh/WRFV3/external/esmf_time_f90  -I/global/scratch/azare/Josh/WRFV3/main -I/global/scratch/azare/Josh/WRFV3/external/io_netcdf -I/global/scratch/azare/Josh/WRFV3/external/io_int -I/global/scratch/azare/Josh/WRFV3/frame -I/global/scratch/azare/Josh/WRFV3/share -I/global/scratch/azare/Josh/WRFV3/phys -I/global/scratch/azare/Josh/WRFV3/chem -I/global/scratch/azare/Josh/WRFV3/inc -I/global/software/sl-6.x86_64/modules/intel/2013_sp1.4.211/netcdf/4.3.2-intel-p/include  -i4  wrf_debug.f90
ADVISORY: RSL_LITE version of gen_comms is linked in with registry program.
rm -f module_state_description.o
/lib/cpp -C -P -I/global/scratch/azare/Josh/WRFV3/inc -DEM_CORE=1 -DNMM_CORE=0 -DNMM_MAX_DIM=2600 -DCOAMPS_CORE=0 -DDA_CORE=0 -DEXP_CORE=0 -DIWORDSIZE=4 -DDWORDSIZE=8 -DRWORDSIZE=4 -DLWORDSIZE=4 -DNONSTANDARD_SYSTEM_FUNC -DWRF_USE_CLM  -DDM_PARALLEL -DNETCDF -DUSE_ALLOCATABLES -DGRIB1 -DINTIO -DLIMIT_ARGS -DCONFIG_BUF_LEN=65536 -DMAX_DOMAINS_F=21 -DMAX_HISTORY=25 -DNMM_NEST=0 -DWRF_CHEM -DBUILD_CHEM=1 -DWRF_KPP -I. -traditional   module_state_description.F  > module_state_description.bb
/global/scratch/azare/Josh/WRFV3/tools/standard.exe module_state_description.bb | /lib/cpp -C -P > module_state_description.f90
rm -f module_state_description.b module_state_description.bb
mpif90 -f90=ifort -c -i4  -O0 -fno-inline -fno-ip -ip -fp-model precise -w -ftz -align all -fno-alias -FR -convert big_endian   -I../dyn_em -I../dyn_nmm   -I/global/scratch/azare/Josh/WRFV3/external/esmf_time_f90  -I/global/scratch/azare/Josh/WRFV3/main -I/global/scratch/azare/Josh/WRFV3/external/io_netcdf -I/global/scratch/azare/Josh/WRFV3/external/io_int -I/global/scratch/azare/Josh/WRFV3/frame -I/global/scratch/azare/Josh/WRFV3/share -I/global/scratch/azare/Josh/WRFV3/phys -I/global/scratch/azare/Josh/WRFV3/chem -I/global/scratch/azare/Josh/WRFV3/inc -I/global/software/sl-6.x86_64/modules/intel/2013_sp1.4.211/netcdf/4.3.2-intel-p/include  module_state_description.f90
rm -f module_driver_constants.o
rm -f module_streams.o
/lib/cpp -C -P -I/global/scratch/azare/Josh/WRFV3/inc -DEM_CORE=1 -DNMM_CORE=0 -DNMM_MAX_DIM=2600 -DCOAMPS_CORE=0 -DDA_CORE=0 -DEXP_CORE=0 -DIWORDSIZE=4 -DDWORDSIZE=8 -DRWORDSIZE=4 -DLWORDSIZE=4 -DNONSTANDARD_SYSTEM_FUNC -DWRF_USE_CLM  -DDM_PARALLEL -DNETCDF -DUSE_ALLOCATABLES -DGRIB1 -DINTIO -DLIMIT_ARGS -DCONFIG_BUF_LEN=65536 -DMAX_DOMAINS_F=21 -DMAX_HISTORY=25 -DNMM_NEST=0 -DWRF_CHEM -DBUILD_CHEM=1 -DWRF_KPP -I. -traditional   module_driver_constants.F  > module_driver_constants.bb
/lib/cpp -C -P -I/global/scratch/azare/Josh/WRFV3/inc -DEM_CORE=1 -DNMM_CORE=0 -DNMM_MAX_DIM=2600 -DCOAMPS_CORE=0 -DDA_CORE=0 -DEXP_CORE=0 -DIWORDSIZE=4 -DDWORDSIZE=8 -DRWORDSIZE=4 -DLWORDSIZE=4 -DNONSTANDARD_SYSTEM_FUNC -DWRF_USE_CLM  -DDM_PARALLEL -DNETCDF -DUSE_ALLOCATABLES -DGRIB1 -DINTIO -DLIMIT_ARGS -DCONFIG_BUF_LEN=65536 -DMAX_DOMAINS_F=21 -DMAX_HISTORY=25 -DNMM_NEST=0 -DWRF_CHEM -DBUILD_CHEM=1 -DWRF_KPP -I. -traditional   module_streams.F  > module_streams.bb
/global/scratch/azare/Josh/WRFV3/tools/standard.exe module_streams.bb | /lib/cpp -C -P > module_streams.f90
/global/scratch/azare/Josh/WRFV3/tools/standard.exe module_driver_constants.bb | /lib/cpp -C -P > module_driver_constants.f90
rm -f module_streams.b module_streams.bb
rm -f module_driver_constants.b module_driver_constants.bb
mpif90 -f90=ifort -o module_driver_constants.o -c -O2 -ip -fp-model precise -w -ftz -align all -fno-alias -FR -convert big_endian    -I../dyn_em -I../dyn_nmm   -I/global/scratch/azare/Josh/WRFV3/external/esmf_time_f90  -I/global/scratch/azare/Josh/WRFV3/main -I/global/scratch/azare/Josh/WRFV3/external/io_netcdf -I/global/scratch/azare/Josh/WRFV3/external/io_int -I/global/scratch/azare/Josh/WRFV3/frame -I/global/scratch/azare/Josh/WRFV3/share -I/global/scratch/azare/Josh/WRFV3/phys -I/global/scratch/azare/Josh/WRFV3/chem -I/global/scratch/azare/Josh/WRFV3/inc -I/global/software/sl-6.x86_64/modules/intel/2013_sp1.4.211/netcdf/4.3.2-intel-p/include  -i4  module_driver_constants.f90
mpif90 -f90=ifort -o module_streams.o -c -O2 -ip -fp-model precise -w -ftz -align all -fno-alias -FR -convert big_endian    -I../dyn_em -I../dyn_nmm   -I/global/scratch/azare/Josh/WRFV3/external/esmf_time_f90  -I/global/scratch/azare/Josh/WRFV3/main -I/global/scratch/azare/Josh/WRFV3/external/io_netcdf -I/global/scratch/azare/Josh/WRFV3/external/io_int -I/global/scratch/azare/Josh/WRFV3/frame -I/global/scratch/azare/Josh/WRFV3/share -I/global/scratch/azare/Josh/WRFV3/phys -I/global/scratch/azare/Josh/WRFV3/chem -I/global/scratch/azare/Josh/WRFV3/inc -I/global/software/sl-6.x86_64/modules/intel/2013_sp1.4.211/netcdf/4.3.2-intel-p/include  -i4  module_streams.f90
rm -f module_timing.o
/lib/cpp -C -P -I/global/scratch/azare/Josh/WRFV3/inc -DEM_CORE=1 -DNMM_CORE=0 -DNMM_MAX_DIM=2600 -DCOAMPS_CORE=0 -DDA_CORE=0 -DEXP_CORE=0 -DIWORDSIZE=4 -DDWORDSIZE=8 -DRWORDSIZE=4 -DLWORDSIZE=4 -DNONSTANDARD_SYSTEM_FUNC -DWRF_USE_CLM  -DDM_PARALLEL -DNETCDF -DUSE_ALLOCATABLES -DGRIB1 -DINTIO -DLIMIT_ARGS -DCONFIG_BUF_LEN=65536 -DMAX_DOMAINS_F=21 -DMAX_HISTORY=25 -DNMM_NEST=0 -DWRF_CHEM -DBUILD_CHEM=1 -DWRF_KPP -I. -traditional   module_timing.F  > module_timing.bb
rm -f module_domain_type.o
/lib/cpp -C -P -I/global/scratch/azare/Josh/WRFV3/inc -DEM_CORE=1 -DNMM_CORE=0 -DNMM_MAX_DIM=2600 -DCOAMPS_CORE=0 -DDA_CORE=0 -DEXP_CORE=0 -DIWORDSIZE=4 -DDWORDSIZE=8 -DRWORDSIZE=4 -DLWORDSIZE=4 -DNONSTANDARD_SYSTEM_FUNC -DWRF_USE_CLM  -DDM_PARALLEL -DNETCDF -DUSE_ALLOCATABLES -DGRIB1 -DINTIO -DLIMIT_ARGS -DCONFIG_BUF_LEN=65536 -DMAX_DOMAINS_F=21 -DMAX_HISTORY=25 -DNMM_NEST=0 -DWRF_CHEM -DBUILD_CHEM=1 -DWRF_KPP -I. -traditional   module_domain_type.F  > module_domain_type.bb
/global/scratch/azare/Josh/WRFV3/tools/standard.exe module_timing.bb | /lib/cpp -C -P > module_timing.f90
/global/scratch/azare/Josh/WRFV3/tools/standard.exe module_domain_type.bb | /lib/cpp -C -P > module_domain_type.f90
rm -f module_timing.b module_timing.bb
mpif90 -f90=ifort -o module_timing.o -c -O2 -ip -fp-model precise -w -ftz -align all -fno-alias -FR -convert big_endian    -I../dyn_em -I../dyn_nmm   -I/global/scratch/azare/Josh/WRFV3/external/esmf_time_f90  -I/global/scratch/azare/Josh/WRFV3/main -I/global/scratch/azare/Josh/WRFV3/external/io_netcdf -I/global/scratch/azare/Josh/WRFV3/external/io_int -I/global/scratch/azare/Josh/WRFV3/frame -I/global/scratch/azare/Josh/WRFV3/share -I/global/scratch/azare/Josh/WRFV3/phys -I/global/scratch/azare/Josh/WRFV3/chem -I/global/scratch/azare/Josh/WRFV3/inc -I/global/software/sl-6.x86_64/modules/intel/2013_sp1.4.211/netcdf/4.3.2-intel-p/include  -i4  module_timing.f90
rm -f module_domain_type.b module_domain_type.bb
mpif90 -f90=ifort -c -i4  -O0 -fno-inline -fno-ip -ip -fp-model precise -w -ftz -align all -fno-alias -FR -convert big_endian   -I../dyn_em -I../dyn_nmm   -I/global/scratch/azare/Josh/WRFV3/external/esmf_time_f90  -I/global/scratch/azare/Josh/WRFV3/main -I/global/scratch/azare/Josh/WRFV3/external/io_netcdf -I/global/scratch/azare/Josh/WRFV3/external/io_int -I/global/scratch/azare/Josh/WRFV3/frame -I/global/scratch/azare/Josh/WRFV3/share -I/global/scratch/azare/Josh/WRFV3/phys -I/global/scratch/azare/Josh/WRFV3/chem -I/global/scratch/azare/Josh/WRFV3/inc -I/global/software/sl-6.x86_64/modules/intel/2013_sp1.4.211/netcdf/4.3.2-intel-p/include  module_domain_type.f90
rm -f module_machine.o
/lib/cpp -C -P -I/global/scratch/azare/Josh/WRFV3/inc -DEM_CORE=1 -DNMM_CORE=0 -DNMM_MAX_DIM=2600 -DCOAMPS_CORE=0 -DDA_CORE=0 -DEXP_CORE=0 -DIWORDSIZE=4 -DDWORDSIZE=8 -DRWORDSIZE=4 -DLWORDSIZE=4 -DNONSTANDARD_SYSTEM_FUNC -DWRF_USE_CLM  -DDM_PARALLEL -DNETCDF -DUSE_ALLOCATABLES -DGRIB1 -DINTIO -DLIMIT_ARGS -DCONFIG_BUF_LEN=65536 -DMAX_DOMAINS_F=21 -DMAX_HISTORY=25 -DNMM_NEST=0 -DWRF_CHEM -DBUILD_CHEM=1 -DWRF_KPP -I. -traditional   module_machine.F  > module_machine.bb
/global/scratch/azare/Josh/WRFV3/tools/standard.exe module_machine.bb | /lib/cpp -C -P > module_machine.f90
rm -f module_machine.b module_machine.bb
mpif90 -f90=ifort -o module_machine.o -c -O2 -ip -fp-model precise -w -ftz -align all -fno-alias -FR -convert big_endian    -I../dyn_em -I../dyn_nmm   -I/global/scratch/azare/Josh/WRFV3/external/esmf_time_f90  -I/global/scratch/azare/Josh/WRFV3/main -I/global/scratch/azare/Josh/WRFV3/external/io_netcdf -I/global/scratch/azare/Josh/WRFV3/external/io_int -I/global/scratch/azare/Josh/WRFV3/frame -I/global/scratch/azare/Josh/WRFV3/share -I/global/scratch/azare/Josh/WRFV3/phys -I/global/scratch/azare/Josh/WRFV3/chem -I/global/scratch/azare/Josh/WRFV3/inc -I/global/software/sl-6.x86_64/modules/intel/2013_sp1.4.211/netcdf/4.3.2-intel-p/include  -i4  module_machine.f90
rm -f module_quilt_outbuf_ops.o
/lib/cpp -C -P -I/global/scratch/azare/Josh/WRFV3/inc -DEM_CORE=1 -DNMM_CORE=0 -DNMM_MAX_DIM=2600 -DCOAMPS_CORE=0 -DDA_CORE=0 -DEXP_CORE=0 -DIWORDSIZE=4 -DDWORDSIZE=8 -DRWORDSIZE=4 -DLWORDSIZE=4 -DNONSTANDARD_SYSTEM_FUNC -DWRF_USE_CLM  -DDM_PARALLEL -DNETCDF -DUSE_ALLOCATABLES -DGRIB1 -DINTIO -DLIMIT_ARGS -DCONFIG_BUF_LEN=65536 -DMAX_DOMAINS_F=21 -DMAX_HISTORY=25 -DNMM_NEST=0 -DWRF_CHEM -DBUILD_CHEM=1 -DWRF_KPP -I. -traditional   module_quilt_outbuf_ops.F  > module_quilt_outbuf_ops.bb
/global/scratch/azare/Josh/WRFV3/tools/standard.exe module_quilt_outbuf_ops.bb | /lib/cpp -C -P > module_quilt_outbuf_ops.f90
rm -f module_quilt_outbuf_ops.b module_quilt_outbuf_ops.bb
mpif90 -f90=ifort -o module_quilt_outbuf_ops.o -c -O2 -ip -fp-model precise -w -ftz -align all -fno-alias -FR -convert big_endian    -I../dyn_em -I../dyn_nmm   -I/global/scratch/azare/Josh/WRFV3/external/esmf_time_f90  -I/global/scratch/azare/Josh/WRFV3/main -I/global/scratch/azare/Josh/WRFV3/external/io_netcdf -I/global/scratch/azare/Josh/WRFV3/external/io_int -I/global/scratch/azare/Josh/WRFV3/frame -I/global/scratch/azare/Josh/WRFV3/share -I/global/scratch/azare/Josh/WRFV3/phys -I/global/scratch/azare/Josh/WRFV3/chem -I/global/scratch/azare/Josh/WRFV3/inc -I/global/software/sl-6.x86_64/modules/intel/2013_sp1.4.211/netcdf/4.3.2-intel-p/include  -i4  module_quilt_outbuf_ops.f90
rm -f module_configure.o
/lib/cpp -C -P -I/global/scratch/azare/Josh/WRFV3/inc -DEM_CORE=1 -DNMM_CORE=0 -DNMM_MAX_DIM=2600 -DCOAMPS_CORE=0 -DDA_CORE=0 -DEXP_CORE=0 -DIWORDSIZE=4 -DDWORDSIZE=8 -DRWORDSIZE=4 -DLWORDSIZE=4 -DNONSTANDARD_SYSTEM_FUNC -DWRF_USE_CLM  -DDM_PARALLEL -DNETCDF -DUSE_ALLOCATABLES -DGRIB1 -DINTIO -DLIMIT_ARGS -DCONFIG_BUF_LEN=65536 -DMAX_DOMAINS_F=21 -DMAX_HISTORY=25 -DNMM_NEST=0 -DWRF_CHEM -DBUILD_CHEM=1 -DWRF_KPP -I. -traditional   module_configure.F  > module_configure.bb
/global/scratch/azare/Josh/WRFV3/tools/standard.exe module_configure.bb | /lib/cpp -C -P > module_configure.f90
rm -f module_configure.b module_configure.bb
mpif90 -f90=ifort -c -i4  -O0 -fno-inline -fno-ip -ip -fp-model precise -w -ftz -align all -fno-alias -FR -convert big_endian   -I../dyn_em -I../dyn_nmm   -I/global/scratch/azare/Josh/WRFV3/external/esmf_time_f90  -I/global/scratch/azare/Josh/WRFV3/main -I/global/scratch/azare/Josh/WRFV3/external/io_netcdf -I/global/scratch/azare/Josh/WRFV3/external/io_int -I/global/scratch/azare/Josh/WRFV3/frame -I/global/scratch/azare/Josh/WRFV3/share -I/global/scratch/azare/Josh/WRFV3/phys -I/global/scratch/azare/Josh/WRFV3/chem -I/global/scratch/azare/Josh/WRFV3/inc -I/global/software/sl-6.x86_64/modules/intel/2013_sp1.4.211/netcdf/4.3.2-intel-p/include  module_configure.f90
rm -f module_alloc_space_0.o
rm -f module_alloc_space_1.o
/lib/cpp -C -P -I/global/scratch/azare/Josh/WRFV3/inc -DEM_CORE=1 -DNMM_CORE=0 -DNMM_MAX_DIM=2600 -DCOAMPS_CORE=0 -DDA_CORE=0 -DEXP_CORE=0 -DIWORDSIZE=4 -DDWORDSIZE=8 -DRWORDSIZE=4 -DLWORDSIZE=4 -DNONSTANDARD_SYSTEM_FUNC -DWRF_USE_CLM  -DDM_PARALLEL -DNETCDF -DUSE_ALLOCATABLES -DGRIB1 -DINTIO -DLIMIT_ARGS -DCONFIG_BUF_LEN=65536 -DMAX_DOMAINS_F=21 -DMAX_HISTORY=25 -DNMM_NEST=0 -DWRF_CHEM -DBUILD_CHEM=1 -DWRF_KPP -I. -traditional   module_alloc_space_0.F  > module_alloc_space_0.bb
/lib/cpp -C -P -I/global/scratch/azare/Josh/WRFV3/inc -DEM_CORE=1 -DNMM_CORE=0 -DNMM_MAX_DIM=2600 -DCOAMPS_CORE=0 -DDA_CORE=0 -DEXP_CORE=0 -DIWORDSIZE=4 -DDWORDSIZE=8 -DRWORDSIZE=4 -DLWORDSIZE=4 -DNONSTANDARD_SYSTEM_FUNC -DWRF_USE_CLM  -DDM_PARALLEL -DNETCDF -DUSE_ALLOCATABLES -DGRIB1 -DINTIO -DLIMIT_ARGS -DCONFIG_BUF_LEN=65536 -DMAX_DOMAINS_F=21 -DMAX_HISTORY=25 -DNMM_NEST=0 -DWRF_CHEM -DBUILD_CHEM=1 -DWRF_KPP -I. -traditional   module_alloc_space_1.F  > module_alloc_space_1.bb
/global/scratch/azare/Josh/WRFV3/tools/standard.exe module_alloc_space_1.bb | /lib/cpp -C -P > module_alloc_space_1.f90
/global/scratch/azare/Josh/WRFV3/tools/standard.exe module_alloc_space_0.bb | /lib/cpp -C -P > module_alloc_space_0.f90
rm -f module_alloc_space_1.b module_alloc_space_1.bb
mpif90 -f90=ifort -c -i4  -O0 -fno-inline -fno-ip -ip -fp-model precise -w -ftz -align all -fno-alias -FR -convert big_endian   -I../dyn_em -I../dyn_nmm   -I/global/scratch/azare/Josh/WRFV3/external/esmf_time_f90  -I/global/scratch/azare/Josh/WRFV3/main -I/global/scratch/azare/Josh/WRFV3/external/io_netcdf -I/global/scratch/azare/Josh/WRFV3/external/io_int -I/global/scratch/azare/Josh/WRFV3/frame -I/global/scratch/azare/Josh/WRFV3/share -I/global/scratch/azare/Josh/WRFV3/phys -I/global/scratch/azare/Josh/WRFV3/chem -I/global/scratch/azare/Josh/WRFV3/inc -I/global/software/sl-6.x86_64/modules/intel/2013_sp1.4.211/netcdf/4.3.2-intel-p/include  module_alloc_space_1.f90
rm -f module_alloc_space_0.b module_alloc_space_0.bb
mpif90 -f90=ifort -c -i4  -O0 -fno-inline -fno-ip -ip -fp-model precise -w -ftz -align all -fno-alias -FR -convert big_endian   -I../dyn_em -I../dyn_nmm   -I/global/scratch/azare/Josh/WRFV3/external/esmf_time_f90  -I/global/scratch/azare/Josh/WRFV3/main -I/global/scratch/azare/Josh/WRFV3/external/io_netcdf -I/global/scratch/azare/Josh/WRFV3/external/io_int -I/global/scratch/azare/Josh/WRFV3/frame -I/global/scratch/azare/Josh/WRFV3/share -I/global/scratch/azare/Josh/WRFV3/phys -I/global/scratch/azare/Josh/WRFV3/chem -I/global/scratch/azare/Josh/WRFV3/inc -I/global/software/sl-6.x86_64/modules/intel/2013_sp1.4.211/netcdf/4.3.2-intel-p/include  module_alloc_space_0.f90
rm -f module_alloc_space_2.o
/lib/cpp -C -P -I/global/scratch/azare/Josh/WRFV3/inc -DEM_CORE=1 -DNMM_CORE=0 -DNMM_MAX_DIM=2600 -DCOAMPS_CORE=0 -DDA_CORE=0 -DEXP_CORE=0 -DIWORDSIZE=4 -DDWORDSIZE=8 -DRWORDSIZE=4 -DLWORDSIZE=4 -DNONSTANDARD_SYSTEM_FUNC -DWRF_USE_CLM  -DDM_PARALLEL -DNETCDF -DUSE_ALLOCATABLES -DGRIB1 -DINTIO -DLIMIT_ARGS -DCONFIG_BUF_LEN=65536 -DMAX_DOMAINS_F=21 -DMAX_HISTORY=25 -DNMM_NEST=0 -DWRF_CHEM -DBUILD_CHEM=1 -DWRF_KPP -I. -traditional   module_alloc_space_2.F  > module_alloc_space_2.bb
/global/scratch/azare/Josh/WRFV3/tools/standard.exe module_alloc_space_2.bb | /lib/cpp -C -P > module_alloc_space_2.f90
rm -f module_alloc_space_2.b module_alloc_space_2.bb
mpif90 -f90=ifort -c -i4  -O0 -fno-inline -fno-ip -ip -fp-model precise -w -ftz -align all -fno-alias -FR -convert big_endian   -I../dyn_em -I../dyn_nmm   -I/global/scratch/azare/Josh/WRFV3/external/esmf_time_f90  -I/global/scratch/azare/Josh/WRFV3/main -I/global/scratch/azare/Josh/WRFV3/external/io_netcdf -I/global/scratch/azare/Josh/WRFV3/external/io_int -I/global/scratch/azare/Josh/WRFV3/frame -I/global/scratch/azare/Josh/WRFV3/share -I/global/scratch/azare/Josh/WRFV3/phys -I/global/scratch/azare/Josh/WRFV3/chem -I/global/scratch/azare/Josh/WRFV3/inc -I/global/software/sl-6.x86_64/modules/intel/2013_sp1.4.211/netcdf/4.3.2-intel-p/include  module_alloc_space_2.f90
rm -f module_alloc_space_3.o
/lib/cpp -C -P -I/global/scratch/azare/Josh/WRFV3/inc -DEM_CORE=1 -DNMM_CORE=0 -DNMM_MAX_DIM=2600 -DCOAMPS_CORE=0 -DDA_CORE=0 -DEXP_CORE=0 -DIWORDSIZE=4 -DDWORDSIZE=8 -DRWORDSIZE=4 -DLWORDSIZE=4 -DNONSTANDARD_SYSTEM_FUNC -DWRF_USE_CLM  -DDM_PARALLEL -DNETCDF -DUSE_ALLOCATABLES -DGRIB1 -DINTIO -DLIMIT_ARGS -DCONFIG_BUF_LEN=65536 -DMAX_DOMAINS_F=21 -DMAX_HISTORY=25 -DNMM_NEST=0 -DWRF_CHEM -DBUILD_CHEM=1 -DWRF_KPP -I. -traditional   module_alloc_space_3.F  > module_alloc_space_3.bb
/global/scratch/azare/Josh/WRFV3/tools/standard.exe module_alloc_space_3.bb | /lib/cpp -C -P > module_alloc_space_3.f90
rm -f module_alloc_space_3.b module_alloc_space_3.bb
mpif90 -f90=ifort -c -i4  -O0 -fno-inline -fno-ip -ip -fp-model precise -w -ftz -align all -fno-alias -FR -convert big_endian   -I../dyn_em -I../dyn_nmm   -I/global/scratch/azare/Josh/WRFV3/external/esmf_time_f90  -I/global/scratch/azare/Josh/WRFV3/main -I/global/scratch/azare/Josh/WRFV3/external/io_netcdf -I/global/scratch/azare/Josh/WRFV3/external/io_int -I/global/scratch/azare/Josh/WRFV3/frame -I/global/scratch/azare/Josh/WRFV3/share -I/global/scratch/azare/Josh/WRFV3/phys -I/global/scratch/azare/Josh/WRFV3/chem -I/global/scratch/azare/Josh/WRFV3/inc -I/global/software/sl-6.x86_64/modules/intel/2013_sp1.4.211/netcdf/4.3.2-intel-p/include  module_alloc_space_3.f90
rm -f module_alloc_space_4.o
/lib/cpp -C -P -I/global/scratch/azare/Josh/WRFV3/inc -DEM_CORE=1 -DNMM_CORE=0 -DNMM_MAX_DIM=2600 -DCOAMPS_CORE=0 -DDA_CORE=0 -DEXP_CORE=0 -DIWORDSIZE=4 -DDWORDSIZE=8 -DRWORDSIZE=4 -DLWORDSIZE=4 -DNONSTANDARD_SYSTEM_FUNC -DWRF_USE_CLM  -DDM_PARALLEL -DNETCDF -DUSE_ALLOCATABLES -DGRIB1 -DINTIO -DLIMIT_ARGS -DCONFIG_BUF_LEN=65536 -DMAX_DOMAINS_F=21 -DMAX_HISTORY=25 -DNMM_NEST=0 -DWRF_CHEM -DBUILD_CHEM=1 -DWRF_KPP -I. -traditional   module_alloc_space_4.F  > module_alloc_space_4.bb
/global/scratch/azare/Josh/WRFV3/tools/standard.exe module_alloc_space_4.bb | /lib/cpp -C -P > module_alloc_space_4.f90
rm -f module_alloc_space_4.b module_alloc_space_4.bb
mpif90 -f90=ifort -c -i4  -O0 -fno-inline -fno-ip -ip -fp-model precise -w -ftz -align all -fno-alias -FR -convert big_endian   -I../dyn_em -I../dyn_nmm   -I/global/scratch/azare/Josh/WRFV3/external/esmf_time_f90  -I/global/scratch/azare/Josh/WRFV3/main -I/global/scratch/azare/Josh/WRFV3/external/io_netcdf -I/global/scratch/azare/Josh/WRFV3/external/io_int -I/global/scratch/azare/Josh/WRFV3/frame -I/global/scratch/azare/Josh/WRFV3/share -I/global/scratch/azare/Josh/WRFV3/phys -I/global/scratch/azare/Josh/WRFV3/chem -I/global/scratch/azare/Josh/WRFV3/inc -I/global/software/sl-6.x86_64/modules/intel/2013_sp1.4.211/netcdf/4.3.2-intel-p/include  module_alloc_space_4.f90
rm -f module_alloc_space_5.o
/lib/cpp -C -P -I/global/scratch/azare/Josh/WRFV3/inc -DEM_CORE=1 -DNMM_CORE=0 -DNMM_MAX_DIM=2600 -DCOAMPS_CORE=0 -DDA_CORE=0 -DEXP_CORE=0 -DIWORDSIZE=4 -DDWORDSIZE=8 -DRWORDSIZE=4 -DLWORDSIZE=4 -DNONSTANDARD_SYSTEM_FUNC -DWRF_USE_CLM  -DDM_PARALLEL -DNETCDF -DUSE_ALLOCATABLES -DGRIB1 -DINTIO -DLIMIT_ARGS -DCONFIG_BUF_LEN=65536 -DMAX_DOMAINS_F=21 -DMAX_HISTORY=25 -DNMM_NEST=0 -DWRF_CHEM -DBUILD_CHEM=1 -DWRF_KPP -I. -traditional   module_alloc_space_5.F  > module_alloc_space_5.bb
/global/scratch/azare/Josh/WRFV3/tools/standard.exe module_alloc_space_5.bb | /lib/cpp -C -P > module_alloc_space_5.f90
rm -f module_alloc_space_5.b module_alloc_space_5.bb
mpif90 -f90=ifort -c -i4  -O0 -fno-inline -fno-ip -ip -fp-model precise -w -ftz -align all -fno-alias -FR -convert big_endian   -I../dyn_em -I../dyn_nmm   -I/global/scratch/azare/Josh/WRFV3/external/esmf_time_f90  -I/global/scratch/azare/Josh/WRFV3/main -I/global/scratch/azare/Josh/WRFV3/external/io_netcdf -I/global/scratch/azare/Josh/WRFV3/external/io_int -I/global/scratch/azare/Josh/WRFV3/frame -I/global/scratch/azare/Josh/WRFV3/share -I/global/scratch/azare/Josh/WRFV3/phys -I/global/scratch/azare/Josh/WRFV3/chem -I/global/scratch/azare/Josh/WRFV3/inc -I/global/software/sl-6.x86_64/modules/intel/2013_sp1.4.211/netcdf/4.3.2-intel-p/include  module_alloc_space_5.f90
rm -f module_alloc_space_6.o
/lib/cpp -C -P -I/global/scratch/azare/Josh/WRFV3/inc -DEM_CORE=1 -DNMM_CORE=0 -DNMM_MAX_DIM=2600 -DCOAMPS_CORE=0 -DDA_CORE=0 -DEXP_CORE=0 -DIWORDSIZE=4 -DDWORDSIZE=8 -DRWORDSIZE=4 -DLWORDSIZE=4 -DNONSTANDARD_SYSTEM_FUNC -DWRF_USE_CLM  -DDM_PARALLEL -DNETCDF -DUSE_ALLOCATABLES -DGRIB1 -DINTIO -DLIMIT_ARGS -DCONFIG_BUF_LEN=65536 -DMAX_DOMAINS_F=21 -DMAX_HISTORY=25 -DNMM_NEST=0 -DWRF_CHEM -DBUILD_CHEM=1 -DWRF_KPP -I. -traditional   module_alloc_space_6.F  > module_alloc_space_6.bb
/global/scratch/azare/Josh/WRFV3/tools/standard.exe module_alloc_space_6.bb | /lib/cpp -C -P > module_alloc_space_6.f90
rm -f module_alloc_space_6.b module_alloc_space_6.bb
mpif90 -f90=ifort -c -i4  -O0 -fno-inline -fno-ip -ip -fp-model precise -w -ftz -align all -fno-alias -FR -convert big_endian   -I../dyn_em -I../dyn_nmm   -I/global/scratch/azare/Josh/WRFV3/external/esmf_time_f90  -I/global/scratch/azare/Josh/WRFV3/main -I/global/scratch/azare/Josh/WRFV3/external/io_netcdf -I/global/scratch/azare/Josh/WRFV3/external/io_int -I/global/scratch/azare/Josh/WRFV3/frame -I/global/scratch/azare/Josh/WRFV3/share -I/global/scratch/azare/Josh/WRFV3/phys -I/global/scratch/azare/Josh/WRFV3/chem -I/global/scratch/azare/Josh/WRFV3/inc -I/global/software/sl-6.x86_64/modules/intel/2013_sp1.4.211/netcdf/4.3.2-intel-p/include  module_alloc_space_6.f90
rm -f module_alloc_space_7.o
/lib/cpp -C -P -I/global/scratch/azare/Josh/WRFV3/inc -DEM_CORE=1 -DNMM_CORE=0 -DNMM_MAX_DIM=2600 -DCOAMPS_CORE=0 -DDA_CORE=0 -DEXP_CORE=0 -DIWORDSIZE=4 -DDWORDSIZE=8 -DRWORDSIZE=4 -DLWORDSIZE=4 -DNONSTANDARD_SYSTEM_FUNC -DWRF_USE_CLM  -DDM_PARALLEL -DNETCDF -DUSE_ALLOCATABLES -DGRIB1 -DINTIO -DLIMIT_ARGS -DCONFIG_BUF_LEN=65536 -DMAX_DOMAINS_F=21 -DMAX_HISTORY=25 -DNMM_NEST=0 -DWRF_CHEM -DBUILD_CHEM=1 -DWRF_KPP -I. -traditional   module_alloc_space_7.F  > module_alloc_space_7.bb
/global/scratch/azare/Josh/WRFV3/tools/standard.exe module_alloc_space_7.bb | /lib/cpp -C -P > module_alloc_space_7.f90
rm -f module_alloc_space_7.b module_alloc_space_7.bb
mpif90 -f90=ifort -c -i4  -O0 -fno-inline -fno-ip -ip -fp-model precise -w -ftz -align all -fno-alias -FR -convert big_endian   -I../dyn_em -I../dyn_nmm   -I/global/scratch/azare/Josh/WRFV3/external/esmf_time_f90  -I/global/scratch/azare/Josh/WRFV3/main -I/global/scratch/azare/Josh/WRFV3/external/io_netcdf -I/global/scratch/azare/Josh/WRFV3/external/io_int -I/global/scratch/azare/Josh/WRFV3/frame -I/global/scratch/azare/Josh/WRFV3/share -I/global/scratch/azare/Josh/WRFV3/phys -I/global/scratch/azare/Josh/WRFV3/chem -I/global/scratch/azare/Josh/WRFV3/inc -I/global/software/sl-6.x86_64/modules/intel/2013_sp1.4.211/netcdf/4.3.2-intel-p/include  module_alloc_space_7.f90
rm -f module_alloc_space_8.o
/lib/cpp -C -P -I/global/scratch/azare/Josh/WRFV3/inc -DEM_CORE=1 -DNMM_CORE=0 -DNMM_MAX_DIM=2600 -DCOAMPS_CORE=0 -DDA_CORE=0 -DEXP_CORE=0 -DIWORDSIZE=4 -DDWORDSIZE=8 -DRWORDSIZE=4 -DLWORDSIZE=4 -DNONSTANDARD_SYSTEM_FUNC -DWRF_USE_CLM  -DDM_PARALLEL -DNETCDF -DUSE_ALLOCATABLES -DGRIB1 -DINTIO -DLIMIT_ARGS -DCONFIG_BUF_LEN=65536 -DMAX_DOMAINS_F=21 -DMAX_HISTORY=25 -DNMM_NEST=0 -DWRF_CHEM -DBUILD_CHEM=1 -DWRF_KPP -I. -traditional   module_alloc_space_8.F  > module_alloc_space_8.bb
/global/scratch/azare/Josh/WRFV3/tools/standard.exe module_alloc_space_8.bb | /lib/cpp -C -P > module_alloc_space_8.f90
rm -f module_alloc_space_8.b module_alloc_space_8.bb
mpif90 -f90=ifort -c -i4  -O0 -fno-inline -fno-ip -ip -fp-model precise -w -ftz -align all -fno-alias -FR -convert big_endian   -I../dyn_em -I../dyn_nmm   -I/global/scratch/azare/Josh/WRFV3/external/esmf_time_f90  -I/global/scratch/azare/Josh/WRFV3/main -I/global/scratch/azare/Josh/WRFV3/external/io_netcdf -I/global/scratch/azare/Josh/WRFV3/external/io_int -I/global/scratch/azare/Josh/WRFV3/frame -I/global/scratch/azare/Josh/WRFV3/share -I/global/scratch/azare/Josh/WRFV3/phys -I/global/scratch/azare/Josh/WRFV3/chem -I/global/scratch/azare/Josh/WRFV3/inc -I/global/software/sl-6.x86_64/modules/intel/2013_sp1.4.211/netcdf/4.3.2-intel-p/include  module_alloc_space_8.f90
rm -f module_alloc_space_9.o
/lib/cpp -C -P -I/global/scratch/azare/Josh/WRFV3/inc -DEM_CORE=1 -DNMM_CORE=0 -DNMM_MAX_DIM=2600 -DCOAMPS_CORE=0 -DDA_CORE=0 -DEXP_CORE=0 -DIWORDSIZE=4 -DDWORDSIZE=8 -DRWORDSIZE=4 -DLWORDSIZE=4 -DNONSTANDARD_SYSTEM_FUNC -DWRF_USE_CLM  -DDM_PARALLEL -DNETCDF -DUSE_ALLOCATABLES -DGRIB1 -DINTIO -DLIMIT_ARGS -DCONFIG_BUF_LEN=65536 -DMAX_DOMAINS_F=21 -DMAX_HISTORY=25 -DNMM_NEST=0 -DWRF_CHEM -DBUILD_CHEM=1 -DWRF_KPP -I. -traditional   module_alloc_space_9.F  > module_alloc_space_9.bb
/global/scratch/azare/Josh/WRFV3/tools/standard.exe module_alloc_space_9.bb | /lib/cpp -C -P > module_alloc_space_9.f90
rm -f module_alloc_space_9.b module_alloc_space_9.bb
mpif90 -f90=ifort -c -i4  -O0 -fno-inline -fno-ip -ip -fp-model precise -w -ftz -align all -fno-alias -FR -convert big_endian   -I../dyn_em -I../dyn_nmm   -I/global/scratch/azare/Josh/WRFV3/external/esmf_time_f90  -I/global/scratch/azare/Josh/WRFV3/main -I/global/scratch/azare/Josh/WRFV3/external/io_netcdf -I/global/scratch/azare/Josh/WRFV3/external/io_int -I/global/scratch/azare/Josh/WRFV3/frame -I/global/scratch/azare/Josh/WRFV3/share -I/global/scratch/azare/Josh/WRFV3/phys -I/global/scratch/azare/Josh/WRFV3/chem -I/global/scratch/azare/Josh/WRFV3/inc -I/global/software/sl-6.x86_64/modules/intel/2013_sp1.4.211/netcdf/4.3.2-intel-p/include  module_alloc_space_9.f90
/lib/cpp -C -P -DNNN=0 -I../inc -DNL_get_ROUTINES nl_access_routines.F > yy0.f90
mpif90 -f90=ifort -o nl_get_0_routines.o -c -i4 -O0 -fno-inline -fno-ip -ip -fp-model precise -w -ftz -align all -fno-alias -FR -convert big_endian  -I../dyn_em -I../dyn_nmm   -I/global/scratch/azare/Josh/WRFV3/external/esmf_time_f90  -I/global/scratch/azare/Josh/WRFV3/main -I/global/scratch/azare/Josh/WRFV3/external/io_netcdf -I/global/scratch/azare/Josh/WRFV3/external/io_int -I/global/scratch/azare/Josh/WRFV3/frame -I/global/scratch/azare/Josh/WRFV3/share -I/global/scratch/azare/Josh/WRFV3/phys -I/global/scratch/azare/Josh/WRFV3/chem -I/global/scratch/azare/Josh/WRFV3/inc -I/global/software/sl-6.x86_64/modules/intel/2013_sp1.4.211/netcdf/4.3.2-intel-p/include   yy0.f90
rm -f yy0.f90
/lib/cpp -C -P -DNNN=1 -I../inc -DNL_get_ROUTINES nl_access_routines.F > yy1.f90
mpif90 -f90=ifort -o nl_get_1_routines.o -c -i4 -O0 -fno-inline -fno-ip -ip -fp-model precise -w -ftz -align all -fno-alias -FR -convert big_endian  -I../dyn_em -I../dyn_nmm   -I/global/scratch/azare/Josh/WRFV3/external/esmf_time_f90  -I/global/scratch/azare/Josh/WRFV3/main -I/global/scratch/azare/Josh/WRFV3/external/io_netcdf -I/global/scratch/azare/Josh/WRFV3/external/io_int -I/global/scratch/azare/Josh/WRFV3/frame -I/global/scratch/azare/Josh/WRFV3/share -I/global/scratch/azare/Josh/WRFV3/phys -I/global/scratch/azare/Josh/WRFV3/chem -I/global/scratch/azare/Josh/WRFV3/inc -I/global/software/sl-6.x86_64/modules/intel/2013_sp1.4.211/netcdf/4.3.2-intel-p/include   yy1.f90
/lib/cpp -C -P -DNNN=2 -I../inc -DNL_get_ROUTINES nl_access_routines.F > yy2.f90
mpif90 -f90=ifort -o nl_get_2_routines.o -c -i4 -O0 -fno-inline -fno-ip -ip -fp-model precise -w -ftz -align all -fno-alias -FR -convert big_endian  -I../dyn_em -I../dyn_nmm   -I/global/scratch/azare/Josh/WRFV3/external/esmf_time_f90  -I/global/scratch/azare/Josh/WRFV3/main -I/global/scratch/azare/Josh/WRFV3/external/io_netcdf -I/global/scratch/azare/Josh/WRFV3/external/io_int -I/global/scratch/azare/Josh/WRFV3/frame -I/global/scratch/azare/Josh/WRFV3/share -I/global/scratch/azare/Josh/WRFV3/phys -I/global/scratch/azare/Josh/WRFV3/chem -I/global/scratch/azare/Josh/WRFV3/inc -I/global/software/sl-6.x86_64/modules/intel/2013_sp1.4.211/netcdf/4.3.2-intel-p/include   yy2.f90
rm -f yy1.f90
/lib/cpp -C -P -DNNN=3 -I../inc -DNL_get_ROUTINES nl_access_routines.F > yy3.f90
mpif90 -f90=ifort -o nl_get_3_routines.o -c -i4 -O0 -fno-inline -fno-ip -ip -fp-model precise -w -ftz -align all -fno-alias -FR -convert big_endian  -I../dyn_em -I../dyn_nmm   -I/global/scratch/azare/Josh/WRFV3/external/esmf_time_f90  -I/global/scratch/azare/Josh/WRFV3/main -I/global/scratch/azare/Josh/WRFV3/external/io_netcdf -I/global/scratch/azare/Josh/WRFV3/external/io_int -I/global/scratch/azare/Josh/WRFV3/frame -I/global/scratch/azare/Josh/WRFV3/share -I/global/scratch/azare/Josh/WRFV3/phys -I/global/scratch/azare/Josh/WRFV3/chem -I/global/scratch/azare/Josh/WRFV3/inc -I/global/software/sl-6.x86_64/modules/intel/2013_sp1.4.211/netcdf/4.3.2-intel-p/include   yy3.f90
rm -f yy2.f90
/lib/cpp -C -P -DNNN=4 -I../inc -DNL_get_ROUTINES nl_access_routines.F > yy4.f90
mpif90 -f90=ifort -o nl_get_4_routines.o -c -i4 -O0 -fno-inline -fno-ip -ip -fp-model precise -w -ftz -align all -fno-alias -FR -convert big_endian  -I../dyn_em -I../dyn_nmm   -I/global/scratch/azare/Josh/WRFV3/external/esmf_time_f90  -I/global/scratch/azare/Josh/WRFV3/main -I/global/scratch/azare/Josh/WRFV3/external/io_netcdf -I/global/scratch/azare/Josh/WRFV3/external/io_int -I/global/scratch/azare/Josh/WRFV3/frame -I/global/scratch/azare/Josh/WRFV3/share -I/global/scratch/azare/Josh/WRFV3/phys -I/global/scratch/azare/Josh/WRFV3/chem -I/global/scratch/azare/Josh/WRFV3/inc -I/global/software/sl-6.x86_64/modules/intel/2013_sp1.4.211/netcdf/4.3.2-intel-p/include   yy4.f90
rm -f yy3.f90
/lib/cpp -C -P -DNNN=5 -I../inc -DNL_get_ROUTINES nl_access_routines.F > yy5.f90
mpif90 -f90=ifort -o nl_get_5_routines.o -c -i4 -O0 -fno-inline -fno-ip -ip -fp-model precise -w -ftz -align all -fno-alias -FR -convert big_endian  -I../dyn_em -I../dyn_nmm   -I/global/scratch/azare/Josh/WRFV3/external/esmf_time_f90  -I/global/scratch/azare/Josh/WRFV3/main -I/global/scratch/azare/Josh/WRFV3/external/io_netcdf -I/global/scratch/azare/Josh/WRFV3/external/io_int -I/global/scratch/azare/Josh/WRFV3/frame -I/global/scratch/azare/Josh/WRFV3/share -I/global/scratch/azare/Josh/WRFV3/phys -I/global/scratch/azare/Josh/WRFV3/chem -I/global/scratch/azare/Josh/WRFV3/inc -I/global/software/sl-6.x86_64/modules/intel/2013_sp1.4.211/netcdf/4.3.2-intel-p/include   yy5.f90
rm -f yy4.f90
/lib/cpp -C -P -DNNN=6 -I../inc -DNL_get_ROUTINES nl_access_routines.F > yy6.f90
mpif90 -f90=ifort -o nl_get_6_routines.o -c -i4 -O0 -fno-inline -fno-ip -ip -fp-model precise -w -ftz -align all -fno-alias -FR -convert big_endian  -I../dyn_em -I../dyn_nmm   -I/global/scratch/azare/Josh/WRFV3/external/esmf_time_f90  -I/global/scratch/azare/Josh/WRFV3/main -I/global/scratch/azare/Josh/WRFV3/external/io_netcdf -I/global/scratch/azare/Josh/WRFV3/external/io_int -I/global/scratch/azare/Josh/WRFV3/frame -I/global/scratch/azare/Josh/WRFV3/share -I/global/scratch/azare/Josh/WRFV3/phys -I/global/scratch/azare/Josh/WRFV3/chem -I/global/scratch/azare/Josh/WRFV3/inc -I/global/software/sl-6.x86_64/modules/intel/2013_sp1.4.211/netcdf/4.3.2-intel-p/include   yy6.f90
rm -f yy5.f90
/lib/cpp -C -P -DNNN=7 -I../inc -DNL_get_ROUTINES nl_access_routines.F > yy7.f90
mpif90 -f90=ifort -o nl_get_7_routines.o -c -i4 -O0 -fno-inline -fno-ip -ip -fp-model precise -w -ftz -align all -fno-alias -FR -convert big_endian  -I../dyn_em -I../dyn_nmm   -I/global/scratch/azare/Josh/WRFV3/external/esmf_time_f90  -I/global/scratch/azare/Josh/WRFV3/main -I/global/scratch/azare/Josh/WRFV3/external/io_netcdf -I/global/scratch/azare/Josh/WRFV3/external/io_int -I/global/scratch/azare/Josh/WRFV3/frame -I/global/scratch/azare/Josh/WRFV3/share -I/global/scratch/azare/Josh/WRFV3/phys -I/global/scratch/azare/Josh/WRFV3/chem -I/global/scratch/azare/Josh/WRFV3/inc -I/global/software/sl-6.x86_64/modules/intel/2013_sp1.4.211/netcdf/4.3.2-intel-p/include   yy7.f90
rm -f yy6.f90
/lib/cpp -C -P -DNNN=0 -I../inc -DNL_set_ROUTINES nl_access_routines.F > xx0.f90
mpif90 -f90=ifort -o nl_set_0_routines.o -c -i4 -O0 -fno-inline -fno-ip -ip -fp-model precise -w -ftz -align all -fno-alias -FR -convert big_endian  -I../dyn_em -I../dyn_nmm   -I/global/scratch/azare/Josh/WRFV3/external/esmf_time_f90  -I/global/scratch/azare/Josh/WRFV3/main -I/global/scratch/azare/Josh/WRFV3/external/io_netcdf -I/global/scratch/azare/Josh/WRFV3/external/io_int -I/global/scratch/azare/Josh/WRFV3/frame -I/global/scratch/azare/Josh/WRFV3/share -I/global/scratch/azare/Josh/WRFV3/phys -I/global/scratch/azare/Josh/WRFV3/chem -I/global/scratch/azare/Josh/WRFV3/inc -I/global/software/sl-6.x86_64/modules/intel/2013_sp1.4.211/netcdf/4.3.2-intel-p/include   xx0.f90
rm -f yy7.f90
/lib/cpp -C -P -DNNN=1 -I../inc -DNL_set_ROUTINES nl_access_routines.F > xx1.f90
mpif90 -f90=ifort -o nl_set_1_routines.o -c -i4 -O0 -fno-inline -fno-ip -ip -fp-model precise -w -ftz -align all -fno-alias -FR -convert big_endian  -I../dyn_em -I../dyn_nmm   -I/global/scratch/azare/Josh/WRFV3/external/esmf_time_f90  -I/global/scratch/azare/Josh/WRFV3/main -I/global/scratch/azare/Josh/WRFV3/external/io_netcdf -I/global/scratch/azare/Josh/WRFV3/external/io_int -I/global/scratch/azare/Josh/WRFV3/frame -I/global/scratch/azare/Josh/WRFV3/share -I/global/scratch/azare/Josh/WRFV3/phys -I/global/scratch/azare/Josh/WRFV3/chem -I/global/scratch/azare/Josh/WRFV3/inc -I/global/software/sl-6.x86_64/modules/intel/2013_sp1.4.211/netcdf/4.3.2-intel-p/include   xx1.f90
rm -f xx0.f90
/lib/cpp -C -P -DNNN=2 -I../inc -DNL_set_ROUTINES nl_access_routines.F > xx2.f90
mpif90 -f90=ifort -o nl_set_2_routines.o -c -i4 -O0 -fno-inline -fno-ip -ip -fp-model precise -w -ftz -align all -fno-alias -FR -convert big_endian  -I../dyn_em -I../dyn_nmm   -I/global/scratch/azare/Josh/WRFV3/external/esmf_time_f90  -I/global/scratch/azare/Josh/WRFV3/main -I/global/scratch/azare/Josh/WRFV3/external/io_netcdf -I/global/scratch/azare/Josh/WRFV3/external/io_int -I/global/scratch/azare/Josh/WRFV3/frame -I/global/scratch/azare/Josh/WRFV3/share -I/global/scratch/azare/Josh/WRFV3/phys -I/global/scratch/azare/Josh/WRFV3/chem -I/global/scratch/azare/Josh/WRFV3/inc -I/global/software/sl-6.x86_64/modules/intel/2013_sp1.4.211/netcdf/4.3.2-intel-p/include   xx2.f90
rm -f xx1.f90
/lib/cpp -C -P -DNNN=3 -I../inc -DNL_set_ROUTINES nl_access_routines.F > xx3.f90
mpif90 -f90=ifort -o nl_set_3_routines.o -c -i4 -O0 -fno-inline -fno-ip -ip -fp-model precise -w -ftz -align all -fno-alias -FR -convert big_endian  -I../dyn_em -I../dyn_nmm   -I/global/scratch/azare/Josh/WRFV3/external/esmf_time_f90  -I/global/scratch/azare/Josh/WRFV3/main -I/global/scratch/azare/Josh/WRFV3/external/io_netcdf -I/global/scratch/azare/Josh/WRFV3/external/io_int -I/global/scratch/azare/Josh/WRFV3/frame -I/global/scratch/azare/Josh/WRFV3/share -I/global/scratch/azare/Josh/WRFV3/phys -I/global/scratch/azare/Josh/WRFV3/chem -I/global/scratch/azare/Josh/WRFV3/inc -I/global/software/sl-6.x86_64/modules/intel/2013_sp1.4.211/netcdf/4.3.2-intel-p/include   xx3.f90
rm -f xx2.f90
/lib/cpp -C -P -DNNN=4 -I../inc -DNL_set_ROUTINES nl_access_routines.F > xx4.f90
mpif90 -f90=ifort -o nl_set_4_routines.o -c -i4 -O0 -fno-inline -fno-ip -ip -fp-model precise -w -ftz -align all -fno-alias -FR -convert big_endian  -I../dyn_em -I../dyn_nmm   -I/global/scratch/azare/Josh/WRFV3/external/esmf_time_f90  -I/global/scratch/azare/Josh/WRFV3/main -I/global/scratch/azare/Josh/WRFV3/external/io_netcdf -I/global/scratch/azare/Josh/WRFV3/external/io_int -I/global/scratch/azare/Josh/WRFV3/frame -I/global/scratch/azare/Josh/WRFV3/share -I/global/scratch/azare/Josh/WRFV3/phys -I/global/scratch/azare/Josh/WRFV3/chem -I/global/scratch/azare/Josh/WRFV3/inc -I/global/software/sl-6.x86_64/modules/intel/2013_sp1.4.211/netcdf/4.3.2-intel-p/include   xx4.f90
rm -f xx3.f90
/lib/cpp -C -P -DNNN=5 -I../inc -DNL_set_ROUTINES nl_access_routines.F > xx5.f90
mpif90 -f90=ifort -o nl_set_5_routines.o -c -i4 -O0 -fno-inline -fno-ip -ip -fp-model precise -w -ftz -align all -fno-alias -FR -convert big_endian  -I../dyn_em -I../dyn_nmm   -I/global/scratch/azare/Josh/WRFV3/external/esmf_time_f90  -I/global/scratch/azare/Josh/WRFV3/main -I/global/scratch/azare/Josh/WRFV3/external/io_netcdf -I/global/scratch/azare/Josh/WRFV3/external/io_int -I/global/scratch/azare/Josh/WRFV3/frame -I/global/scratch/azare/Josh/WRFV3/share -I/global/scratch/azare/Josh/WRFV3/phys -I/global/scratch/azare/Josh/WRFV3/chem -I/global/scratch/azare/Josh/WRFV3/inc -I/global/software/sl-6.x86_64/modules/intel/2013_sp1.4.211/netcdf/4.3.2-intel-p/include   xx5.f90
rm -f xx4.f90
/lib/cpp -C -P -DNNN=6 -I../inc -DNL_set_ROUTINES nl_access_routines.F > xx6.f90
mpif90 -f90=ifort -o nl_set_6_routines.o -c -i4 -O0 -fno-inline -fno-ip -ip -fp-model precise -w -ftz -align all -fno-alias -FR -convert big_endian  -I../dyn_em -I../dyn_nmm   -I/global/scratch/azare/Josh/WRFV3/external/esmf_time_f90  -I/global/scratch/azare/Josh/WRFV3/main -I/global/scratch/azare/Josh/WRFV3/external/io_netcdf -I/global/scratch/azare/Josh/WRFV3/external/io_int -I/global/scratch/azare/Josh/WRFV3/frame -I/global/scratch/azare/Josh/WRFV3/share -I/global/scratch/azare/Josh/WRFV3/phys -I/global/scratch/azare/Josh/WRFV3/chem -I/global/scratch/azare/Josh/WRFV3/inc -I/global/software/sl-6.x86_64/modules/intel/2013_sp1.4.211/netcdf/4.3.2-intel-p/include   xx6.f90
rm -f xx5.f90
/lib/cpp -C -P -DNNN=7 -I../inc -DNL_set_ROUTINES nl_access_routines.F > xx7.f90
mpif90 -f90=ifort -o nl_set_7_routines.o -c -i4 -O0 -fno-inline -fno-ip -ip -fp-model precise -w -ftz -align all -fno-alias -FR -convert big_endian  -I../dyn_em -I../dyn_nmm   -I/global/scratch/azare/Josh/WRFV3/external/esmf_time_f90  -I/global/scratch/azare/Josh/WRFV3/main -I/global/scratch/azare/Josh/WRFV3/external/io_netcdf -I/global/scratch/azare/Josh/WRFV3/external/io_int -I/global/scratch/azare/Josh/WRFV3/frame -I/global/scratch/azare/Josh/WRFV3/share -I/global/scratch/azare/Josh/WRFV3/phys -I/global/scratch/azare/Josh/WRFV3/chem -I/global/scratch/azare/Josh/WRFV3/inc -I/global/software/sl-6.x86_64/modules/intel/2013_sp1.4.211/netcdf/4.3.2-intel-p/include   xx7.f90
rm -f xx6.f90
rm -f module_domain.o
/lib/cpp -C -P -I/global/scratch/azare/Josh/WRFV3/inc -DEM_CORE=1 -DNMM_CORE=0 -DNMM_MAX_DIM=2600 -DCOAMPS_CORE=0 -DDA_CORE=0 -DEXP_CORE=0 -DIWORDSIZE=4 -DDWORDSIZE=8 -DRWORDSIZE=4 -DLWORDSIZE=4 -DNONSTANDARD_SYSTEM_FUNC -DWRF_USE_CLM  -DDM_PARALLEL -DNETCDF -DUSE_ALLOCATABLES -DGRIB1 -DINTIO -DLIMIT_ARGS -DCONFIG_BUF_LEN=65536 -DMAX_DOMAINS_F=21 -DMAX_HISTORY=25 -DNMM_NEST=0 -DWRF_CHEM -DBUILD_CHEM=1 -DWRF_KPP -I. -traditional   module_domain.F  > module_domain.bb
/global/scratch/azare/Josh/WRFV3/tools/standard.exe module_domain.bb | /lib/cpp -C -P > module_domain.f90
rm -f module_domain.b module_domain.bb
mpif90 -f90=ifort -c -i4  -O0 -fno-inline -fno-ip -ip -fp-model precise -w -ftz -align all -fno-alias -FR -convert big_endian   -I../dyn_em -I../dyn_nmm   -I/global/scratch/azare/Josh/WRFV3/external/esmf_time_f90  -I/global/scratch/azare/Josh/WRFV3/main -I/global/scratch/azare/Josh/WRFV3/external/io_netcdf -I/global/scratch/azare/Josh/WRFV3/external/io_int -I/global/scratch/azare/Josh/WRFV3/frame -I/global/scratch/azare/Josh/WRFV3/share -I/global/scratch/azare/Josh/WRFV3/phys -I/global/scratch/azare/Josh/WRFV3/chem -I/global/scratch/azare/Josh/WRFV3/inc -I/global/software/sl-6.x86_64/modules/intel/2013_sp1.4.211/netcdf/4.3.2-intel-p/include  module_domain.f90
rm -f xx7.f90
rm -f module_nesting.o
rm -f module_tiles.o
/global/scratch/azare/Josh/WRFV3/tools/standard.exe module_tiles.F > module_tiles.b 
/lib/cpp -C -P -I/global/scratch/azare/Josh/WRFV3/inc -DEM_CORE=1 -DNMM_CORE=0 -DNMM_MAX_DIM=2600 -DCOAMPS_CORE=0 -DDA_CORE=0 -DEXP_CORE=0 -DIWORDSIZE=4 -DDWORDSIZE=8 -DRWORDSIZE=4 -DLWORDSIZE=4 -DNONSTANDARD_SYSTEM_FUNC -DWRF_USE_CLM  -DDM_PARALLEL -DNETCDF -DUSE_ALLOCATABLES -DGRIB1 -DINTIO -DLIMIT_ARGS -DCONFIG_BUF_LEN=65536 -DMAX_DOMAINS_F=21 -DMAX_HISTORY=25 -DNMM_NEST=0 -DWRF_CHEM -DBUILD_CHEM=1 -DWRF_KPP -I. -traditional   module_nesting.F  > module_nesting.bb
/global/scratch/azare/Josh/WRFV3/tools/standard.exe module_nesting.bb | /lib/cpp -C -P > module_nesting.f90
/lib/cpp -C -P -I/global/scratch/azare/Josh/WRFV3/inc -DEM_CORE=1 -DNMM_CORE=0 -DNMM_MAX_DIM=2600 -DCOAMPS_CORE=0 -DDA_CORE=0 -DEXP_CORE=0 -DIWORDSIZE=4 -DDWORDSIZE=8 -DRWORDSIZE=4 -DLWORDSIZE=4 -DNONSTANDARD_SYSTEM_FUNC -DWRF_USE_CLM  -DDM_PARALLEL -DNETCDF -DUSE_ALLOCATABLES -DGRIB1 -DINTIO -DLIMIT_ARGS -DCONFIG_BUF_LEN=65536 -DMAX_DOMAINS_F=21 -DMAX_HISTORY=25 -DNMM_NEST=0 -DWRF_CHEM -DBUILD_CHEM=1 -DWRF_KPP -I. -traditional   module_tiles.b  > module_tiles.f90
rm -f module_nesting.b module_nesting.bb
rm -f module_tiles.b
mpif90 -f90=ifort -o module_nesting.o -c -O2 -ip -fp-model precise -w -ftz -align all -fno-alias -FR -convert big_endian    -I../dyn_em -I../dyn_nmm   -I/global/scratch/azare/Josh/WRFV3/external/esmf_time_f90  -I/global/scratch/azare/Josh/WRFV3/main -I/global/scratch/azare/Josh/WRFV3/external/io_netcdf -I/global/scratch/azare/Josh/WRFV3/external/io_int -I/global/scratch/azare/Josh/WRFV3/frame -I/global/scratch/azare/Josh/WRFV3/share -I/global/scratch/azare/Josh/WRFV3/phys -I/global/scratch/azare/Josh/WRFV3/chem -I/global/scratch/azare/Josh/WRFV3/inc -I/global/software/sl-6.x86_64/modules/intel/2013_sp1.4.211/netcdf/4.3.2-intel-p/include  -i4  module_nesting.f90
if fgrep -iq '!$OMP' module_tiles.f90 ; then \
          if [ -n "" ] ; then echo COMPILING module_tiles.F WITH OMP ; fi ; \
	  mpif90 -f90=ifort -c -i4 -O0 -fno-inline -fno-ip -ip -fp-model precise -w -ftz -align all -fno-alias -FR -convert big_endian   -I../dyn_em -I../dyn_nmm   -I/global/scratch/azare/Josh/WRFV3/external/esmf_time_f90  -I/global/scratch/azare/Josh/WRFV3/main -I/global/scratch/azare/Josh/WRFV3/external/io_netcdf -I/global/scratch/azare/Josh/WRFV3/external/io_int -I/global/scratch/azare/Josh/WRFV3/frame -I/global/scratch/azare/Josh/WRFV3/share -I/global/scratch/azare/Josh/WRFV3/phys -I/global/scratch/azare/Josh/WRFV3/chem -I/global/scratch/azare/Josh/WRFV3/inc -I/global/software/sl-6.x86_64/modules/intel/2013_sp1.4.211/netcdf/4.3.2-intel-p/include    module_tiles.f90 ; \
        else \
          if [ -n "" ] ; then echo COMPILING module_tiles.F WITHOUT OMP ; fi ; \
	  mpif90 -f90=ifort -c -i4 -O0 -fno-inline -fno-ip -ip -fp-model precise -w -ftz -align all -fno-alias -FR -convert big_endian   -I../dyn_em -I../dyn_nmm   -I/global/scratch/azare/Josh/WRFV3/external/esmf_time_f90  -I/global/scratch/azare/Josh/WRFV3/main -I/global/scratch/azare/Josh/WRFV3/external/io_netcdf -I/global/scratch/azare/Josh/WRFV3/external/io_int -I/global/scratch/azare/Josh/WRFV3/frame -I/global/scratch/azare/Josh/WRFV3/share -I/global/scratch/azare/Josh/WRFV3/phys -I/global/scratch/azare/Josh/WRFV3/chem -I/global/scratch/azare/Josh/WRFV3/inc -I/global/software/sl-6.x86_64/modules/intel/2013_sp1.4.211/netcdf/4.3.2-intel-p/include   module_tiles.f90 ; \
        fi
rm -f module_comm_nesting_dm.o
/lib/cpp -C -P -I/global/scratch/azare/Josh/WRFV3/inc -DEM_CORE=1 -DNMM_CORE=0 -DNMM_MAX_DIM=2600 -DCOAMPS_CORE=0 -DDA_CORE=0 -DEXP_CORE=0 -DIWORDSIZE=4 -DDWORDSIZE=8 -DRWORDSIZE=4 -DLWORDSIZE=4 -DNONSTANDARD_SYSTEM_FUNC -DWRF_USE_CLM  -DDM_PARALLEL -DNETCDF -DUSE_ALLOCATABLES -DGRIB1 -DINTIO -DLIMIT_ARGS -DCONFIG_BUF_LEN=65536 -DMAX_DOMAINS_F=21 -DMAX_HISTORY=25 -DNMM_NEST=0 -DWRF_CHEM -DBUILD_CHEM=1 -DWRF_KPP -I. -traditional   module_comm_nesting_dm.F  > module_comm_nesting_dm.bb
/global/scratch/azare/Josh/WRFV3/tools/standard.exe module_comm_nesting_dm.bb | /lib/cpp -C -P > module_comm_nesting_dm.f90
rm -f module_comm_nesting_dm.b module_comm_nesting_dm.bb
mpif90 -f90=ifort -c -i4  -O0 -fno-inline -fno-ip -ip -fp-model precise -w -ftz -align all -fno-alias -FR -convert big_endian   -I../dyn_em -I../dyn_nmm   -I/global/scratch/azare/Josh/WRFV3/external/esmf_time_f90  -I/global/scratch/azare/Josh/WRFV3/main -I/global/scratch/azare/Josh/WRFV3/external/io_netcdf -I/global/scratch/azare/Josh/WRFV3/external/io_int -I/global/scratch/azare/Josh/WRFV3/frame -I/global/scratch/azare/Josh/WRFV3/share -I/global/scratch/azare/Josh/WRFV3/phys -I/global/scratch/azare/Josh/WRFV3/chem -I/global/scratch/azare/Josh/WRFV3/inc -I/global/software/sl-6.x86_64/modules/intel/2013_sp1.4.211/netcdf/4.3.2-intel-p/include  module_comm_nesting_dm.f90
rm -f module_comm_dm_0.o
/lib/cpp -C -P -I/global/scratch/azare/Josh/WRFV3/inc -DEM_CORE=1 -DNMM_CORE=0 -DNMM_MAX_DIM=2600 -DCOAMPS_CORE=0 -DDA_CORE=0 -DEXP_CORE=0 -DIWORDSIZE=4 -DDWORDSIZE=8 -DRWORDSIZE=4 -DLWORDSIZE=4 -DNONSTANDARD_SYSTEM_FUNC -DWRF_USE_CLM  -DDM_PARALLEL -DNETCDF -DUSE_ALLOCATABLES -DGRIB1 -DINTIO -DLIMIT_ARGS -DCONFIG_BUF_LEN=65536 -DMAX_DOMAINS_F=21 -DMAX_HISTORY=25 -DNMM_NEST=0 -DWRF_CHEM -DBUILD_CHEM=1 -DWRF_KPP -I. -traditional   module_comm_dm_0.F  > module_comm_dm_0.bb
/global/scratch/azare/Josh/WRFV3/tools/standard.exe module_comm_dm_0.bb | /lib/cpp -C -P > module_comm_dm_0.f90
rm -f module_comm_dm_0.b module_comm_dm_0.bb
mpif90 -f90=ifort -c -i4  -O0 -fno-inline -fno-ip -ip -fp-model precise -w -ftz -align all -fno-alias -FR -convert big_endian   -I../dyn_em -I../dyn_nmm   -I/global/scratch/azare/Josh/WRFV3/external/esmf_time_f90  -I/global/scratch/azare/Josh/WRFV3/main -I/global/scratch/azare/Josh/WRFV3/external/io_netcdf -I/global/scratch/azare/Josh/WRFV3/external/io_int -I/global/scratch/azare/Josh/WRFV3/frame -I/global/scratch/azare/Josh/WRFV3/share -I/global/scratch/azare/Josh/WRFV3/phys -I/global/scratch/azare/Josh/WRFV3/chem -I/global/scratch/azare/Josh/WRFV3/inc -I/global/software/sl-6.x86_64/modules/intel/2013_sp1.4.211/netcdf/4.3.2-intel-p/include  module_comm_dm_0.f90
rm -f module_comm_dm_1.o
/lib/cpp -C -P -I/global/scratch/azare/Josh/WRFV3/inc -DEM_CORE=1 -DNMM_CORE=0 -DNMM_MAX_DIM=2600 -DCOAMPS_CORE=0 -DDA_CORE=0 -DEXP_CORE=0 -DIWORDSIZE=4 -DDWORDSIZE=8 -DRWORDSIZE=4 -DLWORDSIZE=4 -DNONSTANDARD_SYSTEM_FUNC -DWRF_USE_CLM  -DDM_PARALLEL -DNETCDF -DUSE_ALLOCATABLES -DGRIB1 -DINTIO -DLIMIT_ARGS -DCONFIG_BUF_LEN=65536 -DMAX_DOMAINS_F=21 -DMAX_HISTORY=25 -DNMM_NEST=0 -DWRF_CHEM -DBUILD_CHEM=1 -DWRF_KPP -I. -traditional   module_comm_dm_1.F  > module_comm_dm_1.bb
/global/scratch/azare/Josh/WRFV3/tools/standard.exe module_comm_dm_1.bb | /lib/cpp -C -P > module_comm_dm_1.f90
rm -f module_comm_dm_1.b module_comm_dm_1.bb
mpif90 -f90=ifort -c -i4  -O0 -fno-inline -fno-ip -ip -fp-model precise -w -ftz -align all -fno-alias -FR -convert big_endian   -I../dyn_em -I../dyn_nmm   -I/global/scratch/azare/Josh/WRFV3/external/esmf_time_f90  -I/global/scratch/azare/Josh/WRFV3/main -I/global/scratch/azare/Josh/WRFV3/external/io_netcdf -I/global/scratch/azare/Josh/WRFV3/external/io_int -I/global/scratch/azare/Josh/WRFV3/frame -I/global/scratch/azare/Josh/WRFV3/share -I/global/scratch/azare/Josh/WRFV3/phys -I/global/scratch/azare/Josh/WRFV3/chem -I/global/scratch/azare/Josh/WRFV3/inc -I/global/software/sl-6.x86_64/modules/intel/2013_sp1.4.211/netcdf/4.3.2-intel-p/include  module_comm_dm_1.f90
rm -f module_comm_dm_2.o
/lib/cpp -C -P -I/global/scratch/azare/Josh/WRFV3/inc -DEM_CORE=1 -DNMM_CORE=0 -DNMM_MAX_DIM=2600 -DCOAMPS_CORE=0 -DDA_CORE=0 -DEXP_CORE=0 -DIWORDSIZE=4 -DDWORDSIZE=8 -DRWORDSIZE=4 -DLWORDSIZE=4 -DNONSTANDARD_SYSTEM_FUNC -DWRF_USE_CLM  -DDM_PARALLEL -DNETCDF -DUSE_ALLOCATABLES -DGRIB1 -DINTIO -DLIMIT_ARGS -DCONFIG_BUF_LEN=65536 -DMAX_DOMAINS_F=21 -DMAX_HISTORY=25 -DNMM_NEST=0 -DWRF_CHEM -DBUILD_CHEM=1 -DWRF_KPP -I. -traditional   module_comm_dm_2.F  > module_comm_dm_2.bb
/global/scratch/azare/Josh/WRFV3/tools/standard.exe module_comm_dm_2.bb | /lib/cpp -C -P > module_comm_dm_2.f90
rm -f module_comm_dm_2.b module_comm_dm_2.bb
mpif90 -f90=ifort -c -i4  -O0 -fno-inline -fno-ip -ip -fp-model precise -w -ftz -align all -fno-alias -FR -convert big_endian   -I../dyn_em -I../dyn_nmm   -I/global/scratch/azare/Josh/WRFV3/external/esmf_time_f90  -I/global/scratch/azare/Josh/WRFV3/main -I/global/scratch/azare/Josh/WRFV3/external/io_netcdf -I/global/scratch/azare/Josh/WRFV3/external/io_int -I/global/scratch/azare/Josh/WRFV3/frame -I/global/scratch/azare/Josh/WRFV3/share -I/global/scratch/azare/Josh/WRFV3/phys -I/global/scratch/azare/Josh/WRFV3/chem -I/global/scratch/azare/Josh/WRFV3/inc -I/global/software/sl-6.x86_64/modules/intel/2013_sp1.4.211/netcdf/4.3.2-intel-p/include  module_comm_dm_2.f90
rm -f module_comm_dm_3.o
/lib/cpp -C -P -I/global/scratch/azare/Josh/WRFV3/inc -DEM_CORE=1 -DNMM_CORE=0 -DNMM_MAX_DIM=2600 -DCOAMPS_CORE=0 -DDA_CORE=0 -DEXP_CORE=0 -DIWORDSIZE=4 -DDWORDSIZE=8 -DRWORDSIZE=4 -DLWORDSIZE=4 -DNONSTANDARD_SYSTEM_FUNC -DWRF_USE_CLM  -DDM_PARALLEL -DNETCDF -DUSE_ALLOCATABLES -DGRIB1 -DINTIO -DLIMIT_ARGS -DCONFIG_BUF_LEN=65536 -DMAX_DOMAINS_F=21 -DMAX_HISTORY=25 -DNMM_NEST=0 -DWRF_CHEM -DBUILD_CHEM=1 -DWRF_KPP -I. -traditional   module_comm_dm_3.F  > module_comm_dm_3.bb
/global/scratch/azare/Josh/WRFV3/tools/standard.exe module_comm_dm_3.bb | /lib/cpp -C -P > module_comm_dm_3.f90
rm -f module_comm_dm_3.b module_comm_dm_3.bb
mpif90 -f90=ifort -c -i4  -O0 -fno-inline -fno-ip -ip -fp-model precise -w -ftz -align all -fno-alias -FR -convert big_endian   -I../dyn_em -I../dyn_nmm   -I/global/scratch/azare/Josh/WRFV3/external/esmf_time_f90  -I/global/scratch/azare/Josh/WRFV3/main -I/global/scratch/azare/Josh/WRFV3/external/io_netcdf -I/global/scratch/azare/Josh/WRFV3/external/io_int -I/global/scratch/azare/Josh/WRFV3/frame -I/global/scratch/azare/Josh/WRFV3/share -I/global/scratch/azare/Josh/WRFV3/phys -I/global/scratch/azare/Josh/WRFV3/chem -I/global/scratch/azare/Josh/WRFV3/inc -I/global/software/sl-6.x86_64/modules/intel/2013_sp1.4.211/netcdf/4.3.2-intel-p/include  module_comm_dm_3.f90
rm -f module_comm_dm_4.o
/lib/cpp -C -P -I/global/scratch/azare/Josh/WRFV3/inc -DEM_CORE=1 -DNMM_CORE=0 -DNMM_MAX_DIM=2600 -DCOAMPS_CORE=0 -DDA_CORE=0 -DEXP_CORE=0 -DIWORDSIZE=4 -DDWORDSIZE=8 -DRWORDSIZE=4 -DLWORDSIZE=4 -DNONSTANDARD_SYSTEM_FUNC -DWRF_USE_CLM  -DDM_PARALLEL -DNETCDF -DUSE_ALLOCATABLES -DGRIB1 -DINTIO -DLIMIT_ARGS -DCONFIG_BUF_LEN=65536 -DMAX_DOMAINS_F=21 -DMAX_HISTORY=25 -DNMM_NEST=0 -DWRF_CHEM -DBUILD_CHEM=1 -DWRF_KPP -I. -traditional   module_comm_dm_4.F  > module_comm_dm_4.bb
/global/scratch/azare/Josh/WRFV3/tools/standard.exe module_comm_dm_4.bb | /lib/cpp -C -P > module_comm_dm_4.f90
rm -f module_comm_dm_4.b module_comm_dm_4.bb
mpif90 -f90=ifort -o module_comm_dm_4.o -c -O2 -ip -fp-model precise -w -ftz -align all -fno-alias -FR -convert big_endian    -I../dyn_em -I../dyn_nmm   -I/global/scratch/azare/Josh/WRFV3/external/esmf_time_f90  -I/global/scratch/azare/Josh/WRFV3/main -I/global/scratch/azare/Josh/WRFV3/external/io_netcdf -I/global/scratch/azare/Josh/WRFV3/external/io_int -I/global/scratch/azare/Josh/WRFV3/frame -I/global/scratch/azare/Josh/WRFV3/share -I/global/scratch/azare/Josh/WRFV3/phys -I/global/scratch/azare/Josh/WRFV3/chem -I/global/scratch/azare/Josh/WRFV3/inc -I/global/software/sl-6.x86_64/modules/intel/2013_sp1.4.211/netcdf/4.3.2-intel-p/include  -i4  module_comm_dm_4.f90
rm -f module_integrate.o
/global/scratch/azare/Josh/WRFV3/tools/standard.exe module_integrate.F > module_integrate.b 
/lib/cpp -C -P -I/global/scratch/azare/Josh/WRFV3/inc -DEM_CORE=1 -DNMM_CORE=0 -DNMM_MAX_DIM=2600 -DCOAMPS_CORE=0 -DDA_CORE=0 -DEXP_CORE=0 -DIWORDSIZE=4 -DDWORDSIZE=8 -DRWORDSIZE=4 -DLWORDSIZE=4 -DNONSTANDARD_SYSTEM_FUNC -DWRF_USE_CLM  -DDM_PARALLEL -DNETCDF -DUSE_ALLOCATABLES -DGRIB1 -DINTIO -DLIMIT_ARGS -DCONFIG_BUF_LEN=65536 -DMAX_DOMAINS_F=21 -DMAX_HISTORY=25 -DNMM_NEST=0 -DWRF_CHEM -DBUILD_CHEM=1 -DWRF_KPP -I. -traditional   module_integrate.b  > module_integrate.f90
rm -f module_integrate.b
if fgrep -iq '!$OMP' module_integrate.f90 ; then \
          if [ -n "" ] ; then echo COMPILING module_integrate.F WITH OMP ; fi ; \
	  mpif90 -f90=ifort -c -i4 -O0 -fno-inline -fno-ip -ip -fp-model precise -w -ftz -align all -fno-alias -FR -convert big_endian   -I../dyn_em -I../dyn_nmm   -I/global/scratch/azare/Josh/WRFV3/external/esmf_time_f90  -I/global/scratch/azare/Josh/WRFV3/main -I/global/scratch/azare/Josh/WRFV3/external/io_netcdf -I/global/scratch/azare/Josh/WRFV3/external/io_int -I/global/scratch/azare/Josh/WRFV3/frame -I/global/scratch/azare/Josh/WRFV3/share -I/global/scratch/azare/Josh/WRFV3/phys -I/global/scratch/azare/Josh/WRFV3/chem -I/global/scratch/azare/Josh/WRFV3/inc -I/global/software/sl-6.x86_64/modules/intel/2013_sp1.4.211/netcdf/4.3.2-intel-p/include    module_integrate.f90 ; \
        else \
          if [ -n "" ] ; then echo COMPILING module_integrate.F WITHOUT OMP ; fi ; \
	  mpif90 -f90=ifort -c -i4 -O0 -fno-inline -fno-ip -ip -fp-model precise -w -ftz -align all -fno-alias -FR -convert big_endian   -I../dyn_em -I../dyn_nmm   -I/global/scratch/azare/Josh/WRFV3/external/esmf_time_f90  -I/global/scratch/azare/Josh/WRFV3/main -I/global/scratch/azare/Josh/WRFV3/external/io_netcdf -I/global/scratch/azare/Josh/WRFV3/external/io_int -I/global/scratch/azare/Josh/WRFV3/frame -I/global/scratch/azare/Josh/WRFV3/share -I/global/scratch/azare/Josh/WRFV3/phys -I/global/scratch/azare/Josh/WRFV3/chem -I/global/scratch/azare/Josh/WRFV3/inc -I/global/software/sl-6.x86_64/modules/intel/2013_sp1.4.211/netcdf/4.3.2-intel-p/include   module_integrate.f90 ; \
        fi
rm -f module_comm_dm.o
/lib/cpp -C -P -I/global/scratch/azare/Josh/WRFV3/inc -DEM_CORE=1 -DNMM_CORE=0 -DNMM_MAX_DIM=2600 -DCOAMPS_CORE=0 -DDA_CORE=0 -DEXP_CORE=0 -DIWORDSIZE=4 -DDWORDSIZE=8 -DRWORDSIZE=4 -DLWORDSIZE=4 -DNONSTANDARD_SYSTEM_FUNC -DWRF_USE_CLM  -DDM_PARALLEL -DNETCDF -DUSE_ALLOCATABLES -DGRIB1 -DINTIO -DLIMIT_ARGS -DCONFIG_BUF_LEN=65536 -DMAX_DOMAINS_F=21 -DMAX_HISTORY=25 -DNMM_NEST=0 -DWRF_CHEM -DBUILD_CHEM=1 -DWRF_KPP -I. -traditional   module_comm_dm.F  > module_comm_dm.bb
/global/scratch/azare/Josh/WRFV3/tools/standard.exe module_comm_dm.bb | /lib/cpp -C -P > module_comm_dm.f90
rm -f module_comm_dm.b module_comm_dm.bb
mpif90 -f90=ifort -c -i4  -O0 -fno-inline -fno-ip -ip -fp-model precise -w -ftz -align all -fno-alias -FR -convert big_endian   -I../dyn_em -I../dyn_nmm   -I/global/scratch/azare/Josh/WRFV3/external/esmf_time_f90  -I/global/scratch/azare/Josh/WRFV3/main -I/global/scratch/azare/Josh/WRFV3/external/io_netcdf -I/global/scratch/azare/Josh/WRFV3/external/io_int -I/global/scratch/azare/Josh/WRFV3/frame -I/global/scratch/azare/Josh/WRFV3/share -I/global/scratch/azare/Josh/WRFV3/phys -I/global/scratch/azare/Josh/WRFV3/chem -I/global/scratch/azare/Josh/WRFV3/inc -I/global/software/sl-6.x86_64/modules/intel/2013_sp1.4.211/netcdf/4.3.2-intel-p/include  module_comm_dm.f90
rm -f module_dm.o
/global/scratch/azare/Josh/WRFV3/tools/standard.exe module_dm.F > module_dm.b 
/lib/cpp -C -P -I/global/scratch/azare/Josh/WRFV3/inc -DEM_CORE=1 -DNMM_CORE=0 -DNMM_MAX_DIM=2600 -DCOAMPS_CORE=0 -DDA_CORE=0 -DEXP_CORE=0 -DIWORDSIZE=4 -DDWORDSIZE=8 -DRWORDSIZE=4 -DLWORDSIZE=4 -DNONSTANDARD_SYSTEM_FUNC -DWRF_USE_CLM  -DDM_PARALLEL -DNETCDF -DUSE_ALLOCATABLES -DGRIB1 -DINTIO -DLIMIT_ARGS -DCONFIG_BUF_LEN=65536 -DMAX_DOMAINS_F=21 -DMAX_HISTORY=25 -DNMM_NEST=0 -DWRF_CHEM -DBUILD_CHEM=1 -DWRF_KPP -I. -traditional   module_dm.b  > module_dm.f90
rm -f module_dm.b
if fgrep -iq '!$OMP' module_dm.f90 ; then \
          if [ -n "" ] ; then echo COMPILING module_dm.F WITH OMP ; fi ; \
	  mpif90 -f90=ifort -c -i4 -O0 -fno-inline -fno-ip -ip -fp-model precise -w -ftz -align all -fno-alias -FR -convert big_endian   -I../dyn_em -I../dyn_nmm   -I/global/scratch/azare/Josh/WRFV3/external/esmf_time_f90  -I/global/scratch/azare/Josh/WRFV3/main -I/global/scratch/azare/Josh/WRFV3/external/io_netcdf -I/global/scratch/azare/Josh/WRFV3/external/io_int -I/global/scratch/azare/Josh/WRFV3/frame -I/global/scratch/azare/Josh/WRFV3/share -I/global/scratch/azare/Josh/WRFV3/phys -I/global/scratch/azare/Josh/WRFV3/chem -I/global/scratch/azare/Josh/WRFV3/inc -I/global/software/sl-6.x86_64/modules/intel/2013_sp1.4.211/netcdf/4.3.2-intel-p/include    module_dm.f90 ; \
        else \
          if [ -n "" ] ; then echo COMPILING module_dm.F WITHOUT OMP ; fi ; \
	  mpif90 -f90=ifort -c -i4 -O0 -fno-inline -fno-ip -ip -fp-model precise -w -ftz -align all -fno-alias -FR -convert big_endian   -I../dyn_em -I../dyn_nmm   -I/global/scratch/azare/Josh/WRFV3/external/esmf_time_f90  -I/global/scratch/azare/Josh/WRFV3/main -I/global/scratch/azare/Josh/WRFV3/external/io_netcdf -I/global/scratch/azare/Josh/WRFV3/external/io_int -I/global/scratch/azare/Josh/WRFV3/frame -I/global/scratch/azare/Josh/WRFV3/share -I/global/scratch/azare/Josh/WRFV3/phys -I/global/scratch/azare/Josh/WRFV3/chem -I/global/scratch/azare/Josh/WRFV3/inc -I/global/software/sl-6.x86_64/modules/intel/2013_sp1.4.211/netcdf/4.3.2-intel-p/include   module_dm.f90 ; \
        fi
rm -f module_io.o
rm -f module_io_quilt.o
/lib/cpp -C -P -I/global/scratch/azare/Josh/WRFV3/inc -DEM_CORE=1 -DNMM_CORE=0 -DNMM_MAX_DIM=2600 -DCOAMPS_CORE=0 -DDA_CORE=0 -DEXP_CORE=0 -DIWORDSIZE=4 -DDWORDSIZE=8 -DRWORDSIZE=4 -DLWORDSIZE=4 -DNONSTANDARD_SYSTEM_FUNC -DWRF_USE_CLM  -DDM_PARALLEL -DNETCDF -DUSE_ALLOCATABLES -DGRIB1 -DINTIO -DLIMIT_ARGS -DCONFIG_BUF_LEN=65536 -DMAX_DOMAINS_F=21 -DMAX_HISTORY=25 -DNMM_NEST=0 -DWRF_CHEM -DBUILD_CHEM=1 -DWRF_KPP -I. -traditional   module_io.F  > module_io.bb
/lib/cpp -C -P -I/global/scratch/azare/Josh/WRFV3/inc -DEM_CORE=1 -DNMM_CORE=0 -DNMM_MAX_DIM=2600 -DCOAMPS_CORE=0 -DDA_CORE=0 -DEXP_CORE=0 -DIWORDSIZE=4 -DDWORDSIZE=8 -DRWORDSIZE=4 -DLWORDSIZE=4 -DNONSTANDARD_SYSTEM_FUNC -DWRF_USE_CLM  -DDM_PARALLEL -DNETCDF -DUSE_ALLOCATABLES -DGRIB1 -DINTIO -DLIMIT_ARGS -DCONFIG_BUF_LEN=65536 -DMAX_DOMAINS_F=21 -DMAX_HISTORY=25 -DNMM_NEST=0 -DWRF_CHEM -DBUILD_CHEM=1 -DWRF_KPP -I. -traditional   module_io_quilt.F  > module_io_quilt.bb
/global/scratch/azare/Josh/WRFV3/tools/standard.exe module_io_quilt.bb | /lib/cpp -C -P > module_io_quilt.f90
rm -f module_io_quilt.b module_io_quilt.bb
mpif90 -f90=ifort -o module_io_quilt.o -c -O2 -ip -fp-model precise -w -ftz -align all -fno-alias -FR -convert big_endian    -I../dyn_em -I../dyn_nmm   -I/global/scratch/azare/Josh/WRFV3/external/esmf_time_f90  -I/global/scratch/azare/Josh/WRFV3/main -I/global/scratch/azare/Josh/WRFV3/external/io_netcdf -I/global/scratch/azare/Josh/WRFV3/external/io_int -I/global/scratch/azare/Josh/WRFV3/frame -I/global/scratch/azare/Josh/WRFV3/share -I/global/scratch/azare/Josh/WRFV3/phys -I/global/scratch/azare/Josh/WRFV3/chem -I/global/scratch/azare/Josh/WRFV3/inc -I/global/software/sl-6.x86_64/modules/intel/2013_sp1.4.211/netcdf/4.3.2-intel-p/include  -i4  module_io_quilt.f90
/global/scratch/azare/Josh/WRFV3/tools/standard.exe module_io.bb | /lib/cpp -C -P > module_io.f90
rm -f module_io.b module_io.bb
mpif90 -f90=ifort -c -i4  -O0 -fno-inline -fno-ip -ip -fp-model precise -w -ftz -align all -fno-alias -FR -convert big_endian   -I../dyn_em -I../dyn_nmm   -I/global/scratch/azare/Josh/WRFV3/external/esmf_time_f90  -I/global/scratch/azare/Josh/WRFV3/main -I/global/scratch/azare/Josh/WRFV3/external/io_netcdf -I/global/scratch/azare/Josh/WRFV3/external/io_int -I/global/scratch/azare/Josh/WRFV3/frame -I/global/scratch/azare/Josh/WRFV3/share -I/global/scratch/azare/Josh/WRFV3/phys -I/global/scratch/azare/Josh/WRFV3/chem -I/global/scratch/azare/Josh/WRFV3/inc -I/global/software/sl-6.x86_64/modules/intel/2013_sp1.4.211/netcdf/4.3.2-intel-p/include  module_io.f90
rm -f module_intermediate_nmm.o
/lib/cpp -C -P -I/global/scratch/azare/Josh/WRFV3/inc -DEM_CORE=1 -DNMM_CORE=0 -DNMM_MAX_DIM=2600 -DCOAMPS_CORE=0 -DDA_CORE=0 -DEXP_CORE=0 -DIWORDSIZE=4 -DDWORDSIZE=8 -DRWORDSIZE=4 -DLWORDSIZE=4 -DNONSTANDARD_SYSTEM_FUNC -DWRF_USE_CLM  -DDM_PARALLEL -DNETCDF -DUSE_ALLOCATABLES -DGRIB1 -DINTIO -DLIMIT_ARGS -DCONFIG_BUF_LEN=65536 -DMAX_DOMAINS_F=21 -DMAX_HISTORY=25 -DNMM_NEST=0 -DWRF_CHEM -DBUILD_CHEM=1 -DWRF_KPP -I. -traditional   module_intermediate_nmm.F  > module_intermediate_nmm.bb
/global/scratch/azare/Josh/WRFV3/tools/standard.exe module_intermediate_nmm.bb | /lib/cpp -C -P > module_intermediate_nmm.f90
rm -f module_intermediate_nmm.b module_intermediate_nmm.bb
mpif90 -f90=ifort -o module_intermediate_nmm.o -c -O2 -ip -fp-model precise -w -ftz -align all -fno-alias -FR -convert big_endian    -I../dyn_em -I../dyn_nmm   -I/global/scratch/azare/Josh/WRFV3/external/esmf_time_f90  -I/global/scratch/azare/Josh/WRFV3/main -I/global/scratch/azare/Josh/WRFV3/external/io_netcdf -I/global/scratch/azare/Josh/WRFV3/external/io_int -I/global/scratch/azare/Josh/WRFV3/frame -I/global/scratch/azare/Josh/WRFV3/share -I/global/scratch/azare/Josh/WRFV3/phys -I/global/scratch/azare/Josh/WRFV3/chem -I/global/scratch/azare/Josh/WRFV3/inc -I/global/software/sl-6.x86_64/modules/intel/2013_sp1.4.211/netcdf/4.3.2-intel-p/include  -i4  module_intermediate_nmm.f90
ar ru ../main/libwrflib.a module_driver_constants.o module_domain_type.o module_streams.o module_domain.o module_integrate.o module_timing.o module_configure.o module_tiles.o module_machine.o module_nesting.o module_wrf_error.o module_state_description.o module_sm.o module_io.o module_comm_dm.o module_comm_dm_0.o module_comm_dm_1.o module_comm_dm_2.o module_comm_dm_3.o module_comm_dm_4.o module_comm_nesting_dm.o module_dm.o module_quilt_outbuf_ops.o module_io_quilt.o module_intermediate_nmm.o wrf_num_bytes_between.o wrf_shutdown.o wrf_debug.o libmassv.o collect_on_comm.o hires_timer.o clog.o nl_get_0_routines.o nl_get_1_routines.o nl_get_2_routines.o nl_get_3_routines.o nl_get_4_routines.o nl_get_5_routines.o nl_get_6_routines.o nl_get_7_routines.o nl_set_0_routines.o nl_set_1_routines.o nl_set_2_routines.o nl_set_3_routines.o nl_set_4_routines.o nl_set_5_routines.o nl_set_6_routines.o nl_set_7_routines.o  module_alloc_space_0.o module_alloc_space_1.o module_alloc_space_2.o module_alloc_space_3.o module_alloc_space_4.o module_alloc_space_5.o module_alloc_space_6.o module_alloc_space_7.o module_alloc_space_8.o module_alloc_space_9.o
ar: creating ../main/libwrflib.a
ranlib ../main/libwrflib.a
make[2]: Leaving directory `/global/scratch/azare/Josh/WRFV3/frame'
make[2]: Entering directory `/global/scratch/azare/Josh/WRFV3/external/io_netcdf'
make[2]: `diffwrf' is up to date.
make[2]: Leaving directory `/global/scratch/azare/Josh/WRFV3/external/io_netcdf'
make[2]: Entering directory `/global/scratch/azare/Josh/WRFV3/external/io_int'
if [ -f ../../frame/pack_utils.o -a -f ../../frame/clog.o ] ; then \
	  ifort -ip -fp-model precise -w -ftz -align all -fno-alias -FR -convert big_endian   -O2 -ip -fp-model precise -w -ftz -align all -fno-alias -FR -convert big_endian    -I../ioapi_share -o diffwrf diffwrf.f \
		../../frame/pack_utils.o ../../frame/module_internal_header_util.o ../../frame/module_driver_constants.o ../../frame/module_machine.o ../../frame/module_wrf_error.o ../../frame/wrf_debug.o -L/global/scratch/azare/Josh/WRFV3/external/esmf_time_f90 -lesmf_time libwrfio_int.a ; \
	fi
make[2]: Leaving directory `/global/scratch/azare/Josh/WRFV3/external/io_int'
make[1]: Leaving directory `/global/scratch/azare/Josh/WRFV3'
make -i -r MODULE_DIRS="-I../dyn_em -I../dyn_nmm   -I/global/scratch/azare/Josh/WRFV3/external/esmf_time_f90  -I/global/scratch/azare/Josh/WRFV3/main -I/global/scratch/azare/Josh/WRFV3/external/io_netcdf -I/global/scratch/azare/Josh/WRFV3/external/io_int -I/global/scratch/azare/Josh/WRFV3/frame -I/global/scratch/azare/Josh/WRFV3/share -I/global/scratch/azare/Josh/WRFV3/phys -I/global/scratch/azare/Josh/WRFV3/chem -I/global/scratch/azare/Josh/WRFV3/inc -I/global/software/sl-6.x86_64/modules/intel/2013_sp1.4.211/netcdf/4.3.2-intel-p/include " shared
make[1]: Entering directory `/global/scratch/azare/Josh/WRFV3'
--------------------------------------
if [ "`echo -j 2 | sed -e 's/-j//g' -e 's/ \+//g'`" -gt "6" ] ; then \
	  ( cd share ; make -i -r -j 6 ) ;  \
	else \
	  ( cd share ; make -i -r -j 2 ) ;  \
	fi
make[2]: Entering directory `/global/scratch/azare/Josh/WRFV3/share'
rm -f module_model_constants.o
rm -f module_bc_time_utilities.o
/lib/cpp -C -P -I/global/scratch/azare/Josh/WRFV3/inc -DEM_CORE=1 -DNMM_CORE=0 -DNMM_MAX_DIM=2600 -DCOAMPS_CORE=0 -DDA_CORE=0 -DEXP_CORE=0 -DIWORDSIZE=4 -DDWORDSIZE=8 -DRWORDSIZE=4 -DLWORDSIZE=4 -DNONSTANDARD_SYSTEM_FUNC -DWRF_USE_CLM  -DDM_PARALLEL -DNETCDF -DUSE_ALLOCATABLES -DGRIB1 -DINTIO -DLIMIT_ARGS -DCONFIG_BUF_LEN=65536 -DMAX_DOMAINS_F=21 -DMAX_HISTORY=25 -DNMM_NEST=0 -DWRF_CHEM -DBUILD_CHEM=1 -DWRF_KPP -I. -traditional   module_model_constants.F  > module_model_constants.bb
/lib/cpp -C -P -I/global/scratch/azare/Josh/WRFV3/inc -DEM_CORE=1 -DNMM_CORE=0 -DNMM_MAX_DIM=2600 -DCOAMPS_CORE=0 -DDA_CORE=0 -DEXP_CORE=0 -DIWORDSIZE=4 -DDWORDSIZE=8 -DRWORDSIZE=4 -DLWORDSIZE=4 -DNONSTANDARD_SYSTEM_FUNC -DWRF_USE_CLM  -DDM_PARALLEL -DNETCDF -DUSE_ALLOCATABLES -DGRIB1 -DINTIO -DLIMIT_ARGS -DCONFIG_BUF_LEN=65536 -DMAX_DOMAINS_F=21 -DMAX_HISTORY=25 -DNMM_NEST=0 -DWRF_CHEM -DBUILD_CHEM=1 -DWRF_KPP -I. -traditional   module_bc_time_utilities.F  > module_bc_time_utilities.bb
/global/scratch/azare/Josh/WRFV3/tools/standard.exe module_bc_time_utilities.bb | /lib/cpp -C -P > module_bc_time_utilities.f90
/global/scratch/azare/Josh/WRFV3/tools/standard.exe module_model_constants.bb | /lib/cpp -C -P > module_model_constants.f90
rm -f module_bc_time_utilities.b module_bc_time_utilities.bb
rm -f module_model_constants.b module_model_constants.bb
mpif90 -f90=ifort -o module_bc_time_utilities.o -c -O2 -ip -fp-model precise -w -ftz -align all -fno-alias -FR -convert big_endian    -I../dyn_em -I../dyn_nmm   -I/global/scratch/azare/Josh/WRFV3/external/esmf_time_f90  -I/global/scratch/azare/Josh/WRFV3/main -I/global/scratch/azare/Josh/WRFV3/external/io_netcdf -I/global/scratch/azare/Josh/WRFV3/external/io_int -I/global/scratch/azare/Josh/WRFV3/frame -I/global/scratch/azare/Josh/WRFV3/share -I/global/scratch/azare/Josh/WRFV3/phys -I/global/scratch/azare/Josh/WRFV3/chem -I/global/scratch/azare/Josh/WRFV3/inc -I/global/software/sl-6.x86_64/modules/intel/2013_sp1.4.211/netcdf/4.3.2-intel-p/include  -i4  module_bc_time_utilities.f90
mpif90 -f90=ifort -o module_model_constants.o -c -O2 -ip -fp-model precise -w -ftz -align all -fno-alias -FR -convert big_endian    -I../dyn_em -I../dyn_nmm   -I/global/scratch/azare/Josh/WRFV3/external/esmf_time_f90  -I/global/scratch/azare/Josh/WRFV3/main -I/global/scratch/azare/Josh/WRFV3/external/io_netcdf -I/global/scratch/azare/Josh/WRFV3/external/io_int -I/global/scratch/azare/Josh/WRFV3/frame -I/global/scratch/azare/Josh/WRFV3/share -I/global/scratch/azare/Josh/WRFV3/phys -I/global/scratch/azare/Josh/WRFV3/chem -I/global/scratch/azare/Josh/WRFV3/inc -I/global/software/sl-6.x86_64/modules/intel/2013_sp1.4.211/netcdf/4.3.2-intel-p/include  -i4  module_model_constants.f90
rm -f module_get_file_names.o
/lib/cpp -C -P -I/global/scratch/azare/Josh/WRFV3/inc -DEM_CORE=1 -DNMM_CORE=0 -DNMM_MAX_DIM=2600 -DCOAMPS_CORE=0 -DDA_CORE=0 -DEXP_CORE=0 -DIWORDSIZE=4 -DDWORDSIZE=8 -DRWORDSIZE=4 -DLWORDSIZE=4 -DNONSTANDARD_SYSTEM_FUNC -DWRF_USE_CLM  -DDM_PARALLEL -DNETCDF -DUSE_ALLOCATABLES -DGRIB1 -DINTIO -DLIMIT_ARGS -DCONFIG_BUF_LEN=65536 -DMAX_DOMAINS_F=21 -DMAX_HISTORY=25 -DNMM_NEST=0 -DWRF_CHEM -DBUILD_CHEM=1 -DWRF_KPP -I. -traditional   module_get_file_names.F  > module_get_file_names.bb
rm -f module_compute_geop.o
/lib/cpp -C -P -I/global/scratch/azare/Josh/WRFV3/inc -DEM_CORE=1 -DNMM_CORE=0 -DNMM_MAX_DIM=2600 -DCOAMPS_CORE=0 -DDA_CORE=0 -DEXP_CORE=0 -DIWORDSIZE=4 -DDWORDSIZE=8 -DRWORDSIZE=4 -DLWORDSIZE=4 -DNONSTANDARD_SYSTEM_FUNC -DWRF_USE_CLM  -DDM_PARALLEL -DNETCDF -DUSE_ALLOCATABLES -DGRIB1 -DINTIO -DLIMIT_ARGS -DCONFIG_BUF_LEN=65536 -DMAX_DOMAINS_F=21 -DMAX_HISTORY=25 -DNMM_NEST=0 -DWRF_CHEM -DBUILD_CHEM=1 -DWRF_KPP -I. -traditional   module_compute_geop.F  > module_compute_geop.bb
/global/scratch/azare/Josh/WRFV3/tools/standard.exe module_get_file_names.bb | /lib/cpp -C -P > module_get_file_names.f90
rm -f module_get_file_names.b module_get_file_names.bb
mpif90 -f90=ifort -o module_get_file_names.o -c -O2 -ip -fp-model precise -w -ftz -align all -fno-alias -FR -convert big_endian    -I../dyn_em -I../dyn_nmm   -I/global/scratch/azare/Josh/WRFV3/external/esmf_time_f90  -I/global/scratch/azare/Josh/WRFV3/main -I/global/scratch/azare/Josh/WRFV3/external/io_netcdf -I/global/scratch/azare/Josh/WRFV3/external/io_int -I/global/scratch/azare/Josh/WRFV3/frame -I/global/scratch/azare/Josh/WRFV3/share -I/global/scratch/azare/Josh/WRFV3/phys -I/global/scratch/azare/Josh/WRFV3/chem -I/global/scratch/azare/Josh/WRFV3/inc -I/global/software/sl-6.x86_64/modules/intel/2013_sp1.4.211/netcdf/4.3.2-intel-p/include  -i4  module_get_file_names.f90
/global/scratch/azare/Josh/WRFV3/tools/standard.exe module_compute_geop.bb | /lib/cpp -C -P > module_compute_geop.f90
rm -f module_compute_geop.b module_compute_geop.bb
mpif90 -f90=ifort -o module_compute_geop.o -c -O2 -ip -fp-model precise -w -ftz -align all -fno-alias -FR -convert big_endian    -I../dyn_em -I../dyn_nmm   -I/global/scratch/azare/Josh/WRFV3/external/esmf_time_f90  -I/global/scratch/azare/Josh/WRFV3/main -I/global/scratch/azare/Josh/WRFV3/external/io_netcdf -I/global/scratch/azare/Josh/WRFV3/external/io_int -I/global/scratch/azare/Josh/WRFV3/frame -I/global/scratch/azare/Josh/WRFV3/share -I/global/scratch/azare/Josh/WRFV3/phys -I/global/scratch/azare/Josh/WRFV3/chem -I/global/scratch/azare/Josh/WRFV3/inc -I/global/software/sl-6.x86_64/modules/intel/2013_sp1.4.211/netcdf/4.3.2-intel-p/include  -i4  module_compute_geop.f90
rm -f module_check_a_mundo.o
/lib/cpp -C -P -I/global/scratch/azare/Josh/WRFV3/inc -DEM_CORE=1 -DNMM_CORE=0 -DNMM_MAX_DIM=2600 -DCOAMPS_CORE=0 -DDA_CORE=0 -DEXP_CORE=0 -DIWORDSIZE=4 -DDWORDSIZE=8 -DRWORDSIZE=4 -DLWORDSIZE=4 -DNONSTANDARD_SYSTEM_FUNC -DWRF_USE_CLM  -DDM_PARALLEL -DNETCDF -DUSE_ALLOCATABLES -DGRIB1 -DINTIO -DLIMIT_ARGS -DCONFIG_BUF_LEN=65536 -DMAX_DOMAINS_F=21 -DMAX_HISTORY=25 -DNMM_NEST=0 -DWRF_CHEM -DBUILD_CHEM=1 -DWRF_KPP -I. -traditional   module_check_a_mundo.F  > module_check_a_mundo.bb
rm -f bobrand.o
mpicc -cc=icc -DMPI2_SUPPORT -DFSEEKO64_OK  -o bobrand.o -c -w -O2 -ip  -DDM_PARALLEL -DMAX_HISTORY=25 -DNMM_CORE=0 bobrand.c
/global/scratch/azare/Josh/WRFV3/tools/standard.exe module_check_a_mundo.bb | /lib/cpp -C -P > module_check_a_mundo.f90
rm -f module_check_a_mundo.b module_check_a_mundo.bb
mpif90 -f90=ifort -o module_check_a_mundo.o -c -O2 -ip -fp-model precise -w -ftz -align all -fno-alias -FR -convert big_endian    -I../dyn_em -I../dyn_nmm   -I/global/scratch/azare/Josh/WRFV3/external/esmf_time_f90  -I/global/scratch/azare/Josh/WRFV3/main -I/global/scratch/azare/Josh/WRFV3/external/io_netcdf -I/global/scratch/azare/Josh/WRFV3/external/io_int -I/global/scratch/azare/Josh/WRFV3/frame -I/global/scratch/azare/Josh/WRFV3/share -I/global/scratch/azare/Josh/WRFV3/phys -I/global/scratch/azare/Josh/WRFV3/chem -I/global/scratch/azare/Josh/WRFV3/inc -I/global/software/sl-6.x86_64/modules/intel/2013_sp1.4.211/netcdf/4.3.2-intel-p/include  -i4  module_check_a_mundo.f90
rm -f module_llxy.o
/lib/cpp -C -P -I/global/scratch/azare/Josh/WRFV3/inc -DEM_CORE=1 -DNMM_CORE=0 -DNMM_MAX_DIM=2600 -DCOAMPS_CORE=0 -DDA_CORE=0 -DEXP_CORE=0 -DIWORDSIZE=4 -DDWORDSIZE=8 -DRWORDSIZE=4 -DLWORDSIZE=4 -DNONSTANDARD_SYSTEM_FUNC -DWRF_USE_CLM  -DDM_PARALLEL -DNETCDF -DUSE_ALLOCATABLES -DGRIB1 -DINTIO -DLIMIT_ARGS -DCONFIG_BUF_LEN=65536 -DMAX_DOMAINS_F=21 -DMAX_HISTORY=25 -DNMM_NEST=0 -DWRF_CHEM -DBUILD_CHEM=1 -DWRF_KPP -I. -traditional   module_llxy.F  > module_llxy.bb
/global/scratch/azare/Josh/WRFV3/tools/standard.exe module_llxy.bb | /lib/cpp -C -P > module_llxy.f90
rm -f module_llxy.b module_llxy.bb
mpif90 -f90=ifort -o module_llxy.o -c -O2 -ip -fp-model precise -w -ftz -align all -fno-alias -FR -convert big_endian    -I../dyn_em -I../dyn_nmm   -I/global/scratch/azare/Josh/WRFV3/external/esmf_time_f90  -I/global/scratch/azare/Josh/WRFV3/main -I/global/scratch/azare/Josh/WRFV3/external/io_netcdf -I/global/scratch/azare/Josh/WRFV3/external/io_int -I/global/scratch/azare/Josh/WRFV3/frame -I/global/scratch/azare/Josh/WRFV3/share -I/global/scratch/azare/Josh/WRFV3/phys -I/global/scratch/azare/Josh/WRFV3/chem -I/global/scratch/azare/Josh/WRFV3/inc -I/global/software/sl-6.x86_64/modules/intel/2013_sp1.4.211/netcdf/4.3.2-intel-p/include  -i4  module_llxy.f90
rm -f module_interp_store.o
/lib/cpp -C -P -I/global/scratch/azare/Josh/WRFV3/inc -DEM_CORE=1 -DNMM_CORE=0 -DNMM_MAX_DIM=2600 -DCOAMPS_CORE=0 -DDA_CORE=0 -DEXP_CORE=0 -DIWORDSIZE=4 -DDWORDSIZE=8 -DRWORDSIZE=4 -DLWORDSIZE=4 -DNONSTANDARD_SYSTEM_FUNC -DWRF_USE_CLM  -DDM_PARALLEL -DNETCDF -DUSE_ALLOCATABLES -DGRIB1 -DINTIO -DLIMIT_ARGS -DCONFIG_BUF_LEN=65536 -DMAX_DOMAINS_F=21 -DMAX_HISTORY=25 -DNMM_NEST=0 -DWRF_CHEM -DBUILD_CHEM=1 -DWRF_KPP -I. -traditional   module_interp_store.F  > module_interp_store.bb
/global/scratch/azare/Josh/WRFV3/tools/standard.exe module_interp_store.bb | /lib/cpp -C -P > module_interp_store.f90
rm -f module_interp_store.b module_interp_store.bb
mpif90 -f90=ifort -o module_interp_store.o -c -O2 -ip -fp-model precise -w -ftz -align all -fno-alias -FR -convert big_endian    -I../dyn_em -I../dyn_nmm   -I/global/scratch/azare/Josh/WRFV3/external/esmf_time_f90  -I/global/scratch/azare/Josh/WRFV3/main -I/global/scratch/azare/Josh/WRFV3/external/io_netcdf -I/global/scratch/azare/Josh/WRFV3/external/io_int -I/global/scratch/azare/Josh/WRFV3/frame -I/global/scratch/azare/Josh/WRFV3/share -I/global/scratch/azare/Josh/WRFV3/phys -I/global/scratch/azare/Josh/WRFV3/chem -I/global/scratch/azare/Josh/WRFV3/inc -I/global/software/sl-6.x86_64/modules/intel/2013_sp1.4.211/netcdf/4.3.2-intel-p/include  -i4  module_interp_store.f90
rm -f module_MPP.o
/lib/cpp -C -P -I/global/scratch/azare/Josh/WRFV3/inc -DEM_CORE=1 -DNMM_CORE=0 -DNMM_MAX_DIM=2600 -DCOAMPS_CORE=0 -DDA_CORE=0 -DEXP_CORE=0 -DIWORDSIZE=4 -DDWORDSIZE=8 -DRWORDSIZE=4 -DLWORDSIZE=4 -DNONSTANDARD_SYSTEM_FUNC -DWRF_USE_CLM  -DDM_PARALLEL -DNETCDF -DUSE_ALLOCATABLES -DGRIB1 -DINTIO -DLIMIT_ARGS -DCONFIG_BUF_LEN=65536 -DMAX_DOMAINS_F=21 -DMAX_HISTORY=25 -DNMM_NEST=0 -DWRF_CHEM -DBUILD_CHEM=1 -DWRF_KPP -I. -traditional   module_MPP.F  > module_MPP.bb
/global/scratch/azare/Josh/WRFV3/tools/standard.exe module_MPP.bb | /lib/cpp -C -P > module_MPP.f90
rm -f module_MPP.b module_MPP.bb
mpif90 -f90=ifort -o module_MPP.o -c -O2 -ip -fp-model precise -w -ftz -align all -fno-alias -FR -convert big_endian    -I../dyn_em -I../dyn_nmm   -I/global/scratch/azare/Josh/WRFV3/external/esmf_time_f90  -I/global/scratch/azare/Josh/WRFV3/main -I/global/scratch/azare/Josh/WRFV3/external/io_netcdf -I/global/scratch/azare/Josh/WRFV3/external/io_int -I/global/scratch/azare/Josh/WRFV3/frame -I/global/scratch/azare/Josh/WRFV3/share -I/global/scratch/azare/Josh/WRFV3/phys -I/global/scratch/azare/Josh/WRFV3/chem -I/global/scratch/azare/Josh/WRFV3/inc -I/global/software/sl-6.x86_64/modules/intel/2013_sp1.4.211/netcdf/4.3.2-intel-p/include  -i4  module_MPP.f90
rm -f solve_interface.o
/global/scratch/azare/Josh/WRFV3/tools/standard.exe solve_interface.F > solve_interface.b 
rm -f mediation_interp_domain.o
/lib/cpp -C -P -I/global/scratch/azare/Josh/WRFV3/inc -DEM_CORE=1 -DNMM_CORE=0 -DNMM_MAX_DIM=2600 -DCOAMPS_CORE=0 -DDA_CORE=0 -DEXP_CORE=0 -DIWORDSIZE=4 -DDWORDSIZE=8 -DRWORDSIZE=4 -DLWORDSIZE=4 -DNONSTANDARD_SYSTEM_FUNC -DWRF_USE_CLM  -DDM_PARALLEL -DNETCDF -DUSE_ALLOCATABLES -DGRIB1 -DINTIO -DLIMIT_ARGS -DCONFIG_BUF_LEN=65536 -DMAX_DOMAINS_F=21 -DMAX_HISTORY=25 -DNMM_NEST=0 -DWRF_CHEM -DBUILD_CHEM=1 -DWRF_KPP -I. -traditional   mediation_interp_domain.F  > mediation_interp_domain.bb
/lib/cpp -C -P -I/global/scratch/azare/Josh/WRFV3/inc -DEM_CORE=1 -DNMM_CORE=0 -DNMM_MAX_DIM=2600 -DCOAMPS_CORE=0 -DDA_CORE=0 -DEXP_CORE=0 -DIWORDSIZE=4 -DDWORDSIZE=8 -DRWORDSIZE=4 -DLWORDSIZE=4 -DNONSTANDARD_SYSTEM_FUNC -DWRF_USE_CLM  -DDM_PARALLEL -DNETCDF -DUSE_ALLOCATABLES -DGRIB1 -DINTIO -DLIMIT_ARGS -DCONFIG_BUF_LEN=65536 -DMAX_DOMAINS_F=21 -DMAX_HISTORY=25 -DNMM_NEST=0 -DWRF_CHEM -DBUILD_CHEM=1 -DWRF_KPP -I. -traditional   solve_interface.b  > solve_interface.f90
/global/scratch/azare/Josh/WRFV3/tools/standard.exe mediation_interp_domain.bb | /lib/cpp -C -P > mediation_interp_domain.f90
rm -f solve_interface.b
rm -f mediation_interp_domain.b mediation_interp_domain.bb
if fgrep -iq '!$OMP' solve_interface.f90 ; then \
          if [ -n "" ] ; then echo COMPILING solve_interface.F WITH OMP ; fi ; \
	  mpif90 -f90=ifort -c -i4 -O0 -fno-inline -fno-ip -ip -fp-model precise -w -ftz -align all -fno-alias -FR -convert big_endian   -I../dyn_em -I../dyn_nmm   -I/global/scratch/azare/Josh/WRFV3/external/esmf_time_f90  -I/global/scratch/azare/Josh/WRFV3/main -I/global/scratch/azare/Josh/WRFV3/external/io_netcdf -I/global/scratch/azare/Josh/WRFV3/external/io_int -I/global/scratch/azare/Josh/WRFV3/frame -I/global/scratch/azare/Josh/WRFV3/share -I/global/scratch/azare/Josh/WRFV3/phys -I/global/scratch/azare/Josh/WRFV3/chem -I/global/scratch/azare/Josh/WRFV3/inc -I/global/software/sl-6.x86_64/modules/intel/2013_sp1.4.211/netcdf/4.3.2-intel-p/include    solve_interface.f90 ; \
        else \
          if [ -n "" ] ; then echo COMPILING solve_interface.F WITHOUT OMP ; fi ; \
	  mpif90 -f90=ifort -c -i4 -O0 -fno-inline -fno-ip -ip -fp-model precise -w -ftz -align all -fno-alias -FR -convert big_endian   -I../dyn_em -I../dyn_nmm   -I/global/scratch/azare/Josh/WRFV3/external/esmf_time_f90  -I/global/scratch/azare/Josh/WRFV3/main -I/global/scratch/azare/Josh/WRFV3/external/io_netcdf -I/global/scratch/azare/Josh/WRFV3/external/io_int -I/global/scratch/azare/Josh/WRFV3/frame -I/global/scratch/azare/Josh/WRFV3/share -I/global/scratch/azare/Josh/WRFV3/phys -I/global/scratch/azare/Josh/WRFV3/chem -I/global/scratch/azare/Josh/WRFV3/inc -I/global/software/sl-6.x86_64/modules/intel/2013_sp1.4.211/netcdf/4.3.2-intel-p/include   solve_interface.f90 ; \
        fi
mpif90 -f90=ifort -o mediation_interp_domain.o -c -O2 -ip -fp-model precise -w -ftz -align all -fno-alias -FR -convert big_endian    -I../dyn_em -I../dyn_nmm   -I/global/scratch/azare/Josh/WRFV3/external/esmf_time_f90  -I/global/scratch/azare/Josh/WRFV3/main -I/global/scratch/azare/Josh/WRFV3/external/io_netcdf -I/global/scratch/azare/Josh/WRFV3/external/io_int -I/global/scratch/azare/Josh/WRFV3/frame -I/global/scratch/azare/Josh/WRFV3/share -I/global/scratch/azare/Josh/WRFV3/phys -I/global/scratch/azare/Josh/WRFV3/chem -I/global/scratch/azare/Josh/WRFV3/inc -I/global/software/sl-6.x86_64/modules/intel/2013_sp1.4.211/netcdf/4.3.2-intel-p/include  -i4  mediation_interp_domain.f90
rm -f mediation_force_domain.o
/lib/cpp -C -P -I/global/scratch/azare/Josh/WRFV3/inc -DEM_CORE=1 -DNMM_CORE=0 -DNMM_MAX_DIM=2600 -DCOAMPS_CORE=0 -DDA_CORE=0 -DEXP_CORE=0 -DIWORDSIZE=4 -DDWORDSIZE=8 -DRWORDSIZE=4 -DLWORDSIZE=4 -DNONSTANDARD_SYSTEM_FUNC -DWRF_USE_CLM  -DDM_PARALLEL -DNETCDF -DUSE_ALLOCATABLES -DGRIB1 -DINTIO -DLIMIT_ARGS -DCONFIG_BUF_LEN=65536 -DMAX_DOMAINS_F=21 -DMAX_HISTORY=25 -DNMM_NEST=0 -DWRF_CHEM -DBUILD_CHEM=1 -DWRF_KPP -I. -traditional   mediation_force_domain.F  > mediation_force_domain.bb
/global/scratch/azare/Josh/WRFV3/tools/standard.exe mediation_force_domain.bb | /lib/cpp -C -P > mediation_force_domain.f90
rm -f mediation_force_domain.b mediation_force_domain.bb
mpif90 -f90=ifort -o mediation_force_domain.o -c -O2 -ip -fp-model precise -w -ftz -align all -fno-alias -FR -convert big_endian    -I../dyn_em -I../dyn_nmm   -I/global/scratch/azare/Josh/WRFV3/external/esmf_time_f90  -I/global/scratch/azare/Josh/WRFV3/main -I/global/scratch/azare/Josh/WRFV3/external/io_netcdf -I/global/scratch/azare/Josh/WRFV3/external/io_int -I/global/scratch/azare/Josh/WRFV3/frame -I/global/scratch/azare/Josh/WRFV3/share -I/global/scratch/azare/Josh/WRFV3/phys -I/global/scratch/azare/Josh/WRFV3/chem -I/global/scratch/azare/Josh/WRFV3/inc -I/global/software/sl-6.x86_64/modules/intel/2013_sp1.4.211/netcdf/4.3.2-intel-p/include  -i4  mediation_force_domain.f90
rm -f mediation_feedback_domain.o
/lib/cpp -C -P -I/global/scratch/azare/Josh/WRFV3/inc -DEM_CORE=1 -DNMM_CORE=0 -DNMM_MAX_DIM=2600 -DCOAMPS_CORE=0 -DDA_CORE=0 -DEXP_CORE=0 -DIWORDSIZE=4 -DDWORDSIZE=8 -DRWORDSIZE=4 -DLWORDSIZE=4 -DNONSTANDARD_SYSTEM_FUNC -DWRF_USE_CLM  -DDM_PARALLEL -DNETCDF -DUSE_ALLOCATABLES -DGRIB1 -DINTIO -DLIMIT_ARGS -DCONFIG_BUF_LEN=65536 -DMAX_DOMAINS_F=21 -DMAX_HISTORY=25 -DNMM_NEST=0 -DWRF_CHEM -DBUILD_CHEM=1 -DWRF_KPP -I. -traditional   mediation_feedback_domain.F  > mediation_feedback_domain.bb
/global/scratch/azare/Josh/WRFV3/tools/standard.exe mediation_feedback_domain.bb | /lib/cpp -C -P > mediation_feedback_domain.f90
rm -f mediation_feedback_domain.b mediation_feedback_domain.bb
mpif90 -f90=ifort -o mediation_feedback_domain.o -c -O2 -ip -fp-model precise -w -ftz -align all -fno-alias -FR -convert big_endian    -I../dyn_em -I../dyn_nmm   -I/global/scratch/azare/Josh/WRFV3/external/esmf_time_f90  -I/global/scratch/azare/Josh/WRFV3/main -I/global/scratch/azare/Josh/WRFV3/external/io_netcdf -I/global/scratch/azare/Josh/WRFV3/external/io_int -I/global/scratch/azare/Josh/WRFV3/frame -I/global/scratch/azare/Josh/WRFV3/share -I/global/scratch/azare/Josh/WRFV3/phys -I/global/scratch/azare/Josh/WRFV3/chem -I/global/scratch/azare/Josh/WRFV3/inc -I/global/software/sl-6.x86_64/modules/intel/2013_sp1.4.211/netcdf/4.3.2-intel-p/include  -i4  mediation_feedback_domain.f90
rm -f module_date_time.o
/lib/cpp -C -P -I/global/scratch/azare/Josh/WRFV3/inc -DEM_CORE=1 -DNMM_CORE=0 -DNMM_MAX_DIM=2600 -DCOAMPS_CORE=0 -DDA_CORE=0 -DEXP_CORE=0 -DIWORDSIZE=4 -DDWORDSIZE=8 -DRWORDSIZE=4 -DLWORDSIZE=4 -DNONSTANDARD_SYSTEM_FUNC -DWRF_USE_CLM  -DDM_PARALLEL -DNETCDF -DUSE_ALLOCATABLES -DGRIB1 -DINTIO -DLIMIT_ARGS -DCONFIG_BUF_LEN=65536 -DMAX_DOMAINS_F=21 -DMAX_HISTORY=25 -DNMM_NEST=0 -DWRF_CHEM -DBUILD_CHEM=1 -DWRF_KPP -I. -traditional   module_date_time.F  > module_date_time.bb
/global/scratch/azare/Josh/WRFV3/tools/standard.exe module_date_time.bb | /lib/cpp -C -P > module_date_time.f90
rm -f module_date_time.b module_date_time.bb
mpif90 -f90=ifort -o module_date_time.o -c -O2 -ip -fp-model precise -w -ftz -align all -fno-alias -FR -convert big_endian    -I../dyn_em -I../dyn_nmm   -I/global/scratch/azare/Josh/WRFV3/external/esmf_time_f90  -I/global/scratch/azare/Josh/WRFV3/main -I/global/scratch/azare/Josh/WRFV3/external/io_netcdf -I/global/scratch/azare/Josh/WRFV3/external/io_int -I/global/scratch/azare/Josh/WRFV3/frame -I/global/scratch/azare/Josh/WRFV3/share -I/global/scratch/azare/Josh/WRFV3/phys -I/global/scratch/azare/Josh/WRFV3/chem -I/global/scratch/azare/Josh/WRFV3/inc -I/global/software/sl-6.x86_64/modules/intel/2013_sp1.4.211/netcdf/4.3.2-intel-p/include  -i4  module_date_time.f90
rm -f module_bc.o
/lib/cpp -C -P -I/global/scratch/azare/Josh/WRFV3/inc -DEM_CORE=1 -DNMM_CORE=0 -DNMM_MAX_DIM=2600 -DCOAMPS_CORE=0 -DDA_CORE=0 -DEXP_CORE=0 -DIWORDSIZE=4 -DDWORDSIZE=8 -DRWORDSIZE=4 -DLWORDSIZE=4 -DNONSTANDARD_SYSTEM_FUNC -DWRF_USE_CLM  -DDM_PARALLEL -DNETCDF -DUSE_ALLOCATABLES -DGRIB1 -DINTIO -DLIMIT_ARGS -DCONFIG_BUF_LEN=65536 -DMAX_DOMAINS_F=21 -DMAX_HISTORY=25 -DNMM_NEST=0 -DWRF_CHEM -DBUILD_CHEM=1 -DWRF_KPP -I. -traditional   module_bc.F  > module_bc.bb
/global/scratch/azare/Josh/WRFV3/tools/standard.exe module_bc.bb | /lib/cpp -C -P > module_bc.f90
rm -f module_bc.b module_bc.bb
mpif90 -f90=ifort -o module_bc.o -c -O2 -ip -fp-model precise -w -ftz -align all -fno-alias -FR -convert big_endian    -I../dyn_em -I../dyn_nmm   -I/global/scratch/azare/Josh/WRFV3/external/esmf_time_f90  -I/global/scratch/azare/Josh/WRFV3/main -I/global/scratch/azare/Josh/WRFV3/external/io_netcdf -I/global/scratch/azare/Josh/WRFV3/external/io_int -I/global/scratch/azare/Josh/WRFV3/frame -I/global/scratch/azare/Josh/WRFV3/share -I/global/scratch/azare/Josh/WRFV3/phys -I/global/scratch/azare/Josh/WRFV3/chem -I/global/scratch/azare/Josh/WRFV3/inc -I/global/software/sl-6.x86_64/modules/intel/2013_sp1.4.211/netcdf/4.3.2-intel-p/include  -i4  module_bc.f90
rm -f module_io_wrf.o
/global/scratch/azare/Josh/WRFV3/tools/standard.exe module_io_wrf.F > module_io_wrf.b 
/lib/cpp -C -P -I/global/scratch/azare/Josh/WRFV3/inc -DEM_CORE=1 -DNMM_CORE=0 -DNMM_MAX_DIM=2600 -DCOAMPS_CORE=0 -DDA_CORE=0 -DEXP_CORE=0 -DIWORDSIZE=4 -DDWORDSIZE=8 -DRWORDSIZE=4 -DLWORDSIZE=4 -DNONSTANDARD_SYSTEM_FUNC -DWRF_USE_CLM  -DDM_PARALLEL -DNETCDF -DUSE_ALLOCATABLES -DGRIB1 -DINTIO -DLIMIT_ARGS -DCONFIG_BUF_LEN=65536 -DMAX_DOMAINS_F=21 -DMAX_HISTORY=25 -DNMM_NEST=0 -DWRF_CHEM -DBUILD_CHEM=1 -DWRF_KPP -I. -traditional   module_io_wrf.b  > module_io_wrf.f90
rm -f module_io_wrf.b
if fgrep -iq '!$OMP' module_io_wrf.f90 ; then \
          if [ -n "" ] ; then echo COMPILING module_io_wrf.F WITH OMP ; fi ; \
	  mpif90 -f90=ifort -c -i4 -O0 -fno-inline -fno-ip -ip -fp-model precise -w -ftz -align all -fno-alias -FR -convert big_endian   -I../dyn_em -I../dyn_nmm   -I/global/scratch/azare/Josh/WRFV3/external/esmf_time_f90  -I/global/scratch/azare/Josh/WRFV3/main -I/global/scratch/azare/Josh/WRFV3/external/io_netcdf -I/global/scratch/azare/Josh/WRFV3/external/io_int -I/global/scratch/azare/Josh/WRFV3/frame -I/global/scratch/azare/Josh/WRFV3/share -I/global/scratch/azare/Josh/WRFV3/phys -I/global/scratch/azare/Josh/WRFV3/chem -I/global/scratch/azare/Josh/WRFV3/inc -I/global/software/sl-6.x86_64/modules/intel/2013_sp1.4.211/netcdf/4.3.2-intel-p/include    module_io_wrf.f90 ; \
        else \
          if [ -n "" ] ; then echo COMPILING module_io_wrf.F WITHOUT OMP ; fi ; \
	  mpif90 -f90=ifort -c -i4 -O0 -fno-inline -fno-ip -ip -fp-model precise -w -ftz -align all -fno-alias -FR -convert big_endian   -I../dyn_em -I../dyn_nmm   -I/global/scratch/azare/Josh/WRFV3/external/esmf_time_f90  -I/global/scratch/azare/Josh/WRFV3/main -I/global/scratch/azare/Josh/WRFV3/external/io_netcdf -I/global/scratch/azare/Josh/WRFV3/external/io_int -I/global/scratch/azare/Josh/WRFV3/frame -I/global/scratch/azare/Josh/WRFV3/share -I/global/scratch/azare/Josh/WRFV3/phys -I/global/scratch/azare/Josh/WRFV3/chem -I/global/scratch/azare/Josh/WRFV3/inc -I/global/software/sl-6.x86_64/modules/intel/2013_sp1.4.211/netcdf/4.3.2-intel-p/include   module_io_wrf.f90 ; \
        fi
rm -f module_soil_pre.o
/lib/cpp -C -P -I/global/scratch/azare/Josh/WRFV3/inc -DEM_CORE=1 -DNMM_CORE=0 -DNMM_MAX_DIM=2600 -DCOAMPS_CORE=0 -DDA_CORE=0 -DEXP_CORE=0 -DIWORDSIZE=4 -DDWORDSIZE=8 -DRWORDSIZE=4 -DLWORDSIZE=4 -DNONSTANDARD_SYSTEM_FUNC -DWRF_USE_CLM  -DDM_PARALLEL -DNETCDF -DUSE_ALLOCATABLES -DGRIB1 -DINTIO -DLIMIT_ARGS -DCONFIG_BUF_LEN=65536 -DMAX_DOMAINS_F=21 -DMAX_HISTORY=25 -DNMM_NEST=0 -DWRF_CHEM -DBUILD_CHEM=1 -DWRF_KPP -I. -traditional   module_soil_pre.F  > module_soil_pre.bb
/global/scratch/azare/Josh/WRFV3/tools/standard.exe module_soil_pre.bb | /lib/cpp -C -P > module_soil_pre.f90
rm -f module_soil_pre.b module_soil_pre.bb
mpif90 -f90=ifort -o module_soil_pre.o -c -O2 -ip -fp-model precise -w -ftz -align all -fno-alias -FR -convert big_endian    -I../dyn_em -I../dyn_nmm   -I/global/scratch/azare/Josh/WRFV3/external/esmf_time_f90  -I/global/scratch/azare/Josh/WRFV3/main -I/global/scratch/azare/Josh/WRFV3/external/io_netcdf -I/global/scratch/azare/Josh/WRFV3/external/io_int -I/global/scratch/azare/Josh/WRFV3/frame -I/global/scratch/azare/Josh/WRFV3/share -I/global/scratch/azare/Josh/WRFV3/phys -I/global/scratch/azare/Josh/WRFV3/chem -I/global/scratch/azare/Josh/WRFV3/inc -I/global/software/sl-6.x86_64/modules/intel/2013_sp1.4.211/netcdf/4.3.2-intel-p/include  -i4  module_soil_pre.f90
rm -f wrf_tsin.o
/global/scratch/azare/Josh/WRFV3/tools/standard.exe wrf_tsin.F > wrf_tsin.b 
/lib/cpp -C -P -I/global/scratch/azare/Josh/WRFV3/inc -DEM_CORE=1 -DNMM_CORE=0 -DNMM_MAX_DIM=2600 -DCOAMPS_CORE=0 -DDA_CORE=0 -DEXP_CORE=0 -DIWORDSIZE=4 -DDWORDSIZE=8 -DRWORDSIZE=4 -DLWORDSIZE=4 -DNONSTANDARD_SYSTEM_FUNC -DWRF_USE_CLM  -DDM_PARALLEL -DNETCDF -DUSE_ALLOCATABLES -DGRIB1 -DINTIO -DLIMIT_ARGS -DCONFIG_BUF_LEN=65536 -DMAX_DOMAINS_F=21 -DMAX_HISTORY=25 -DNMM_NEST=0 -DWRF_CHEM -DBUILD_CHEM=1 -DWRF_KPP -I. -traditional   wrf_tsin.b  > wrf_tsin.f90
rm -f wrf_tsin.b
if fgrep -iq '!$OMP' wrf_tsin.f90 ; then \
          if [ -n "" ] ; then echo COMPILING wrf_tsin.F WITH OMP ; fi ; \
	  mpif90 -f90=ifort -c -i4 -O0 -fno-inline -fno-ip -ip -fp-model precise -w -ftz -align all -fno-alias -FR -convert big_endian   -I../dyn_em -I../dyn_nmm   -I/global/scratch/azare/Josh/WRFV3/external/esmf_time_f90  -I/global/scratch/azare/Josh/WRFV3/main -I/global/scratch/azare/Josh/WRFV3/external/io_netcdf -I/global/scratch/azare/Josh/WRFV3/external/io_int -I/global/scratch/azare/Josh/WRFV3/frame -I/global/scratch/azare/Josh/WRFV3/share -I/global/scratch/azare/Josh/WRFV3/phys -I/global/scratch/azare/Josh/WRFV3/chem -I/global/scratch/azare/Josh/WRFV3/inc -I/global/software/sl-6.x86_64/modules/intel/2013_sp1.4.211/netcdf/4.3.2-intel-p/include    wrf_tsin.f90 ; \
        else \
          if [ -n "" ] ; then echo COMPILING wrf_tsin.F WITHOUT OMP ; fi ; \
	  mpif90 -f90=ifort -c -i4 -O0 -fno-inline -fno-ip -ip -fp-model precise -w -ftz -align all -fno-alias -FR -convert big_endian   -I../dyn_em -I../dyn_nmm   -I/global/scratch/azare/Josh/WRFV3/external/esmf_time_f90  -I/global/scratch/azare/Josh/WRFV3/main -I/global/scratch/azare/Josh/WRFV3/external/io_netcdf -I/global/scratch/azare/Josh/WRFV3/external/io_int -I/global/scratch/azare/Josh/WRFV3/frame -I/global/scratch/azare/Josh/WRFV3/share -I/global/scratch/azare/Josh/WRFV3/phys -I/global/scratch/azare/Josh/WRFV3/chem -I/global/scratch/azare/Josh/WRFV3/inc -I/global/software/sl-6.x86_64/modules/intel/2013_sp1.4.211/netcdf/4.3.2-intel-p/include   wrf_tsin.f90 ; \
        fi
rm -f track_input.o
/lib/cpp -C -P -I/global/scratch/azare/Josh/WRFV3/inc -DEM_CORE=1 -DNMM_CORE=0 -DNMM_MAX_DIM=2600 -DCOAMPS_CORE=0 -DDA_CORE=0 -DEXP_CORE=0 -DIWORDSIZE=4 -DDWORDSIZE=8 -DRWORDSIZE=4 -DLWORDSIZE=4 -DNONSTANDARD_SYSTEM_FUNC -DWRF_USE_CLM  -DDM_PARALLEL -DNETCDF -DUSE_ALLOCATABLES -DGRIB1 -DINTIO -DLIMIT_ARGS -DCONFIG_BUF_LEN=65536 -DMAX_DOMAINS_F=21 -DMAX_HISTORY=25 -DNMM_NEST=0 -DWRF_CHEM -DBUILD_CHEM=1 -DWRF_KPP -I. -traditional   track_input.F  > track_input.bb
/global/scratch/azare/Josh/WRFV3/tools/standard.exe track_input.bb | /lib/cpp -C -P > track_input.f90
rm -f track_input.b track_input.bb
mpif90 -f90=ifort -o track_input.o -c -O2 -ip -fp-model precise -w -ftz -align all -fno-alias -FR -convert big_endian    -I../dyn_em -I../dyn_nmm   -I/global/scratch/azare/Josh/WRFV3/external/esmf_time_f90  -I/global/scratch/azare/Josh/WRFV3/main -I/global/scratch/azare/Josh/WRFV3/external/io_netcdf -I/global/scratch/azare/Josh/WRFV3/external/io_int -I/global/scratch/azare/Josh/WRFV3/frame -I/global/scratch/azare/Josh/WRFV3/share -I/global/scratch/azare/Josh/WRFV3/phys -I/global/scratch/azare/Josh/WRFV3/chem -I/global/scratch/azare/Josh/WRFV3/inc -I/global/software/sl-6.x86_64/modules/intel/2013_sp1.4.211/netcdf/4.3.2-intel-p/include  -i4  track_input.f90
rm -f set_timekeeping.o
/lib/cpp -C -P -I/global/scratch/azare/Josh/WRFV3/inc -DEM_CORE=1 -DNMM_CORE=0 -DNMM_MAX_DIM=2600 -DCOAMPS_CORE=0 -DDA_CORE=0 -DEXP_CORE=0 -DIWORDSIZE=4 -DDWORDSIZE=8 -DRWORDSIZE=4 -DLWORDSIZE=4 -DNONSTANDARD_SYSTEM_FUNC -DWRF_USE_CLM  -DDM_PARALLEL -DNETCDF -DUSE_ALLOCATABLES -DGRIB1 -DINTIO -DLIMIT_ARGS -DCONFIG_BUF_LEN=65536 -DMAX_DOMAINS_F=21 -DMAX_HISTORY=25 -DNMM_NEST=0 -DWRF_CHEM -DBUILD_CHEM=1 -DWRF_KPP -I. -traditional   set_timekeeping.F  > set_timekeeping.bb
/global/scratch/azare/Josh/WRFV3/tools/standard.exe set_timekeeping.bb | /lib/cpp -C -P > set_timekeeping.f90
rm -f set_timekeeping.b set_timekeeping.bb
mpif90 -f90=ifort -o set_timekeeping.o -c -O2 -ip -fp-model precise -w -ftz -align all -fno-alias -FR -convert big_endian    -I../dyn_em -I../dyn_nmm   -I/global/scratch/azare/Josh/WRFV3/external/esmf_time_f90  -I/global/scratch/azare/Josh/WRFV3/main -I/global/scratch/azare/Josh/WRFV3/external/io_netcdf -I/global/scratch/azare/Josh/WRFV3/external/io_int -I/global/scratch/azare/Josh/WRFV3/frame -I/global/scratch/azare/Josh/WRFV3/share -I/global/scratch/azare/Josh/WRFV3/phys -I/global/scratch/azare/Josh/WRFV3/chem -I/global/scratch/azare/Josh/WRFV3/inc -I/global/software/sl-6.x86_64/modules/intel/2013_sp1.4.211/netcdf/4.3.2-intel-p/include  -i4  set_timekeeping.f90
rm -f sint.o
/lib/cpp -C -P -I/global/scratch/azare/Josh/WRFV3/inc -DEM_CORE=1 -DNMM_CORE=0 -DNMM_MAX_DIM=2600 -DCOAMPS_CORE=0 -DDA_CORE=0 -DEXP_CORE=0 -DIWORDSIZE=4 -DDWORDSIZE=8 -DRWORDSIZE=4 -DLWORDSIZE=4 -DNONSTANDARD_SYSTEM_FUNC -DWRF_USE_CLM  -DDM_PARALLEL -DNETCDF -DUSE_ALLOCATABLES -DGRIB1 -DINTIO -DLIMIT_ARGS -DCONFIG_BUF_LEN=65536 -DMAX_DOMAINS_F=21 -DMAX_HISTORY=25 -DNMM_NEST=0 -DWRF_CHEM -DBUILD_CHEM=1 -DWRF_KPP -I. -traditional   sint.F  > sint.bb
/global/scratch/azare/Josh/WRFV3/tools/standard.exe sint.bb | /lib/cpp -C -P > sint.f90
rm -f sint.b sint.bb
mpif90 -f90=ifort -o sint.o -c -O2 -ip -fp-model precise -w -ftz -align all -fno-alias -FR -convert big_endian    -I../dyn_em -I../dyn_nmm   -I/global/scratch/azare/Josh/WRFV3/external/esmf_time_f90  -I/global/scratch/azare/Josh/WRFV3/main -I/global/scratch/azare/Josh/WRFV3/external/io_netcdf -I/global/scratch/azare/Josh/WRFV3/external/io_int -I/global/scratch/azare/Josh/WRFV3/frame -I/global/scratch/azare/Josh/WRFV3/share -I/global/scratch/azare/Josh/WRFV3/phys -I/global/scratch/azare/Josh/WRFV3/chem -I/global/scratch/azare/Josh/WRFV3/inc -I/global/software/sl-6.x86_64/modules/intel/2013_sp1.4.211/netcdf/4.3.2-intel-p/include  -i4  sint.f90
rm -f wrf_ext_write_field.o
/lib/cpp -C -P -I/global/scratch/azare/Josh/WRFV3/inc -DEM_CORE=1 -DNMM_CORE=0 -DNMM_MAX_DIM=2600 -DCOAMPS_CORE=0 -DDA_CORE=0 -DEXP_CORE=0 -DIWORDSIZE=4 -DDWORDSIZE=8 -DRWORDSIZE=4 -DLWORDSIZE=4 -DNONSTANDARD_SYSTEM_FUNC -DWRF_USE_CLM  -DDM_PARALLEL -DNETCDF -DUSE_ALLOCATABLES -DGRIB1 -DINTIO -DLIMIT_ARGS -DCONFIG_BUF_LEN=65536 -DMAX_DOMAINS_F=21 -DMAX_HISTORY=25 -DNMM_NEST=0 -DWRF_CHEM -DBUILD_CHEM=1 -DWRF_KPP -I. -traditional   wrf_ext_write_field.F  > wrf_ext_write_field.bb
/global/scratch/azare/Josh/WRFV3/tools/standard.exe wrf_ext_write_field.bb | /lib/cpp -C -P > wrf_ext_write_field.f90
rm -f wrf_ext_write_field.b wrf_ext_write_field.bb
mpif90 -f90=ifort -c -i4  -O0 -fno-inline -fno-ip -ip -fp-model precise -w -ftz -align all -fno-alias -FR -convert big_endian   -I../dyn_em -I../dyn_nmm   -I/global/scratch/azare/Josh/WRFV3/external/esmf_time_f90  -I/global/scratch/azare/Josh/WRFV3/main -I/global/scratch/azare/Josh/WRFV3/external/io_netcdf -I/global/scratch/azare/Josh/WRFV3/external/io_int -I/global/scratch/azare/Josh/WRFV3/frame -I/global/scratch/azare/Josh/WRFV3/share -I/global/scratch/azare/Josh/WRFV3/phys -I/global/scratch/azare/Josh/WRFV3/chem -I/global/scratch/azare/Josh/WRFV3/inc -I/global/software/sl-6.x86_64/modules/intel/2013_sp1.4.211/netcdf/4.3.2-intel-p/include  wrf_ext_write_field.f90
rm -f wrf_ext_read_field.o
/lib/cpp -C -P -I/global/scratch/azare/Josh/WRFV3/inc -DEM_CORE=1 -DNMM_CORE=0 -DNMM_MAX_DIM=2600 -DCOAMPS_CORE=0 -DDA_CORE=0 -DEXP_CORE=0 -DIWORDSIZE=4 -DDWORDSIZE=8 -DRWORDSIZE=4 -DLWORDSIZE=4 -DNONSTANDARD_SYSTEM_FUNC -DWRF_USE_CLM  -DDM_PARALLEL -DNETCDF -DUSE_ALLOCATABLES -DGRIB1 -DINTIO -DLIMIT_ARGS -DCONFIG_BUF_LEN=65536 -DMAX_DOMAINS_F=21 -DMAX_HISTORY=25 -DNMM_NEST=0 -DWRF_CHEM -DBUILD_CHEM=1 -DWRF_KPP -I. -traditional   wrf_ext_read_field.F  > wrf_ext_read_field.bb
/global/scratch/azare/Josh/WRFV3/tools/standard.exe wrf_ext_read_field.bb | /lib/cpp -C -P > wrf_ext_read_field.f90
rm -f wrf_ext_read_field.b wrf_ext_read_field.bb
mpif90 -f90=ifort -c -i4  -O0 -fno-inline -fno-ip -ip -fp-model precise -w -ftz -align all -fno-alias -FR -convert big_endian   -I../dyn_em -I../dyn_nmm   -I/global/scratch/azare/Josh/WRFV3/external/esmf_time_f90  -I/global/scratch/azare/Josh/WRFV3/main -I/global/scratch/azare/Josh/WRFV3/external/io_netcdf -I/global/scratch/azare/Josh/WRFV3/external/io_int -I/global/scratch/azare/Josh/WRFV3/frame -I/global/scratch/azare/Josh/WRFV3/share -I/global/scratch/azare/Josh/WRFV3/phys -I/global/scratch/azare/Josh/WRFV3/chem -I/global/scratch/azare/Josh/WRFV3/inc -I/global/software/sl-6.x86_64/modules/intel/2013_sp1.4.211/netcdf/4.3.2-intel-p/include  wrf_ext_read_field.f90
rm -f module_io_domain.o
/lib/cpp -C -P -I/global/scratch/azare/Josh/WRFV3/inc -DEM_CORE=1 -DNMM_CORE=0 -DNMM_MAX_DIM=2600 -DCOAMPS_CORE=0 -DDA_CORE=0 -DEXP_CORE=0 -DIWORDSIZE=4 -DDWORDSIZE=8 -DRWORDSIZE=4 -DLWORDSIZE=4 -DNONSTANDARD_SYSTEM_FUNC -DWRF_USE_CLM  -DDM_PARALLEL -DNETCDF -DUSE_ALLOCATABLES -DGRIB1 -DINTIO -DLIMIT_ARGS -DCONFIG_BUF_LEN=65536 -DMAX_DOMAINS_F=21 -DMAX_HISTORY=25 -DNMM_NEST=0 -DWRF_CHEM -DBUILD_CHEM=1 -DWRF_KPP -I. -traditional   module_io_domain.F  > module_io_domain.bb
/global/scratch/azare/Josh/WRFV3/tools/standard.exe module_io_domain.bb | /lib/cpp -C -P > module_io_domain.f90
rm -f module_io_domain.b module_io_domain.bb
mpif90 -f90=ifort -o module_io_domain.o -c -O2 -ip -fp-model precise -w -ftz -align all -fno-alias -FR -convert big_endian    -I../dyn_em -I../dyn_nmm   -I/global/scratch/azare/Josh/WRFV3/external/esmf_time_f90  -I/global/scratch/azare/Josh/WRFV3/main -I/global/scratch/azare/Josh/WRFV3/external/io_netcdf -I/global/scratch/azare/Josh/WRFV3/external/io_int -I/global/scratch/azare/Josh/WRFV3/frame -I/global/scratch/azare/Josh/WRFV3/share -I/global/scratch/azare/Josh/WRFV3/phys -I/global/scratch/azare/Josh/WRFV3/chem -I/global/scratch/azare/Josh/WRFV3/inc -I/global/software/sl-6.x86_64/modules/intel/2013_sp1.4.211/netcdf/4.3.2-intel-p/include  -i4  module_io_domain.f90
rm -f landread.o
mpicc -cc=icc -DMPI2_SUPPORT -DFSEEKO64_OK  -o landread.o -c -w -O2 -ip  -DDM_PARALLEL -DMAX_HISTORY=25 -DNMM_CORE=0 landread.c
rm -f wrf_fddaobs_in.o
/global/scratch/azare/Josh/WRFV3/tools/standard.exe wrf_fddaobs_in.F > wrf_fddaobs_in.b 
/lib/cpp -C -P -I/global/scratch/azare/Josh/WRFV3/inc -DEM_CORE=1 -DNMM_CORE=0 -DNMM_MAX_DIM=2600 -DCOAMPS_CORE=0 -DDA_CORE=0 -DEXP_CORE=0 -DIWORDSIZE=4 -DDWORDSIZE=8 -DRWORDSIZE=4 -DLWORDSIZE=4 -DNONSTANDARD_SYSTEM_FUNC -DWRF_USE_CLM  -DDM_PARALLEL -DNETCDF -DUSE_ALLOCATABLES -DGRIB1 -DINTIO -DLIMIT_ARGS -DCONFIG_BUF_LEN=65536 -DMAX_DOMAINS_F=21 -DMAX_HISTORY=25 -DNMM_NEST=0 -DWRF_CHEM -DBUILD_CHEM=1 -DWRF_KPP -I. -traditional   wrf_fddaobs_in.b  > wrf_fddaobs_in.f90
rm -f wrf_fddaobs_in.b
if fgrep -iq '!$OMP' wrf_fddaobs_in.f90 ; then \
          if [ -n "" ] ; then echo COMPILING wrf_fddaobs_in.F WITH OMP ; fi ; \
	  mpif90 -f90=ifort -c -i4 -O0 -fno-inline -fno-ip -ip -fp-model precise -w -ftz -align all -fno-alias -FR -convert big_endian   -I../dyn_em -I../dyn_nmm   -I/global/scratch/azare/Josh/WRFV3/external/esmf_time_f90  -I/global/scratch/azare/Josh/WRFV3/main -I/global/scratch/azare/Josh/WRFV3/external/io_netcdf -I/global/scratch/azare/Josh/WRFV3/external/io_int -I/global/scratch/azare/Josh/WRFV3/frame -I/global/scratch/azare/Josh/WRFV3/share -I/global/scratch/azare/Josh/WRFV3/phys -I/global/scratch/azare/Josh/WRFV3/chem -I/global/scratch/azare/Josh/WRFV3/inc -I/global/software/sl-6.x86_64/modules/intel/2013_sp1.4.211/netcdf/4.3.2-intel-p/include    wrf_fddaobs_in.f90 ; \
        else \
          if [ -n "" ] ; then echo COMPILING wrf_fddaobs_in.F WITHOUT OMP ; fi ; \
	  mpif90 -f90=ifort -c -i4 -O0 -fno-inline -fno-ip -ip -fp-model precise -w -ftz -align all -fno-alias -FR -convert big_endian   -I../dyn_em -I../dyn_nmm   -I/global/scratch/azare/Josh/WRFV3/external/esmf_time_f90  -I/global/scratch/azare/Josh/WRFV3/main -I/global/scratch/azare/Josh/WRFV3/external/io_netcdf -I/global/scratch/azare/Josh/WRFV3/external/io_int -I/global/scratch/azare/Josh/WRFV3/frame -I/global/scratch/azare/Josh/WRFV3/share -I/global/scratch/azare/Josh/WRFV3/phys -I/global/scratch/azare/Josh/WRFV3/chem -I/global/scratch/azare/Josh/WRFV3/inc -I/global/software/sl-6.x86_64/modules/intel/2013_sp1.4.211/netcdf/4.3.2-intel-p/include   wrf_fddaobs_in.f90 ; \
        fi
rm -f setfeenv.o
icc -o setfeenv.o -c -w -O2 -ip  -DDM_PARALLEL -DMAX_HISTORY=25 -DNMM_CORE=0  setfeenv.c
rm -f module_optional_input.o
/lib/cpp -C -P -I/global/scratch/azare/Josh/WRFV3/inc -DEM_CORE=1 -DNMM_CORE=0 -DNMM_MAX_DIM=2600 -DCOAMPS_CORE=0 -DDA_CORE=0 -DEXP_CORE=0 -DIWORDSIZE=4 -DDWORDSIZE=8 -DRWORDSIZE=4 -DLWORDSIZE=4 -DNONSTANDARD_SYSTEM_FUNC -DWRF_USE_CLM  -DDM_PARALLEL -DNETCDF -DUSE_ALLOCATABLES -DGRIB1 -DINTIO -DLIMIT_ARGS -DCONFIG_BUF_LEN=65536 -DMAX_DOMAINS_F=21 -DMAX_HISTORY=25 -DNMM_NEST=0 -DWRF_CHEM -DBUILD_CHEM=1 -DWRF_KPP -I. -traditional   module_optional_input.F  > module_optional_input.bb
/global/scratch/azare/Josh/WRFV3/tools/standard.exe module_optional_input.bb | /lib/cpp -C -P > module_optional_input.f90
rm -f module_optional_input.b module_optional_input.bb
mpif90 -f90=ifort -o module_optional_input.o -c -O2 -ip -fp-model precise -w -ftz -align all -fno-alias -FR -convert big_endian    -I../dyn_em -I../dyn_nmm   -I/global/scratch/azare/Josh/WRFV3/external/esmf_time_f90  -I/global/scratch/azare/Josh/WRFV3/main -I/global/scratch/azare/Josh/WRFV3/external/io_netcdf -I/global/scratch/azare/Josh/WRFV3/external/io_int -I/global/scratch/azare/Josh/WRFV3/frame -I/global/scratch/azare/Josh/WRFV3/share -I/global/scratch/azare/Josh/WRFV3/phys -I/global/scratch/azare/Josh/WRFV3/chem -I/global/scratch/azare/Josh/WRFV3/inc -I/global/software/sl-6.x86_64/modules/intel/2013_sp1.4.211/netcdf/4.3.2-intel-p/include  -i4  module_optional_input.f90
rm -f input_wrf.o
/lib/cpp -C -P -I/global/scratch/azare/Josh/WRFV3/inc -DEM_CORE=1 -DNMM_CORE=0 -DNMM_MAX_DIM=2600 -DCOAMPS_CORE=0 -DDA_CORE=0 -DEXP_CORE=0 -DIWORDSIZE=4 -DDWORDSIZE=8 -DRWORDSIZE=4 -DLWORDSIZE=4 -DNONSTANDARD_SYSTEM_FUNC -DWRF_USE_CLM  -DDM_PARALLEL -DNETCDF -DUSE_ALLOCATABLES -DGRIB1 -DINTIO -DLIMIT_ARGS -DCONFIG_BUF_LEN=65536 -DMAX_DOMAINS_F=21 -DMAX_HISTORY=25 -DNMM_NEST=0 -DWRF_CHEM -DBUILD_CHEM=1 -DWRF_KPP -I. -traditional   input_wrf.F  > input_wrf.bb
/global/scratch/azare/Josh/WRFV3/tools/standard.exe input_wrf.bb | /lib/cpp -C -P > input_wrf.f90
rm -f input_wrf.b input_wrf.bb
mpif90 -f90=ifort -c -i4  -O0 -fno-inline -fno-ip -ip -fp-model precise -w -ftz -align all -fno-alias -FR -convert big_endian   -I../dyn_em -I../dyn_nmm   -I/global/scratch/azare/Josh/WRFV3/external/esmf_time_f90  -I/global/scratch/azare/Josh/WRFV3/main -I/global/scratch/azare/Josh/WRFV3/external/io_netcdf -I/global/scratch/azare/Josh/WRFV3/external/io_int -I/global/scratch/azare/Josh/WRFV3/frame -I/global/scratch/azare/Josh/WRFV3/share -I/global/scratch/azare/Josh/WRFV3/phys -I/global/scratch/azare/Josh/WRFV3/chem -I/global/scratch/azare/Josh/WRFV3/inc -I/global/software/sl-6.x86_64/modules/intel/2013_sp1.4.211/netcdf/4.3.2-intel-p/include  input_wrf.f90
rm -f output_wrf.o
/global/scratch/azare/Josh/WRFV3/tools/standard.exe output_wrf.F > output_wrf.b 
/lib/cpp -C -P -I/global/scratch/azare/Josh/WRFV3/inc -DEM_CORE=1 -DNMM_CORE=0 -DNMM_MAX_DIM=2600 -DCOAMPS_CORE=0 -DDA_CORE=0 -DEXP_CORE=0 -DIWORDSIZE=4 -DDWORDSIZE=8 -DRWORDSIZE=4 -DLWORDSIZE=4 -DNONSTANDARD_SYSTEM_FUNC -DWRF_USE_CLM  -DDM_PARALLEL -DNETCDF -DUSE_ALLOCATABLES -DGRIB1 -DINTIO -DLIMIT_ARGS -DCONFIG_BUF_LEN=65536 -DMAX_DOMAINS_F=21 -DMAX_HISTORY=25 -DNMM_NEST=0 -DWRF_CHEM -DBUILD_CHEM=1 -DWRF_KPP -I. -traditional   output_wrf.b  > output_wrf.f90
rm -f output_wrf.b
if fgrep -iq '!$OMP' output_wrf.f90 ; then \
          if [ -n "" ] ; then echo COMPILING output_wrf.F WITH OMP ; fi ; \
	  mpif90 -f90=ifort -c -i4 -O0 -fno-inline -fno-ip -ip -fp-model precise -w -ftz -align all -fno-alias -FR -convert big_endian   -I../dyn_em -I../dyn_nmm   -I/global/scratch/azare/Josh/WRFV3/external/esmf_time_f90  -I/global/scratch/azare/Josh/WRFV3/main -I/global/scratch/azare/Josh/WRFV3/external/io_netcdf -I/global/scratch/azare/Josh/WRFV3/external/io_int -I/global/scratch/azare/Josh/WRFV3/frame -I/global/scratch/azare/Josh/WRFV3/share -I/global/scratch/azare/Josh/WRFV3/phys -I/global/scratch/azare/Josh/WRFV3/chem -I/global/scratch/azare/Josh/WRFV3/inc -I/global/software/sl-6.x86_64/modules/intel/2013_sp1.4.211/netcdf/4.3.2-intel-p/include    output_wrf.f90 ; \
        else \
          if [ -n "" ] ; then echo COMPILING output_wrf.F WITHOUT OMP ; fi ; \
	  mpif90 -f90=ifort -c -i4 -O0 -fno-inline -fno-ip -ip -fp-model precise -w -ftz -align all -fno-alias -FR -convert big_endian   -I../dyn_em -I../dyn_nmm   -I/global/scratch/azare/Josh/WRFV3/external/esmf_time_f90  -I/global/scratch/azare/Josh/WRFV3/main -I/global/scratch/azare/Josh/WRFV3/external/io_netcdf -I/global/scratch/azare/Josh/WRFV3/external/io_int -I/global/scratch/azare/Josh/WRFV3/frame -I/global/scratch/azare/Josh/WRFV3/share -I/global/scratch/azare/Josh/WRFV3/phys -I/global/scratch/azare/Josh/WRFV3/chem -I/global/scratch/azare/Josh/WRFV3/inc -I/global/software/sl-6.x86_64/modules/intel/2013_sp1.4.211/netcdf/4.3.2-intel-p/include   output_wrf.f90 ; \
        fi
rm -f wrf_bdyout.o
/lib/cpp -C -P -I/global/scratch/azare/Josh/WRFV3/inc -DEM_CORE=1 -DNMM_CORE=0 -DNMM_MAX_DIM=2600 -DCOAMPS_CORE=0 -DDA_CORE=0 -DEXP_CORE=0 -DIWORDSIZE=4 -DDWORDSIZE=8 -DRWORDSIZE=4 -DLWORDSIZE=4 -DNONSTANDARD_SYSTEM_FUNC -DWRF_USE_CLM  -DDM_PARALLEL -DNETCDF -DUSE_ALLOCATABLES -DGRIB1 -DINTIO -DLIMIT_ARGS -DCONFIG_BUF_LEN=65536 -DMAX_DOMAINS_F=21 -DMAX_HISTORY=25 -DNMM_NEST=0 -DWRF_CHEM -DBUILD_CHEM=1 -DWRF_KPP -I. -traditional   wrf_bdyout.F  > wrf_bdyout.bb
/global/scratch/azare/Josh/WRFV3/tools/standard.exe wrf_bdyout.bb | /lib/cpp -C -P > wrf_bdyout.f90
rm -f wrf_bdyout.b wrf_bdyout.bb
mpif90 -f90=ifort -c -i4  -O0 -fno-inline -fno-ip -ip -fp-model precise -w -ftz -align all -fno-alias -FR -convert big_endian   -I../dyn_em -I../dyn_nmm   -I/global/scratch/azare/Josh/WRFV3/external/esmf_time_f90  -I/global/scratch/azare/Josh/WRFV3/main -I/global/scratch/azare/Josh/WRFV3/external/io_netcdf -I/global/scratch/azare/Josh/WRFV3/external/io_int -I/global/scratch/azare/Josh/WRFV3/frame -I/global/scratch/azare/Josh/WRFV3/share -I/global/scratch/azare/Josh/WRFV3/phys -I/global/scratch/azare/Josh/WRFV3/chem -I/global/scratch/azare/Josh/WRFV3/inc -I/global/software/sl-6.x86_64/modules/intel/2013_sp1.4.211/netcdf/4.3.2-intel-p/include  wrf_bdyout.f90
rm -f wrf_bdyin.o
/lib/cpp -C -P -I/global/scratch/azare/Josh/WRFV3/inc -DEM_CORE=1 -DNMM_CORE=0 -DNMM_MAX_DIM=2600 -DCOAMPS_CORE=0 -DDA_CORE=0 -DEXP_CORE=0 -DIWORDSIZE=4 -DDWORDSIZE=8 -DRWORDSIZE=4 -DLWORDSIZE=4 -DNONSTANDARD_SYSTEM_FUNC -DWRF_USE_CLM  -DDM_PARALLEL -DNETCDF -DUSE_ALLOCATABLES -DGRIB1 -DINTIO -DLIMIT_ARGS -DCONFIG_BUF_LEN=65536 -DMAX_DOMAINS_F=21 -DMAX_HISTORY=25 -DNMM_NEST=0 -DWRF_CHEM -DBUILD_CHEM=1 -DWRF_KPP -I. -traditional   wrf_bdyin.F  > wrf_bdyin.bb
/global/scratch/azare/Josh/WRFV3/tools/standard.exe wrf_bdyin.bb | /lib/cpp -C -P > wrf_bdyin.f90
rm -f wrf_bdyin.b wrf_bdyin.bb
mpif90 -f90=ifort -c -i4  -O0 -fno-inline -fno-ip -ip -fp-model precise -w -ftz -align all -fno-alias -FR -convert big_endian   -I../dyn_em -I../dyn_nmm   -I/global/scratch/azare/Josh/WRFV3/external/esmf_time_f90  -I/global/scratch/azare/Josh/WRFV3/main -I/global/scratch/azare/Josh/WRFV3/external/io_netcdf -I/global/scratch/azare/Josh/WRFV3/external/io_int -I/global/scratch/azare/Josh/WRFV3/frame -I/global/scratch/azare/Josh/WRFV3/share -I/global/scratch/azare/Josh/WRFV3/phys -I/global/scratch/azare/Josh/WRFV3/chem -I/global/scratch/azare/Josh/WRFV3/inc -I/global/software/sl-6.x86_64/modules/intel/2013_sp1.4.211/netcdf/4.3.2-intel-p/include  wrf_bdyin.f90
rm -f dfi.o
/lib/cpp -C -P -I/global/scratch/azare/Josh/WRFV3/inc -DEM_CORE=1 -DNMM_CORE=0 -DNMM_MAX_DIM=2600 -DCOAMPS_CORE=0 -DDA_CORE=0 -DEXP_CORE=0 -DIWORDSIZE=4 -DDWORDSIZE=8 -DRWORDSIZE=4 -DLWORDSIZE=4 -DNONSTANDARD_SYSTEM_FUNC -DWRF_USE_CLM  -DDM_PARALLEL -DNETCDF -DUSE_ALLOCATABLES -DGRIB1 -DINTIO -DLIMIT_ARGS -DCONFIG_BUF_LEN=65536 -DMAX_DOMAINS_F=21 -DMAX_HISTORY=25 -DNMM_NEST=0 -DWRF_CHEM -DBUILD_CHEM=1 -DWRF_KPP -I. -traditional   dfi.F  > dfi.bb
/global/scratch/azare/Josh/WRFV3/tools/standard.exe dfi.bb | /lib/cpp -C -P > dfi.f90
rm -f dfi.b dfi.bb
mpif90 -f90=ifort -o dfi.o -c -O2 -ip -fp-model precise -w -ftz -align all -fno-alias -FR -convert big_endian    -I../dyn_em -I../dyn_nmm   -I/global/scratch/azare/Josh/WRFV3/external/esmf_time_f90  -I/global/scratch/azare/Josh/WRFV3/main -I/global/scratch/azare/Josh/WRFV3/external/io_netcdf -I/global/scratch/azare/Josh/WRFV3/external/io_int -I/global/scratch/azare/Josh/WRFV3/frame -I/global/scratch/azare/Josh/WRFV3/share -I/global/scratch/azare/Josh/WRFV3/phys -I/global/scratch/azare/Josh/WRFV3/chem -I/global/scratch/azare/Josh/WRFV3/inc -I/global/software/sl-6.x86_64/modules/intel/2013_sp1.4.211/netcdf/4.3.2-intel-p/include  -i4  dfi.f90
rm -f mediation_integrate.o
/global/scratch/azare/Josh/WRFV3/tools/standard.exe mediation_integrate.F > mediation_integrate.b 
/lib/cpp -C -P -I/global/scratch/azare/Josh/WRFV3/inc -DEM_CORE=1 -DNMM_CORE=0 -DNMM_MAX_DIM=2600 -DCOAMPS_CORE=0 -DDA_CORE=0 -DEXP_CORE=0 -DIWORDSIZE=4 -DDWORDSIZE=8 -DRWORDSIZE=4 -DLWORDSIZE=4 -DNONSTANDARD_SYSTEM_FUNC -DWRF_USE_CLM  -DDM_PARALLEL -DNETCDF -DUSE_ALLOCATABLES -DGRIB1 -DINTIO -DLIMIT_ARGS -DCONFIG_BUF_LEN=65536 -DMAX_DOMAINS_F=21 -DMAX_HISTORY=25 -DNMM_NEST=0 -DWRF_CHEM -DBUILD_CHEM=1 -DWRF_KPP -I. -traditional   mediation_integrate.b  > mediation_integrate.f90
rm -f mediation_integrate.b
if fgrep -iq '!$OMP' mediation_integrate.f90 ; then \
          if [ -n "" ] ; then echo COMPILING mediation_integrate.F WITH OMP ; fi ; \
	  mpif90 -f90=ifort -c -i4 -O0 -fno-inline -fno-ip -ip -fp-model precise -w -ftz -align all -fno-alias -FR -convert big_endian   -I../dyn_em -I../dyn_nmm   -I/global/scratch/azare/Josh/WRFV3/external/esmf_time_f90  -I/global/scratch/azare/Josh/WRFV3/main -I/global/scratch/azare/Josh/WRFV3/external/io_netcdf -I/global/scratch/azare/Josh/WRFV3/external/io_int -I/global/scratch/azare/Josh/WRFV3/frame -I/global/scratch/azare/Josh/WRFV3/share -I/global/scratch/azare/Josh/WRFV3/phys -I/global/scratch/azare/Josh/WRFV3/chem -I/global/scratch/azare/Josh/WRFV3/inc -I/global/software/sl-6.x86_64/modules/intel/2013_sp1.4.211/netcdf/4.3.2-intel-p/include    mediation_integrate.f90 ; \
        else \
          if [ -n "" ] ; then echo COMPILING mediation_integrate.F WITHOUT OMP ; fi ; \
	  mpif90 -f90=ifort -c -i4 -O0 -fno-inline -fno-ip -ip -fp-model precise -w -ftz -align all -fno-alias -FR -convert big_endian   -I../dyn_em -I../dyn_nmm   -I/global/scratch/azare/Josh/WRFV3/external/esmf_time_f90  -I/global/scratch/azare/Josh/WRFV3/main -I/global/scratch/azare/Josh/WRFV3/external/io_netcdf -I/global/scratch/azare/Josh/WRFV3/external/io_int -I/global/scratch/azare/Josh/WRFV3/frame -I/global/scratch/azare/Josh/WRFV3/share -I/global/scratch/azare/Josh/WRFV3/phys -I/global/scratch/azare/Josh/WRFV3/chem -I/global/scratch/azare/Josh/WRFV3/inc -I/global/software/sl-6.x86_64/modules/intel/2013_sp1.4.211/netcdf/4.3.2-intel-p/include   mediation_integrate.f90 ; \
        fi
rm -f mediation_wrfmain.o
/lib/cpp -C -P -I/global/scratch/azare/Josh/WRFV3/inc -DEM_CORE=1 -DNMM_CORE=0 -DNMM_MAX_DIM=2600 -DCOAMPS_CORE=0 -DDA_CORE=0 -DEXP_CORE=0 -DIWORDSIZE=4 -DDWORDSIZE=8 -DRWORDSIZE=4 -DLWORDSIZE=4 -DNONSTANDARD_SYSTEM_FUNC -DWRF_USE_CLM  -DDM_PARALLEL -DNETCDF -DUSE_ALLOCATABLES -DGRIB1 -DINTIO -DLIMIT_ARGS -DCONFIG_BUF_LEN=65536 -DMAX_DOMAINS_F=21 -DMAX_HISTORY=25 -DNMM_NEST=0 -DWRF_CHEM -DBUILD_CHEM=1 -DWRF_KPP -I. -traditional   mediation_wrfmain.F  > mediation_wrfmain.bb
/global/scratch/azare/Josh/WRFV3/tools/standard.exe mediation_wrfmain.bb | /lib/cpp -C -P > mediation_wrfmain.f90
rm -f mediation_wrfmain.b mediation_wrfmain.bb
mpif90 -f90=ifort -o mediation_wrfmain.o -c -O2 -ip -fp-model precise -w -ftz -align all -fno-alias -FR -convert big_endian    -I../dyn_em -I../dyn_nmm   -I/global/scratch/azare/Josh/WRFV3/external/esmf_time_f90  -I/global/scratch/azare/Josh/WRFV3/main -I/global/scratch/azare/Josh/WRFV3/external/io_netcdf -I/global/scratch/azare/Josh/WRFV3/external/io_int -I/global/scratch/azare/Josh/WRFV3/frame -I/global/scratch/azare/Josh/WRFV3/share -I/global/scratch/azare/Josh/WRFV3/phys -I/global/scratch/azare/Josh/WRFV3/chem -I/global/scratch/azare/Josh/WRFV3/inc -I/global/software/sl-6.x86_64/modules/intel/2013_sp1.4.211/netcdf/4.3.2-intel-p/include  -i4  mediation_wrfmain.f90
rm -f module_random.o
rm -f module_interp_nmm.o
/lib/cpp -C -P -I/global/scratch/azare/Josh/WRFV3/inc -DEM_CORE=1 -DNMM_CORE=0 -DNMM_MAX_DIM=2600 -DCOAMPS_CORE=0 -DDA_CORE=0 -DEXP_CORE=0 -DIWORDSIZE=4 -DDWORDSIZE=8 -DRWORDSIZE=4 -DLWORDSIZE=4 -DNONSTANDARD_SYSTEM_FUNC -DWRF_USE_CLM  -DDM_PARALLEL -DNETCDF -DUSE_ALLOCATABLES -DGRIB1 -DINTIO -DLIMIT_ARGS -DCONFIG_BUF_LEN=65536 -DMAX_DOMAINS_F=21 -DMAX_HISTORY=25 -DNMM_NEST=0 -DWRF_CHEM -DBUILD_CHEM=1 -DWRF_KPP -I. -traditional   module_random.F  > module_random.bb
/lib/cpp -C -P -I/global/scratch/azare/Josh/WRFV3/inc -DEM_CORE=1 -DNMM_CORE=0 -DNMM_MAX_DIM=2600 -DCOAMPS_CORE=0 -DDA_CORE=0 -DEXP_CORE=0 -DIWORDSIZE=4 -DDWORDSIZE=8 -DRWORDSIZE=4 -DLWORDSIZE=4 -DNONSTANDARD_SYSTEM_FUNC -DWRF_USE_CLM  -DDM_PARALLEL -DNETCDF -DUSE_ALLOCATABLES -DGRIB1 -DINTIO -DLIMIT_ARGS -DCONFIG_BUF_LEN=65536 -DMAX_DOMAINS_F=21 -DMAX_HISTORY=25 -DNMM_NEST=0 -DWRF_CHEM -DBUILD_CHEM=1 -DWRF_KPP -I. -traditional   module_interp_nmm.F  > module_interp_nmm.bb
/global/scratch/azare/Josh/WRFV3/tools/standard.exe module_random.bb | /lib/cpp -C -P > module_random.f90
/global/scratch/azare/Josh/WRFV3/tools/standard.exe module_interp_nmm.bb | /lib/cpp -C -P > module_interp_nmm.f90
rm -f module_random.b module_random.bb
rm -f module_interp_nmm.b module_interp_nmm.bb
mpif90 -f90=ifort -o module_random.o -c -O2 -ip -fp-model precise -w -ftz -align all -fno-alias -FR -convert big_endian    -I../dyn_em -I../dyn_nmm   -I/global/scratch/azare/Josh/WRFV3/external/esmf_time_f90  -I/global/scratch/azare/Josh/WRFV3/main -I/global/scratch/azare/Josh/WRFV3/external/io_netcdf -I/global/scratch/azare/Josh/WRFV3/external/io_int -I/global/scratch/azare/Josh/WRFV3/frame -I/global/scratch/azare/Josh/WRFV3/share -I/global/scratch/azare/Josh/WRFV3/phys -I/global/scratch/azare/Josh/WRFV3/chem -I/global/scratch/azare/Josh/WRFV3/inc -I/global/software/sl-6.x86_64/modules/intel/2013_sp1.4.211/netcdf/4.3.2-intel-p/include  -i4  module_random.f90
mpif90 -f90=ifort -o module_interp_nmm.o -c -O2 -ip -fp-model precise -w -ftz -align all -fno-alias -FR -convert big_endian    -I../dyn_em -I../dyn_nmm   -I/global/scratch/azare/Josh/WRFV3/external/esmf_time_f90  -I/global/scratch/azare/Josh/WRFV3/main -I/global/scratch/azare/Josh/WRFV3/external/io_netcdf -I/global/scratch/azare/Josh/WRFV3/external/io_int -I/global/scratch/azare/Josh/WRFV3/frame -I/global/scratch/azare/Josh/WRFV3/share -I/global/scratch/azare/Josh/WRFV3/phys -I/global/scratch/azare/Josh/WRFV3/chem -I/global/scratch/azare/Josh/WRFV3/inc -I/global/software/sl-6.x86_64/modules/intel/2013_sp1.4.211/netcdf/4.3.2-intel-p/include  -i4  module_interp_nmm.f90
rm -f wrf_timeseries.o
/lib/cpp -C -P -I/global/scratch/azare/Josh/WRFV3/inc -DEM_CORE=1 -DNMM_CORE=0 -DNMM_MAX_DIM=2600 -DCOAMPS_CORE=0 -DDA_CORE=0 -DEXP_CORE=0 -DIWORDSIZE=4 -DDWORDSIZE=8 -DRWORDSIZE=4 -DLWORDSIZE=4 -DNONSTANDARD_SYSTEM_FUNC -DWRF_USE_CLM  -DDM_PARALLEL -DNETCDF -DUSE_ALLOCATABLES -DGRIB1 -DINTIO -DLIMIT_ARGS -DCONFIG_BUF_LEN=65536 -DMAX_DOMAINS_F=21 -DMAX_HISTORY=25 -DNMM_NEST=0 -DWRF_CHEM -DBUILD_CHEM=1 -DWRF_KPP -I. -traditional   wrf_timeseries.F  > wrf_timeseries.bb
/global/scratch/azare/Josh/WRFV3/tools/standard.exe wrf_timeseries.bb | /lib/cpp -C -P > wrf_timeseries.f90
rm -f wrf_timeseries.b wrf_timeseries.bb
mpif90 -f90=ifort -o wrf_timeseries.o -c -O2 -ip -fp-model precise -w -ftz -align all -fno-alias -FR -convert big_endian    -I../dyn_em -I../dyn_nmm   -I/global/scratch/azare/Josh/WRFV3/external/esmf_time_f90  -I/global/scratch/azare/Josh/WRFV3/main -I/global/scratch/azare/Josh/WRFV3/external/io_netcdf -I/global/scratch/azare/Josh/WRFV3/external/io_int -I/global/scratch/azare/Josh/WRFV3/frame -I/global/scratch/azare/Josh/WRFV3/share -I/global/scratch/azare/Josh/WRFV3/phys -I/global/scratch/azare/Josh/WRFV3/chem -I/global/scratch/azare/Josh/WRFV3/inc -I/global/software/sl-6.x86_64/modules/intel/2013_sp1.4.211/netcdf/4.3.2-intel-p/include  -i4  wrf_timeseries.f90
rm -f track_driver.o
/global/scratch/azare/Josh/WRFV3/tools/standard.exe track_driver.F > track_driver.b 
/lib/cpp -C -P -I/global/scratch/azare/Josh/WRFV3/inc -DEM_CORE=1 -DNMM_CORE=0 -DNMM_MAX_DIM=2600 -DCOAMPS_CORE=0 -DDA_CORE=0 -DEXP_CORE=0 -DIWORDSIZE=4 -DDWORDSIZE=8 -DRWORDSIZE=4 -DLWORDSIZE=4 -DNONSTANDARD_SYSTEM_FUNC -DWRF_USE_CLM  -DDM_PARALLEL -DNETCDF -DUSE_ALLOCATABLES -DGRIB1 -DINTIO -DLIMIT_ARGS -DCONFIG_BUF_LEN=65536 -DMAX_DOMAINS_F=21 -DMAX_HISTORY=25 -DNMM_NEST=0 -DWRF_CHEM -DBUILD_CHEM=1 -DWRF_KPP -I. -traditional   track_driver.b  > track_driver.f90
rm -f track_driver.b
if fgrep -iq '!$OMP' track_driver.f90 ; then \
          if [ -n "" ] ; then echo COMPILING track_driver.F WITH OMP ; fi ; \
	  mpif90 -f90=ifort -c -i4 -O0 -fno-inline -fno-ip -ip -fp-model precise -w -ftz -align all -fno-alias -FR -convert big_endian   -I../dyn_em -I../dyn_nmm   -I/global/scratch/azare/Josh/WRFV3/external/esmf_time_f90  -I/global/scratch/azare/Josh/WRFV3/main -I/global/scratch/azare/Josh/WRFV3/external/io_netcdf -I/global/scratch/azare/Josh/WRFV3/external/io_int -I/global/scratch/azare/Josh/WRFV3/frame -I/global/scratch/azare/Josh/WRFV3/share -I/global/scratch/azare/Josh/WRFV3/phys -I/global/scratch/azare/Josh/WRFV3/chem -I/global/scratch/azare/Josh/WRFV3/inc -I/global/software/sl-6.x86_64/modules/intel/2013_sp1.4.211/netcdf/4.3.2-intel-p/include    track_driver.f90 ; \
        else \
          if [ -n "" ] ; then echo COMPILING track_driver.F WITHOUT OMP ; fi ; \
	  mpif90 -f90=ifort -c -i4 -O0 -fno-inline -fno-ip -ip -fp-model precise -w -ftz -align all -fno-alias -FR -convert big_endian   -I../dyn_em -I../dyn_nmm   -I/global/scratch/azare/Josh/WRFV3/external/esmf_time_f90  -I/global/scratch/azare/Josh/WRFV3/main -I/global/scratch/azare/Josh/WRFV3/external/io_netcdf -I/global/scratch/azare/Josh/WRFV3/external/io_int -I/global/scratch/azare/Josh/WRFV3/frame -I/global/scratch/azare/Josh/WRFV3/share -I/global/scratch/azare/Josh/WRFV3/phys -I/global/scratch/azare/Josh/WRFV3/chem -I/global/scratch/azare/Josh/WRFV3/inc -I/global/software/sl-6.x86_64/modules/intel/2013_sp1.4.211/netcdf/4.3.2-intel-p/include   track_driver.f90 ; \
        fi
rm -f init_modules.o
/lib/cpp -C -P -I/global/scratch/azare/Josh/WRFV3/inc -DEM_CORE=1 -DNMM_CORE=0 -DNMM_MAX_DIM=2600 -DCOAMPS_CORE=0 -DDA_CORE=0 -DEXP_CORE=0 -DIWORDSIZE=4 -DDWORDSIZE=8 -DRWORDSIZE=4 -DLWORDSIZE=4 -DNONSTANDARD_SYSTEM_FUNC -DWRF_USE_CLM  -DDM_PARALLEL -DNETCDF -DUSE_ALLOCATABLES -DGRIB1 -DINTIO -DLIMIT_ARGS -DCONFIG_BUF_LEN=65536 -DMAX_DOMAINS_F=21 -DMAX_HISTORY=25 -DNMM_NEST=0 -DWRF_CHEM -DBUILD_CHEM=1 -DWRF_KPP -I. -traditional   init_modules.F  > init_modules.bb
/global/scratch/azare/Josh/WRFV3/tools/standard.exe init_modules.bb | /lib/cpp -C -P > init_modules.f90
rm -f init_modules.b init_modules.bb
mpif90 -f90=ifort -o init_modules.o -c -O2 -ip -fp-model precise -w -ftz -align all -fno-alias -FR -convert big_endian    -I../dyn_em -I../dyn_nmm   -I/global/scratch/azare/Josh/WRFV3/external/esmf_time_f90  -I/global/scratch/azare/Josh/WRFV3/main -I/global/scratch/azare/Josh/WRFV3/external/io_netcdf -I/global/scratch/azare/Josh/WRFV3/external/io_int -I/global/scratch/azare/Josh/WRFV3/frame -I/global/scratch/azare/Josh/WRFV3/share -I/global/scratch/azare/Josh/WRFV3/phys -I/global/scratch/azare/Josh/WRFV3/chem -I/global/scratch/azare/Josh/WRFV3/inc -I/global/software/sl-6.x86_64/modules/intel/2013_sp1.4.211/netcdf/4.3.2-intel-p/include  -i4  init_modules.f90
rm -f interp_fcn.o
/lib/cpp -C -P -I/global/scratch/azare/Josh/WRFV3/inc -DEM_CORE=1 -DNMM_CORE=0 -DNMM_MAX_DIM=2600 -DCOAMPS_CORE=0 -DDA_CORE=0 -DEXP_CORE=0 -DIWORDSIZE=4 -DDWORDSIZE=8 -DRWORDSIZE=4 -DLWORDSIZE=4 -DNONSTANDARD_SYSTEM_FUNC -DWRF_USE_CLM  -DDM_PARALLEL -DNETCDF -DUSE_ALLOCATABLES -DGRIB1 -DINTIO -DLIMIT_ARGS -DCONFIG_BUF_LEN=65536 -DMAX_DOMAINS_F=21 -DMAX_HISTORY=25 -DNMM_NEST=0 -DWRF_CHEM -DBUILD_CHEM=1 -DWRF_KPP -I. -traditional   interp_fcn.F  > interp_fcn.bb
/global/scratch/azare/Josh/WRFV3/tools/standard.exe interp_fcn.bb | /lib/cpp -C -P > interp_fcn.f90
rm -f interp_fcn.b interp_fcn.bb
mpif90 -f90=ifort -o interp_fcn.o -c -O2 -ip -fp-model precise -w -ftz -align all -fno-alias -FR -convert big_endian    -I../dyn_em -I../dyn_nmm   -I/global/scratch/azare/Josh/WRFV3/external/esmf_time_f90  -I/global/scratch/azare/Josh/WRFV3/main -I/global/scratch/azare/Josh/WRFV3/external/io_netcdf -I/global/scratch/azare/Josh/WRFV3/external/io_int -I/global/scratch/azare/Josh/WRFV3/frame -I/global/scratch/azare/Josh/WRFV3/share -I/global/scratch/azare/Josh/WRFV3/phys -I/global/scratch/azare/Josh/WRFV3/chem -I/global/scratch/azare/Josh/WRFV3/inc -I/global/software/sl-6.x86_64/modules/intel/2013_sp1.4.211/netcdf/4.3.2-intel-p/include  -i4  interp_fcn.f90
rm -f mediation_nest_move.o
/lib/cpp -C -P -I/global/scratch/azare/Josh/WRFV3/inc -DEM_CORE=1 -DNMM_CORE=0 -DNMM_MAX_DIM=2600 -DCOAMPS_CORE=0 -DDA_CORE=0 -DEXP_CORE=0 -DIWORDSIZE=4 -DDWORDSIZE=8 -DRWORDSIZE=4 -DLWORDSIZE=4 -DNONSTANDARD_SYSTEM_FUNC -DWRF_USE_CLM  -DDM_PARALLEL -DNETCDF -DUSE_ALLOCATABLES -DGRIB1 -DINTIO -DLIMIT_ARGS -DCONFIG_BUF_LEN=65536 -DMAX_DOMAINS_F=21 -DMAX_HISTORY=25 -DNMM_NEST=0 -DWRF_CHEM -DBUILD_CHEM=1 -DWRF_KPP -I. -traditional   mediation_nest_move.F  > mediation_nest_move.bb
/global/scratch/azare/Josh/WRFV3/tools/standard.exe mediation_nest_move.bb | /lib/cpp -C -P > mediation_nest_move.f90
rm -f mediation_nest_move.b mediation_nest_move.bb
mpif90 -f90=ifort -o mediation_nest_move.o -c -O2 -ip -fp-model precise -w -ftz -align all -fno-alias -FR -convert big_endian    -I../dyn_em -I../dyn_nmm   -I/global/scratch/azare/Josh/WRFV3/external/esmf_time_f90  -I/global/scratch/azare/Josh/WRFV3/main -I/global/scratch/azare/Josh/WRFV3/external/io_netcdf -I/global/scratch/azare/Josh/WRFV3/external/io_int -I/global/scratch/azare/Josh/WRFV3/frame -I/global/scratch/azare/Josh/WRFV3/share -I/global/scratch/azare/Josh/WRFV3/phys -I/global/scratch/azare/Josh/WRFV3/chem -I/global/scratch/azare/Josh/WRFV3/inc -I/global/software/sl-6.x86_64/modules/intel/2013_sp1.4.211/netcdf/4.3.2-intel-p/include  -i4  mediation_nest_move.f90
rm -f start_domain.o
/global/scratch/azare/Josh/WRFV3/tools/standard.exe start_domain.F > start_domain.b 
/lib/cpp -C -P -I/global/scratch/azare/Josh/WRFV3/inc -DEM_CORE=1 -DNMM_CORE=0 -DNMM_MAX_DIM=2600 -DCOAMPS_CORE=0 -DDA_CORE=0 -DEXP_CORE=0 -DIWORDSIZE=4 -DDWORDSIZE=8 -DRWORDSIZE=4 -DLWORDSIZE=4 -DNONSTANDARD_SYSTEM_FUNC -DWRF_USE_CLM  -DDM_PARALLEL -DNETCDF -DUSE_ALLOCATABLES -DGRIB1 -DINTIO -DLIMIT_ARGS -DCONFIG_BUF_LEN=65536 -DMAX_DOMAINS_F=21 -DMAX_HISTORY=25 -DNMM_NEST=0 -DWRF_CHEM -DBUILD_CHEM=1 -DWRF_KPP -I. -traditional   start_domain.b  > start_domain.f90
rm -f start_domain.b
if fgrep -iq '!$OMP' start_domain.f90 ; then \
          if [ -n "" ] ; then echo COMPILING start_domain.F WITH OMP ; fi ; \
	  mpif90 -f90=ifort -c -i4 -O0 -fno-inline -fno-ip -ip -fp-model precise -w -ftz -align all -fno-alias -FR -convert big_endian   -I../dyn_em -I../dyn_nmm   -I/global/scratch/azare/Josh/WRFV3/external/esmf_time_f90  -I/global/scratch/azare/Josh/WRFV3/main -I/global/scratch/azare/Josh/WRFV3/external/io_netcdf -I/global/scratch/azare/Josh/WRFV3/external/io_int -I/global/scratch/azare/Josh/WRFV3/frame -I/global/scratch/azare/Josh/WRFV3/share -I/global/scratch/azare/Josh/WRFV3/phys -I/global/scratch/azare/Josh/WRFV3/chem -I/global/scratch/azare/Josh/WRFV3/inc -I/global/software/sl-6.x86_64/modules/intel/2013_sp1.4.211/netcdf/4.3.2-intel-p/include    start_domain.f90 ; \
        else \
          if [ -n "" ] ; then echo COMPILING start_domain.F WITHOUT OMP ; fi ; \
	  mpif90 -f90=ifort -c -i4 -O0 -fno-inline -fno-ip -ip -fp-model precise -w -ftz -align all -fno-alias -FR -convert big_endian   -I../dyn_em -I../dyn_nmm   -I/global/scratch/azare/Josh/WRFV3/external/esmf_time_f90  -I/global/scratch/azare/Josh/WRFV3/main -I/global/scratch/azare/Josh/WRFV3/external/io_netcdf -I/global/scratch/azare/Josh/WRFV3/external/io_int -I/global/scratch/azare/Josh/WRFV3/frame -I/global/scratch/azare/Josh/WRFV3/share -I/global/scratch/azare/Josh/WRFV3/phys -I/global/scratch/azare/Josh/WRFV3/chem -I/global/scratch/azare/Josh/WRFV3/inc -I/global/software/sl-6.x86_64/modules/intel/2013_sp1.4.211/netcdf/4.3.2-intel-p/include   start_domain.f90 ; \
        fi
if [ 0 -eq 1 ] ; then \
                  make -i -r nmm_contrib                                      ; \
                  ar ru ../main/libwrflib.a module_model_constants.o module_bc_time_utilities.o module_get_file_names.o module_compute_geop.o module_check_a_mundo.o module_random.o module_llxy.o module_interp_nmm.o module_interp_store.o module_MPP.o  module_date_time.o module_bc.o module_io_wrf.o module_soil_pre.o  module_io_domain.o               module_optional_input.o          solve_interface.o mediation_interp_domain.o mediation_force_domain.o mediation_feedback_domain.o start_domain.o init_modules.o set_timekeeping.o interp_fcn.o sint.o wrf_ext_write_field.o wrf_ext_read_field.o  wrf_tsin.o landread.o track_driver.o track_input.o bobrand.o wrf_timeseries.o track_driver.o wrf_fddaobs_in.o mediation_nest_move.o setfeenv.o input_wrf.o output_wrf.o wrf_bdyout.o wrf_bdyin.o dfi.o mediation_integrate.o mediation_wrfmain.o    ; \
                  else                                                         \
                  ar ru ../main/libwrflib.a module_model_constants.o module_bc_time_utilities.o module_get_file_names.o module_compute_geop.o module_check_a_mundo.o module_random.o module_llxy.o module_interp_nmm.o module_interp_store.o module_MPP.o  module_date_time.o module_bc.o module_io_wrf.o module_soil_pre.o  module_io_domain.o               module_optional_input.o          solve_interface.o mediation_interp_domain.o mediation_force_domain.o mediation_feedback_domain.o start_domain.o init_modules.o set_timekeeping.o interp_fcn.o sint.o wrf_ext_write_field.o wrf_ext_read_field.o  wrf_tsin.o landread.o track_driver.o track_input.o bobrand.o wrf_timeseries.o track_driver.o wrf_fddaobs_in.o mediation_nest_move.o setfeenv.o input_wrf.o output_wrf.o wrf_bdyout.o wrf_bdyin.o dfi.o mediation_integrate.o mediation_wrfmain.o              ; \
                fi
make[2]: Leaving directory `/global/scratch/azare/Josh/WRFV3/share'
make[1]: Leaving directory `/global/scratch/azare/Josh/WRFV3'
make -i -r MODULE_DIRS="-I../dyn_em -I../dyn_nmm   -I/global/scratch/azare/Josh/WRFV3/external/esmf_time_f90  -I/global/scratch/azare/Josh/WRFV3/main -I/global/scratch/azare/Josh/WRFV3/external/io_netcdf -I/global/scratch/azare/Josh/WRFV3/external/io_int -I/global/scratch/azare/Josh/WRFV3/frame -I/global/scratch/azare/Josh/WRFV3/share -I/global/scratch/azare/Josh/WRFV3/phys -I/global/scratch/azare/Josh/WRFV3/chem -I/global/scratch/azare/Josh/WRFV3/inc -I/global/software/sl-6.x86_64/modules/intel/2013_sp1.4.211/netcdf/4.3.2-intel-p/include " physics
make[1]: Entering directory `/global/scratch/azare/Josh/WRFV3'
--------------------------------------
( cd phys ; make -i -r )
make[2]: Entering directory `/global/scratch/azare/Josh/WRFV3/phys'
if [ 0 -eq 1 ] ; then \
                  make -i -r -j 2 nmm_contrib                                      ; \
                  ar ru ../main/libwrflib.a module_cam_shr_kind_mod.o module_cam_support.o module_cam_shr_const_mod.o module_cam_physconst.o module_cam_cldwat.o module_cam_wv_saturation.o module_cam_esinti.o module_cam_gffgch.o module_cam_error_function.o module_cam_constituents.o module_cam_trb_mtn_stress.o module_cam_molec_diff.o module_cam_upper_bc.o module_cam_bl_diffusion_solver.o module_cam_bl_eddy_diff.o module_cam_mp_microp_aero.o module_cam_mp_cldwat2m_micro.o module_cam_mp_ndrop.o module_cam_mp_modal_aero_initialize_data_phys.o module_cam_mp_radconstants.o module_cam_mp_conv_water.o module_cam_mp_qneg3.o module_data_cam_mam_aero.o module_data_cam_mam_asect.o module_cam_infnan.o module_bl_ysu.o module_bl_mrf.o module_bl_gfs.o module_bl_gfs2011.o module_bl_myjpbl.o module_bl_qnsepbl.o module_bl_qnsepbl09.o module_bl_acm.o module_bl_mynn.o module_bl_fogdes.o module_bl_gwdo.o module_bl_myjurb.o module_bl_boulac.o module_bl_camuwpbl_driver.o module_bl_mfshconvpbl.o module_shcu_camuwshcu_driver.o module_shcu_camuwshcu.o module_shcu_grims.o module_cu_camzm_driver.o module_cu_camzm.o module_bl_temf.o module_bl_gbmpbl.o module_cu_g3.o module_cu_kf.o module_cu_bmj.o module_cu_kfeta.o module_cu_tiedtke.o module_cu_gd.o module_cu_gf.o module_cu_nsas.o module_cu_sas.o module_cu_mesosas.o module_cu_osas.o module_mp_radar.o module_mp_kessler.o module_mp_lin.o module_mp_sbu_ylin.o module_mp_wsm3.o module_mp_wsm5.o module_mp_wsm6.o module_mp_etanew.o module_mp_etaold.o module_mp_HWRF.o module_mp_thompson.o module_mp_gsfcgce.o module_mp_morr_two_moment.o module_mp_milbrandt2mom.o module_mp_nssl_2mom.o module_mp_wdm5.o module_mp_wdm6.o module_mp_cammgmp_driver.o module_ra_sw.o module_ra_clWRF_support.o module_ra_gsfcsw.o module_ra_goddard.o module_ra_rrtm.o module_ra_rrtmg_lw.o module_ra_rrtmg_sw.o module_ra_cam_support.o module_ra_cam.o module_ra_gfdleta.o module_ra_flg.o module_ra_HWRF.o module_ra_hs.o module_sf_sfclay.o module_sf_sfclayrev.o module_sf_gfs.o module_sf_gfdl.o module_sf_slab.o module_sf_noahdrv.o module_sf_noahlsm.o module_sf_clm.o module_sf_ssib.o module_sf_noah_seaice.o module_sf_noah_seaice_drv.o module_sf_noahlsm_glacial_only.o module_sf_noahmpdrv.o module_sf_noahmplsm.o module_sf_noahmp_glacier.o module_sf_urban.o module_sf_bep.o module_sf_bep_bem.o module_sf_bem.o module_sf_pxlsm.o module_sf_pxlsm_data.o module_sf_ruclsm.o module_sf_sfcdiags.o module_sf_sfcdiags_ruclsm.o module_sf_sstskin.o module_sf_tmnupdate.o module_sf_ocean_driver.o module_sf_oml.o module_sf_3dpwp.o module_sf_myjsfc.o module_sf_qnsesfc.o module_sf_mynn.o module_sf_fogdes.o module_sf_pxsfclay.o module_sf_temfsfclay.o module_sf_idealscmsfclay.o module_sf_scmflux.o module_sf_scmskintemp.o module_physics_addtendc.o module_physics_init.o module_gfs_machine.o module_gfs_funcphys.o module_gfs_physcons.o module_progtm.o module_pbl_driver.o module_data_gocart_dust.o module_cumulus_driver.o module_shallowcu_driver.o module_microphysics_driver.o module_microphysics_zero_out.o module_mixactivate.o module_radiation_driver.o module_surface_driver.o module_diagnostics.o module_lightning_driver.o module_ltng_cpmpr92z.o module_ltng_crmpr92.o module_ltng_iccg.o module_fdda_psufddagd.o module_fdda_spnudging.o module_fddagd_driver.o module_fddaobs_rtfdda.o module_fddaobs_driver.o module_wind_generic.o module_wind_fitch.o    ; \
                else                                                         \
                  make -i -r -j 2 non_nmm                                          ; \
                  ar ru ../main/libwrflib.a module_cam_shr_kind_mod.o module_cam_support.o module_cam_shr_const_mod.o module_cam_physconst.o module_cam_cldwat.o module_cam_wv_saturation.o module_cam_esinti.o module_cam_gffgch.o module_cam_error_function.o module_cam_constituents.o module_cam_trb_mtn_stress.o module_cam_molec_diff.o module_cam_upper_bc.o module_cam_bl_diffusion_solver.o module_cam_bl_eddy_diff.o module_cam_mp_microp_aero.o module_cam_mp_cldwat2m_micro.o module_cam_mp_ndrop.o module_cam_mp_modal_aero_initialize_data_phys.o module_cam_mp_radconstants.o module_cam_mp_conv_water.o module_cam_mp_qneg3.o module_data_cam_mam_aero.o module_data_cam_mam_asect.o module_cam_infnan.o module_bl_ysu.o module_bl_mrf.o module_bl_gfs.o module_bl_gfs2011.o module_bl_myjpbl.o module_bl_qnsepbl.o module_bl_qnsepbl09.o module_bl_acm.o module_bl_mynn.o module_bl_fogdes.o module_bl_gwdo.o module_bl_myjurb.o module_bl_boulac.o module_bl_camuwpbl_driver.o module_bl_mfshconvpbl.o module_shcu_camuwshcu_driver.o module_shcu_camuwshcu.o module_shcu_grims.o module_cu_camzm_driver.o module_cu_camzm.o module_bl_temf.o module_bl_gbmpbl.o module_cu_g3.o module_cu_kf.o module_cu_bmj.o module_cu_kfeta.o module_cu_tiedtke.o module_cu_gd.o module_cu_gf.o module_cu_nsas.o module_cu_sas.o module_cu_mesosas.o module_cu_osas.o module_mp_radar.o module_mp_kessler.o module_mp_lin.o module_mp_sbu_ylin.o module_mp_wsm3.o module_mp_wsm5.o module_mp_wsm6.o module_mp_etanew.o module_mp_etaold.o module_mp_HWRF.o module_mp_thompson.o module_mp_gsfcgce.o module_mp_morr_two_moment.o module_mp_milbrandt2mom.o module_mp_nssl_2mom.o module_mp_wdm5.o module_mp_wdm6.o module_mp_cammgmp_driver.o module_ra_sw.o module_ra_clWRF_support.o module_ra_gsfcsw.o module_ra_goddard.o module_ra_rrtm.o module_ra_rrtmg_lw.o module_ra_rrtmg_sw.o module_ra_cam_support.o module_ra_cam.o module_ra_gfdleta.o module_ra_flg.o module_ra_HWRF.o module_ra_hs.o module_sf_sfclay.o module_sf_sfclayrev.o module_sf_gfs.o module_sf_gfdl.o module_sf_slab.o module_sf_noahdrv.o module_sf_noahlsm.o module_sf_clm.o module_sf_ssib.o module_sf_noah_seaice.o module_sf_noah_seaice_drv.o module_sf_noahlsm_glacial_only.o module_sf_noahmpdrv.o module_sf_noahmplsm.o module_sf_noahmp_glacier.o module_sf_urban.o module_sf_bep.o module_sf_bep_bem.o module_sf_bem.o module_sf_pxlsm.o module_sf_pxlsm_data.o module_sf_ruclsm.o module_sf_sfcdiags.o module_sf_sfcdiags_ruclsm.o module_sf_sstskin.o module_sf_tmnupdate.o module_sf_ocean_driver.o module_sf_oml.o module_sf_3dpwp.o module_sf_myjsfc.o module_sf_qnsesfc.o module_sf_mynn.o module_sf_fogdes.o module_sf_pxsfclay.o module_sf_temfsfclay.o module_sf_idealscmsfclay.o module_sf_scmflux.o module_sf_scmskintemp.o module_physics_addtendc.o module_physics_init.o module_gfs_machine.o module_gfs_funcphys.o module_gfs_physcons.o module_progtm.o module_pbl_driver.o module_data_gocart_dust.o module_cumulus_driver.o module_shallowcu_driver.o module_microphysics_driver.o module_microphysics_zero_out.o module_mixactivate.o module_radiation_driver.o module_surface_driver.o module_diagnostics.o module_lightning_driver.o module_ltng_cpmpr92z.o module_ltng_crmpr92.o module_ltng_iccg.o module_fdda_psufddagd.o module_fdda_spnudging.o module_fddagd_driver.o module_fddaobs_rtfdda.o module_fddaobs_driver.o module_wind_generic.o module_wind_fitch.o module_fr_fire_driver.o module_fr_fire_driver_wrf.o module_fr_fire_atm.o module_fr_fire_model.o module_fr_fire_core.o module_fr_fire_phys.o module_fr_fire_util.o              ; \
                fi
make[3]: Entering directory `/global/scratch/azare/Josh/WRFV3/phys'
rm -f module_cam_shr_kind_mod.o
/lib/cpp -C -P -I/global/scratch/azare/Josh/WRFV3/inc -DEM_CORE=1 -DNMM_CORE=0 -DNMM_MAX_DIM=2600 -DCOAMPS_CORE=0 -DDA_CORE=0 -DEXP_CORE=0 -DIWORDSIZE=4 -DDWORDSIZE=8 -DRWORDSIZE=4 -DLWORDSIZE=4 -DNONSTANDARD_SYSTEM_FUNC -DWRF_USE_CLM  -DDM_PARALLEL -DNETCDF -DUSE_ALLOCATABLES -DGRIB1 -DINTIO -DLIMIT_ARGS -DCONFIG_BUF_LEN=65536 -DMAX_DOMAINS_F=21 -DMAX_HISTORY=25 -DNMM_NEST=0 -DWRF_CHEM -DBUILD_CHEM=1 -DWRF_KPP -I. -traditional   module_cam_shr_kind_mod.F  > module_cam_shr_kind_mod.bb
rm -f module_cam_error_function.o
/lib/cpp -C -P -I/global/scratch/azare/Josh/WRFV3/inc -DEM_CORE=1 -DNMM_CORE=0 -DNMM_MAX_DIM=2600 -DCOAMPS_CORE=0 -DDA_CORE=0 -DEXP_CORE=0 -DIWORDSIZE=4 -DDWORDSIZE=8 -DRWORDSIZE=4 -DLWORDSIZE=4 -DNONSTANDARD_SYSTEM_FUNC -DWRF_USE_CLM  -DDM_PARALLEL -DNETCDF -DUSE_ALLOCATABLES -DGRIB1 -DINTIO -DLIMIT_ARGS -DCONFIG_BUF_LEN=65536 -DMAX_DOMAINS_F=21 -DMAX_HISTORY=25 -DNMM_NEST=0 -DWRF_CHEM -DBUILD_CHEM=1 -DWRF_KPP -I. -traditional   module_cam_error_function.F  > module_cam_error_function.bb
/global/scratch/azare/Josh/WRFV3/tools/standard.exe module_cam_shr_kind_mod.bb | /lib/cpp -C -P > module_cam_shr_kind_mod.f90
rm -f module_cam_shr_kind_mod.b module_cam_shr_kind_mod.bb
/global/scratch/azare/Josh/WRFV3/tools/standard.exe module_cam_error_function.bb | /lib/cpp -C -P > module_cam_error_function.f90
mpif90 -f90=ifort -o module_cam_shr_kind_mod.o -c -O2 -ip -fp-model precise -w -ftz -align all -fno-alias -FR -convert big_endian    -I../dyn_em -I../dyn_nmm   -I/global/scratch/azare/Josh/WRFV3/external/esmf_time_f90  -I/global/scratch/azare/Josh/WRFV3/main -I/global/scratch/azare/Josh/WRFV3/external/io_netcdf -I/global/scratch/azare/Josh/WRFV3/external/io_int -I/global/scratch/azare/Josh/WRFV3/frame -I/global/scratch/azare/Josh/WRFV3/share -I/global/scratch/azare/Josh/WRFV3/phys -I/global/scratch/azare/Josh/WRFV3/chem -I/global/scratch/azare/Josh/WRFV3/inc -I/global/software/sl-6.x86_64/modules/intel/2013_sp1.4.211/netcdf/4.3.2-intel-p/include  -i4  module_cam_shr_kind_mod.f90
rm -f module_cam_error_function.b module_cam_error_function.bb
mpif90 -f90=ifort -o module_cam_error_function.o -c -O2 -ip -fp-model precise -w -ftz -align all -fno-alias -FR -convert big_endian    -I../dyn_em -I../dyn_nmm   -I/global/scratch/azare/Josh/WRFV3/external/esmf_time_f90  -I/global/scratch/azare/Josh/WRFV3/main -I/global/scratch/azare/Josh/WRFV3/external/io_netcdf -I/global/scratch/azare/Josh/WRFV3/external/io_int -I/global/scratch/azare/Josh/WRFV3/frame -I/global/scratch/azare/Josh/WRFV3/share -I/global/scratch/azare/Josh/WRFV3/phys -I/global/scratch/azare/Josh/WRFV3/chem -I/global/scratch/azare/Josh/WRFV3/inc -I/global/software/sl-6.x86_64/modules/intel/2013_sp1.4.211/netcdf/4.3.2-intel-p/include  -i4  module_cam_error_function.f90
rm -f module_bl_ysu.o
/lib/cpp -C -P -I/global/scratch/azare/Josh/WRFV3/inc -DEM_CORE=1 -DNMM_CORE=0 -DNMM_MAX_DIM=2600 -DCOAMPS_CORE=0 -DDA_CORE=0 -DEXP_CORE=0 -DIWORDSIZE=4 -DDWORDSIZE=8 -DRWORDSIZE=4 -DLWORDSIZE=4 -DNONSTANDARD_SYSTEM_FUNC -DWRF_USE_CLM  -DDM_PARALLEL -DNETCDF -DUSE_ALLOCATABLES -DGRIB1 -DINTIO -DLIMIT_ARGS -DCONFIG_BUF_LEN=65536 -DMAX_DOMAINS_F=21 -DMAX_HISTORY=25 -DNMM_NEST=0 -DWRF_CHEM -DBUILD_CHEM=1 -DWRF_KPP -I. -traditional   module_bl_ysu.F  > module_bl_ysu.bb
/global/scratch/azare/Josh/WRFV3/tools/standard.exe module_bl_ysu.bb | /lib/cpp -C -P > module_bl_ysu.f90
rm -f module_bl_ysu.b module_bl_ysu.bb
mpif90 -f90=ifort -o module_bl_ysu.o -c -O2 -ip -fp-model precise -w -ftz -align all -fno-alias -FR -convert big_endian    -I../dyn_em -I../dyn_nmm   -I/global/scratch/azare/Josh/WRFV3/external/esmf_time_f90  -I/global/scratch/azare/Josh/WRFV3/main -I/global/scratch/azare/Josh/WRFV3/external/io_netcdf -I/global/scratch/azare/Josh/WRFV3/external/io_int -I/global/scratch/azare/Josh/WRFV3/frame -I/global/scratch/azare/Josh/WRFV3/share -I/global/scratch/azare/Josh/WRFV3/phys -I/global/scratch/azare/Josh/WRFV3/chem -I/global/scratch/azare/Josh/WRFV3/inc -I/global/software/sl-6.x86_64/modules/intel/2013_sp1.4.211/netcdf/4.3.2-intel-p/include  -i4  module_bl_ysu.f90
rm -f module_bl_mrf.o
/lib/cpp -C -P -I/global/scratch/azare/Josh/WRFV3/inc -DEM_CORE=1 -DNMM_CORE=0 -DNMM_MAX_DIM=2600 -DCOAMPS_CORE=0 -DDA_CORE=0 -DEXP_CORE=0 -DIWORDSIZE=4 -DDWORDSIZE=8 -DRWORDSIZE=4 -DLWORDSIZE=4 -DNONSTANDARD_SYSTEM_FUNC -DWRF_USE_CLM  -DDM_PARALLEL -DNETCDF -DUSE_ALLOCATABLES -DGRIB1 -DINTIO -DLIMIT_ARGS -DCONFIG_BUF_LEN=65536 -DMAX_DOMAINS_F=21 -DMAX_HISTORY=25 -DNMM_NEST=0 -DWRF_CHEM -DBUILD_CHEM=1 -DWRF_KPP -I. -traditional   module_bl_mrf.F  > module_bl_mrf.bb
/global/scratch/azare/Josh/WRFV3/tools/standard.exe module_bl_mrf.bb | /lib/cpp -C -P > module_bl_mrf.f90
rm -f module_bl_mrf.b module_bl_mrf.bb
mpif90 -f90=ifort -o module_bl_mrf.o -c -O2 -ip -fp-model precise -w -ftz -align all -fno-alias -FR -convert big_endian    -I../dyn_em -I../dyn_nmm   -I/global/scratch/azare/Josh/WRFV3/external/esmf_time_f90  -I/global/scratch/azare/Josh/WRFV3/main -I/global/scratch/azare/Josh/WRFV3/external/io_netcdf -I/global/scratch/azare/Josh/WRFV3/external/io_int -I/global/scratch/azare/Josh/WRFV3/frame -I/global/scratch/azare/Josh/WRFV3/share -I/global/scratch/azare/Josh/WRFV3/phys -I/global/scratch/azare/Josh/WRFV3/chem -I/global/scratch/azare/Josh/WRFV3/inc -I/global/software/sl-6.x86_64/modules/intel/2013_sp1.4.211/netcdf/4.3.2-intel-p/include  -i4  module_bl_mrf.f90
rm -f module_gfs_machine.o
/lib/cpp -C -P -I/global/scratch/azare/Josh/WRFV3/inc -DEM_CORE=1 -DNMM_CORE=0 -DNMM_MAX_DIM=2600 -DCOAMPS_CORE=0 -DDA_CORE=0 -DEXP_CORE=0 -DIWORDSIZE=4 -DDWORDSIZE=8 -DRWORDSIZE=4 -DLWORDSIZE=4 -DNONSTANDARD_SYSTEM_FUNC -DWRF_USE_CLM  -DDM_PARALLEL -DNETCDF -DUSE_ALLOCATABLES -DGRIB1 -DINTIO -DLIMIT_ARGS -DCONFIG_BUF_LEN=65536 -DMAX_DOMAINS_F=21 -DMAX_HISTORY=25 -DNMM_NEST=0 -DWRF_CHEM -DBUILD_CHEM=1 -DWRF_KPP -I. -traditional   module_gfs_machine.F  > module_gfs_machine.bb
/global/scratch/azare/Josh/WRFV3/tools/standard.exe module_gfs_machine.bb | /lib/cpp -C -P > module_gfs_machine.f90
rm -f module_gfs_machine.b module_gfs_machine.bb
mpif90 -f90=ifort -o module_gfs_machine.o -c -O2 -ip -fp-model precise -w -ftz -align all -fno-alias -FR -convert big_endian    -I../dyn_em -I../dyn_nmm   -I/global/scratch/azare/Josh/WRFV3/external/esmf_time_f90  -I/global/scratch/azare/Josh/WRFV3/main -I/global/scratch/azare/Josh/WRFV3/external/io_netcdf -I/global/scratch/azare/Josh/WRFV3/external/io_int -I/global/scratch/azare/Josh/WRFV3/frame -I/global/scratch/azare/Josh/WRFV3/share -I/global/scratch/azare/Josh/WRFV3/phys -I/global/scratch/azare/Josh/WRFV3/chem -I/global/scratch/azare/Josh/WRFV3/inc -I/global/software/sl-6.x86_64/modules/intel/2013_sp1.4.211/netcdf/4.3.2-intel-p/include  -i4  module_gfs_machine.f90
rm -f module_bl_myjpbl.o
/lib/cpp -C -P -I/global/scratch/azare/Josh/WRFV3/inc -DEM_CORE=1 -DNMM_CORE=0 -DNMM_MAX_DIM=2600 -DCOAMPS_CORE=0 -DDA_CORE=0 -DEXP_CORE=0 -DIWORDSIZE=4 -DDWORDSIZE=8 -DRWORDSIZE=4 -DLWORDSIZE=4 -DNONSTANDARD_SYSTEM_FUNC -DWRF_USE_CLM  -DDM_PARALLEL -DNETCDF -DUSE_ALLOCATABLES -DGRIB1 -DINTIO -DLIMIT_ARGS -DCONFIG_BUF_LEN=65536 -DMAX_DOMAINS_F=21 -DMAX_HISTORY=25 -DNMM_NEST=0 -DWRF_CHEM -DBUILD_CHEM=1 -DWRF_KPP -I. -traditional   module_bl_myjpbl.F  > module_bl_myjpbl.bb
/global/scratch/azare/Josh/WRFV3/tools/standard.exe module_bl_myjpbl.bb | /lib/cpp -C -P > module_bl_myjpbl.f90
rm -f module_bl_myjpbl.b module_bl_myjpbl.bb
mpif90 -f90=ifort -o module_bl_myjpbl.o -c -O2 -ip -fp-model precise -w -ftz -align all -fno-alias -FR -convert big_endian    -I../dyn_em -I../dyn_nmm   -I/global/scratch/azare/Josh/WRFV3/external/esmf_time_f90  -I/global/scratch/azare/Josh/WRFV3/main -I/global/scratch/azare/Josh/WRFV3/external/io_netcdf -I/global/scratch/azare/Josh/WRFV3/external/io_int -I/global/scratch/azare/Josh/WRFV3/frame -I/global/scratch/azare/Josh/WRFV3/share -I/global/scratch/azare/Josh/WRFV3/phys -I/global/scratch/azare/Josh/WRFV3/chem -I/global/scratch/azare/Josh/WRFV3/inc -I/global/software/sl-6.x86_64/modules/intel/2013_sp1.4.211/netcdf/4.3.2-intel-p/include  -i4  module_bl_myjpbl.f90
rm -f module_bl_qnsepbl.o
/lib/cpp -C -P -I/global/scratch/azare/Josh/WRFV3/inc -DEM_CORE=1 -DNMM_CORE=0 -DNMM_MAX_DIM=2600 -DCOAMPS_CORE=0 -DDA_CORE=0 -DEXP_CORE=0 -DIWORDSIZE=4 -DDWORDSIZE=8 -DRWORDSIZE=4 -DLWORDSIZE=4 -DNONSTANDARD_SYSTEM_FUNC -DWRF_USE_CLM  -DDM_PARALLEL -DNETCDF -DUSE_ALLOCATABLES -DGRIB1 -DINTIO -DLIMIT_ARGS -DCONFIG_BUF_LEN=65536 -DMAX_DOMAINS_F=21 -DMAX_HISTORY=25 -DNMM_NEST=0 -DWRF_CHEM -DBUILD_CHEM=1 -DWRF_KPP -I. -traditional   module_bl_qnsepbl.F  > module_bl_qnsepbl.bb
/global/scratch/azare/Josh/WRFV3/tools/standard.exe module_bl_qnsepbl.bb | /lib/cpp -C -P > module_bl_qnsepbl.f90
rm -f module_bl_qnsepbl.b module_bl_qnsepbl.bb
mpif90 -f90=ifort -o module_bl_qnsepbl.o -c -O2 -ip -fp-model precise -w -ftz -align all -fno-alias -FR -convert big_endian    -I../dyn_em -I../dyn_nmm   -I/global/scratch/azare/Josh/WRFV3/external/esmf_time_f90  -I/global/scratch/azare/Josh/WRFV3/main -I/global/scratch/azare/Josh/WRFV3/external/io_netcdf -I/global/scratch/azare/Josh/WRFV3/external/io_int -I/global/scratch/azare/Josh/WRFV3/frame -I/global/scratch/azare/Josh/WRFV3/share -I/global/scratch/azare/Josh/WRFV3/phys -I/global/scratch/azare/Josh/WRFV3/chem -I/global/scratch/azare/Josh/WRFV3/inc -I/global/software/sl-6.x86_64/modules/intel/2013_sp1.4.211/netcdf/4.3.2-intel-p/include  -i4  module_bl_qnsepbl.f90
rm -f module_bl_qnsepbl09.o
/lib/cpp -C -P -I/global/scratch/azare/Josh/WRFV3/inc -DEM_CORE=1 -DNMM_CORE=0 -DNMM_MAX_DIM=2600 -DCOAMPS_CORE=0 -DDA_CORE=0 -DEXP_CORE=0 -DIWORDSIZE=4 -DDWORDSIZE=8 -DRWORDSIZE=4 -DLWORDSIZE=4 -DNONSTANDARD_SYSTEM_FUNC -DWRF_USE_CLM  -DDM_PARALLEL -DNETCDF -DUSE_ALLOCATABLES -DGRIB1 -DINTIO -DLIMIT_ARGS -DCONFIG_BUF_LEN=65536 -DMAX_DOMAINS_F=21 -DMAX_HISTORY=25 -DNMM_NEST=0 -DWRF_CHEM -DBUILD_CHEM=1 -DWRF_KPP -I. -traditional   module_bl_qnsepbl09.F  > module_bl_qnsepbl09.bb
/global/scratch/azare/Josh/WRFV3/tools/standard.exe module_bl_qnsepbl09.bb | /lib/cpp -C -P > module_bl_qnsepbl09.f90
rm -f module_bl_qnsepbl09.b module_bl_qnsepbl09.bb
mpif90 -f90=ifort -o module_bl_qnsepbl09.o -c -O2 -ip -fp-model precise -w -ftz -align all -fno-alias -FR -convert big_endian    -I../dyn_em -I../dyn_nmm   -I/global/scratch/azare/Josh/WRFV3/external/esmf_time_f90  -I/global/scratch/azare/Josh/WRFV3/main -I/global/scratch/azare/Josh/WRFV3/external/io_netcdf -I/global/scratch/azare/Josh/WRFV3/external/io_int -I/global/scratch/azare/Josh/WRFV3/frame -I/global/scratch/azare/Josh/WRFV3/share -I/global/scratch/azare/Josh/WRFV3/phys -I/global/scratch/azare/Josh/WRFV3/chem -I/global/scratch/azare/Josh/WRFV3/inc -I/global/software/sl-6.x86_64/modules/intel/2013_sp1.4.211/netcdf/4.3.2-intel-p/include  -i4  module_bl_qnsepbl09.f90
rm -f module_bl_acm.o
/lib/cpp -C -P -I/global/scratch/azare/Josh/WRFV3/inc -DEM_CORE=1 -DNMM_CORE=0 -DNMM_MAX_DIM=2600 -DCOAMPS_CORE=0 -DDA_CORE=0 -DEXP_CORE=0 -DIWORDSIZE=4 -DDWORDSIZE=8 -DRWORDSIZE=4 -DLWORDSIZE=4 -DNONSTANDARD_SYSTEM_FUNC -DWRF_USE_CLM  -DDM_PARALLEL -DNETCDF -DUSE_ALLOCATABLES -DGRIB1 -DINTIO -DLIMIT_ARGS -DCONFIG_BUF_LEN=65536 -DMAX_DOMAINS_F=21 -DMAX_HISTORY=25 -DNMM_NEST=0 -DWRF_CHEM -DBUILD_CHEM=1 -DWRF_KPP -I. -traditional   module_bl_acm.F  > module_bl_acm.bb
/global/scratch/azare/Josh/WRFV3/tools/standard.exe module_bl_acm.bb | /lib/cpp -C -P > module_bl_acm.f90
rm -f module_bl_acm.b module_bl_acm.bb
mpif90 -f90=ifort -o module_bl_acm.o -c -O2 -ip -fp-model precise -w -ftz -align all -fno-alias -FR -convert big_endian    -I../dyn_em -I../dyn_nmm   -I/global/scratch/azare/Josh/WRFV3/external/esmf_time_f90  -I/global/scratch/azare/Josh/WRFV3/main -I/global/scratch/azare/Josh/WRFV3/external/io_netcdf -I/global/scratch/azare/Josh/WRFV3/external/io_int -I/global/scratch/azare/Josh/WRFV3/frame -I/global/scratch/azare/Josh/WRFV3/share -I/global/scratch/azare/Josh/WRFV3/phys -I/global/scratch/azare/Josh/WRFV3/chem -I/global/scratch/azare/Josh/WRFV3/inc -I/global/software/sl-6.x86_64/modules/intel/2013_sp1.4.211/netcdf/4.3.2-intel-p/include  -i4  module_bl_acm.f90
rm -f module_bl_mynn.o
/lib/cpp -C -P -I/global/scratch/azare/Josh/WRFV3/inc -DEM_CORE=1 -DNMM_CORE=0 -DNMM_MAX_DIM=2600 -DCOAMPS_CORE=0 -DDA_CORE=0 -DEXP_CORE=0 -DIWORDSIZE=4 -DDWORDSIZE=8 -DRWORDSIZE=4 -DLWORDSIZE=4 -DNONSTANDARD_SYSTEM_FUNC -DWRF_USE_CLM  -DDM_PARALLEL -DNETCDF -DUSE_ALLOCATABLES -DGRIB1 -DINTIO -DLIMIT_ARGS -DCONFIG_BUF_LEN=65536 -DMAX_DOMAINS_F=21 -DMAX_HISTORY=25 -DNMM_NEST=0 -DWRF_CHEM -DBUILD_CHEM=1 -DWRF_KPP -I. -traditional   module_bl_mynn.F  > module_bl_mynn.bb
/global/scratch/azare/Josh/WRFV3/tools/standard.exe module_bl_mynn.bb | /lib/cpp -C -P > module_bl_mynn.f90
rm -f module_bl_mynn.b module_bl_mynn.bb
mpif90 -f90=ifort -o module_bl_mynn.o -c -O2 -ip -fp-model precise -w -ftz -align all -fno-alias -FR -convert big_endian    -I../dyn_em -I../dyn_nmm   -I/global/scratch/azare/Josh/WRFV3/external/esmf_time_f90  -I/global/scratch/azare/Josh/WRFV3/main -I/global/scratch/azare/Josh/WRFV3/external/io_netcdf -I/global/scratch/azare/Josh/WRFV3/external/io_int -I/global/scratch/azare/Josh/WRFV3/frame -I/global/scratch/azare/Josh/WRFV3/share -I/global/scratch/azare/Josh/WRFV3/phys -I/global/scratch/azare/Josh/WRFV3/chem -I/global/scratch/azare/Josh/WRFV3/inc -I/global/software/sl-6.x86_64/modules/intel/2013_sp1.4.211/netcdf/4.3.2-intel-p/include  -i4  module_bl_mynn.f90
rm -f module_bl_gwdo.o
/lib/cpp -C -P -I/global/scratch/azare/Josh/WRFV3/inc -DEM_CORE=1 -DNMM_CORE=0 -DNMM_MAX_DIM=2600 -DCOAMPS_CORE=0 -DDA_CORE=0 -DEXP_CORE=0 -DIWORDSIZE=4 -DDWORDSIZE=8 -DRWORDSIZE=4 -DLWORDSIZE=4 -DNONSTANDARD_SYSTEM_FUNC -DWRF_USE_CLM  -DDM_PARALLEL -DNETCDF -DUSE_ALLOCATABLES -DGRIB1 -DINTIO -DLIMIT_ARGS -DCONFIG_BUF_LEN=65536 -DMAX_DOMAINS_F=21 -DMAX_HISTORY=25 -DNMM_NEST=0 -DWRF_CHEM -DBUILD_CHEM=1 -DWRF_KPP -I. -traditional   module_bl_gwdo.F  > module_bl_gwdo.bb
/global/scratch/azare/Josh/WRFV3/tools/standard.exe module_bl_gwdo.bb | /lib/cpp -C -P > module_bl_gwdo.f90
rm -f module_bl_gwdo.b module_bl_gwdo.bb
mpif90 -f90=ifort -o module_bl_gwdo.o -c -O2 -ip -fp-model precise -w -ftz -align all -fno-alias -FR -convert big_endian    -I../dyn_em -I../dyn_nmm   -I/global/scratch/azare/Josh/WRFV3/external/esmf_time_f90  -I/global/scratch/azare/Josh/WRFV3/main -I/global/scratch/azare/Josh/WRFV3/external/io_netcdf -I/global/scratch/azare/Josh/WRFV3/external/io_int -I/global/scratch/azare/Josh/WRFV3/frame -I/global/scratch/azare/Josh/WRFV3/share -I/global/scratch/azare/Josh/WRFV3/phys -I/global/scratch/azare/Josh/WRFV3/chem -I/global/scratch/azare/Josh/WRFV3/inc -I/global/software/sl-6.x86_64/modules/intel/2013_sp1.4.211/netcdf/4.3.2-intel-p/include  -i4  module_bl_gwdo.f90
rm -f module_bl_myjurb.o
/lib/cpp -C -P -I/global/scratch/azare/Josh/WRFV3/inc -DEM_CORE=1 -DNMM_CORE=0 -DNMM_MAX_DIM=2600 -DCOAMPS_CORE=0 -DDA_CORE=0 -DEXP_CORE=0 -DIWORDSIZE=4 -DDWORDSIZE=8 -DRWORDSIZE=4 -DLWORDSIZE=4 -DNONSTANDARD_SYSTEM_FUNC -DWRF_USE_CLM  -DDM_PARALLEL -DNETCDF -DUSE_ALLOCATABLES -DGRIB1 -DINTIO -DLIMIT_ARGS -DCONFIG_BUF_LEN=65536 -DMAX_DOMAINS_F=21 -DMAX_HISTORY=25 -DNMM_NEST=0 -DWRF_CHEM -DBUILD_CHEM=1 -DWRF_KPP -I. -traditional   module_bl_myjurb.F  > module_bl_myjurb.bb
/global/scratch/azare/Josh/WRFV3/tools/standard.exe module_bl_myjurb.bb | /lib/cpp -C -P > module_bl_myjurb.f90
rm -f module_bl_boulac.o
/lib/cpp -C -P -I/global/scratch/azare/Josh/WRFV3/inc -DEM_CORE=1 -DNMM_CORE=0 -DNMM_MAX_DIM=2600 -DCOAMPS_CORE=0 -DDA_CORE=0 -DEXP_CORE=0 -DIWORDSIZE=4 -DDWORDSIZE=8 -DRWORDSIZE=4 -DLWORDSIZE=4 -DNONSTANDARD_SYSTEM_FUNC -DWRF_USE_CLM  -DDM_PARALLEL -DNETCDF -DUSE_ALLOCATABLES -DGRIB1 -DINTIO -DLIMIT_ARGS -DCONFIG_BUF_LEN=65536 -DMAX_DOMAINS_F=21 -DMAX_HISTORY=25 -DNMM_NEST=0 -DWRF_CHEM -DBUILD_CHEM=1 -DWRF_KPP -I. -traditional   module_bl_boulac.F  > module_bl_boulac.bb
rm -f module_bl_myjurb.b module_bl_myjurb.bb
mpif90 -f90=ifort -o module_bl_myjurb.o -c -O2 -ip -fp-model precise -w -ftz -align all -fno-alias -FR -convert big_endian    -I../dyn_em -I../dyn_nmm   -I/global/scratch/azare/Josh/WRFV3/external/esmf_time_f90  -I/global/scratch/azare/Josh/WRFV3/main -I/global/scratch/azare/Josh/WRFV3/external/io_netcdf -I/global/scratch/azare/Josh/WRFV3/external/io_int -I/global/scratch/azare/Josh/WRFV3/frame -I/global/scratch/azare/Josh/WRFV3/share -I/global/scratch/azare/Josh/WRFV3/phys -I/global/scratch/azare/Josh/WRFV3/chem -I/global/scratch/azare/Josh/WRFV3/inc -I/global/software/sl-6.x86_64/modules/intel/2013_sp1.4.211/netcdf/4.3.2-intel-p/include  -i4  module_bl_myjurb.f90
/global/scratch/azare/Josh/WRFV3/tools/standard.exe module_bl_boulac.bb | /lib/cpp -C -P > module_bl_boulac.f90
rm -f module_bl_boulac.b module_bl_boulac.bb
mpif90 -f90=ifort -o module_bl_boulac.o -c -O2 -ip -fp-model precise -w -ftz -align all -fno-alias -FR -convert big_endian    -I../dyn_em -I../dyn_nmm   -I/global/scratch/azare/Josh/WRFV3/external/esmf_time_f90  -I/global/scratch/azare/Josh/WRFV3/main -I/global/scratch/azare/Josh/WRFV3/external/io_netcdf -I/global/scratch/azare/Josh/WRFV3/external/io_int -I/global/scratch/azare/Josh/WRFV3/frame -I/global/scratch/azare/Josh/WRFV3/share -I/global/scratch/azare/Josh/WRFV3/phys -I/global/scratch/azare/Josh/WRFV3/chem -I/global/scratch/azare/Josh/WRFV3/inc -I/global/software/sl-6.x86_64/modules/intel/2013_sp1.4.211/netcdf/4.3.2-intel-p/include  -i4  module_bl_boulac.f90
rm -f module_bl_mfshconvpbl.o
/lib/cpp -C -P -I/global/scratch/azare/Josh/WRFV3/inc -DEM_CORE=1 -DNMM_CORE=0 -DNMM_MAX_DIM=2600 -DCOAMPS_CORE=0 -DDA_CORE=0 -DEXP_CORE=0 -DIWORDSIZE=4 -DDWORDSIZE=8 -DRWORDSIZE=4 -DLWORDSIZE=4 -DNONSTANDARD_SYSTEM_FUNC -DWRF_USE_CLM  -DDM_PARALLEL -DNETCDF -DUSE_ALLOCATABLES -DGRIB1 -DINTIO -DLIMIT_ARGS -DCONFIG_BUF_LEN=65536 -DMAX_DOMAINS_F=21 -DMAX_HISTORY=25 -DNMM_NEST=0 -DWRF_CHEM -DBUILD_CHEM=1 -DWRF_KPP -I. -traditional   module_bl_mfshconvpbl.F  > module_bl_mfshconvpbl.bb
/global/scratch/azare/Josh/WRFV3/tools/standard.exe module_bl_mfshconvpbl.bb | /lib/cpp -C -P > module_bl_mfshconvpbl.f90
rm -f module_bl_mfshconvpbl.b module_bl_mfshconvpbl.bb
mpif90 -f90=ifort -o module_bl_mfshconvpbl.o -c -O2 -ip -fp-model precise -w -ftz -align all -fno-alias -FR -convert big_endian    -I../dyn_em -I../dyn_nmm   -I/global/scratch/azare/Josh/WRFV3/external/esmf_time_f90  -I/global/scratch/azare/Josh/WRFV3/main -I/global/scratch/azare/Josh/WRFV3/external/io_netcdf -I/global/scratch/azare/Josh/WRFV3/external/io_int -I/global/scratch/azare/Josh/WRFV3/frame -I/global/scratch/azare/Josh/WRFV3/share -I/global/scratch/azare/Josh/WRFV3/phys -I/global/scratch/azare/Josh/WRFV3/chem -I/global/scratch/azare/Josh/WRFV3/inc -I/global/software/sl-6.x86_64/modules/intel/2013_sp1.4.211/netcdf/4.3.2-intel-p/include  -i4  module_bl_mfshconvpbl.f90
rm -f module_shcu_grims.o
/lib/cpp -C -P -I/global/scratch/azare/Josh/WRFV3/inc -DEM_CORE=1 -DNMM_CORE=0 -DNMM_MAX_DIM=2600 -DCOAMPS_CORE=0 -DDA_CORE=0 -DEXP_CORE=0 -DIWORDSIZE=4 -DDWORDSIZE=8 -DRWORDSIZE=4 -DLWORDSIZE=4 -DNONSTANDARD_SYSTEM_FUNC -DWRF_USE_CLM  -DDM_PARALLEL -DNETCDF -DUSE_ALLOCATABLES -DGRIB1 -DINTIO -DLIMIT_ARGS -DCONFIG_BUF_LEN=65536 -DMAX_DOMAINS_F=21 -DMAX_HISTORY=25 -DNMM_NEST=0 -DWRF_CHEM -DBUILD_CHEM=1 -DWRF_KPP -I. -traditional   module_shcu_grims.F  > module_shcu_grims.bb
/global/scratch/azare/Josh/WRFV3/tools/standard.exe module_shcu_grims.bb | /lib/cpp -C -P > module_shcu_grims.f90
rm -f module_shcu_grims.b module_shcu_grims.bb
mpif90 -f90=ifort -o module_shcu_grims.o -c -O2 -ip -fp-model precise -w -ftz -align all -fno-alias -FR -convert big_endian    -I../dyn_em -I../dyn_nmm   -I/global/scratch/azare/Josh/WRFV3/external/esmf_time_f90  -I/global/scratch/azare/Josh/WRFV3/main -I/global/scratch/azare/Josh/WRFV3/external/io_netcdf -I/global/scratch/azare/Josh/WRFV3/external/io_int -I/global/scratch/azare/Josh/WRFV3/frame -I/global/scratch/azare/Josh/WRFV3/share -I/global/scratch/azare/Josh/WRFV3/phys -I/global/scratch/azare/Josh/WRFV3/chem -I/global/scratch/azare/Josh/WRFV3/inc -I/global/software/sl-6.x86_64/modules/intel/2013_sp1.4.211/netcdf/4.3.2-intel-p/include  -i4  module_shcu_grims.f90
rm -f module_bl_temf.o
/lib/cpp -C -P -I/global/scratch/azare/Josh/WRFV3/inc -DEM_CORE=1 -DNMM_CORE=0 -DNMM_MAX_DIM=2600 -DCOAMPS_CORE=0 -DDA_CORE=0 -DEXP_CORE=0 -DIWORDSIZE=4 -DDWORDSIZE=8 -DRWORDSIZE=4 -DLWORDSIZE=4 -DNONSTANDARD_SYSTEM_FUNC -DWRF_USE_CLM  -DDM_PARALLEL -DNETCDF -DUSE_ALLOCATABLES -DGRIB1 -DINTIO -DLIMIT_ARGS -DCONFIG_BUF_LEN=65536 -DMAX_DOMAINS_F=21 -DMAX_HISTORY=25 -DNMM_NEST=0 -DWRF_CHEM -DBUILD_CHEM=1 -DWRF_KPP -I. -traditional   module_bl_temf.F  > module_bl_temf.bb
/global/scratch/azare/Josh/WRFV3/tools/standard.exe module_bl_temf.bb | /lib/cpp -C -P > module_bl_temf.f90
rm -f module_bl_temf.b module_bl_temf.bb
mpif90 -f90=ifort -o module_bl_temf.o -c -O2 -ip -fp-model precise -w -ftz -align all -fno-alias -FR -convert big_endian    -I../dyn_em -I../dyn_nmm   -I/global/scratch/azare/Josh/WRFV3/external/esmf_time_f90  -I/global/scratch/azare/Josh/WRFV3/main -I/global/scratch/azare/Josh/WRFV3/external/io_netcdf -I/global/scratch/azare/Josh/WRFV3/external/io_int -I/global/scratch/azare/Josh/WRFV3/frame -I/global/scratch/azare/Josh/WRFV3/share -I/global/scratch/azare/Josh/WRFV3/phys -I/global/scratch/azare/Josh/WRFV3/chem -I/global/scratch/azare/Josh/WRFV3/inc -I/global/software/sl-6.x86_64/modules/intel/2013_sp1.4.211/netcdf/4.3.2-intel-p/include  -i4  module_bl_temf.f90
rm -f module_bl_gbmpbl.o
/lib/cpp -C -P -I/global/scratch/azare/Josh/WRFV3/inc -DEM_CORE=1 -DNMM_CORE=0 -DNMM_MAX_DIM=2600 -DCOAMPS_CORE=0 -DDA_CORE=0 -DEXP_CORE=0 -DIWORDSIZE=4 -DDWORDSIZE=8 -DRWORDSIZE=4 -DLWORDSIZE=4 -DNONSTANDARD_SYSTEM_FUNC -DWRF_USE_CLM  -DDM_PARALLEL -DNETCDF -DUSE_ALLOCATABLES -DGRIB1 -DINTIO -DLIMIT_ARGS -DCONFIG_BUF_LEN=65536 -DMAX_DOMAINS_F=21 -DMAX_HISTORY=25 -DNMM_NEST=0 -DWRF_CHEM -DBUILD_CHEM=1 -DWRF_KPP -I. -traditional   module_bl_gbmpbl.F  > module_bl_gbmpbl.bb
/global/scratch/azare/Josh/WRFV3/tools/standard.exe module_bl_gbmpbl.bb | /lib/cpp -C -P > module_bl_gbmpbl.f90
rm -f module_bl_gbmpbl.b module_bl_gbmpbl.bb
mpif90 -f90=ifort -o module_bl_gbmpbl.o -c -O2 -ip -fp-model precise -w -ftz -align all -fno-alias -FR -convert big_endian    -I../dyn_em -I../dyn_nmm   -I/global/scratch/azare/Josh/WRFV3/external/esmf_time_f90  -I/global/scratch/azare/Josh/WRFV3/main -I/global/scratch/azare/Josh/WRFV3/external/io_netcdf -I/global/scratch/azare/Josh/WRFV3/external/io_int -I/global/scratch/azare/Josh/WRFV3/frame -I/global/scratch/azare/Josh/WRFV3/share -I/global/scratch/azare/Josh/WRFV3/phys -I/global/scratch/azare/Josh/WRFV3/chem -I/global/scratch/azare/Josh/WRFV3/inc -I/global/software/sl-6.x86_64/modules/intel/2013_sp1.4.211/netcdf/4.3.2-intel-p/include  -i4  module_bl_gbmpbl.f90
rm -f module_cu_g3.o
/lib/cpp -C -P -I/global/scratch/azare/Josh/WRFV3/inc -DEM_CORE=1 -DNMM_CORE=0 -DNMM_MAX_DIM=2600 -DCOAMPS_CORE=0 -DDA_CORE=0 -DEXP_CORE=0 -DIWORDSIZE=4 -DDWORDSIZE=8 -DRWORDSIZE=4 -DLWORDSIZE=4 -DNONSTANDARD_SYSTEM_FUNC -DWRF_USE_CLM  -DDM_PARALLEL -DNETCDF -DUSE_ALLOCATABLES -DGRIB1 -DINTIO -DLIMIT_ARGS -DCONFIG_BUF_LEN=65536 -DMAX_DOMAINS_F=21 -DMAX_HISTORY=25 -DNMM_NEST=0 -DWRF_CHEM -DBUILD_CHEM=1 -DWRF_KPP -I. -traditional   module_cu_g3.F  > module_cu_g3.bb
/global/scratch/azare/Josh/WRFV3/tools/standard.exe module_cu_g3.bb | /lib/cpp -C -P > module_cu_g3.f90
rm -f module_cu_g3.b module_cu_g3.bb
mpif90 -f90=ifort -o module_cu_g3.o -c -O2 -ip -fp-model precise -w -ftz -align all -fno-alias -FR -convert big_endian    -I../dyn_em -I../dyn_nmm   -I/global/scratch/azare/Josh/WRFV3/external/esmf_time_f90  -I/global/scratch/azare/Josh/WRFV3/main -I/global/scratch/azare/Josh/WRFV3/external/io_netcdf -I/global/scratch/azare/Josh/WRFV3/external/io_int -I/global/scratch/azare/Josh/WRFV3/frame -I/global/scratch/azare/Josh/WRFV3/share -I/global/scratch/azare/Josh/WRFV3/phys -I/global/scratch/azare/Josh/WRFV3/chem -I/global/scratch/azare/Josh/WRFV3/inc -I/global/software/sl-6.x86_64/modules/intel/2013_sp1.4.211/netcdf/4.3.2-intel-p/include  -i4  module_cu_g3.f90
rm -f module_cu_kf.o
/lib/cpp -C -P -I/global/scratch/azare/Josh/WRFV3/inc -DEM_CORE=1 -DNMM_CORE=0 -DNMM_MAX_DIM=2600 -DCOAMPS_CORE=0 -DDA_CORE=0 -DEXP_CORE=0 -DIWORDSIZE=4 -DDWORDSIZE=8 -DRWORDSIZE=4 -DLWORDSIZE=4 -DNONSTANDARD_SYSTEM_FUNC -DWRF_USE_CLM  -DDM_PARALLEL -DNETCDF -DUSE_ALLOCATABLES -DGRIB1 -DINTIO -DLIMIT_ARGS -DCONFIG_BUF_LEN=65536 -DMAX_DOMAINS_F=21 -DMAX_HISTORY=25 -DNMM_NEST=0 -DWRF_CHEM -DBUILD_CHEM=1 -DWRF_KPP -I. -traditional   module_cu_kf.F  > module_cu_kf.bb
/global/scratch/azare/Josh/WRFV3/tools/standard.exe module_cu_kf.bb | /lib/cpp -C -P > module_cu_kf.f90
rm -f module_cu_kf.b module_cu_kf.bb
mpif90 -f90=ifort -o module_cu_kf.o -c -O2 -ip -fp-model precise -w -ftz -align all -fno-alias -FR -convert big_endian    -I../dyn_em -I../dyn_nmm   -I/global/scratch/azare/Josh/WRFV3/external/esmf_time_f90  -I/global/scratch/azare/Josh/WRFV3/main -I/global/scratch/azare/Josh/WRFV3/external/io_netcdf -I/global/scratch/azare/Josh/WRFV3/external/io_int -I/global/scratch/azare/Josh/WRFV3/frame -I/global/scratch/azare/Josh/WRFV3/share -I/global/scratch/azare/Josh/WRFV3/phys -I/global/scratch/azare/Josh/WRFV3/chem -I/global/scratch/azare/Josh/WRFV3/inc -I/global/software/sl-6.x86_64/modules/intel/2013_sp1.4.211/netcdf/4.3.2-intel-p/include  -i4  module_cu_kf.f90
rm -f module_cu_bmj.o
/lib/cpp -C -P -I/global/scratch/azare/Josh/WRFV3/inc -DEM_CORE=1 -DNMM_CORE=0 -DNMM_MAX_DIM=2600 -DCOAMPS_CORE=0 -DDA_CORE=0 -DEXP_CORE=0 -DIWORDSIZE=4 -DDWORDSIZE=8 -DRWORDSIZE=4 -DLWORDSIZE=4 -DNONSTANDARD_SYSTEM_FUNC -DWRF_USE_CLM  -DDM_PARALLEL -DNETCDF -DUSE_ALLOCATABLES -DGRIB1 -DINTIO -DLIMIT_ARGS -DCONFIG_BUF_LEN=65536 -DMAX_DOMAINS_F=21 -DMAX_HISTORY=25 -DNMM_NEST=0 -DWRF_CHEM -DBUILD_CHEM=1 -DWRF_KPP -I. -traditional   module_cu_bmj.F  > module_cu_bmj.bb
/global/scratch/azare/Josh/WRFV3/tools/standard.exe module_cu_bmj.bb | /lib/cpp -C -P > module_cu_bmj.f90
rm -f module_cu_bmj.b module_cu_bmj.bb
mpif90 -f90=ifort -o module_cu_bmj.o -c -O2 -ip -fp-model precise -w -ftz -align all -fno-alias -FR -convert big_endian    -I../dyn_em -I../dyn_nmm   -I/global/scratch/azare/Josh/WRFV3/external/esmf_time_f90  -I/global/scratch/azare/Josh/WRFV3/main -I/global/scratch/azare/Josh/WRFV3/external/io_netcdf -I/global/scratch/azare/Josh/WRFV3/external/io_int -I/global/scratch/azare/Josh/WRFV3/frame -I/global/scratch/azare/Josh/WRFV3/share -I/global/scratch/azare/Josh/WRFV3/phys -I/global/scratch/azare/Josh/WRFV3/chem -I/global/scratch/azare/Josh/WRFV3/inc -I/global/software/sl-6.x86_64/modules/intel/2013_sp1.4.211/netcdf/4.3.2-intel-p/include  -i4  module_cu_bmj.f90
rm -f module_cu_kfeta.o
/lib/cpp -C -P -I/global/scratch/azare/Josh/WRFV3/inc -DEM_CORE=1 -DNMM_CORE=0 -DNMM_MAX_DIM=2600 -DCOAMPS_CORE=0 -DDA_CORE=0 -DEXP_CORE=0 -DIWORDSIZE=4 -DDWORDSIZE=8 -DRWORDSIZE=4 -DLWORDSIZE=4 -DNONSTANDARD_SYSTEM_FUNC -DWRF_USE_CLM  -DDM_PARALLEL -DNETCDF -DUSE_ALLOCATABLES -DGRIB1 -DINTIO -DLIMIT_ARGS -DCONFIG_BUF_LEN=65536 -DMAX_DOMAINS_F=21 -DMAX_HISTORY=25 -DNMM_NEST=0 -DWRF_CHEM -DBUILD_CHEM=1 -DWRF_KPP -I. -traditional   module_cu_kfeta.F  > module_cu_kfeta.bb
/global/scratch/azare/Josh/WRFV3/tools/standard.exe module_cu_kfeta.bb | /lib/cpp -C -P > module_cu_kfeta.f90
rm -f module_cu_gd.o
/lib/cpp -C -P -I/global/scratch/azare/Josh/WRFV3/inc -DEM_CORE=1 -DNMM_CORE=0 -DNMM_MAX_DIM=2600 -DCOAMPS_CORE=0 -DDA_CORE=0 -DEXP_CORE=0 -DIWORDSIZE=4 -DDWORDSIZE=8 -DRWORDSIZE=4 -DLWORDSIZE=4 -DNONSTANDARD_SYSTEM_FUNC -DWRF_USE_CLM  -DDM_PARALLEL -DNETCDF -DUSE_ALLOCATABLES -DGRIB1 -DINTIO -DLIMIT_ARGS -DCONFIG_BUF_LEN=65536 -DMAX_DOMAINS_F=21 -DMAX_HISTORY=25 -DNMM_NEST=0 -DWRF_CHEM -DBUILD_CHEM=1 -DWRF_KPP -I. -traditional   module_cu_gd.F  > module_cu_gd.bb
rm -f module_cu_kfeta.b module_cu_kfeta.bb
mpif90 -f90=ifort -o module_cu_kfeta.o -c -O2 -ip -fp-model precise -w -ftz -align all -fno-alias -FR -convert big_endian    -I../dyn_em -I../dyn_nmm   -I/global/scratch/azare/Josh/WRFV3/external/esmf_time_f90  -I/global/scratch/azare/Josh/WRFV3/main -I/global/scratch/azare/Josh/WRFV3/external/io_netcdf -I/global/scratch/azare/Josh/WRFV3/external/io_int -I/global/scratch/azare/Josh/WRFV3/frame -I/global/scratch/azare/Josh/WRFV3/share -I/global/scratch/azare/Josh/WRFV3/phys -I/global/scratch/azare/Josh/WRFV3/chem -I/global/scratch/azare/Josh/WRFV3/inc -I/global/software/sl-6.x86_64/modules/intel/2013_sp1.4.211/netcdf/4.3.2-intel-p/include  -i4  module_cu_kfeta.f90
/global/scratch/azare/Josh/WRFV3/tools/standard.exe module_cu_gd.bb | /lib/cpp -C -P > module_cu_gd.f90
rm -f module_cu_gd.b module_cu_gd.bb
mpif90 -f90=ifort -o module_cu_gd.o -c -O2 -ip -fp-model precise -w -ftz -align all -fno-alias -FR -convert big_endian    -I../dyn_em -I../dyn_nmm   -I/global/scratch/azare/Josh/WRFV3/external/esmf_time_f90  -I/global/scratch/azare/Josh/WRFV3/main -I/global/scratch/azare/Josh/WRFV3/external/io_netcdf -I/global/scratch/azare/Josh/WRFV3/external/io_int -I/global/scratch/azare/Josh/WRFV3/frame -I/global/scratch/azare/Josh/WRFV3/share -I/global/scratch/azare/Josh/WRFV3/phys -I/global/scratch/azare/Josh/WRFV3/chem -I/global/scratch/azare/Josh/WRFV3/inc -I/global/software/sl-6.x86_64/modules/intel/2013_sp1.4.211/netcdf/4.3.2-intel-p/include  -i4  module_cu_gd.f90
rm -f module_cu_gf.o
/lib/cpp -C -P -I/global/scratch/azare/Josh/WRFV3/inc -DEM_CORE=1 -DNMM_CORE=0 -DNMM_MAX_DIM=2600 -DCOAMPS_CORE=0 -DDA_CORE=0 -DEXP_CORE=0 -DIWORDSIZE=4 -DDWORDSIZE=8 -DRWORDSIZE=4 -DLWORDSIZE=4 -DNONSTANDARD_SYSTEM_FUNC -DWRF_USE_CLM  -DDM_PARALLEL -DNETCDF -DUSE_ALLOCATABLES -DGRIB1 -DINTIO -DLIMIT_ARGS -DCONFIG_BUF_LEN=65536 -DMAX_DOMAINS_F=21 -DMAX_HISTORY=25 -DNMM_NEST=0 -DWRF_CHEM -DBUILD_CHEM=1 -DWRF_KPP -I. -traditional   module_cu_gf.F  > module_cu_gf.bb
/global/scratch/azare/Josh/WRFV3/tools/standard.exe module_cu_gf.bb | /lib/cpp -C -P > module_cu_gf.f90
rm -f module_cu_gf.b module_cu_gf.bb
mpif90 -f90=ifort -o module_cu_gf.o -c -O2 -ip -fp-model precise -w -ftz -align all -fno-alias -FR -convert big_endian    -I../dyn_em -I../dyn_nmm   -I/global/scratch/azare/Josh/WRFV3/external/esmf_time_f90  -I/global/scratch/azare/Josh/WRFV3/main -I/global/scratch/azare/Josh/WRFV3/external/io_netcdf -I/global/scratch/azare/Josh/WRFV3/external/io_int -I/global/scratch/azare/Josh/WRFV3/frame -I/global/scratch/azare/Josh/WRFV3/share -I/global/scratch/azare/Josh/WRFV3/phys -I/global/scratch/azare/Josh/WRFV3/chem -I/global/scratch/azare/Josh/WRFV3/inc -I/global/software/sl-6.x86_64/modules/intel/2013_sp1.4.211/netcdf/4.3.2-intel-p/include  -i4  module_cu_gf.f90
rm -f module_cu_nsas.o
/lib/cpp -C -P -I/global/scratch/azare/Josh/WRFV3/inc -DEM_CORE=1 -DNMM_CORE=0 -DNMM_MAX_DIM=2600 -DCOAMPS_CORE=0 -DDA_CORE=0 -DEXP_CORE=0 -DIWORDSIZE=4 -DDWORDSIZE=8 -DRWORDSIZE=4 -DLWORDSIZE=4 -DNONSTANDARD_SYSTEM_FUNC -DWRF_USE_CLM  -DDM_PARALLEL -DNETCDF -DUSE_ALLOCATABLES -DGRIB1 -DINTIO -DLIMIT_ARGS -DCONFIG_BUF_LEN=65536 -DMAX_DOMAINS_F=21 -DMAX_HISTORY=25 -DNMM_NEST=0 -DWRF_CHEM -DBUILD_CHEM=1 -DWRF_KPP -I. -traditional   module_cu_nsas.F  > module_cu_nsas.bb
/global/scratch/azare/Josh/WRFV3/tools/standard.exe module_cu_nsas.bb | /lib/cpp -C -P > module_cu_nsas.f90
rm -f module_cu_nsas.b module_cu_nsas.bb
mpif90 -f90=ifort -o module_cu_nsas.o -c -O2 -ip -fp-model precise -w -ftz -align all -fno-alias -FR -convert big_endian    -I../dyn_em -I../dyn_nmm   -I/global/scratch/azare/Josh/WRFV3/external/esmf_time_f90  -I/global/scratch/azare/Josh/WRFV3/main -I/global/scratch/azare/Josh/WRFV3/external/io_netcdf -I/global/scratch/azare/Josh/WRFV3/external/io_int -I/global/scratch/azare/Josh/WRFV3/frame -I/global/scratch/azare/Josh/WRFV3/share -I/global/scratch/azare/Josh/WRFV3/phys -I/global/scratch/azare/Josh/WRFV3/chem -I/global/scratch/azare/Josh/WRFV3/inc -I/global/software/sl-6.x86_64/modules/intel/2013_sp1.4.211/netcdf/4.3.2-intel-p/include  -i4  module_cu_nsas.f90
rm -f module_mp_radar.o
/lib/cpp -C -P -I/global/scratch/azare/Josh/WRFV3/inc -DEM_CORE=1 -DNMM_CORE=0 -DNMM_MAX_DIM=2600 -DCOAMPS_CORE=0 -DDA_CORE=0 -DEXP_CORE=0 -DIWORDSIZE=4 -DDWORDSIZE=8 -DRWORDSIZE=4 -DLWORDSIZE=4 -DNONSTANDARD_SYSTEM_FUNC -DWRF_USE_CLM  -DDM_PARALLEL -DNETCDF -DUSE_ALLOCATABLES -DGRIB1 -DINTIO -DLIMIT_ARGS -DCONFIG_BUF_LEN=65536 -DMAX_DOMAINS_F=21 -DMAX_HISTORY=25 -DNMM_NEST=0 -DWRF_CHEM -DBUILD_CHEM=1 -DWRF_KPP -I. -traditional   module_mp_radar.F  > module_mp_radar.bb
/global/scratch/azare/Josh/WRFV3/tools/standard.exe module_mp_radar.bb | /lib/cpp -C -P > module_mp_radar.f90
rm -f module_mp_radar.b module_mp_radar.bb
mpif90 -f90=ifort -o module_mp_radar.o -c -O2 -ip -fp-model precise -w -ftz -align all -fno-alias -FR -convert big_endian    -I../dyn_em -I../dyn_nmm   -I/global/scratch/azare/Josh/WRFV3/external/esmf_time_f90  -I/global/scratch/azare/Josh/WRFV3/main -I/global/scratch/azare/Josh/WRFV3/external/io_netcdf -I/global/scratch/azare/Josh/WRFV3/external/io_int -I/global/scratch/azare/Josh/WRFV3/frame -I/global/scratch/azare/Josh/WRFV3/share -I/global/scratch/azare/Josh/WRFV3/phys -I/global/scratch/azare/Josh/WRFV3/chem -I/global/scratch/azare/Josh/WRFV3/inc -I/global/software/sl-6.x86_64/modules/intel/2013_sp1.4.211/netcdf/4.3.2-intel-p/include  -i4  module_mp_radar.f90
rm -f module_mp_kessler.o
/lib/cpp -C -P -I/global/scratch/azare/Josh/WRFV3/inc -DEM_CORE=1 -DNMM_CORE=0 -DNMM_MAX_DIM=2600 -DCOAMPS_CORE=0 -DDA_CORE=0 -DEXP_CORE=0 -DIWORDSIZE=4 -DDWORDSIZE=8 -DRWORDSIZE=4 -DLWORDSIZE=4 -DNONSTANDARD_SYSTEM_FUNC -DWRF_USE_CLM  -DDM_PARALLEL -DNETCDF -DUSE_ALLOCATABLES -DGRIB1 -DINTIO -DLIMIT_ARGS -DCONFIG_BUF_LEN=65536 -DMAX_DOMAINS_F=21 -DMAX_HISTORY=25 -DNMM_NEST=0 -DWRF_CHEM -DBUILD_CHEM=1 -DWRF_KPP -I. -traditional   module_mp_kessler.F  > module_mp_kessler.bb
/global/scratch/azare/Josh/WRFV3/tools/standard.exe module_mp_kessler.bb | /lib/cpp -C -P > module_mp_kessler.f90
rm -f module_mp_kessler.b module_mp_kessler.bb
mpif90 -f90=ifort -o module_mp_kessler.o -c -O2 -ip -fp-model precise -w -ftz -align all -fno-alias -FR -convert big_endian    -I../dyn_em -I../dyn_nmm   -I/global/scratch/azare/Josh/WRFV3/external/esmf_time_f90  -I/global/scratch/azare/Josh/WRFV3/main -I/global/scratch/azare/Josh/WRFV3/external/io_netcdf -I/global/scratch/azare/Josh/WRFV3/external/io_int -I/global/scratch/azare/Josh/WRFV3/frame -I/global/scratch/azare/Josh/WRFV3/share -I/global/scratch/azare/Josh/WRFV3/phys -I/global/scratch/azare/Josh/WRFV3/chem -I/global/scratch/azare/Josh/WRFV3/inc -I/global/software/sl-6.x86_64/modules/intel/2013_sp1.4.211/netcdf/4.3.2-intel-p/include  -i4  module_mp_kessler.f90
rm -f module_mp_lin.o
/lib/cpp -C -P -I/global/scratch/azare/Josh/WRFV3/inc -DEM_CORE=1 -DNMM_CORE=0 -DNMM_MAX_DIM=2600 -DCOAMPS_CORE=0 -DDA_CORE=0 -DEXP_CORE=0 -DIWORDSIZE=4 -DDWORDSIZE=8 -DRWORDSIZE=4 -DLWORDSIZE=4 -DNONSTANDARD_SYSTEM_FUNC -DWRF_USE_CLM  -DDM_PARALLEL -DNETCDF -DUSE_ALLOCATABLES -DGRIB1 -DINTIO -DLIMIT_ARGS -DCONFIG_BUF_LEN=65536 -DMAX_DOMAINS_F=21 -DMAX_HISTORY=25 -DNMM_NEST=0 -DWRF_CHEM -DBUILD_CHEM=1 -DWRF_KPP -I. -traditional   module_mp_lin.F  > module_mp_lin.bb
/global/scratch/azare/Josh/WRFV3/tools/standard.exe module_mp_lin.bb | /lib/cpp -C -P > module_mp_lin.f90
rm -f module_mp_lin.b module_mp_lin.bb
rm -f module_mp_sbu_ylin.o
mpif90 -f90=ifort -o module_mp_lin.o -c -O2 -ip -fp-model precise -w -ftz -align all -fno-alias -FR -convert big_endian    -I../dyn_em -I../dyn_nmm   -I/global/scratch/azare/Josh/WRFV3/external/esmf_time_f90  -I/global/scratch/azare/Josh/WRFV3/main -I/global/scratch/azare/Josh/WRFV3/external/io_netcdf -I/global/scratch/azare/Josh/WRFV3/external/io_int -I/global/scratch/azare/Josh/WRFV3/frame -I/global/scratch/azare/Josh/WRFV3/share -I/global/scratch/azare/Josh/WRFV3/phys -I/global/scratch/azare/Josh/WRFV3/chem -I/global/scratch/azare/Josh/WRFV3/inc -I/global/software/sl-6.x86_64/modules/intel/2013_sp1.4.211/netcdf/4.3.2-intel-p/include  -i4  module_mp_lin.f90
/lib/cpp -C -P -I/global/scratch/azare/Josh/WRFV3/inc -DEM_CORE=1 -DNMM_CORE=0 -DNMM_MAX_DIM=2600 -DCOAMPS_CORE=0 -DDA_CORE=0 -DEXP_CORE=0 -DIWORDSIZE=4 -DDWORDSIZE=8 -DRWORDSIZE=4 -DLWORDSIZE=4 -DNONSTANDARD_SYSTEM_FUNC -DWRF_USE_CLM  -DDM_PARALLEL -DNETCDF -DUSE_ALLOCATABLES -DGRIB1 -DINTIO -DLIMIT_ARGS -DCONFIG_BUF_LEN=65536 -DMAX_DOMAINS_F=21 -DMAX_HISTORY=25 -DNMM_NEST=0 -DWRF_CHEM -DBUILD_CHEM=1 -DWRF_KPP -I. -traditional   module_mp_sbu_ylin.F  > module_mp_sbu_ylin.bb
/global/scratch/azare/Josh/WRFV3/tools/standard.exe module_mp_sbu_ylin.bb | /lib/cpp -C -P > module_mp_sbu_ylin.f90
rm -f module_mp_sbu_ylin.b module_mp_sbu_ylin.bb
mpif90 -f90=ifort -o module_mp_sbu_ylin.o -c -O2 -ip -fp-model precise -w -ftz -align all -fno-alias -FR -convert big_endian    -I../dyn_em -I../dyn_nmm   -I/global/scratch/azare/Josh/WRFV3/external/esmf_time_f90  -I/global/scratch/azare/Josh/WRFV3/main -I/global/scratch/azare/Josh/WRFV3/external/io_netcdf -I/global/scratch/azare/Josh/WRFV3/external/io_int -I/global/scratch/azare/Josh/WRFV3/frame -I/global/scratch/azare/Josh/WRFV3/share -I/global/scratch/azare/Josh/WRFV3/phys -I/global/scratch/azare/Josh/WRFV3/chem -I/global/scratch/azare/Josh/WRFV3/inc -I/global/software/sl-6.x86_64/modules/intel/2013_sp1.4.211/netcdf/4.3.2-intel-p/include  -i4  module_mp_sbu_ylin.f90
rm -f module_mp_wsm3.o
/lib/cpp -C -P -I/global/scratch/azare/Josh/WRFV3/inc -DEM_CORE=1 -DNMM_CORE=0 -DNMM_MAX_DIM=2600 -DCOAMPS_CORE=0 -DDA_CORE=0 -DEXP_CORE=0 -DIWORDSIZE=4 -DDWORDSIZE=8 -DRWORDSIZE=4 -DLWORDSIZE=4 -DNONSTANDARD_SYSTEM_FUNC -DWRF_USE_CLM  -DDM_PARALLEL -DNETCDF -DUSE_ALLOCATABLES -DGRIB1 -DINTIO -DLIMIT_ARGS -DCONFIG_BUF_LEN=65536 -DMAX_DOMAINS_F=21 -DMAX_HISTORY=25 -DNMM_NEST=0 -DWRF_CHEM -DBUILD_CHEM=1 -DWRF_KPP -I. -traditional   module_mp_wsm3.F  > module_mp_wsm3.bb
/global/scratch/azare/Josh/WRFV3/tools/standard.exe module_mp_wsm3.bb | /lib/cpp -C -P > module_mp_wsm3.f90
rm -f module_mp_wsm3.b module_mp_wsm3.bb
mpif90 -f90=ifort -o module_mp_wsm3.o -c -O2 -ip -fp-model precise -w -ftz -align all -fno-alias -FR -convert big_endian    -I../dyn_em -I../dyn_nmm   -I/global/scratch/azare/Josh/WRFV3/external/esmf_time_f90  -I/global/scratch/azare/Josh/WRFV3/main -I/global/scratch/azare/Josh/WRFV3/external/io_netcdf -I/global/scratch/azare/Josh/WRFV3/external/io_int -I/global/scratch/azare/Josh/WRFV3/frame -I/global/scratch/azare/Josh/WRFV3/share -I/global/scratch/azare/Josh/WRFV3/phys -I/global/scratch/azare/Josh/WRFV3/chem -I/global/scratch/azare/Josh/WRFV3/inc -I/global/software/sl-6.x86_64/modules/intel/2013_sp1.4.211/netcdf/4.3.2-intel-p/include  -i4  module_mp_wsm3.f90
rm -f module_mp_wsm5.o
/lib/cpp -C -P -I/global/scratch/azare/Josh/WRFV3/inc -DEM_CORE=1 -DNMM_CORE=0 -DNMM_MAX_DIM=2600 -DCOAMPS_CORE=0 -DDA_CORE=0 -DEXP_CORE=0 -DIWORDSIZE=4 -DDWORDSIZE=8 -DRWORDSIZE=4 -DLWORDSIZE=4 -DNONSTANDARD_SYSTEM_FUNC -DWRF_USE_CLM  -DDM_PARALLEL -DNETCDF -DUSE_ALLOCATABLES -DGRIB1 -DINTIO -DLIMIT_ARGS -DCONFIG_BUF_LEN=65536 -DMAX_DOMAINS_F=21 -DMAX_HISTORY=25 -DNMM_NEST=0 -DWRF_CHEM -DBUILD_CHEM=1 -DWRF_KPP -I. -traditional   module_mp_wsm5.F  > module_mp_wsm5.bb
/global/scratch/azare/Josh/WRFV3/tools/standard.exe module_mp_wsm5.bb | /lib/cpp -C -P > module_mp_wsm5.f90
rm -f module_mp_wsm5.b module_mp_wsm5.bb
mpif90 -f90=ifort -o module_mp_wsm5.o -c -O2 -ip -fp-model precise -w -ftz -align all -fno-alias -FR -convert big_endian    -I../dyn_em -I../dyn_nmm   -I/global/scratch/azare/Josh/WRFV3/external/esmf_time_f90  -I/global/scratch/azare/Josh/WRFV3/main -I/global/scratch/azare/Josh/WRFV3/external/io_netcdf -I/global/scratch/azare/Josh/WRFV3/external/io_int -I/global/scratch/azare/Josh/WRFV3/frame -I/global/scratch/azare/Josh/WRFV3/share -I/global/scratch/azare/Josh/WRFV3/phys -I/global/scratch/azare/Josh/WRFV3/chem -I/global/scratch/azare/Josh/WRFV3/inc -I/global/software/sl-6.x86_64/modules/intel/2013_sp1.4.211/netcdf/4.3.2-intel-p/include  -i4  module_mp_wsm5.f90
rm -f module_mp_wsm6.o
/lib/cpp -C -P -I/global/scratch/azare/Josh/WRFV3/inc -DEM_CORE=1 -DNMM_CORE=0 -DNMM_MAX_DIM=2600 -DCOAMPS_CORE=0 -DDA_CORE=0 -DEXP_CORE=0 -DIWORDSIZE=4 -DDWORDSIZE=8 -DRWORDSIZE=4 -DLWORDSIZE=4 -DNONSTANDARD_SYSTEM_FUNC -DWRF_USE_CLM  -DDM_PARALLEL -DNETCDF -DUSE_ALLOCATABLES -DGRIB1 -DINTIO -DLIMIT_ARGS -DCONFIG_BUF_LEN=65536 -DMAX_DOMAINS_F=21 -DMAX_HISTORY=25 -DNMM_NEST=0 -DWRF_CHEM -DBUILD_CHEM=1 -DWRF_KPP -I. -traditional   module_mp_wsm6.F  > module_mp_wsm6.bb
/global/scratch/azare/Josh/WRFV3/tools/standard.exe module_mp_wsm6.bb | /lib/cpp -C -P > module_mp_wsm6.f90
rm -f module_mp_wsm6.b module_mp_wsm6.bb
mpif90 -f90=ifort -o module_mp_wsm6.o -c -O2 -ip -fp-model precise -w -ftz -align all -fno-alias -FR -convert big_endian    -I../dyn_em -I../dyn_nmm   -I/global/scratch/azare/Josh/WRFV3/external/esmf_time_f90  -I/global/scratch/azare/Josh/WRFV3/main -I/global/scratch/azare/Josh/WRFV3/external/io_netcdf -I/global/scratch/azare/Josh/WRFV3/external/io_int -I/global/scratch/azare/Josh/WRFV3/frame -I/global/scratch/azare/Josh/WRFV3/share -I/global/scratch/azare/Josh/WRFV3/phys -I/global/scratch/azare/Josh/WRFV3/chem -I/global/scratch/azare/Josh/WRFV3/inc -I/global/software/sl-6.x86_64/modules/intel/2013_sp1.4.211/netcdf/4.3.2-intel-p/include  -i4  module_mp_wsm6.f90
rm -f module_mp_etanew.o
/lib/cpp -C -P -I/global/scratch/azare/Josh/WRFV3/inc -DEM_CORE=1 -DNMM_CORE=0 -DNMM_MAX_DIM=2600 -DCOAMPS_CORE=0 -DDA_CORE=0 -DEXP_CORE=0 -DIWORDSIZE=4 -DDWORDSIZE=8 -DRWORDSIZE=4 -DLWORDSIZE=4 -DNONSTANDARD_SYSTEM_FUNC -DWRF_USE_CLM  -DDM_PARALLEL -DNETCDF -DUSE_ALLOCATABLES -DGRIB1 -DINTIO -DLIMIT_ARGS -DCONFIG_BUF_LEN=65536 -DMAX_DOMAINS_F=21 -DMAX_HISTORY=25 -DNMM_NEST=0 -DWRF_CHEM -DBUILD_CHEM=1 -DWRF_KPP -I. -traditional   module_mp_etanew.F  > module_mp_etanew.bb
/global/scratch/azare/Josh/WRFV3/tools/standard.exe module_mp_etanew.bb | /lib/cpp -C -P > module_mp_etanew.f90
rm -f module_mp_etanew.b module_mp_etanew.bb
mpif90 -f90=ifort -o module_mp_etanew.o -c -O2 -ip -fp-model precise -w -ftz -align all -fno-alias -FR -convert big_endian    -I../dyn_em -I../dyn_nmm   -I/global/scratch/azare/Josh/WRFV3/external/esmf_time_f90  -I/global/scratch/azare/Josh/WRFV3/main -I/global/scratch/azare/Josh/WRFV3/external/io_netcdf -I/global/scratch/azare/Josh/WRFV3/external/io_int -I/global/scratch/azare/Josh/WRFV3/frame -I/global/scratch/azare/Josh/WRFV3/share -I/global/scratch/azare/Josh/WRFV3/phys -I/global/scratch/azare/Josh/WRFV3/chem -I/global/scratch/azare/Josh/WRFV3/inc -I/global/software/sl-6.x86_64/modules/intel/2013_sp1.4.211/netcdf/4.3.2-intel-p/include  -i4  module_mp_etanew.f90
rm -f module_mp_etaold.o
/lib/cpp -C -P -I/global/scratch/azare/Josh/WRFV3/inc -DEM_CORE=1 -DNMM_CORE=0 -DNMM_MAX_DIM=2600 -DCOAMPS_CORE=0 -DDA_CORE=0 -DEXP_CORE=0 -DIWORDSIZE=4 -DDWORDSIZE=8 -DRWORDSIZE=4 -DLWORDSIZE=4 -DNONSTANDARD_SYSTEM_FUNC -DWRF_USE_CLM  -DDM_PARALLEL -DNETCDF -DUSE_ALLOCATABLES -DGRIB1 -DINTIO -DLIMIT_ARGS -DCONFIG_BUF_LEN=65536 -DMAX_DOMAINS_F=21 -DMAX_HISTORY=25 -DNMM_NEST=0 -DWRF_CHEM -DBUILD_CHEM=1 -DWRF_KPP -I. -traditional   module_mp_etaold.F  > module_mp_etaold.bb
/global/scratch/azare/Josh/WRFV3/tools/standard.exe module_mp_etaold.bb | /lib/cpp -C -P > module_mp_etaold.f90
rm -f module_mp_etaold.b module_mp_etaold.bb
mpif90 -f90=ifort -o module_mp_etaold.o -c -O2 -ip -fp-model precise -w -ftz -align all -fno-alias -FR -convert big_endian    -I../dyn_em -I../dyn_nmm   -I/global/scratch/azare/Josh/WRFV3/external/esmf_time_f90  -I/global/scratch/azare/Josh/WRFV3/main -I/global/scratch/azare/Josh/WRFV3/external/io_netcdf -I/global/scratch/azare/Josh/WRFV3/external/io_int -I/global/scratch/azare/Josh/WRFV3/frame -I/global/scratch/azare/Josh/WRFV3/share -I/global/scratch/azare/Josh/WRFV3/phys -I/global/scratch/azare/Josh/WRFV3/chem -I/global/scratch/azare/Josh/WRFV3/inc -I/global/software/sl-6.x86_64/modules/intel/2013_sp1.4.211/netcdf/4.3.2-intel-p/include  -i4  module_mp_etaold.f90
rm -f module_mp_HWRF.o
/lib/cpp -C -P -I/global/scratch/azare/Josh/WRFV3/inc -DEM_CORE=1 -DNMM_CORE=0 -DNMM_MAX_DIM=2600 -DCOAMPS_CORE=0 -DDA_CORE=0 -DEXP_CORE=0 -DIWORDSIZE=4 -DDWORDSIZE=8 -DRWORDSIZE=4 -DLWORDSIZE=4 -DNONSTANDARD_SYSTEM_FUNC -DWRF_USE_CLM  -DDM_PARALLEL -DNETCDF -DUSE_ALLOCATABLES -DGRIB1 -DINTIO -DLIMIT_ARGS -DCONFIG_BUF_LEN=65536 -DMAX_DOMAINS_F=21 -DMAX_HISTORY=25 -DNMM_NEST=0 -DWRF_CHEM -DBUILD_CHEM=1 -DWRF_KPP -I. -traditional   module_mp_HWRF.F  > module_mp_HWRF.bb
/global/scratch/azare/Josh/WRFV3/tools/standard.exe module_mp_HWRF.bb | /lib/cpp -C -P > module_mp_HWRF.f90
rm -f module_mp_HWRF.b module_mp_HWRF.bb
mpif90 -f90=ifort -o module_mp_HWRF.o -c -O2 -ip -fp-model precise -w -ftz -align all -fno-alias -FR -convert big_endian    -I../dyn_em -I../dyn_nmm   -I/global/scratch/azare/Josh/WRFV3/external/esmf_time_f90  -I/global/scratch/azare/Josh/WRFV3/main -I/global/scratch/azare/Josh/WRFV3/external/io_netcdf -I/global/scratch/azare/Josh/WRFV3/external/io_int -I/global/scratch/azare/Josh/WRFV3/frame -I/global/scratch/azare/Josh/WRFV3/share -I/global/scratch/azare/Josh/WRFV3/phys -I/global/scratch/azare/Josh/WRFV3/chem -I/global/scratch/azare/Josh/WRFV3/inc -I/global/software/sl-6.x86_64/modules/intel/2013_sp1.4.211/netcdf/4.3.2-intel-p/include  -i4  module_mp_HWRF.f90
rm -f module_mp_thompson.o
/lib/cpp -C -P -I/global/scratch/azare/Josh/WRFV3/inc -DEM_CORE=1 -DNMM_CORE=0 -DNMM_MAX_DIM=2600 -DCOAMPS_CORE=0 -DDA_CORE=0 -DEXP_CORE=0 -DIWORDSIZE=4 -DDWORDSIZE=8 -DRWORDSIZE=4 -DLWORDSIZE=4 -DNONSTANDARD_SYSTEM_FUNC -DWRF_USE_CLM  -DDM_PARALLEL -DNETCDF -DUSE_ALLOCATABLES -DGRIB1 -DINTIO -DLIMIT_ARGS -DCONFIG_BUF_LEN=65536 -DMAX_DOMAINS_F=21 -DMAX_HISTORY=25 -DNMM_NEST=0 -DWRF_CHEM -DBUILD_CHEM=1 -DWRF_KPP -I. -traditional   module_mp_thompson.F  > module_mp_thompson.bb
/global/scratch/azare/Josh/WRFV3/tools/standard.exe module_mp_thompson.bb | /lib/cpp -C -P > module_mp_thompson.f90
rm -f module_mp_thompson.b module_mp_thompson.bb
mpif90 -f90=ifort -o module_mp_thompson.o -c -O2 -ip -fp-model precise -w -ftz -align all -fno-alias -FR -convert big_endian    -I../dyn_em -I../dyn_nmm   -I/global/scratch/azare/Josh/WRFV3/external/esmf_time_f90  -I/global/scratch/azare/Josh/WRFV3/main -I/global/scratch/azare/Josh/WRFV3/external/io_netcdf -I/global/scratch/azare/Josh/WRFV3/external/io_int -I/global/scratch/azare/Josh/WRFV3/frame -I/global/scratch/azare/Josh/WRFV3/share -I/global/scratch/azare/Josh/WRFV3/phys -I/global/scratch/azare/Josh/WRFV3/chem -I/global/scratch/azare/Josh/WRFV3/inc -I/global/software/sl-6.x86_64/modules/intel/2013_sp1.4.211/netcdf/4.3.2-intel-p/include  -i4  module_mp_thompson.f90
rm -f module_mp_gsfcgce.o
/lib/cpp -C -P -I/global/scratch/azare/Josh/WRFV3/inc -DEM_CORE=1 -DNMM_CORE=0 -DNMM_MAX_DIM=2600 -DCOAMPS_CORE=0 -DDA_CORE=0 -DEXP_CORE=0 -DIWORDSIZE=4 -DDWORDSIZE=8 -DRWORDSIZE=4 -DLWORDSIZE=4 -DNONSTANDARD_SYSTEM_FUNC -DWRF_USE_CLM  -DDM_PARALLEL -DNETCDF -DUSE_ALLOCATABLES -DGRIB1 -DINTIO -DLIMIT_ARGS -DCONFIG_BUF_LEN=65536 -DMAX_DOMAINS_F=21 -DMAX_HISTORY=25 -DNMM_NEST=0 -DWRF_CHEM -DBUILD_CHEM=1 -DWRF_KPP -I. -traditional   module_mp_gsfcgce.F  > module_mp_gsfcgce.bb
/global/scratch/azare/Josh/WRFV3/tools/standard.exe module_mp_gsfcgce.bb | /lib/cpp -C -P > module_mp_gsfcgce.f90
rm -f module_mp_gsfcgce.b module_mp_gsfcgce.bb
mpif90 -f90=ifort -o module_mp_gsfcgce.o -c -O2 -ip -fp-model precise -w -ftz -align all -fno-alias -FR -convert big_endian    -I../dyn_em -I../dyn_nmm   -I/global/scratch/azare/Josh/WRFV3/external/esmf_time_f90  -I/global/scratch/azare/Josh/WRFV3/main -I/global/scratch/azare/Josh/WRFV3/external/io_netcdf -I/global/scratch/azare/Josh/WRFV3/external/io_int -I/global/scratch/azare/Josh/WRFV3/frame -I/global/scratch/azare/Josh/WRFV3/share -I/global/scratch/azare/Josh/WRFV3/phys -I/global/scratch/azare/Josh/WRFV3/chem -I/global/scratch/azare/Josh/WRFV3/inc -I/global/software/sl-6.x86_64/modules/intel/2013_sp1.4.211/netcdf/4.3.2-intel-p/include  -i4  module_mp_gsfcgce.f90
rm -f module_mp_morr_two_moment.o
/lib/cpp -C -P -I/global/scratch/azare/Josh/WRFV3/inc -DEM_CORE=1 -DNMM_CORE=0 -DNMM_MAX_DIM=2600 -DCOAMPS_CORE=0 -DDA_CORE=0 -DEXP_CORE=0 -DIWORDSIZE=4 -DDWORDSIZE=8 -DRWORDSIZE=4 -DLWORDSIZE=4 -DNONSTANDARD_SYSTEM_FUNC -DWRF_USE_CLM  -DDM_PARALLEL -DNETCDF -DUSE_ALLOCATABLES -DGRIB1 -DINTIO -DLIMIT_ARGS -DCONFIG_BUF_LEN=65536 -DMAX_DOMAINS_F=21 -DMAX_HISTORY=25 -DNMM_NEST=0 -DWRF_CHEM -DBUILD_CHEM=1 -DWRF_KPP -I. -traditional   module_mp_morr_two_moment.F  > module_mp_morr_two_moment.bb
/global/scratch/azare/Josh/WRFV3/tools/standard.exe module_mp_morr_two_moment.bb | /lib/cpp -C -P > module_mp_morr_two_moment.f90
rm -f module_mp_morr_two_moment.b module_mp_morr_two_moment.bb
mpif90 -f90=ifort -o module_mp_morr_two_moment.o -c -O2 -ip -fp-model precise -w -ftz -align all -fno-alias -FR -convert big_endian    -I../dyn_em -I../dyn_nmm   -I/global/scratch/azare/Josh/WRFV3/external/esmf_time_f90  -I/global/scratch/azare/Josh/WRFV3/main -I/global/scratch/azare/Josh/WRFV3/external/io_netcdf -I/global/scratch/azare/Josh/WRFV3/external/io_int -I/global/scratch/azare/Josh/WRFV3/frame -I/global/scratch/azare/Josh/WRFV3/share -I/global/scratch/azare/Josh/WRFV3/phys -I/global/scratch/azare/Josh/WRFV3/chem -I/global/scratch/azare/Josh/WRFV3/inc -I/global/software/sl-6.x86_64/modules/intel/2013_sp1.4.211/netcdf/4.3.2-intel-p/include  -i4  module_mp_morr_two_moment.f90
rm -f module_mp_milbrandt2mom.o
/lib/cpp -C -P -I/global/scratch/azare/Josh/WRFV3/inc -DEM_CORE=1 -DNMM_CORE=0 -DNMM_MAX_DIM=2600 -DCOAMPS_CORE=0 -DDA_CORE=0 -DEXP_CORE=0 -DIWORDSIZE=4 -DDWORDSIZE=8 -DRWORDSIZE=4 -DLWORDSIZE=4 -DNONSTANDARD_SYSTEM_FUNC -DWRF_USE_CLM  -DDM_PARALLEL -DNETCDF -DUSE_ALLOCATABLES -DGRIB1 -DINTIO -DLIMIT_ARGS -DCONFIG_BUF_LEN=65536 -DMAX_DOMAINS_F=21 -DMAX_HISTORY=25 -DNMM_NEST=0 -DWRF_CHEM -DBUILD_CHEM=1 -DWRF_KPP -I. -traditional   module_mp_milbrandt2mom.F  > module_mp_milbrandt2mom.bb
/global/scratch/azare/Josh/WRFV3/tools/standard.exe module_mp_milbrandt2mom.bb | /lib/cpp -C -P > module_mp_milbrandt2mom.f90
rm -f module_mp_milbrandt2mom.b module_mp_milbrandt2mom.bb
mpif90 -f90=ifort -o module_mp_milbrandt2mom.o -c -O2 -ip -fp-model precise -w -ftz -align all -fno-alias -FR -convert big_endian    -I../dyn_em -I../dyn_nmm   -I/global/scratch/azare/Josh/WRFV3/external/esmf_time_f90  -I/global/scratch/azare/Josh/WRFV3/main -I/global/scratch/azare/Josh/WRFV3/external/io_netcdf -I/global/scratch/azare/Josh/WRFV3/external/io_int -I/global/scratch/azare/Josh/WRFV3/frame -I/global/scratch/azare/Josh/WRFV3/share -I/global/scratch/azare/Josh/WRFV3/phys -I/global/scratch/azare/Josh/WRFV3/chem -I/global/scratch/azare/Josh/WRFV3/inc -I/global/software/sl-6.x86_64/modules/intel/2013_sp1.4.211/netcdf/4.3.2-intel-p/include  -i4  module_mp_milbrandt2mom.f90
rm -f module_mp_nssl_2mom.o
/lib/cpp -C -P -I/global/scratch/azare/Josh/WRFV3/inc -DEM_CORE=1 -DNMM_CORE=0 -DNMM_MAX_DIM=2600 -DCOAMPS_CORE=0 -DDA_CORE=0 -DEXP_CORE=0 -DIWORDSIZE=4 -DDWORDSIZE=8 -DRWORDSIZE=4 -DLWORDSIZE=4 -DNONSTANDARD_SYSTEM_FUNC -DWRF_USE_CLM  -DDM_PARALLEL -DNETCDF -DUSE_ALLOCATABLES -DGRIB1 -DINTIO -DLIMIT_ARGS -DCONFIG_BUF_LEN=65536 -DMAX_DOMAINS_F=21 -DMAX_HISTORY=25 -DNMM_NEST=0 -DWRF_CHEM -DBUILD_CHEM=1 -DWRF_KPP -I. -traditional   module_mp_nssl_2mom.F  > module_mp_nssl_2mom.bb
/global/scratch/azare/Josh/WRFV3/tools/standard.exe module_mp_nssl_2mom.bb | /lib/cpp -C -P > module_mp_nssl_2mom.f90
rm -f module_mp_nssl_2mom.b module_mp_nssl_2mom.bb
mpif90 -f90=ifort -o module_mp_nssl_2mom.o -c -O2 -ip -fp-model precise -w -ftz -align all -fno-alias -FR -convert big_endian    -I../dyn_em -I../dyn_nmm   -I/global/scratch/azare/Josh/WRFV3/external/esmf_time_f90  -I/global/scratch/azare/Josh/WRFV3/main -I/global/scratch/azare/Josh/WRFV3/external/io_netcdf -I/global/scratch/azare/Josh/WRFV3/external/io_int -I/global/scratch/azare/Josh/WRFV3/frame -I/global/scratch/azare/Josh/WRFV3/share -I/global/scratch/azare/Josh/WRFV3/phys -I/global/scratch/azare/Josh/WRFV3/chem -I/global/scratch/azare/Josh/WRFV3/inc -I/global/software/sl-6.x86_64/modules/intel/2013_sp1.4.211/netcdf/4.3.2-intel-p/include  -i4  module_mp_nssl_2mom.f90
rm -f module_mp_wdm5.o
/lib/cpp -C -P -I/global/scratch/azare/Josh/WRFV3/inc -DEM_CORE=1 -DNMM_CORE=0 -DNMM_MAX_DIM=2600 -DCOAMPS_CORE=0 -DDA_CORE=0 -DEXP_CORE=0 -DIWORDSIZE=4 -DDWORDSIZE=8 -DRWORDSIZE=4 -DLWORDSIZE=4 -DNONSTANDARD_SYSTEM_FUNC -DWRF_USE_CLM  -DDM_PARALLEL -DNETCDF -DUSE_ALLOCATABLES -DGRIB1 -DINTIO -DLIMIT_ARGS -DCONFIG_BUF_LEN=65536 -DMAX_DOMAINS_F=21 -DMAX_HISTORY=25 -DNMM_NEST=0 -DWRF_CHEM -DBUILD_CHEM=1 -DWRF_KPP -I. -traditional   module_mp_wdm5.F  > module_mp_wdm5.bb
/global/scratch/azare/Josh/WRFV3/tools/standard.exe module_mp_wdm5.bb | /lib/cpp -C -P > module_mp_wdm5.f90
rm -f module_mp_wdm5.b module_mp_wdm5.bb
mpif90 -f90=ifort -o module_mp_wdm5.o -c -O2 -ip -fp-model precise -w -ftz -align all -fno-alias -FR -convert big_endian    -I../dyn_em -I../dyn_nmm   -I/global/scratch/azare/Josh/WRFV3/external/esmf_time_f90  -I/global/scratch/azare/Josh/WRFV3/main -I/global/scratch/azare/Josh/WRFV3/external/io_netcdf -I/global/scratch/azare/Josh/WRFV3/external/io_int -I/global/scratch/azare/Josh/WRFV3/frame -I/global/scratch/azare/Josh/WRFV3/share -I/global/scratch/azare/Josh/WRFV3/phys -I/global/scratch/azare/Josh/WRFV3/chem -I/global/scratch/azare/Josh/WRFV3/inc -I/global/software/sl-6.x86_64/modules/intel/2013_sp1.4.211/netcdf/4.3.2-intel-p/include  -i4  module_mp_wdm5.f90
rm -f module_mp_wdm6.o
/lib/cpp -C -P -I/global/scratch/azare/Josh/WRFV3/inc -DEM_CORE=1 -DNMM_CORE=0 -DNMM_MAX_DIM=2600 -DCOAMPS_CORE=0 -DDA_CORE=0 -DEXP_CORE=0 -DIWORDSIZE=4 -DDWORDSIZE=8 -DRWORDSIZE=4 -DLWORDSIZE=4 -DNONSTANDARD_SYSTEM_FUNC -DWRF_USE_CLM  -DDM_PARALLEL -DNETCDF -DUSE_ALLOCATABLES -DGRIB1 -DINTIO -DLIMIT_ARGS -DCONFIG_BUF_LEN=65536 -DMAX_DOMAINS_F=21 -DMAX_HISTORY=25 -DNMM_NEST=0 -DWRF_CHEM -DBUILD_CHEM=1 -DWRF_KPP -I. -traditional   module_mp_wdm6.F  > module_mp_wdm6.bb
/global/scratch/azare/Josh/WRFV3/tools/standard.exe module_mp_wdm6.bb | /lib/cpp -C -P > module_mp_wdm6.f90
rm -f module_mp_wdm6.b module_mp_wdm6.bb
mpif90 -f90=ifort -o module_mp_wdm6.o -c -O2 -ip -fp-model precise -w -ftz -align all -fno-alias -FR -convert big_endian    -I../dyn_em -I../dyn_nmm   -I/global/scratch/azare/Josh/WRFV3/external/esmf_time_f90  -I/global/scratch/azare/Josh/WRFV3/main -I/global/scratch/azare/Josh/WRFV3/external/io_netcdf -I/global/scratch/azare/Josh/WRFV3/external/io_int -I/global/scratch/azare/Josh/WRFV3/frame -I/global/scratch/azare/Josh/WRFV3/share -I/global/scratch/azare/Josh/WRFV3/phys -I/global/scratch/azare/Josh/WRFV3/chem -I/global/scratch/azare/Josh/WRFV3/inc -I/global/software/sl-6.x86_64/modules/intel/2013_sp1.4.211/netcdf/4.3.2-intel-p/include  -i4  module_mp_wdm6.f90
rm -f module_ra_sw.o
/lib/cpp -C -P -I/global/scratch/azare/Josh/WRFV3/inc -DEM_CORE=1 -DNMM_CORE=0 -DNMM_MAX_DIM=2600 -DCOAMPS_CORE=0 -DDA_CORE=0 -DEXP_CORE=0 -DIWORDSIZE=4 -DDWORDSIZE=8 -DRWORDSIZE=4 -DLWORDSIZE=4 -DNONSTANDARD_SYSTEM_FUNC -DWRF_USE_CLM  -DDM_PARALLEL -DNETCDF -DUSE_ALLOCATABLES -DGRIB1 -DINTIO -DLIMIT_ARGS -DCONFIG_BUF_LEN=65536 -DMAX_DOMAINS_F=21 -DMAX_HISTORY=25 -DNMM_NEST=0 -DWRF_CHEM -DBUILD_CHEM=1 -DWRF_KPP -I. -traditional   module_ra_sw.F  > module_ra_sw.bb
/global/scratch/azare/Josh/WRFV3/tools/standard.exe module_ra_sw.bb | /lib/cpp -C -P > module_ra_sw.f90
rm -f module_ra_sw.b module_ra_sw.bb
mpif90 -f90=ifort -o module_ra_sw.o -c -O2 -ip -fp-model precise -w -ftz -align all -fno-alias -FR -convert big_endian    -I../dyn_em -I../dyn_nmm   -I/global/scratch/azare/Josh/WRFV3/external/esmf_time_f90  -I/global/scratch/azare/Josh/WRFV3/main -I/global/scratch/azare/Josh/WRFV3/external/io_netcdf -I/global/scratch/azare/Josh/WRFV3/external/io_int -I/global/scratch/azare/Josh/WRFV3/frame -I/global/scratch/azare/Josh/WRFV3/share -I/global/scratch/azare/Josh/WRFV3/phys -I/global/scratch/azare/Josh/WRFV3/chem -I/global/scratch/azare/Josh/WRFV3/inc -I/global/software/sl-6.x86_64/modules/intel/2013_sp1.4.211/netcdf/4.3.2-intel-p/include  -i4  module_ra_sw.f90
rm -f module_ra_clWRF_support.o
/lib/cpp -C -P -I/global/scratch/azare/Josh/WRFV3/inc -DEM_CORE=1 -DNMM_CORE=0 -DNMM_MAX_DIM=2600 -DCOAMPS_CORE=0 -DDA_CORE=0 -DEXP_CORE=0 -DIWORDSIZE=4 -DDWORDSIZE=8 -DRWORDSIZE=4 -DLWORDSIZE=4 -DNONSTANDARD_SYSTEM_FUNC -DWRF_USE_CLM  -DDM_PARALLEL -DNETCDF -DUSE_ALLOCATABLES -DGRIB1 -DINTIO -DLIMIT_ARGS -DCONFIG_BUF_LEN=65536 -DMAX_DOMAINS_F=21 -DMAX_HISTORY=25 -DNMM_NEST=0 -DWRF_CHEM -DBUILD_CHEM=1 -DWRF_KPP -I. -traditional   module_ra_clWRF_support.F  > module_ra_clWRF_support.bb
/global/scratch/azare/Josh/WRFV3/tools/standard.exe module_ra_clWRF_support.bb | /lib/cpp -C -P > module_ra_clWRF_support.f90
rm -f module_ra_clWRF_support.b module_ra_clWRF_support.bb
mpif90 -f90=ifort -o module_ra_clWRF_support.o -c -O2 -ip -fp-model precise -w -ftz -align all -fno-alias -FR -convert big_endian    -I../dyn_em -I../dyn_nmm   -I/global/scratch/azare/Josh/WRFV3/external/esmf_time_f90  -I/global/scratch/azare/Josh/WRFV3/main -I/global/scratch/azare/Josh/WRFV3/external/io_netcdf -I/global/scratch/azare/Josh/WRFV3/external/io_int -I/global/scratch/azare/Josh/WRFV3/frame -I/global/scratch/azare/Josh/WRFV3/share -I/global/scratch/azare/Josh/WRFV3/phys -I/global/scratch/azare/Josh/WRFV3/chem -I/global/scratch/azare/Josh/WRFV3/inc -I/global/software/sl-6.x86_64/modules/intel/2013_sp1.4.211/netcdf/4.3.2-intel-p/include  -i4  module_ra_clWRF_support.f90
rm -f module_ra_gsfcsw.o
/lib/cpp -C -P -I/global/scratch/azare/Josh/WRFV3/inc -DEM_CORE=1 -DNMM_CORE=0 -DNMM_MAX_DIM=2600 -DCOAMPS_CORE=0 -DDA_CORE=0 -DEXP_CORE=0 -DIWORDSIZE=4 -DDWORDSIZE=8 -DRWORDSIZE=4 -DLWORDSIZE=4 -DNONSTANDARD_SYSTEM_FUNC -DWRF_USE_CLM  -DDM_PARALLEL -DNETCDF -DUSE_ALLOCATABLES -DGRIB1 -DINTIO -DLIMIT_ARGS -DCONFIG_BUF_LEN=65536 -DMAX_DOMAINS_F=21 -DMAX_HISTORY=25 -DNMM_NEST=0 -DWRF_CHEM -DBUILD_CHEM=1 -DWRF_KPP -I. -traditional   module_ra_gsfcsw.F  > module_ra_gsfcsw.bb
/global/scratch/azare/Josh/WRFV3/tools/standard.exe module_ra_gsfcsw.bb | /lib/cpp -C -P > module_ra_gsfcsw.f90
rm -f module_ra_gsfcsw.b module_ra_gsfcsw.bb
mpif90 -f90=ifort -o module_ra_gsfcsw.o -c -O2 -ip -fp-model precise -w -ftz -align all -fno-alias -FR -convert big_endian    -I../dyn_em -I../dyn_nmm   -I/global/scratch/azare/Josh/WRFV3/external/esmf_time_f90  -I/global/scratch/azare/Josh/WRFV3/main -I/global/scratch/azare/Josh/WRFV3/external/io_netcdf -I/global/scratch/azare/Josh/WRFV3/external/io_int -I/global/scratch/azare/Josh/WRFV3/frame -I/global/scratch/azare/Josh/WRFV3/share -I/global/scratch/azare/Josh/WRFV3/phys -I/global/scratch/azare/Josh/WRFV3/chem -I/global/scratch/azare/Josh/WRFV3/inc -I/global/software/sl-6.x86_64/modules/intel/2013_sp1.4.211/netcdf/4.3.2-intel-p/include  -i4  module_ra_gsfcsw.f90
rm -f module_ra_goddard.o
/lib/cpp -C -P -I/global/scratch/azare/Josh/WRFV3/inc -DEM_CORE=1 -DNMM_CORE=0 -DNMM_MAX_DIM=2600 -DCOAMPS_CORE=0 -DDA_CORE=0 -DEXP_CORE=0 -DIWORDSIZE=4 -DDWORDSIZE=8 -DRWORDSIZE=4 -DLWORDSIZE=4 -DNONSTANDARD_SYSTEM_FUNC -DWRF_USE_CLM  -DDM_PARALLEL -DNETCDF -DUSE_ALLOCATABLES -DGRIB1 -DINTIO -DLIMIT_ARGS -DCONFIG_BUF_LEN=65536 -DMAX_DOMAINS_F=21 -DMAX_HISTORY=25 -DNMM_NEST=0 -DWRF_CHEM -DBUILD_CHEM=1 -DWRF_KPP -I. -traditional   module_ra_goddard.F  > module_ra_goddard.bb
/global/scratch/azare/Josh/WRFV3/tools/standard.exe module_ra_goddard.bb | /lib/cpp -C -P > module_ra_goddard.f90
rm -f module_ra_goddard.b module_ra_goddard.bb
mpif90 -f90=ifort -o module_ra_goddard.o -c -O2 -ip -fp-model precise -w -ftz -align all -fno-alias -FR -convert big_endian    -I../dyn_em -I../dyn_nmm   -I/global/scratch/azare/Josh/WRFV3/external/esmf_time_f90  -I/global/scratch/azare/Josh/WRFV3/main -I/global/scratch/azare/Josh/WRFV3/external/io_netcdf -I/global/scratch/azare/Josh/WRFV3/external/io_int -I/global/scratch/azare/Josh/WRFV3/frame -I/global/scratch/azare/Josh/WRFV3/share -I/global/scratch/azare/Josh/WRFV3/phys -I/global/scratch/azare/Josh/WRFV3/chem -I/global/scratch/azare/Josh/WRFV3/inc -I/global/software/sl-6.x86_64/modules/intel/2013_sp1.4.211/netcdf/4.3.2-intel-p/include  -i4  module_ra_goddard.f90
rm -f module_ra_rrtm.o
/lib/cpp -C -P -I/global/scratch/azare/Josh/WRFV3/inc -DEM_CORE=1 -DNMM_CORE=0 -DNMM_MAX_DIM=2600 -DCOAMPS_CORE=0 -DDA_CORE=0 -DEXP_CORE=0 -DIWORDSIZE=4 -DDWORDSIZE=8 -DRWORDSIZE=4 -DLWORDSIZE=4 -DNONSTANDARD_SYSTEM_FUNC -DWRF_USE_CLM  -DDM_PARALLEL -DNETCDF -DUSE_ALLOCATABLES -DGRIB1 -DINTIO -DLIMIT_ARGS -DCONFIG_BUF_LEN=65536 -DMAX_DOMAINS_F=21 -DMAX_HISTORY=25 -DNMM_NEST=0 -DWRF_CHEM -DBUILD_CHEM=1 -DWRF_KPP -I. -traditional   module_ra_rrtm.F  > module_ra_rrtm.bb
/global/scratch/azare/Josh/WRFV3/tools/standard.exe module_ra_rrtm.bb | /lib/cpp -C -P > module_ra_rrtm.f90
rm -f module_ra_rrtm.b module_ra_rrtm.bb
mpif90 -f90=ifort -o module_ra_rrtm.o -c -O2 -ip -fp-model precise -w -ftz -align all -fno-alias -FR -convert big_endian    -I../dyn_em -I../dyn_nmm   -I/global/scratch/azare/Josh/WRFV3/external/esmf_time_f90  -I/global/scratch/azare/Josh/WRFV3/main -I/global/scratch/azare/Josh/WRFV3/external/io_netcdf -I/global/scratch/azare/Josh/WRFV3/external/io_int -I/global/scratch/azare/Josh/WRFV3/frame -I/global/scratch/azare/Josh/WRFV3/share -I/global/scratch/azare/Josh/WRFV3/phys -I/global/scratch/azare/Josh/WRFV3/chem -I/global/scratch/azare/Josh/WRFV3/inc -I/global/software/sl-6.x86_64/modules/intel/2013_sp1.4.211/netcdf/4.3.2-intel-p/include  -i4  module_ra_rrtm.f90
rm -f module_ra_rrtmg_lw.o
/lib/cpp -C -P -I/global/scratch/azare/Josh/WRFV3/inc -DEM_CORE=1 -DNMM_CORE=0 -DNMM_MAX_DIM=2600 -DCOAMPS_CORE=0 -DDA_CORE=0 -DEXP_CORE=0 -DIWORDSIZE=4 -DDWORDSIZE=8 -DRWORDSIZE=4 -DLWORDSIZE=4 -DNONSTANDARD_SYSTEM_FUNC -DWRF_USE_CLM  -DDM_PARALLEL -DNETCDF -DUSE_ALLOCATABLES -DGRIB1 -DINTIO -DLIMIT_ARGS -DCONFIG_BUF_LEN=65536 -DMAX_DOMAINS_F=21 -DMAX_HISTORY=25 -DNMM_NEST=0 -DWRF_CHEM -DBUILD_CHEM=1 -DWRF_KPP -I. -traditional   module_ra_rrtmg_lw.F  > module_ra_rrtmg_lw.bb
/global/scratch/azare/Josh/WRFV3/tools/standard.exe module_ra_rrtmg_lw.bb | /lib/cpp -C -P > module_ra_rrtmg_lw.f90
rm -f module_ra_rrtmg_lw.b module_ra_rrtmg_lw.bb
mpif90 -f90=ifort -o module_ra_rrtmg_lw.o -c -O2 -ip -fp-model precise -w -ftz -align all -fno-alias -FR -convert big_endian    -I../dyn_em -I../dyn_nmm   -I/global/scratch/azare/Josh/WRFV3/external/esmf_time_f90  -I/global/scratch/azare/Josh/WRFV3/main -I/global/scratch/azare/Josh/WRFV3/external/io_netcdf -I/global/scratch/azare/Josh/WRFV3/external/io_int -I/global/scratch/azare/Josh/WRFV3/frame -I/global/scratch/azare/Josh/WRFV3/share -I/global/scratch/azare/Josh/WRFV3/phys -I/global/scratch/azare/Josh/WRFV3/chem -I/global/scratch/azare/Josh/WRFV3/inc -I/global/software/sl-6.x86_64/modules/intel/2013_sp1.4.211/netcdf/4.3.2-intel-p/include  -i4  module_ra_rrtmg_lw.f90
rm -f module_ra_gfdleta.o
/lib/cpp -C -P -I/global/scratch/azare/Josh/WRFV3/inc -DEM_CORE=1 -DNMM_CORE=0 -DNMM_MAX_DIM=2600 -DCOAMPS_CORE=0 -DDA_CORE=0 -DEXP_CORE=0 -DIWORDSIZE=4 -DDWORDSIZE=8 -DRWORDSIZE=4 -DLWORDSIZE=4 -DNONSTANDARD_SYSTEM_FUNC -DWRF_USE_CLM  -DDM_PARALLEL -DNETCDF -DUSE_ALLOCATABLES -DGRIB1 -DINTIO -DLIMIT_ARGS -DCONFIG_BUF_LEN=65536 -DMAX_DOMAINS_F=21 -DMAX_HISTORY=25 -DNMM_NEST=0 -DWRF_CHEM -DBUILD_CHEM=1 -DWRF_KPP -I. -traditional   module_ra_gfdleta.F  > module_ra_gfdleta.bb
/global/scratch/azare/Josh/WRFV3/tools/standard.exe module_ra_gfdleta.bb | /lib/cpp -C -P > module_ra_gfdleta.f90
rm -f module_ra_gfdleta.b module_ra_gfdleta.bb
mpif90 -f90=ifort -o module_ra_gfdleta.o -c -O2 -ip -fp-model precise -w -ftz -align all -fno-alias -FR -convert big_endian    -I../dyn_em -I../dyn_nmm   -I/global/scratch/azare/Josh/WRFV3/external/esmf_time_f90  -I/global/scratch/azare/Josh/WRFV3/main -I/global/scratch/azare/Josh/WRFV3/external/io_netcdf -I/global/scratch/azare/Josh/WRFV3/external/io_int -I/global/scratch/azare/Josh/WRFV3/frame -I/global/scratch/azare/Josh/WRFV3/share -I/global/scratch/azare/Josh/WRFV3/phys -I/global/scratch/azare/Josh/WRFV3/chem -I/global/scratch/azare/Josh/WRFV3/inc -I/global/software/sl-6.x86_64/modules/intel/2013_sp1.4.211/netcdf/4.3.2-intel-p/include  -i4  module_ra_gfdleta.f90
rm -f module_ra_flg.o
/lib/cpp -C -P -I/global/scratch/azare/Josh/WRFV3/inc -DEM_CORE=1 -DNMM_CORE=0 -DNMM_MAX_DIM=2600 -DCOAMPS_CORE=0 -DDA_CORE=0 -DEXP_CORE=0 -DIWORDSIZE=4 -DDWORDSIZE=8 -DRWORDSIZE=4 -DLWORDSIZE=4 -DNONSTANDARD_SYSTEM_FUNC -DWRF_USE_CLM  -DDM_PARALLEL -DNETCDF -DUSE_ALLOCATABLES -DGRIB1 -DINTIO -DLIMIT_ARGS -DCONFIG_BUF_LEN=65536 -DMAX_DOMAINS_F=21 -DMAX_HISTORY=25 -DNMM_NEST=0 -DWRF_CHEM -DBUILD_CHEM=1 -DWRF_KPP -I. -traditional   module_ra_flg.F  > module_ra_flg.bb
/global/scratch/azare/Josh/WRFV3/tools/standard.exe module_ra_flg.bb | /lib/cpp -C -P > module_ra_flg.f90
rm -f module_ra_flg.b module_ra_flg.bb
mpif90 -f90=ifort -o module_ra_flg.o -c -O2 -ip -fp-model precise -w -ftz -align all -fno-alias -FR -convert big_endian    -I../dyn_em -I../dyn_nmm   -I/global/scratch/azare/Josh/WRFV3/external/esmf_time_f90  -I/global/scratch/azare/Josh/WRFV3/main -I/global/scratch/azare/Josh/WRFV3/external/io_netcdf -I/global/scratch/azare/Josh/WRFV3/external/io_int -I/global/scratch/azare/Josh/WRFV3/frame -I/global/scratch/azare/Josh/WRFV3/share -I/global/scratch/azare/Josh/WRFV3/phys -I/global/scratch/azare/Josh/WRFV3/chem -I/global/scratch/azare/Josh/WRFV3/inc -I/global/software/sl-6.x86_64/modules/intel/2013_sp1.4.211/netcdf/4.3.2-intel-p/include  -i4  module_ra_flg.f90
rm -f module_ra_HWRF.o
/lib/cpp -C -P -I/global/scratch/azare/Josh/WRFV3/inc -DEM_CORE=1 -DNMM_CORE=0 -DNMM_MAX_DIM=2600 -DCOAMPS_CORE=0 -DDA_CORE=0 -DEXP_CORE=0 -DIWORDSIZE=4 -DDWORDSIZE=8 -DRWORDSIZE=4 -DLWORDSIZE=4 -DNONSTANDARD_SYSTEM_FUNC -DWRF_USE_CLM  -DDM_PARALLEL -DNETCDF -DUSE_ALLOCATABLES -DGRIB1 -DINTIO -DLIMIT_ARGS -DCONFIG_BUF_LEN=65536 -DMAX_DOMAINS_F=21 -DMAX_HISTORY=25 -DNMM_NEST=0 -DWRF_CHEM -DBUILD_CHEM=1 -DWRF_KPP -I. -traditional   module_ra_HWRF.F  > module_ra_HWRF.bb
/global/scratch/azare/Josh/WRFV3/tools/standard.exe module_ra_HWRF.bb | /lib/cpp -C -P > module_ra_HWRF.f90
rm -f module_ra_HWRF.b module_ra_HWRF.bb
mpif90 -f90=ifort -o module_ra_HWRF.o -c -O2 -ip -fp-model precise -w -ftz -align all -fno-alias -FR -convert big_endian    -I../dyn_em -I../dyn_nmm   -I/global/scratch/azare/Josh/WRFV3/external/esmf_time_f90  -I/global/scratch/azare/Josh/WRFV3/main -I/global/scratch/azare/Josh/WRFV3/external/io_netcdf -I/global/scratch/azare/Josh/WRFV3/external/io_int -I/global/scratch/azare/Josh/WRFV3/frame -I/global/scratch/azare/Josh/WRFV3/share -I/global/scratch/azare/Josh/WRFV3/phys -I/global/scratch/azare/Josh/WRFV3/chem -I/global/scratch/azare/Josh/WRFV3/inc -I/global/software/sl-6.x86_64/modules/intel/2013_sp1.4.211/netcdf/4.3.2-intel-p/include  -i4  module_ra_HWRF.f90
rm -f module_ra_hs.o
/lib/cpp -C -P -I/global/scratch/azare/Josh/WRFV3/inc -DEM_CORE=1 -DNMM_CORE=0 -DNMM_MAX_DIM=2600 -DCOAMPS_CORE=0 -DDA_CORE=0 -DEXP_CORE=0 -DIWORDSIZE=4 -DDWORDSIZE=8 -DRWORDSIZE=4 -DLWORDSIZE=4 -DNONSTANDARD_SYSTEM_FUNC -DWRF_USE_CLM  -DDM_PARALLEL -DNETCDF -DUSE_ALLOCATABLES -DGRIB1 -DINTIO -DLIMIT_ARGS -DCONFIG_BUF_LEN=65536 -DMAX_DOMAINS_F=21 -DMAX_HISTORY=25 -DNMM_NEST=0 -DWRF_CHEM -DBUILD_CHEM=1 -DWRF_KPP -I. -traditional   module_ra_hs.F  > module_ra_hs.bb
/global/scratch/azare/Josh/WRFV3/tools/standard.exe module_ra_hs.bb | /lib/cpp -C -P > module_ra_hs.f90
rm -f module_ra_hs.b module_ra_hs.bb
mpif90 -f90=ifort -o module_ra_hs.o -c -O2 -ip -fp-model precise -w -ftz -align all -fno-alias -FR -convert big_endian    -I../dyn_em -I../dyn_nmm   -I/global/scratch/azare/Josh/WRFV3/external/esmf_time_f90  -I/global/scratch/azare/Josh/WRFV3/main -I/global/scratch/azare/Josh/WRFV3/external/io_netcdf -I/global/scratch/azare/Josh/WRFV3/external/io_int -I/global/scratch/azare/Josh/WRFV3/frame -I/global/scratch/azare/Josh/WRFV3/share -I/global/scratch/azare/Josh/WRFV3/phys -I/global/scratch/azare/Josh/WRFV3/chem -I/global/scratch/azare/Josh/WRFV3/inc -I/global/software/sl-6.x86_64/modules/intel/2013_sp1.4.211/netcdf/4.3.2-intel-p/include  -i4  module_ra_hs.f90
rm -f module_sf_sfclay.o
/lib/cpp -C -P -I/global/scratch/azare/Josh/WRFV3/inc -DEM_CORE=1 -DNMM_CORE=0 -DNMM_MAX_DIM=2600 -DCOAMPS_CORE=0 -DDA_CORE=0 -DEXP_CORE=0 -DIWORDSIZE=4 -DDWORDSIZE=8 -DRWORDSIZE=4 -DLWORDSIZE=4 -DNONSTANDARD_SYSTEM_FUNC -DWRF_USE_CLM  -DDM_PARALLEL -DNETCDF -DUSE_ALLOCATABLES -DGRIB1 -DINTIO -DLIMIT_ARGS -DCONFIG_BUF_LEN=65536 -DMAX_DOMAINS_F=21 -DMAX_HISTORY=25 -DNMM_NEST=0 -DWRF_CHEM -DBUILD_CHEM=1 -DWRF_KPP -I. -traditional   module_sf_sfclay.F  > module_sf_sfclay.bb
/global/scratch/azare/Josh/WRFV3/tools/standard.exe module_sf_sfclay.bb | /lib/cpp -C -P > module_sf_sfclay.f90
rm -f module_sf_sfclay.b module_sf_sfclay.bb
mpif90 -f90=ifort -o module_sf_sfclay.o -c -O2 -ip -fp-model precise -w -ftz -align all -fno-alias -FR -convert big_endian    -I../dyn_em -I../dyn_nmm   -I/global/scratch/azare/Josh/WRFV3/external/esmf_time_f90  -I/global/scratch/azare/Josh/WRFV3/main -I/global/scratch/azare/Josh/WRFV3/external/io_netcdf -I/global/scratch/azare/Josh/WRFV3/external/io_int -I/global/scratch/azare/Josh/WRFV3/frame -I/global/scratch/azare/Josh/WRFV3/share -I/global/scratch/azare/Josh/WRFV3/phys -I/global/scratch/azare/Josh/WRFV3/chem -I/global/scratch/azare/Josh/WRFV3/inc -I/global/software/sl-6.x86_64/modules/intel/2013_sp1.4.211/netcdf/4.3.2-intel-p/include  -i4  module_sf_sfclay.f90
rm -f module_sf_sfclayrev.o
/lib/cpp -C -P -I/global/scratch/azare/Josh/WRFV3/inc -DEM_CORE=1 -DNMM_CORE=0 -DNMM_MAX_DIM=2600 -DCOAMPS_CORE=0 -DDA_CORE=0 -DEXP_CORE=0 -DIWORDSIZE=4 -DDWORDSIZE=8 -DRWORDSIZE=4 -DLWORDSIZE=4 -DNONSTANDARD_SYSTEM_FUNC -DWRF_USE_CLM  -DDM_PARALLEL -DNETCDF -DUSE_ALLOCATABLES -DGRIB1 -DINTIO -DLIMIT_ARGS -DCONFIG_BUF_LEN=65536 -DMAX_DOMAINS_F=21 -DMAX_HISTORY=25 -DNMM_NEST=0 -DWRF_CHEM -DBUILD_CHEM=1 -DWRF_KPP -I. -traditional   module_sf_sfclayrev.F  > module_sf_sfclayrev.bb
/global/scratch/azare/Josh/WRFV3/tools/standard.exe module_sf_sfclayrev.bb | /lib/cpp -C -P > module_sf_sfclayrev.f90
rm -f module_sf_sfclayrev.b module_sf_sfclayrev.bb
mpif90 -f90=ifort -o module_sf_sfclayrev.o -c -O2 -ip -fp-model precise -w -ftz -align all -fno-alias -FR -convert big_endian    -I../dyn_em -I../dyn_nmm   -I/global/scratch/azare/Josh/WRFV3/external/esmf_time_f90  -I/global/scratch/azare/Josh/WRFV3/main -I/global/scratch/azare/Josh/WRFV3/external/io_netcdf -I/global/scratch/azare/Josh/WRFV3/external/io_int -I/global/scratch/azare/Josh/WRFV3/frame -I/global/scratch/azare/Josh/WRFV3/share -I/global/scratch/azare/Josh/WRFV3/phys -I/global/scratch/azare/Josh/WRFV3/chem -I/global/scratch/azare/Josh/WRFV3/inc -I/global/software/sl-6.x86_64/modules/intel/2013_sp1.4.211/netcdf/4.3.2-intel-p/include  -i4  module_sf_sfclayrev.f90
rm -f module_progtm.o
/lib/cpp -C -P -I/global/scratch/azare/Josh/WRFV3/inc -DEM_CORE=1 -DNMM_CORE=0 -DNMM_MAX_DIM=2600 -DCOAMPS_CORE=0 -DDA_CORE=0 -DEXP_CORE=0 -DIWORDSIZE=4 -DDWORDSIZE=8 -DRWORDSIZE=4 -DLWORDSIZE=4 -DNONSTANDARD_SYSTEM_FUNC -DWRF_USE_CLM  -DDM_PARALLEL -DNETCDF -DUSE_ALLOCATABLES -DGRIB1 -DINTIO -DLIMIT_ARGS -DCONFIG_BUF_LEN=65536 -DMAX_DOMAINS_F=21 -DMAX_HISTORY=25 -DNMM_NEST=0 -DWRF_CHEM -DBUILD_CHEM=1 -DWRF_KPP -I. -traditional   module_progtm.F  > module_progtm.bb
/global/scratch/azare/Josh/WRFV3/tools/standard.exe module_progtm.bb | /lib/cpp -C -P > module_progtm.f90
rm -f module_progtm.b module_progtm.bb
mpif90 -f90=ifort -o module_progtm.o -c -O2 -ip -fp-model precise -w -ftz -align all -fno-alias -FR -convert big_endian    -I../dyn_em -I../dyn_nmm   -I/global/scratch/azare/Josh/WRFV3/external/esmf_time_f90  -I/global/scratch/azare/Josh/WRFV3/main -I/global/scratch/azare/Josh/WRFV3/external/io_netcdf -I/global/scratch/azare/Josh/WRFV3/external/io_int -I/global/scratch/azare/Josh/WRFV3/frame -I/global/scratch/azare/Josh/WRFV3/share -I/global/scratch/azare/Josh/WRFV3/phys -I/global/scratch/azare/Josh/WRFV3/chem -I/global/scratch/azare/Josh/WRFV3/inc -I/global/software/sl-6.x86_64/modules/intel/2013_sp1.4.211/netcdf/4.3.2-intel-p/include  -i4  module_progtm.f90
rm -f module_sf_slab.o
/lib/cpp -C -P -I/global/scratch/azare/Josh/WRFV3/inc -DEM_CORE=1 -DNMM_CORE=0 -DNMM_MAX_DIM=2600 -DCOAMPS_CORE=0 -DDA_CORE=0 -DEXP_CORE=0 -DIWORDSIZE=4 -DDWORDSIZE=8 -DRWORDSIZE=4 -DLWORDSIZE=4 -DNONSTANDARD_SYSTEM_FUNC -DWRF_USE_CLM  -DDM_PARALLEL -DNETCDF -DUSE_ALLOCATABLES -DGRIB1 -DINTIO -DLIMIT_ARGS -DCONFIG_BUF_LEN=65536 -DMAX_DOMAINS_F=21 -DMAX_HISTORY=25 -DNMM_NEST=0 -DWRF_CHEM -DBUILD_CHEM=1 -DWRF_KPP -I. -traditional   module_sf_slab.F  > module_sf_slab.bb
/global/scratch/azare/Josh/WRFV3/tools/standard.exe module_sf_slab.bb | /lib/cpp -C -P > module_sf_slab.f90
rm -f module_sf_slab.b module_sf_slab.bb
mpif90 -f90=ifort -o module_sf_slab.o -c -O2 -ip -fp-model precise -w -ftz -align all -fno-alias -FR -convert big_endian    -I../dyn_em -I../dyn_nmm   -I/global/scratch/azare/Josh/WRFV3/external/esmf_time_f90  -I/global/scratch/azare/Josh/WRFV3/main -I/global/scratch/azare/Josh/WRFV3/external/io_netcdf -I/global/scratch/azare/Josh/WRFV3/external/io_int -I/global/scratch/azare/Josh/WRFV3/frame -I/global/scratch/azare/Josh/WRFV3/share -I/global/scratch/azare/Josh/WRFV3/phys -I/global/scratch/azare/Josh/WRFV3/chem -I/global/scratch/azare/Josh/WRFV3/inc -I/global/software/sl-6.x86_64/modules/intel/2013_sp1.4.211/netcdf/4.3.2-intel-p/include  -i4  module_sf_slab.f90
rm -f module_sf_noahlsm.o
/lib/cpp -C -P -I/global/scratch/azare/Josh/WRFV3/inc -DEM_CORE=1 -DNMM_CORE=0 -DNMM_MAX_DIM=2600 -DCOAMPS_CORE=0 -DDA_CORE=0 -DEXP_CORE=0 -DIWORDSIZE=4 -DDWORDSIZE=8 -DRWORDSIZE=4 -DLWORDSIZE=4 -DNONSTANDARD_SYSTEM_FUNC -DWRF_USE_CLM  -DDM_PARALLEL -DNETCDF -DUSE_ALLOCATABLES -DGRIB1 -DINTIO -DLIMIT_ARGS -DCONFIG_BUF_LEN=65536 -DMAX_DOMAINS_F=21 -DMAX_HISTORY=25 -DNMM_NEST=0 -DWRF_CHEM -DBUILD_CHEM=1 -DWRF_KPP -I. -traditional   module_sf_noahlsm.F  > module_sf_noahlsm.bb
/global/scratch/azare/Josh/WRFV3/tools/standard.exe module_sf_noahlsm.bb | /lib/cpp -C -P > module_sf_noahlsm.f90
rm -f module_sf_noahlsm.b module_sf_noahlsm.bb
mpif90 -f90=ifort -o module_sf_noahlsm.o -c -O2 -ip -fp-model precise -w -ftz -align all -fno-alias -FR -convert big_endian    -I../dyn_em -I../dyn_nmm   -I/global/scratch/azare/Josh/WRFV3/external/esmf_time_f90  -I/global/scratch/azare/Josh/WRFV3/main -I/global/scratch/azare/Josh/WRFV3/external/io_netcdf -I/global/scratch/azare/Josh/WRFV3/external/io_int -I/global/scratch/azare/Josh/WRFV3/frame -I/global/scratch/azare/Josh/WRFV3/share -I/global/scratch/azare/Josh/WRFV3/phys -I/global/scratch/azare/Josh/WRFV3/chem -I/global/scratch/azare/Josh/WRFV3/inc -I/global/software/sl-6.x86_64/modules/intel/2013_sp1.4.211/netcdf/4.3.2-intel-p/include  -i4  module_sf_noahlsm.f90
rm -f module_sf_myjsfc.o
/lib/cpp -C -P -I/global/scratch/azare/Josh/WRFV3/inc -DEM_CORE=1 -DNMM_CORE=0 -DNMM_MAX_DIM=2600 -DCOAMPS_CORE=0 -DDA_CORE=0 -DEXP_CORE=0 -DIWORDSIZE=4 -DDWORDSIZE=8 -DRWORDSIZE=4 -DLWORDSIZE=4 -DNONSTANDARD_SYSTEM_FUNC -DWRF_USE_CLM  -DDM_PARALLEL -DNETCDF -DUSE_ALLOCATABLES -DGRIB1 -DINTIO -DLIMIT_ARGS -DCONFIG_BUF_LEN=65536 -DMAX_DOMAINS_F=21 -DMAX_HISTORY=25 -DNMM_NEST=0 -DWRF_CHEM -DBUILD_CHEM=1 -DWRF_KPP -I. -traditional   module_sf_myjsfc.F  > module_sf_myjsfc.bb
/global/scratch/azare/Josh/WRFV3/tools/standard.exe module_sf_myjsfc.bb | /lib/cpp -C -P > module_sf_myjsfc.f90
rm -f module_sf_myjsfc.b module_sf_myjsfc.bb
mpif90 -f90=ifort -o module_sf_myjsfc.o -c -O2 -ip -fp-model precise -w -ftz -align all -fno-alias -FR -convert big_endian    -I../dyn_em -I../dyn_nmm   -I/global/scratch/azare/Josh/WRFV3/external/esmf_time_f90  -I/global/scratch/azare/Josh/WRFV3/main -I/global/scratch/azare/Josh/WRFV3/external/io_netcdf -I/global/scratch/azare/Josh/WRFV3/external/io_int -I/global/scratch/azare/Josh/WRFV3/frame -I/global/scratch/azare/Josh/WRFV3/share -I/global/scratch/azare/Josh/WRFV3/phys -I/global/scratch/azare/Josh/WRFV3/chem -I/global/scratch/azare/Josh/WRFV3/inc -I/global/software/sl-6.x86_64/modules/intel/2013_sp1.4.211/netcdf/4.3.2-intel-p/include  -i4  module_sf_myjsfc.f90
rm -f module_data_gocart_dust.o
/lib/cpp -C -P -I/global/scratch/azare/Josh/WRFV3/inc -DEM_CORE=1 -DNMM_CORE=0 -DNMM_MAX_DIM=2600 -DCOAMPS_CORE=0 -DDA_CORE=0 -DEXP_CORE=0 -DIWORDSIZE=4 -DDWORDSIZE=8 -DRWORDSIZE=4 -DLWORDSIZE=4 -DNONSTANDARD_SYSTEM_FUNC -DWRF_USE_CLM  -DDM_PARALLEL -DNETCDF -DUSE_ALLOCATABLES -DGRIB1 -DINTIO -DLIMIT_ARGS -DCONFIG_BUF_LEN=65536 -DMAX_DOMAINS_F=21 -DMAX_HISTORY=25 -DNMM_NEST=0 -DWRF_CHEM -DBUILD_CHEM=1 -DWRF_KPP -I. -traditional   module_data_gocart_dust.F  > module_data_gocart_dust.bb
/global/scratch/azare/Josh/WRFV3/tools/standard.exe module_data_gocart_dust.bb | /lib/cpp -C -P > module_data_gocart_dust.f90
rm -f module_data_gocart_dust.b module_data_gocart_dust.bb
mpif90 -f90=ifort -o module_data_gocart_dust.o -c -O2 -ip -fp-model precise -w -ftz -align all -fno-alias -FR -convert big_endian    -I../dyn_em -I../dyn_nmm   -I/global/scratch/azare/Josh/WRFV3/external/esmf_time_f90  -I/global/scratch/azare/Josh/WRFV3/main -I/global/scratch/azare/Josh/WRFV3/external/io_netcdf -I/global/scratch/azare/Josh/WRFV3/external/io_int -I/global/scratch/azare/Josh/WRFV3/frame -I/global/scratch/azare/Josh/WRFV3/share -I/global/scratch/azare/Josh/WRFV3/phys -I/global/scratch/azare/Josh/WRFV3/chem -I/global/scratch/azare/Josh/WRFV3/inc -I/global/software/sl-6.x86_64/modules/intel/2013_sp1.4.211/netcdf/4.3.2-intel-p/include  -i4  module_data_gocart_dust.f90
rm -f module_sf_urban.o
/lib/cpp -C -P -I/global/scratch/azare/Josh/WRFV3/inc -DEM_CORE=1 -DNMM_CORE=0 -DNMM_MAX_DIM=2600 -DCOAMPS_CORE=0 -DDA_CORE=0 -DEXP_CORE=0 -DIWORDSIZE=4 -DDWORDSIZE=8 -DRWORDSIZE=4 -DLWORDSIZE=4 -DNONSTANDARD_SYSTEM_FUNC -DWRF_USE_CLM  -DDM_PARALLEL -DNETCDF -DUSE_ALLOCATABLES -DGRIB1 -DINTIO -DLIMIT_ARGS -DCONFIG_BUF_LEN=65536 -DMAX_DOMAINS_F=21 -DMAX_HISTORY=25 -DNMM_NEST=0 -DWRF_CHEM -DBUILD_CHEM=1 -DWRF_KPP -I. -traditional   module_sf_urban.F  > module_sf_urban.bb
/global/scratch/azare/Josh/WRFV3/tools/standard.exe module_sf_urban.bb | /lib/cpp -C -P > module_sf_urban.f90
rm -f module_sf_urban.b module_sf_urban.bb
mpif90 -f90=ifort -o module_sf_urban.o -c -O2 -ip -fp-model precise -w -ftz -align all -fno-alias -FR -convert big_endian    -I../dyn_em -I../dyn_nmm   -I/global/scratch/azare/Josh/WRFV3/external/esmf_time_f90  -I/global/scratch/azare/Josh/WRFV3/main -I/global/scratch/azare/Josh/WRFV3/external/io_netcdf -I/global/scratch/azare/Josh/WRFV3/external/io_int -I/global/scratch/azare/Josh/WRFV3/frame -I/global/scratch/azare/Josh/WRFV3/share -I/global/scratch/azare/Josh/WRFV3/phys -I/global/scratch/azare/Josh/WRFV3/chem -I/global/scratch/azare/Josh/WRFV3/inc -I/global/software/sl-6.x86_64/modules/intel/2013_sp1.4.211/netcdf/4.3.2-intel-p/include  -i4  module_sf_urban.f90
rm -f module_sf_bem.o
/lib/cpp -C -P -I/global/scratch/azare/Josh/WRFV3/inc -DEM_CORE=1 -DNMM_CORE=0 -DNMM_MAX_DIM=2600 -DCOAMPS_CORE=0 -DDA_CORE=0 -DEXP_CORE=0 -DIWORDSIZE=4 -DDWORDSIZE=8 -DRWORDSIZE=4 -DLWORDSIZE=4 -DNONSTANDARD_SYSTEM_FUNC -DWRF_USE_CLM  -DDM_PARALLEL -DNETCDF -DUSE_ALLOCATABLES -DGRIB1 -DINTIO -DLIMIT_ARGS -DCONFIG_BUF_LEN=65536 -DMAX_DOMAINS_F=21 -DMAX_HISTORY=25 -DNMM_NEST=0 -DWRF_CHEM -DBUILD_CHEM=1 -DWRF_KPP -I. -traditional   module_sf_bem.F  > module_sf_bem.bb
/global/scratch/azare/Josh/WRFV3/tools/standard.exe module_sf_bem.bb | /lib/cpp -C -P > module_sf_bem.f90
rm -f module_sf_bem.b module_sf_bem.bb
mpif90 -f90=ifort -o module_sf_bem.o -c -O2 -ip -fp-model precise -w -ftz -align all -fno-alias -FR -convert big_endian    -I../dyn_em -I../dyn_nmm   -I/global/scratch/azare/Josh/WRFV3/external/esmf_time_f90  -I/global/scratch/azare/Josh/WRFV3/main -I/global/scratch/azare/Josh/WRFV3/external/io_netcdf -I/global/scratch/azare/Josh/WRFV3/external/io_int -I/global/scratch/azare/Josh/WRFV3/frame -I/global/scratch/azare/Josh/WRFV3/share -I/global/scratch/azare/Josh/WRFV3/phys -I/global/scratch/azare/Josh/WRFV3/chem -I/global/scratch/azare/Josh/WRFV3/inc -I/global/software/sl-6.x86_64/modules/intel/2013_sp1.4.211/netcdf/4.3.2-intel-p/include  -i4  module_sf_bem.f90
rm -f module_sf_ssib.o
/lib/cpp -C -P -I/global/scratch/azare/Josh/WRFV3/inc -DEM_CORE=1 -DNMM_CORE=0 -DNMM_MAX_DIM=2600 -DCOAMPS_CORE=0 -DDA_CORE=0 -DEXP_CORE=0 -DIWORDSIZE=4 -DDWORDSIZE=8 -DRWORDSIZE=4 -DLWORDSIZE=4 -DNONSTANDARD_SYSTEM_FUNC -DWRF_USE_CLM  -DDM_PARALLEL -DNETCDF -DUSE_ALLOCATABLES -DGRIB1 -DINTIO -DLIMIT_ARGS -DCONFIG_BUF_LEN=65536 -DMAX_DOMAINS_F=21 -DMAX_HISTORY=25 -DNMM_NEST=0 -DWRF_CHEM -DBUILD_CHEM=1 -DWRF_KPP -I. -traditional   module_sf_ssib.F  > module_sf_ssib.bb
/global/scratch/azare/Josh/WRFV3/tools/standard.exe module_sf_ssib.bb | /lib/cpp -C -P > module_sf_ssib.f90
rm -f module_sf_ssib.b module_sf_ssib.bb
mpif90 -f90=ifort -o module_sf_ssib.o -c -O2 -ip -fp-model precise -w -ftz -align all -fno-alias -FR -convert big_endian    -I../dyn_em -I../dyn_nmm   -I/global/scratch/azare/Josh/WRFV3/external/esmf_time_f90  -I/global/scratch/azare/Josh/WRFV3/main -I/global/scratch/azare/Josh/WRFV3/external/io_netcdf -I/global/scratch/azare/Josh/WRFV3/external/io_int -I/global/scratch/azare/Josh/WRFV3/frame -I/global/scratch/azare/Josh/WRFV3/share -I/global/scratch/azare/Josh/WRFV3/phys -I/global/scratch/azare/Josh/WRFV3/chem -I/global/scratch/azare/Josh/WRFV3/inc -I/global/software/sl-6.x86_64/modules/intel/2013_sp1.4.211/netcdf/4.3.2-intel-p/include  -i4  module_sf_ssib.f90
rm -f module_sf_noah_seaice.o
/lib/cpp -C -P -I/global/scratch/azare/Josh/WRFV3/inc -DEM_CORE=1 -DNMM_CORE=0 -DNMM_MAX_DIM=2600 -DCOAMPS_CORE=0 -DDA_CORE=0 -DEXP_CORE=0 -DIWORDSIZE=4 -DDWORDSIZE=8 -DRWORDSIZE=4 -DLWORDSIZE=4 -DNONSTANDARD_SYSTEM_FUNC -DWRF_USE_CLM  -DDM_PARALLEL -DNETCDF -DUSE_ALLOCATABLES -DGRIB1 -DINTIO -DLIMIT_ARGS -DCONFIG_BUF_LEN=65536 -DMAX_DOMAINS_F=21 -DMAX_HISTORY=25 -DNMM_NEST=0 -DWRF_CHEM -DBUILD_CHEM=1 -DWRF_KPP -I. -traditional   module_sf_noah_seaice.F  > module_sf_noah_seaice.bb
/global/scratch/azare/Josh/WRFV3/tools/standard.exe module_sf_noah_seaice.bb | /lib/cpp -C -P > module_sf_noah_seaice.f90
rm -f module_sf_noah_seaice.b module_sf_noah_seaice.bb
mpif90 -f90=ifort -o module_sf_noah_seaice.o -c -O2 -ip -fp-model precise -w -ftz -align all -fno-alias -FR -convert big_endian    -I../dyn_em -I../dyn_nmm   -I/global/scratch/azare/Josh/WRFV3/external/esmf_time_f90  -I/global/scratch/azare/Josh/WRFV3/main -I/global/scratch/azare/Josh/WRFV3/external/io_netcdf -I/global/scratch/azare/Josh/WRFV3/external/io_int -I/global/scratch/azare/Josh/WRFV3/frame -I/global/scratch/azare/Josh/WRFV3/share -I/global/scratch/azare/Josh/WRFV3/phys -I/global/scratch/azare/Josh/WRFV3/chem -I/global/scratch/azare/Josh/WRFV3/inc -I/global/software/sl-6.x86_64/modules/intel/2013_sp1.4.211/netcdf/4.3.2-intel-p/include  -i4  module_sf_noah_seaice.f90
rm -f module_sf_noahmp_glacier.o
/lib/cpp -C -P -I/global/scratch/azare/Josh/WRFV3/inc -DEM_CORE=1 -DNMM_CORE=0 -DNMM_MAX_DIM=2600 -DCOAMPS_CORE=0 -DDA_CORE=0 -DEXP_CORE=0 -DIWORDSIZE=4 -DDWORDSIZE=8 -DRWORDSIZE=4 -DLWORDSIZE=4 -DNONSTANDARD_SYSTEM_FUNC -DWRF_USE_CLM  -DDM_PARALLEL -DNETCDF -DUSE_ALLOCATABLES -DGRIB1 -DINTIO -DLIMIT_ARGS -DCONFIG_BUF_LEN=65536 -DMAX_DOMAINS_F=21 -DMAX_HISTORY=25 -DNMM_NEST=0 -DWRF_CHEM -DBUILD_CHEM=1 -DWRF_KPP -I. -traditional   module_sf_noahmp_glacier.F  > module_sf_noahmp_glacier.bb
/global/scratch/azare/Josh/WRFV3/tools/standard.exe module_sf_noahmp_glacier.bb | /lib/cpp -C -P > module_sf_noahmp_glacier.f90
rm -f module_sf_noahmp_glacier.b module_sf_noahmp_glacier.bb
mpif90 -f90=ifort -o module_sf_noahmp_glacier.o -c -O2 -ip -fp-model precise -w -ftz -align all -fno-alias -FR -convert big_endian    -I../dyn_em -I../dyn_nmm   -I/global/scratch/azare/Josh/WRFV3/external/esmf_time_f90  -I/global/scratch/azare/Josh/WRFV3/main -I/global/scratch/azare/Josh/WRFV3/external/io_netcdf -I/global/scratch/azare/Josh/WRFV3/external/io_int -I/global/scratch/azare/Josh/WRFV3/frame -I/global/scratch/azare/Josh/WRFV3/share -I/global/scratch/azare/Josh/WRFV3/phys -I/global/scratch/azare/Josh/WRFV3/chem -I/global/scratch/azare/Josh/WRFV3/inc -I/global/software/sl-6.x86_64/modules/intel/2013_sp1.4.211/netcdf/4.3.2-intel-p/include  -i4  module_sf_noahmp_glacier.f90
rm -f module_sf_pxlsm_data.o
/lib/cpp -C -P -I/global/scratch/azare/Josh/WRFV3/inc -DEM_CORE=1 -DNMM_CORE=0 -DNMM_MAX_DIM=2600 -DCOAMPS_CORE=0 -DDA_CORE=0 -DEXP_CORE=0 -DIWORDSIZE=4 -DDWORDSIZE=8 -DRWORDSIZE=4 -DLWORDSIZE=4 -DNONSTANDARD_SYSTEM_FUNC -DWRF_USE_CLM  -DDM_PARALLEL -DNETCDF -DUSE_ALLOCATABLES -DGRIB1 -DINTIO -DLIMIT_ARGS -DCONFIG_BUF_LEN=65536 -DMAX_DOMAINS_F=21 -DMAX_HISTORY=25 -DNMM_NEST=0 -DWRF_CHEM -DBUILD_CHEM=1 -DWRF_KPP -I. -traditional   module_sf_pxlsm_data.F  > module_sf_pxlsm_data.bb
/global/scratch/azare/Josh/WRFV3/tools/standard.exe module_sf_pxlsm_data.bb | /lib/cpp -C -P > module_sf_pxlsm_data.f90
rm -f module_sf_pxlsm_data.b module_sf_pxlsm_data.bb
mpif90 -f90=ifort -o module_sf_pxlsm_data.o -c -O2 -ip -fp-model precise -w -ftz -align all -fno-alias -FR -convert big_endian    -I../dyn_em -I../dyn_nmm   -I/global/scratch/azare/Josh/WRFV3/external/esmf_time_f90  -I/global/scratch/azare/Josh/WRFV3/main -I/global/scratch/azare/Josh/WRFV3/external/io_netcdf -I/global/scratch/azare/Josh/WRFV3/external/io_int -I/global/scratch/azare/Josh/WRFV3/frame -I/global/scratch/azare/Josh/WRFV3/share -I/global/scratch/azare/Josh/WRFV3/phys -I/global/scratch/azare/Josh/WRFV3/chem -I/global/scratch/azare/Josh/WRFV3/inc -I/global/software/sl-6.x86_64/modules/intel/2013_sp1.4.211/netcdf/4.3.2-intel-p/include  -i4  module_sf_pxlsm_data.f90
rm -f module_sf_ruclsm.o
/global/scratch/azare/Josh/WRFV3/tools/standard.exe module_sf_ruclsm.F > module_sf_ruclsm.b 
/lib/cpp -C -P -I/global/scratch/azare/Josh/WRFV3/inc -DEM_CORE=1 -DNMM_CORE=0 -DNMM_MAX_DIM=2600 -DCOAMPS_CORE=0 -DDA_CORE=0 -DEXP_CORE=0 -DIWORDSIZE=4 -DDWORDSIZE=8 -DRWORDSIZE=4 -DLWORDSIZE=4 -DNONSTANDARD_SYSTEM_FUNC -DWRF_USE_CLM  -DDM_PARALLEL -DNETCDF -DUSE_ALLOCATABLES -DGRIB1 -DINTIO -DLIMIT_ARGS -DCONFIG_BUF_LEN=65536 -DMAX_DOMAINS_F=21 -DMAX_HISTORY=25 -DNMM_NEST=0 -DWRF_CHEM -DBUILD_CHEM=1 -DWRF_KPP -I. -traditional   module_sf_ruclsm.b  > module_sf_ruclsm.f90
rm -f module_sf_ruclsm.b
if fgrep -iq '!$OMP' module_sf_ruclsm.f90 ; then \
          echo COMPILING module_sf_ruclsm.F WITH OMP ; \
          if [ -n "" ] ; then echo COMPILING module_sf_ruclsm.F WITH OMP ; fi ; \
	  mpif90 -f90=ifort -c -i4 -O2 -ip -fp-model precise -w -ftz -align all -fno-alias -FR -convert big_endian   -I../dyn_em -I../dyn_nmm   -I/global/scratch/azare/Josh/WRFV3/external/esmf_time_f90  -I/global/scratch/azare/Josh/WRFV3/main -I/global/scratch/azare/Josh/WRFV3/external/io_netcdf -I/global/scratch/azare/Josh/WRFV3/external/io_int -I/global/scratch/azare/Josh/WRFV3/frame -I/global/scratch/azare/Josh/WRFV3/share -I/global/scratch/azare/Josh/WRFV3/phys -I/global/scratch/azare/Josh/WRFV3/chem -I/global/scratch/azare/Josh/WRFV3/inc -I/global/software/sl-6.x86_64/modules/intel/2013_sp1.4.211/netcdf/4.3.2-intel-p/include    module_sf_ruclsm.f90 ; \
        else \
          if [ -n "" ] ; then echo COMPILING module_sf_ruclsm.F WITHOUT OMP ; fi ; \
	  mpif90 -f90=ifort -c -i4 -O2 -ip -fp-model precise -w -ftz -align all -fno-alias -FR -convert big_endian   -I../dyn_em -I../dyn_nmm   -I/global/scratch/azare/Josh/WRFV3/external/esmf_time_f90  -I/global/scratch/azare/Josh/WRFV3/main -I/global/scratch/azare/Josh/WRFV3/external/io_netcdf -I/global/scratch/azare/Josh/WRFV3/external/io_int -I/global/scratch/azare/Josh/WRFV3/frame -I/global/scratch/azare/Josh/WRFV3/share -I/global/scratch/azare/Josh/WRFV3/phys -I/global/scratch/azare/Josh/WRFV3/chem -I/global/scratch/azare/Josh/WRFV3/inc -I/global/software/sl-6.x86_64/modules/intel/2013_sp1.4.211/netcdf/4.3.2-intel-p/include   module_sf_ruclsm.f90 ; \
        fi
rm -f module_sf_sfcdiags.o
/lib/cpp -C -P -I/global/scratch/azare/Josh/WRFV3/inc -DEM_CORE=1 -DNMM_CORE=0 -DNMM_MAX_DIM=2600 -DCOAMPS_CORE=0 -DDA_CORE=0 -DEXP_CORE=0 -DIWORDSIZE=4 -DDWORDSIZE=8 -DRWORDSIZE=4 -DLWORDSIZE=4 -DNONSTANDARD_SYSTEM_FUNC -DWRF_USE_CLM  -DDM_PARALLEL -DNETCDF -DUSE_ALLOCATABLES -DGRIB1 -DINTIO -DLIMIT_ARGS -DCONFIG_BUF_LEN=65536 -DMAX_DOMAINS_F=21 -DMAX_HISTORY=25 -DNMM_NEST=0 -DWRF_CHEM -DBUILD_CHEM=1 -DWRF_KPP -I. -traditional   module_sf_sfcdiags.F  > module_sf_sfcdiags.bb
/global/scratch/azare/Josh/WRFV3/tools/standard.exe module_sf_sfcdiags.bb | /lib/cpp -C -P > module_sf_sfcdiags.f90
rm -f module_sf_sfcdiags.b module_sf_sfcdiags.bb
mpif90 -f90=ifort -o module_sf_sfcdiags.o -c -O2 -ip -fp-model precise -w -ftz -align all -fno-alias -FR -convert big_endian    -I../dyn_em -I../dyn_nmm   -I/global/scratch/azare/Josh/WRFV3/external/esmf_time_f90  -I/global/scratch/azare/Josh/WRFV3/main -I/global/scratch/azare/Josh/WRFV3/external/io_netcdf -I/global/scratch/azare/Josh/WRFV3/external/io_int -I/global/scratch/azare/Josh/WRFV3/frame -I/global/scratch/azare/Josh/WRFV3/share -I/global/scratch/azare/Josh/WRFV3/phys -I/global/scratch/azare/Josh/WRFV3/chem -I/global/scratch/azare/Josh/WRFV3/inc -I/global/software/sl-6.x86_64/modules/intel/2013_sp1.4.211/netcdf/4.3.2-intel-p/include  -i4  module_sf_sfcdiags.f90
rm -f module_sf_sfcdiags_ruclsm.o
/lib/cpp -C -P -I/global/scratch/azare/Josh/WRFV3/inc -DEM_CORE=1 -DNMM_CORE=0 -DNMM_MAX_DIM=2600 -DCOAMPS_CORE=0 -DDA_CORE=0 -DEXP_CORE=0 -DIWORDSIZE=4 -DDWORDSIZE=8 -DRWORDSIZE=4 -DLWORDSIZE=4 -DNONSTANDARD_SYSTEM_FUNC -DWRF_USE_CLM  -DDM_PARALLEL -DNETCDF -DUSE_ALLOCATABLES -DGRIB1 -DINTIO -DLIMIT_ARGS -DCONFIG_BUF_LEN=65536 -DMAX_DOMAINS_F=21 -DMAX_HISTORY=25 -DNMM_NEST=0 -DWRF_CHEM -DBUILD_CHEM=1 -DWRF_KPP -I. -traditional   module_sf_sfcdiags_ruclsm.F  > module_sf_sfcdiags_ruclsm.bb
/global/scratch/azare/Josh/WRFV3/tools/standard.exe module_sf_sfcdiags_ruclsm.bb | /lib/cpp -C -P > module_sf_sfcdiags_ruclsm.f90
rm -f module_sf_sfcdiags_ruclsm.b module_sf_sfcdiags_ruclsm.bb
mpif90 -f90=ifort -o module_sf_sfcdiags_ruclsm.o -c -O2 -ip -fp-model precise -w -ftz -align all -fno-alias -FR -convert big_endian    -I../dyn_em -I../dyn_nmm   -I/global/scratch/azare/Josh/WRFV3/external/esmf_time_f90  -I/global/scratch/azare/Josh/WRFV3/main -I/global/scratch/azare/Josh/WRFV3/external/io_netcdf -I/global/scratch/azare/Josh/WRFV3/external/io_int -I/global/scratch/azare/Josh/WRFV3/frame -I/global/scratch/azare/Josh/WRFV3/share -I/global/scratch/azare/Josh/WRFV3/phys -I/global/scratch/azare/Josh/WRFV3/chem -I/global/scratch/azare/Josh/WRFV3/inc -I/global/software/sl-6.x86_64/modules/intel/2013_sp1.4.211/netcdf/4.3.2-intel-p/include  -i4  module_sf_sfcdiags_ruclsm.f90
rm -f module_sf_sstskin.o
/lib/cpp -C -P -I/global/scratch/azare/Josh/WRFV3/inc -DEM_CORE=1 -DNMM_CORE=0 -DNMM_MAX_DIM=2600 -DCOAMPS_CORE=0 -DDA_CORE=0 -DEXP_CORE=0 -DIWORDSIZE=4 -DDWORDSIZE=8 -DRWORDSIZE=4 -DLWORDSIZE=4 -DNONSTANDARD_SYSTEM_FUNC -DWRF_USE_CLM  -DDM_PARALLEL -DNETCDF -DUSE_ALLOCATABLES -DGRIB1 -DINTIO -DLIMIT_ARGS -DCONFIG_BUF_LEN=65536 -DMAX_DOMAINS_F=21 -DMAX_HISTORY=25 -DNMM_NEST=0 -DWRF_CHEM -DBUILD_CHEM=1 -DWRF_KPP -I. -traditional   module_sf_sstskin.F  > module_sf_sstskin.bb
/global/scratch/azare/Josh/WRFV3/tools/standard.exe module_sf_sstskin.bb | /lib/cpp -C -P > module_sf_sstskin.f90
rm -f module_sf_sstskin.b module_sf_sstskin.bb
mpif90 -f90=ifort -o module_sf_sstskin.o -c -O2 -ip -fp-model precise -w -ftz -align all -fno-alias -FR -convert big_endian    -I../dyn_em -I../dyn_nmm   -I/global/scratch/azare/Josh/WRFV3/external/esmf_time_f90  -I/global/scratch/azare/Josh/WRFV3/main -I/global/scratch/azare/Josh/WRFV3/external/io_netcdf -I/global/scratch/azare/Josh/WRFV3/external/io_int -I/global/scratch/azare/Josh/WRFV3/frame -I/global/scratch/azare/Josh/WRFV3/share -I/global/scratch/azare/Josh/WRFV3/phys -I/global/scratch/azare/Josh/WRFV3/chem -I/global/scratch/azare/Josh/WRFV3/inc -I/global/software/sl-6.x86_64/modules/intel/2013_sp1.4.211/netcdf/4.3.2-intel-p/include  -i4  module_sf_sstskin.f90
rm -f module_sf_tmnupdate.o
/lib/cpp -C -P -I/global/scratch/azare/Josh/WRFV3/inc -DEM_CORE=1 -DNMM_CORE=0 -DNMM_MAX_DIM=2600 -DCOAMPS_CORE=0 -DDA_CORE=0 -DEXP_CORE=0 -DIWORDSIZE=4 -DDWORDSIZE=8 -DRWORDSIZE=4 -DLWORDSIZE=4 -DNONSTANDARD_SYSTEM_FUNC -DWRF_USE_CLM  -DDM_PARALLEL -DNETCDF -DUSE_ALLOCATABLES -DGRIB1 -DINTIO -DLIMIT_ARGS -DCONFIG_BUF_LEN=65536 -DMAX_DOMAINS_F=21 -DMAX_HISTORY=25 -DNMM_NEST=0 -DWRF_CHEM -DBUILD_CHEM=1 -DWRF_KPP -I. -traditional   module_sf_tmnupdate.F  > module_sf_tmnupdate.bb
/global/scratch/azare/Josh/WRFV3/tools/standard.exe module_sf_tmnupdate.bb | /lib/cpp -C -P > module_sf_tmnupdate.f90
rm -f module_sf_tmnupdate.b module_sf_tmnupdate.bb
mpif90 -f90=ifort -o module_sf_tmnupdate.o -c -O2 -ip -fp-model precise -w -ftz -align all -fno-alias -FR -convert big_endian    -I../dyn_em -I../dyn_nmm   -I/global/scratch/azare/Josh/WRFV3/external/esmf_time_f90  -I/global/scratch/azare/Josh/WRFV3/main -I/global/scratch/azare/Josh/WRFV3/external/io_netcdf -I/global/scratch/azare/Josh/WRFV3/external/io_int -I/global/scratch/azare/Josh/WRFV3/frame -I/global/scratch/azare/Josh/WRFV3/share -I/global/scratch/azare/Josh/WRFV3/phys -I/global/scratch/azare/Josh/WRFV3/chem -I/global/scratch/azare/Josh/WRFV3/inc -I/global/software/sl-6.x86_64/modules/intel/2013_sp1.4.211/netcdf/4.3.2-intel-p/include  -i4  module_sf_tmnupdate.f90
rm -f module_sf_oml.o
/lib/cpp -C -P -I/global/scratch/azare/Josh/WRFV3/inc -DEM_CORE=1 -DNMM_CORE=0 -DNMM_MAX_DIM=2600 -DCOAMPS_CORE=0 -DDA_CORE=0 -DEXP_CORE=0 -DIWORDSIZE=4 -DDWORDSIZE=8 -DRWORDSIZE=4 -DLWORDSIZE=4 -DNONSTANDARD_SYSTEM_FUNC -DWRF_USE_CLM  -DDM_PARALLEL -DNETCDF -DUSE_ALLOCATABLES -DGRIB1 -DINTIO -DLIMIT_ARGS -DCONFIG_BUF_LEN=65536 -DMAX_DOMAINS_F=21 -DMAX_HISTORY=25 -DNMM_NEST=0 -DWRF_CHEM -DBUILD_CHEM=1 -DWRF_KPP -I. -traditional   module_sf_oml.F  > module_sf_oml.bb
/global/scratch/azare/Josh/WRFV3/tools/standard.exe module_sf_oml.bb | /lib/cpp -C -P > module_sf_oml.f90
rm -f module_sf_oml.b module_sf_oml.bb
mpif90 -f90=ifort -o module_sf_oml.o -c -O2 -ip -fp-model precise -w -ftz -align all -fno-alias -FR -convert big_endian    -I../dyn_em -I../dyn_nmm   -I/global/scratch/azare/Josh/WRFV3/external/esmf_time_f90  -I/global/scratch/azare/Josh/WRFV3/main -I/global/scratch/azare/Josh/WRFV3/external/io_netcdf -I/global/scratch/azare/Josh/WRFV3/external/io_int -I/global/scratch/azare/Josh/WRFV3/frame -I/global/scratch/azare/Josh/WRFV3/share -I/global/scratch/azare/Josh/WRFV3/phys -I/global/scratch/azare/Josh/WRFV3/chem -I/global/scratch/azare/Josh/WRFV3/inc -I/global/software/sl-6.x86_64/modules/intel/2013_sp1.4.211/netcdf/4.3.2-intel-p/include  -i4  module_sf_oml.f90
rm -f module_sf_3dpwp.o
/lib/cpp -C -P -I/global/scratch/azare/Josh/WRFV3/inc -DEM_CORE=1 -DNMM_CORE=0 -DNMM_MAX_DIM=2600 -DCOAMPS_CORE=0 -DDA_CORE=0 -DEXP_CORE=0 -DIWORDSIZE=4 -DDWORDSIZE=8 -DRWORDSIZE=4 -DLWORDSIZE=4 -DNONSTANDARD_SYSTEM_FUNC -DWRF_USE_CLM  -DDM_PARALLEL -DNETCDF -DUSE_ALLOCATABLES -DGRIB1 -DINTIO -DLIMIT_ARGS -DCONFIG_BUF_LEN=65536 -DMAX_DOMAINS_F=21 -DMAX_HISTORY=25 -DNMM_NEST=0 -DWRF_CHEM -DBUILD_CHEM=1 -DWRF_KPP -I. -traditional   module_sf_3dpwp.F  > module_sf_3dpwp.bb
/global/scratch/azare/Josh/WRFV3/tools/standard.exe module_sf_3dpwp.bb | /lib/cpp -C -P > module_sf_3dpwp.f90
rm -f module_sf_3dpwp.b module_sf_3dpwp.bb
mpif90 -f90=ifort -o module_sf_3dpwp.o -c -O2 -ip -fp-model precise -w -ftz -align all -fno-alias -FR -convert big_endian    -I../dyn_em -I../dyn_nmm   -I/global/scratch/azare/Josh/WRFV3/external/esmf_time_f90  -I/global/scratch/azare/Josh/WRFV3/main -I/global/scratch/azare/Josh/WRFV3/external/io_netcdf -I/global/scratch/azare/Josh/WRFV3/external/io_int -I/global/scratch/azare/Josh/WRFV3/frame -I/global/scratch/azare/Josh/WRFV3/share -I/global/scratch/azare/Josh/WRFV3/phys -I/global/scratch/azare/Josh/WRFV3/chem -I/global/scratch/azare/Josh/WRFV3/inc -I/global/software/sl-6.x86_64/modules/intel/2013_sp1.4.211/netcdf/4.3.2-intel-p/include  -i4  module_sf_3dpwp.f90
rm -f module_sf_qnsesfc.o
/lib/cpp -C -P -I/global/scratch/azare/Josh/WRFV3/inc -DEM_CORE=1 -DNMM_CORE=0 -DNMM_MAX_DIM=2600 -DCOAMPS_CORE=0 -DDA_CORE=0 -DEXP_CORE=0 -DIWORDSIZE=4 -DDWORDSIZE=8 -DRWORDSIZE=4 -DLWORDSIZE=4 -DNONSTANDARD_SYSTEM_FUNC -DWRF_USE_CLM  -DDM_PARALLEL -DNETCDF -DUSE_ALLOCATABLES -DGRIB1 -DINTIO -DLIMIT_ARGS -DCONFIG_BUF_LEN=65536 -DMAX_DOMAINS_F=21 -DMAX_HISTORY=25 -DNMM_NEST=0 -DWRF_CHEM -DBUILD_CHEM=1 -DWRF_KPP -I. -traditional   module_sf_qnsesfc.F  > module_sf_qnsesfc.bb
/global/scratch/azare/Josh/WRFV3/tools/standard.exe module_sf_qnsesfc.bb | /lib/cpp -C -P > module_sf_qnsesfc.f90
rm -f module_sf_qnsesfc.b module_sf_qnsesfc.bb
mpif90 -f90=ifort -o module_sf_qnsesfc.o -c -O2 -ip -fp-model precise -w -ftz -align all -fno-alias -FR -convert big_endian    -I../dyn_em -I../dyn_nmm   -I/global/scratch/azare/Josh/WRFV3/external/esmf_time_f90  -I/global/scratch/azare/Josh/WRFV3/main -I/global/scratch/azare/Josh/WRFV3/external/io_netcdf -I/global/scratch/azare/Josh/WRFV3/external/io_int -I/global/scratch/azare/Josh/WRFV3/frame -I/global/scratch/azare/Josh/WRFV3/share -I/global/scratch/azare/Josh/WRFV3/phys -I/global/scratch/azare/Josh/WRFV3/chem -I/global/scratch/azare/Josh/WRFV3/inc -I/global/software/sl-6.x86_64/modules/intel/2013_sp1.4.211/netcdf/4.3.2-intel-p/include  -i4  module_sf_qnsesfc.f90
rm -f module_sf_mynn.o
/lib/cpp -C -P -I/global/scratch/azare/Josh/WRFV3/inc -DEM_CORE=1 -DNMM_CORE=0 -DNMM_MAX_DIM=2600 -DCOAMPS_CORE=0 -DDA_CORE=0 -DEXP_CORE=0 -DIWORDSIZE=4 -DDWORDSIZE=8 -DRWORDSIZE=4 -DLWORDSIZE=4 -DNONSTANDARD_SYSTEM_FUNC -DWRF_USE_CLM  -DDM_PARALLEL -DNETCDF -DUSE_ALLOCATABLES -DGRIB1 -DINTIO -DLIMIT_ARGS -DCONFIG_BUF_LEN=65536 -DMAX_DOMAINS_F=21 -DMAX_HISTORY=25 -DNMM_NEST=0 -DWRF_CHEM -DBUILD_CHEM=1 -DWRF_KPP -I. -traditional   module_sf_mynn.F  > module_sf_mynn.bb
/global/scratch/azare/Josh/WRFV3/tools/standard.exe module_sf_mynn.bb | /lib/cpp -C -P > module_sf_mynn.f90
rm -f module_sf_mynn.b module_sf_mynn.bb
mpif90 -f90=ifort -o module_sf_mynn.o -c -O2 -ip -fp-model precise -w -ftz -align all -fno-alias -FR -convert big_endian    -I../dyn_em -I../dyn_nmm   -I/global/scratch/azare/Josh/WRFV3/external/esmf_time_f90  -I/global/scratch/azare/Josh/WRFV3/main -I/global/scratch/azare/Josh/WRFV3/external/io_netcdf -I/global/scratch/azare/Josh/WRFV3/external/io_int -I/global/scratch/azare/Josh/WRFV3/frame -I/global/scratch/azare/Josh/WRFV3/share -I/global/scratch/azare/Josh/WRFV3/phys -I/global/scratch/azare/Josh/WRFV3/chem -I/global/scratch/azare/Josh/WRFV3/inc -I/global/software/sl-6.x86_64/modules/intel/2013_sp1.4.211/netcdf/4.3.2-intel-p/include  -i4  module_sf_mynn.f90
rm -f module_sf_fogdes.o
/lib/cpp -C -P -I/global/scratch/azare/Josh/WRFV3/inc -DEM_CORE=1 -DNMM_CORE=0 -DNMM_MAX_DIM=2600 -DCOAMPS_CORE=0 -DDA_CORE=0 -DEXP_CORE=0 -DIWORDSIZE=4 -DDWORDSIZE=8 -DRWORDSIZE=4 -DLWORDSIZE=4 -DNONSTANDARD_SYSTEM_FUNC -DWRF_USE_CLM  -DDM_PARALLEL -DNETCDF -DUSE_ALLOCATABLES -DGRIB1 -DINTIO -DLIMIT_ARGS -DCONFIG_BUF_LEN=65536 -DMAX_DOMAINS_F=21 -DMAX_HISTORY=25 -DNMM_NEST=0 -DWRF_CHEM -DBUILD_CHEM=1 -DWRF_KPP -I. -traditional   module_sf_fogdes.F  > module_sf_fogdes.bb
/global/scratch/azare/Josh/WRFV3/tools/standard.exe module_sf_fogdes.bb | /lib/cpp -C -P > module_sf_fogdes.f90
rm -f module_sf_fogdes.b module_sf_fogdes.bb
mpif90 -f90=ifort -o module_sf_fogdes.o -c -O2 -ip -fp-model precise -w -ftz -align all -fno-alias -FR -convert big_endian    -I../dyn_em -I../dyn_nmm   -I/global/scratch/azare/Josh/WRFV3/external/esmf_time_f90  -I/global/scratch/azare/Josh/WRFV3/main -I/global/scratch/azare/Josh/WRFV3/external/io_netcdf -I/global/scratch/azare/Josh/WRFV3/external/io_int -I/global/scratch/azare/Josh/WRFV3/frame -I/global/scratch/azare/Josh/WRFV3/share -I/global/scratch/azare/Josh/WRFV3/phys -I/global/scratch/azare/Josh/WRFV3/chem -I/global/scratch/azare/Josh/WRFV3/inc -I/global/software/sl-6.x86_64/modules/intel/2013_sp1.4.211/netcdf/4.3.2-intel-p/include  -i4  module_sf_fogdes.f90
rm -f module_sf_pxsfclay.o
/lib/cpp -C -P -I/global/scratch/azare/Josh/WRFV3/inc -DEM_CORE=1 -DNMM_CORE=0 -DNMM_MAX_DIM=2600 -DCOAMPS_CORE=0 -DDA_CORE=0 -DEXP_CORE=0 -DIWORDSIZE=4 -DDWORDSIZE=8 -DRWORDSIZE=4 -DLWORDSIZE=4 -DNONSTANDARD_SYSTEM_FUNC -DWRF_USE_CLM  -DDM_PARALLEL -DNETCDF -DUSE_ALLOCATABLES -DGRIB1 -DINTIO -DLIMIT_ARGS -DCONFIG_BUF_LEN=65536 -DMAX_DOMAINS_F=21 -DMAX_HISTORY=25 -DNMM_NEST=0 -DWRF_CHEM -DBUILD_CHEM=1 -DWRF_KPP -I. -traditional   module_sf_pxsfclay.F  > module_sf_pxsfclay.bb
/global/scratch/azare/Josh/WRFV3/tools/standard.exe module_sf_pxsfclay.bb | /lib/cpp -C -P > module_sf_pxsfclay.f90
rm -f module_sf_pxsfclay.b module_sf_pxsfclay.bb
mpif90 -f90=ifort -o module_sf_pxsfclay.o -c -O2 -ip -fp-model precise -w -ftz -align all -fno-alias -FR -convert big_endian    -I../dyn_em -I../dyn_nmm   -I/global/scratch/azare/Josh/WRFV3/external/esmf_time_f90  -I/global/scratch/azare/Josh/WRFV3/main -I/global/scratch/azare/Josh/WRFV3/external/io_netcdf -I/global/scratch/azare/Josh/WRFV3/external/io_int -I/global/scratch/azare/Josh/WRFV3/frame -I/global/scratch/azare/Josh/WRFV3/share -I/global/scratch/azare/Josh/WRFV3/phys -I/global/scratch/azare/Josh/WRFV3/chem -I/global/scratch/azare/Josh/WRFV3/inc -I/global/software/sl-6.x86_64/modules/intel/2013_sp1.4.211/netcdf/4.3.2-intel-p/include  -i4  module_sf_pxsfclay.f90
rm -f module_sf_temfsfclay.o
/lib/cpp -C -P -I/global/scratch/azare/Josh/WRFV3/inc -DEM_CORE=1 -DNMM_CORE=0 -DNMM_MAX_DIM=2600 -DCOAMPS_CORE=0 -DDA_CORE=0 -DEXP_CORE=0 -DIWORDSIZE=4 -DDWORDSIZE=8 -DRWORDSIZE=4 -DLWORDSIZE=4 -DNONSTANDARD_SYSTEM_FUNC -DWRF_USE_CLM  -DDM_PARALLEL -DNETCDF -DUSE_ALLOCATABLES -DGRIB1 -DINTIO -DLIMIT_ARGS -DCONFIG_BUF_LEN=65536 -DMAX_DOMAINS_F=21 -DMAX_HISTORY=25 -DNMM_NEST=0 -DWRF_CHEM -DBUILD_CHEM=1 -DWRF_KPP -I. -traditional   module_sf_temfsfclay.F  > module_sf_temfsfclay.bb
/global/scratch/azare/Josh/WRFV3/tools/standard.exe module_sf_temfsfclay.bb | /lib/cpp -C -P > module_sf_temfsfclay.f90
rm -f module_sf_temfsfclay.b module_sf_temfsfclay.bb
mpif90 -f90=ifort -o module_sf_temfsfclay.o -c -O2 -ip -fp-model precise -w -ftz -align all -fno-alias -FR -convert big_endian    -I../dyn_em -I../dyn_nmm   -I/global/scratch/azare/Josh/WRFV3/external/esmf_time_f90  -I/global/scratch/azare/Josh/WRFV3/main -I/global/scratch/azare/Josh/WRFV3/external/io_netcdf -I/global/scratch/azare/Josh/WRFV3/external/io_int -I/global/scratch/azare/Josh/WRFV3/frame -I/global/scratch/azare/Josh/WRFV3/share -I/global/scratch/azare/Josh/WRFV3/phys -I/global/scratch/azare/Josh/WRFV3/chem -I/global/scratch/azare/Josh/WRFV3/inc -I/global/software/sl-6.x86_64/modules/intel/2013_sp1.4.211/netcdf/4.3.2-intel-p/include  -i4  module_sf_temfsfclay.f90
rm -f module_sf_idealscmsfclay.o
/lib/cpp -C -P -I/global/scratch/azare/Josh/WRFV3/inc -DEM_CORE=1 -DNMM_CORE=0 -DNMM_MAX_DIM=2600 -DCOAMPS_CORE=0 -DDA_CORE=0 -DEXP_CORE=0 -DIWORDSIZE=4 -DDWORDSIZE=8 -DRWORDSIZE=4 -DLWORDSIZE=4 -DNONSTANDARD_SYSTEM_FUNC -DWRF_USE_CLM  -DDM_PARALLEL -DNETCDF -DUSE_ALLOCATABLES -DGRIB1 -DINTIO -DLIMIT_ARGS -DCONFIG_BUF_LEN=65536 -DMAX_DOMAINS_F=21 -DMAX_HISTORY=25 -DNMM_NEST=0 -DWRF_CHEM -DBUILD_CHEM=1 -DWRF_KPP -I. -traditional   module_sf_idealscmsfclay.F  > module_sf_idealscmsfclay.bb
/global/scratch/azare/Josh/WRFV3/tools/standard.exe module_sf_idealscmsfclay.bb | /lib/cpp -C -P > module_sf_idealscmsfclay.f90
rm -f module_sf_idealscmsfclay.b module_sf_idealscmsfclay.bb
mpif90 -f90=ifort -o module_sf_idealscmsfclay.o -c -O2 -ip -fp-model precise -w -ftz -align all -fno-alias -FR -convert big_endian    -I../dyn_em -I../dyn_nmm   -I/global/scratch/azare/Josh/WRFV3/external/esmf_time_f90  -I/global/scratch/azare/Josh/WRFV3/main -I/global/scratch/azare/Josh/WRFV3/external/io_netcdf -I/global/scratch/azare/Josh/WRFV3/external/io_int -I/global/scratch/azare/Josh/WRFV3/frame -I/global/scratch/azare/Josh/WRFV3/share -I/global/scratch/azare/Josh/WRFV3/phys -I/global/scratch/azare/Josh/WRFV3/chem -I/global/scratch/azare/Josh/WRFV3/inc -I/global/software/sl-6.x86_64/modules/intel/2013_sp1.4.211/netcdf/4.3.2-intel-p/include  -i4  module_sf_idealscmsfclay.f90
rm -f module_sf_scmflux.o
/lib/cpp -C -P -I/global/scratch/azare/Josh/WRFV3/inc -DEM_CORE=1 -DNMM_CORE=0 -DNMM_MAX_DIM=2600 -DCOAMPS_CORE=0 -DDA_CORE=0 -DEXP_CORE=0 -DIWORDSIZE=4 -DDWORDSIZE=8 -DRWORDSIZE=4 -DLWORDSIZE=4 -DNONSTANDARD_SYSTEM_FUNC -DWRF_USE_CLM  -DDM_PARALLEL -DNETCDF -DUSE_ALLOCATABLES -DGRIB1 -DINTIO -DLIMIT_ARGS -DCONFIG_BUF_LEN=65536 -DMAX_DOMAINS_F=21 -DMAX_HISTORY=25 -DNMM_NEST=0 -DWRF_CHEM -DBUILD_CHEM=1 -DWRF_KPP -I. -traditional   module_sf_scmflux.F  > module_sf_scmflux.bb
/global/scratch/azare/Josh/WRFV3/tools/standard.exe module_sf_scmflux.bb | /lib/cpp -C -P > module_sf_scmflux.f90
rm -f module_sf_scmflux.b module_sf_scmflux.bb
mpif90 -f90=ifort -o module_sf_scmflux.o -c -O2 -ip -fp-model precise -w -ftz -align all -fno-alias -FR -convert big_endian    -I../dyn_em -I../dyn_nmm   -I/global/scratch/azare/Josh/WRFV3/external/esmf_time_f90  -I/global/scratch/azare/Josh/WRFV3/main -I/global/scratch/azare/Josh/WRFV3/external/io_netcdf -I/global/scratch/azare/Josh/WRFV3/external/io_int -I/global/scratch/azare/Josh/WRFV3/frame -I/global/scratch/azare/Josh/WRFV3/share -I/global/scratch/azare/Josh/WRFV3/phys -I/global/scratch/azare/Josh/WRFV3/chem -I/global/scratch/azare/Josh/WRFV3/inc -I/global/software/sl-6.x86_64/modules/intel/2013_sp1.4.211/netcdf/4.3.2-intel-p/include  -i4  module_sf_scmflux.f90
rm -f module_sf_scmskintemp.o
/lib/cpp -C -P -I/global/scratch/azare/Josh/WRFV3/inc -DEM_CORE=1 -DNMM_CORE=0 -DNMM_MAX_DIM=2600 -DCOAMPS_CORE=0 -DDA_CORE=0 -DEXP_CORE=0 -DIWORDSIZE=4 -DDWORDSIZE=8 -DRWORDSIZE=4 -DLWORDSIZE=4 -DNONSTANDARD_SYSTEM_FUNC -DWRF_USE_CLM  -DDM_PARALLEL -DNETCDF -DUSE_ALLOCATABLES -DGRIB1 -DINTIO -DLIMIT_ARGS -DCONFIG_BUF_LEN=65536 -DMAX_DOMAINS_F=21 -DMAX_HISTORY=25 -DNMM_NEST=0 -DWRF_CHEM -DBUILD_CHEM=1 -DWRF_KPP -I. -traditional   module_sf_scmskintemp.F  > module_sf_scmskintemp.bb
/global/scratch/azare/Josh/WRFV3/tools/standard.exe module_sf_scmskintemp.bb | /lib/cpp -C -P > module_sf_scmskintemp.f90
rm -f module_sf_scmskintemp.b module_sf_scmskintemp.bb
mpif90 -f90=ifort -o module_sf_scmskintemp.o -c -O2 -ip -fp-model precise -w -ftz -align all -fno-alias -FR -convert big_endian    -I../dyn_em -I../dyn_nmm   -I/global/scratch/azare/Josh/WRFV3/external/esmf_time_f90  -I/global/scratch/azare/Josh/WRFV3/main -I/global/scratch/azare/Josh/WRFV3/external/io_netcdf -I/global/scratch/azare/Josh/WRFV3/external/io_int -I/global/scratch/azare/Josh/WRFV3/frame -I/global/scratch/azare/Josh/WRFV3/share -I/global/scratch/azare/Josh/WRFV3/phys -I/global/scratch/azare/Josh/WRFV3/chem -I/global/scratch/azare/Josh/WRFV3/inc -I/global/software/sl-6.x86_64/modules/intel/2013_sp1.4.211/netcdf/4.3.2-intel-p/include  -i4  module_sf_scmskintemp.f90
rm -f module_physics_addtendc.o
/lib/cpp -C -P -I/global/scratch/azare/Josh/WRFV3/inc -DEM_CORE=1 -DNMM_CORE=0 -DNMM_MAX_DIM=2600 -DCOAMPS_CORE=0 -DDA_CORE=0 -DEXP_CORE=0 -DIWORDSIZE=4 -DDWORDSIZE=8 -DRWORDSIZE=4 -DLWORDSIZE=4 -DNONSTANDARD_SYSTEM_FUNC -DWRF_USE_CLM  -DDM_PARALLEL -DNETCDF -DUSE_ALLOCATABLES -DGRIB1 -DINTIO -DLIMIT_ARGS -DCONFIG_BUF_LEN=65536 -DMAX_DOMAINS_F=21 -DMAX_HISTORY=25 -DNMM_NEST=0 -DWRF_CHEM -DBUILD_CHEM=1 -DWRF_KPP -I. -traditional   module_physics_addtendc.F  > module_physics_addtendc.bb
rm -f module_fdda_psufddagd.o
/lib/cpp -C -P -I/global/scratch/azare/Josh/WRFV3/inc -DEM_CORE=1 -DNMM_CORE=0 -DNMM_MAX_DIM=2600 -DCOAMPS_CORE=0 -DDA_CORE=0 -DEXP_CORE=0 -DIWORDSIZE=4 -DDWORDSIZE=8 -DRWORDSIZE=4 -DLWORDSIZE=4 -DNONSTANDARD_SYSTEM_FUNC -DWRF_USE_CLM  -DDM_PARALLEL -DNETCDF -DUSE_ALLOCATABLES -DGRIB1 -DINTIO -DLIMIT_ARGS -DCONFIG_BUF_LEN=65536 -DMAX_DOMAINS_F=21 -DMAX_HISTORY=25 -DNMM_NEST=0 -DWRF_CHEM -DBUILD_CHEM=1 -DWRF_KPP -I. -traditional   module_fdda_psufddagd.F  > module_fdda_psufddagd.bb
/global/scratch/azare/Josh/WRFV3/tools/standard.exe module_physics_addtendc.bb | /lib/cpp -C -P > module_physics_addtendc.f90
/global/scratch/azare/Josh/WRFV3/tools/standard.exe module_fdda_psufddagd.bb | /lib/cpp -C -P > module_fdda_psufddagd.f90
rm -f module_physics_addtendc.b module_physics_addtendc.bb
rm -f module_fdda_psufddagd.b module_fdda_psufddagd.bb
mpif90 -f90=ifort -o module_physics_addtendc.o -c -O2 -ip -fp-model precise -w -ftz -align all -fno-alias -FR -convert big_endian    -I../dyn_em -I../dyn_nmm   -I/global/scratch/azare/Josh/WRFV3/external/esmf_time_f90  -I/global/scratch/azare/Josh/WRFV3/main -I/global/scratch/azare/Josh/WRFV3/external/io_netcdf -I/global/scratch/azare/Josh/WRFV3/external/io_int -I/global/scratch/azare/Josh/WRFV3/frame -I/global/scratch/azare/Josh/WRFV3/share -I/global/scratch/azare/Josh/WRFV3/phys -I/global/scratch/azare/Josh/WRFV3/chem -I/global/scratch/azare/Josh/WRFV3/inc -I/global/software/sl-6.x86_64/modules/intel/2013_sp1.4.211/netcdf/4.3.2-intel-p/include  -i4  module_physics_addtendc.f90
mpif90 -f90=ifort -o module_fdda_psufddagd.o -c -O2 -ip -fp-model precise -w -ftz -align all -fno-alias -FR -convert big_endian    -I../dyn_em -I../dyn_nmm   -I/global/scratch/azare/Josh/WRFV3/external/esmf_time_f90  -I/global/scratch/azare/Josh/WRFV3/main -I/global/scratch/azare/Josh/WRFV3/external/io_netcdf -I/global/scratch/azare/Josh/WRFV3/external/io_int -I/global/scratch/azare/Josh/WRFV3/frame -I/global/scratch/azare/Josh/WRFV3/share -I/global/scratch/azare/Josh/WRFV3/phys -I/global/scratch/azare/Josh/WRFV3/chem -I/global/scratch/azare/Josh/WRFV3/inc -I/global/software/sl-6.x86_64/modules/intel/2013_sp1.4.211/netcdf/4.3.2-intel-p/include  -i4  module_fdda_psufddagd.f90
rm -f module_fdda_spnudging.o
/lib/cpp -C -P -I/global/scratch/azare/Josh/WRFV3/inc -DEM_CORE=1 -DNMM_CORE=0 -DNMM_MAX_DIM=2600 -DCOAMPS_CORE=0 -DDA_CORE=0 -DEXP_CORE=0 -DIWORDSIZE=4 -DDWORDSIZE=8 -DRWORDSIZE=4 -DLWORDSIZE=4 -DNONSTANDARD_SYSTEM_FUNC -DWRF_USE_CLM  -DDM_PARALLEL -DNETCDF -DUSE_ALLOCATABLES -DGRIB1 -DINTIO -DLIMIT_ARGS -DCONFIG_BUF_LEN=65536 -DMAX_DOMAINS_F=21 -DMAX_HISTORY=25 -DNMM_NEST=0 -DWRF_CHEM -DBUILD_CHEM=1 -DWRF_KPP -I. -traditional   module_fdda_spnudging.F  > module_fdda_spnudging.bb
/global/scratch/azare/Josh/WRFV3/tools/standard.exe module_fdda_spnudging.bb | /lib/cpp -C -P > module_fdda_spnudging.f90
rm -f module_fdda_spnudging.b module_fdda_spnudging.bb
mpif90 -f90=ifort -o module_fdda_spnudging.o -c -O2 -ip -fp-model precise -w -ftz -align all -fno-alias -FR -convert big_endian    -I../dyn_em -I../dyn_nmm   -I/global/scratch/azare/Josh/WRFV3/external/esmf_time_f90  -I/global/scratch/azare/Josh/WRFV3/main -I/global/scratch/azare/Josh/WRFV3/external/io_netcdf -I/global/scratch/azare/Josh/WRFV3/external/io_int -I/global/scratch/azare/Josh/WRFV3/frame -I/global/scratch/azare/Josh/WRFV3/share -I/global/scratch/azare/Josh/WRFV3/phys -I/global/scratch/azare/Josh/WRFV3/chem -I/global/scratch/azare/Josh/WRFV3/inc -I/global/software/sl-6.x86_64/modules/intel/2013_sp1.4.211/netcdf/4.3.2-intel-p/include  -i4  module_fdda_spnudging.f90
rm -f module_fddaobs_rtfdda.o
/global/scratch/azare/Josh/WRFV3/tools/standard.exe module_fddaobs_rtfdda.F > module_fddaobs_rtfdda.b 
/lib/cpp -C -P -I/global/scratch/azare/Josh/WRFV3/inc -DEM_CORE=1 -DNMM_CORE=0 -DNMM_MAX_DIM=2600 -DCOAMPS_CORE=0 -DDA_CORE=0 -DEXP_CORE=0 -DIWORDSIZE=4 -DDWORDSIZE=8 -DRWORDSIZE=4 -DLWORDSIZE=4 -DNONSTANDARD_SYSTEM_FUNC -DWRF_USE_CLM  -DDM_PARALLEL -DNETCDF -DUSE_ALLOCATABLES -DGRIB1 -DINTIO -DLIMIT_ARGS -DCONFIG_BUF_LEN=65536 -DMAX_DOMAINS_F=21 -DMAX_HISTORY=25 -DNMM_NEST=0 -DWRF_CHEM -DBUILD_CHEM=1 -DWRF_KPP -I. -traditional   module_fddaobs_rtfdda.b  > module_fddaobs_rtfdda.f90
rm -f module_fddaobs_rtfdda.b
if fgrep -iq '!$OMP' module_fddaobs_rtfdda.f90 ; then \
          if [ -n "" ] ; then echo COMPILING module_fddaobs_rtfdda.F WITH OMP ; fi ; \
	  mpif90 -f90=ifort -c -i4 -O0 -fno-inline -fno-ip -ip -fp-model precise -w -ftz -align all -fno-alias -FR -convert big_endian   -I../dyn_em -I../dyn_nmm   -I/global/scratch/azare/Josh/WRFV3/external/esmf_time_f90  -I/global/scratch/azare/Josh/WRFV3/main -I/global/scratch/azare/Josh/WRFV3/external/io_netcdf -I/global/scratch/azare/Josh/WRFV3/external/io_int -I/global/scratch/azare/Josh/WRFV3/frame -I/global/scratch/azare/Josh/WRFV3/share -I/global/scratch/azare/Josh/WRFV3/phys -I/global/scratch/azare/Josh/WRFV3/chem -I/global/scratch/azare/Josh/WRFV3/inc -I/global/software/sl-6.x86_64/modules/intel/2013_sp1.4.211/netcdf/4.3.2-intel-p/include    module_fddaobs_rtfdda.f90 ; \
        else \
          if [ -n "" ] ; then echo COMPILING module_fddaobs_rtfdda.F WITHOUT OMP ; fi ; \
	  mpif90 -f90=ifort -c -i4 -O0 -fno-inline -fno-ip -ip -fp-model precise -w -ftz -align all -fno-alias -FR -convert big_endian   -I../dyn_em -I../dyn_nmm   -I/global/scratch/azare/Josh/WRFV3/external/esmf_time_f90  -I/global/scratch/azare/Josh/WRFV3/main -I/global/scratch/azare/Josh/WRFV3/external/io_netcdf -I/global/scratch/azare/Josh/WRFV3/external/io_int -I/global/scratch/azare/Josh/WRFV3/frame -I/global/scratch/azare/Josh/WRFV3/share -I/global/scratch/azare/Josh/WRFV3/phys -I/global/scratch/azare/Josh/WRFV3/chem -I/global/scratch/azare/Josh/WRFV3/inc -I/global/software/sl-6.x86_64/modules/intel/2013_sp1.4.211/netcdf/4.3.2-intel-p/include   module_fddaobs_rtfdda.f90 ; \
        fi
rm -f module_wind_generic.o
/lib/cpp -C -P -I/global/scratch/azare/Josh/WRFV3/inc -DEM_CORE=1 -DNMM_CORE=0 -DNMM_MAX_DIM=2600 -DCOAMPS_CORE=0 -DDA_CORE=0 -DEXP_CORE=0 -DIWORDSIZE=4 -DDWORDSIZE=8 -DRWORDSIZE=4 -DLWORDSIZE=4 -DNONSTANDARD_SYSTEM_FUNC -DWRF_USE_CLM  -DDM_PARALLEL -DNETCDF -DUSE_ALLOCATABLES -DGRIB1 -DINTIO -DLIMIT_ARGS -DCONFIG_BUF_LEN=65536 -DMAX_DOMAINS_F=21 -DMAX_HISTORY=25 -DNMM_NEST=0 -DWRF_CHEM -DBUILD_CHEM=1 -DWRF_KPP -I. -traditional   module_wind_generic.F  > module_wind_generic.bb
/global/scratch/azare/Josh/WRFV3/tools/standard.exe module_wind_generic.bb | /lib/cpp -C -P > module_wind_generic.f90
rm -f module_wind_generic.b module_wind_generic.bb
mpif90 -f90=ifort -o module_wind_generic.o -c -O2 -ip -fp-model precise -w -ftz -align all -fno-alias -FR -convert big_endian    -I../dyn_em -I../dyn_nmm   -I/global/scratch/azare/Josh/WRFV3/external/esmf_time_f90  -I/global/scratch/azare/Josh/WRFV3/main -I/global/scratch/azare/Josh/WRFV3/external/io_netcdf -I/global/scratch/azare/Josh/WRFV3/external/io_int -I/global/scratch/azare/Josh/WRFV3/frame -I/global/scratch/azare/Josh/WRFV3/share -I/global/scratch/azare/Josh/WRFV3/phys -I/global/scratch/azare/Josh/WRFV3/chem -I/global/scratch/azare/Josh/WRFV3/inc -I/global/software/sl-6.x86_64/modules/intel/2013_sp1.4.211/netcdf/4.3.2-intel-p/include  -i4  module_wind_generic.f90
rm -f module_microphysics_zero_out.o
/lib/cpp -C -P -I/global/scratch/azare/Josh/WRFV3/inc -DEM_CORE=1 -DNMM_CORE=0 -DNMM_MAX_DIM=2600 -DCOAMPS_CORE=0 -DDA_CORE=0 -DEXP_CORE=0 -DIWORDSIZE=4 -DDWORDSIZE=8 -DRWORDSIZE=4 -DLWORDSIZE=4 -DNONSTANDARD_SYSTEM_FUNC -DWRF_USE_CLM  -DDM_PARALLEL -DNETCDF -DUSE_ALLOCATABLES -DGRIB1 -DINTIO -DLIMIT_ARGS -DCONFIG_BUF_LEN=65536 -DMAX_DOMAINS_F=21 -DMAX_HISTORY=25 -DNMM_NEST=0 -DWRF_CHEM -DBUILD_CHEM=1 -DWRF_KPP -I. -traditional   module_microphysics_zero_out.F  > module_microphysics_zero_out.bb
/global/scratch/azare/Josh/WRFV3/tools/standard.exe module_microphysics_zero_out.bb | /lib/cpp -C -P > module_microphysics_zero_out.f90
rm -f module_microphysics_zero_out.b module_microphysics_zero_out.bb
mpif90 -f90=ifort -o module_microphysics_zero_out.o -c -O2 -ip -fp-model precise -w -ftz -align all -fno-alias -FR -convert big_endian    -I../dyn_em -I../dyn_nmm   -I/global/scratch/azare/Josh/WRFV3/external/esmf_time_f90  -I/global/scratch/azare/Josh/WRFV3/main -I/global/scratch/azare/Josh/WRFV3/external/io_netcdf -I/global/scratch/azare/Josh/WRFV3/external/io_int -I/global/scratch/azare/Josh/WRFV3/frame -I/global/scratch/azare/Josh/WRFV3/share -I/global/scratch/azare/Josh/WRFV3/phys -I/global/scratch/azare/Josh/WRFV3/chem -I/global/scratch/azare/Josh/WRFV3/inc -I/global/software/sl-6.x86_64/modules/intel/2013_sp1.4.211/netcdf/4.3.2-intel-p/include  -i4  module_microphysics_zero_out.f90
rm -f module_diagnostics.o
/lib/cpp -C -P -I/global/scratch/azare/Josh/WRFV3/inc -DEM_CORE=1 -DNMM_CORE=0 -DNMM_MAX_DIM=2600 -DCOAMPS_CORE=0 -DDA_CORE=0 -DEXP_CORE=0 -DIWORDSIZE=4 -DDWORDSIZE=8 -DRWORDSIZE=4 -DLWORDSIZE=4 -DNONSTANDARD_SYSTEM_FUNC -DWRF_USE_CLM  -DDM_PARALLEL -DNETCDF -DUSE_ALLOCATABLES -DGRIB1 -DINTIO -DLIMIT_ARGS -DCONFIG_BUF_LEN=65536 -DMAX_DOMAINS_F=21 -DMAX_HISTORY=25 -DNMM_NEST=0 -DWRF_CHEM -DBUILD_CHEM=1 -DWRF_KPP -I. -traditional   module_diagnostics.F  > module_diagnostics.bb
/global/scratch/azare/Josh/WRFV3/tools/standard.exe module_diagnostics.bb | /lib/cpp -C -P > module_diagnostics.f90
rm -f module_diagnostics.b module_diagnostics.bb
mpif90 -f90=ifort -o module_diagnostics.o -c -O2 -ip -fp-model precise -w -ftz -align all -fno-alias -FR -convert big_endian    -I../dyn_em -I../dyn_nmm   -I/global/scratch/azare/Josh/WRFV3/external/esmf_time_f90  -I/global/scratch/azare/Josh/WRFV3/main -I/global/scratch/azare/Josh/WRFV3/external/io_netcdf -I/global/scratch/azare/Josh/WRFV3/external/io_int -I/global/scratch/azare/Josh/WRFV3/frame -I/global/scratch/azare/Josh/WRFV3/share -I/global/scratch/azare/Josh/WRFV3/phys -I/global/scratch/azare/Josh/WRFV3/chem -I/global/scratch/azare/Josh/WRFV3/inc -I/global/software/sl-6.x86_64/modules/intel/2013_sp1.4.211/netcdf/4.3.2-intel-p/include  -i4  module_diagnostics.f90
rm -f module_ltng_crmpr92.o
/lib/cpp -C -P -I/global/scratch/azare/Josh/WRFV3/inc -DEM_CORE=1 -DNMM_CORE=0 -DNMM_MAX_DIM=2600 -DCOAMPS_CORE=0 -DDA_CORE=0 -DEXP_CORE=0 -DIWORDSIZE=4 -DDWORDSIZE=8 -DRWORDSIZE=4 -DLWORDSIZE=4 -DNONSTANDARD_SYSTEM_FUNC -DWRF_USE_CLM  -DDM_PARALLEL -DNETCDF -DUSE_ALLOCATABLES -DGRIB1 -DINTIO -DLIMIT_ARGS -DCONFIG_BUF_LEN=65536 -DMAX_DOMAINS_F=21 -DMAX_HISTORY=25 -DNMM_NEST=0 -DWRF_CHEM -DBUILD_CHEM=1 -DWRF_KPP -I. -traditional   module_ltng_crmpr92.F  > module_ltng_crmpr92.bb
/global/scratch/azare/Josh/WRFV3/tools/standard.exe module_ltng_crmpr92.bb | /lib/cpp -C -P > module_ltng_crmpr92.f90
rm -f module_ltng_crmpr92.b module_ltng_crmpr92.bb
mpif90 -f90=ifort -o module_ltng_crmpr92.o -c -O2 -ip -fp-model precise -w -ftz -align all -fno-alias -FR -convert big_endian    -I../dyn_em -I../dyn_nmm   -I/global/scratch/azare/Josh/WRFV3/external/esmf_time_f90  -I/global/scratch/azare/Josh/WRFV3/main -I/global/scratch/azare/Josh/WRFV3/external/io_netcdf -I/global/scratch/azare/Josh/WRFV3/external/io_int -I/global/scratch/azare/Josh/WRFV3/frame -I/global/scratch/azare/Josh/WRFV3/share -I/global/scratch/azare/Josh/WRFV3/phys -I/global/scratch/azare/Josh/WRFV3/chem -I/global/scratch/azare/Josh/WRFV3/inc -I/global/software/sl-6.x86_64/modules/intel/2013_sp1.4.211/netcdf/4.3.2-intel-p/include  -i4  module_ltng_crmpr92.f90
rm -f module_ltng_cpmpr92z.o
/lib/cpp -C -P -I/global/scratch/azare/Josh/WRFV3/inc -DEM_CORE=1 -DNMM_CORE=0 -DNMM_MAX_DIM=2600 -DCOAMPS_CORE=0 -DDA_CORE=0 -DEXP_CORE=0 -DIWORDSIZE=4 -DDWORDSIZE=8 -DRWORDSIZE=4 -DLWORDSIZE=4 -DNONSTANDARD_SYSTEM_FUNC -DWRF_USE_CLM  -DDM_PARALLEL -DNETCDF -DUSE_ALLOCATABLES -DGRIB1 -DINTIO -DLIMIT_ARGS -DCONFIG_BUF_LEN=65536 -DMAX_DOMAINS_F=21 -DMAX_HISTORY=25 -DNMM_NEST=0 -DWRF_CHEM -DBUILD_CHEM=1 -DWRF_KPP -I. -traditional   module_ltng_cpmpr92z.F  > module_ltng_cpmpr92z.bb
/global/scratch/azare/Josh/WRFV3/tools/standard.exe module_ltng_cpmpr92z.bb | /lib/cpp -C -P > module_ltng_cpmpr92z.f90
rm -f module_ltng_cpmpr92z.b module_ltng_cpmpr92z.bb
mpif90 -f90=ifort -o module_ltng_cpmpr92z.o -c -O2 -ip -fp-model precise -w -ftz -align all -fno-alias -FR -convert big_endian    -I../dyn_em -I../dyn_nmm   -I/global/scratch/azare/Josh/WRFV3/external/esmf_time_f90  -I/global/scratch/azare/Josh/WRFV3/main -I/global/scratch/azare/Josh/WRFV3/external/io_netcdf -I/global/scratch/azare/Josh/WRFV3/external/io_int -I/global/scratch/azare/Josh/WRFV3/frame -I/global/scratch/azare/Josh/WRFV3/share -I/global/scratch/azare/Josh/WRFV3/phys -I/global/scratch/azare/Josh/WRFV3/chem -I/global/scratch/azare/Josh/WRFV3/inc -I/global/software/sl-6.x86_64/modules/intel/2013_sp1.4.211/netcdf/4.3.2-intel-p/include  -i4  module_ltng_cpmpr92z.f90
rm -f module_ltng_iccg.o
/lib/cpp -C -P -I/global/scratch/azare/Josh/WRFV3/inc -DEM_CORE=1 -DNMM_CORE=0 -DNMM_MAX_DIM=2600 -DCOAMPS_CORE=0 -DDA_CORE=0 -DEXP_CORE=0 -DIWORDSIZE=4 -DDWORDSIZE=8 -DRWORDSIZE=4 -DLWORDSIZE=4 -DNONSTANDARD_SYSTEM_FUNC -DWRF_USE_CLM  -DDM_PARALLEL -DNETCDF -DUSE_ALLOCATABLES -DGRIB1 -DINTIO -DLIMIT_ARGS -DCONFIG_BUF_LEN=65536 -DMAX_DOMAINS_F=21 -DMAX_HISTORY=25 -DNMM_NEST=0 -DWRF_CHEM -DBUILD_CHEM=1 -DWRF_KPP -I. -traditional   module_ltng_iccg.F  > module_ltng_iccg.bb
/global/scratch/azare/Josh/WRFV3/tools/standard.exe module_ltng_iccg.bb | /lib/cpp -C -P > module_ltng_iccg.f90
rm -f module_ltng_iccg.b module_ltng_iccg.bb
mpif90 -f90=ifort -o module_ltng_iccg.o -c -O2 -ip -fp-model precise -w -ftz -align all -fno-alias -FR -convert big_endian    -I../dyn_em -I../dyn_nmm   -I/global/scratch/azare/Josh/WRFV3/external/esmf_time_f90  -I/global/scratch/azare/Josh/WRFV3/main -I/global/scratch/azare/Josh/WRFV3/external/io_netcdf -I/global/scratch/azare/Josh/WRFV3/external/io_int -I/global/scratch/azare/Josh/WRFV3/frame -I/global/scratch/azare/Josh/WRFV3/share -I/global/scratch/azare/Josh/WRFV3/phys -I/global/scratch/azare/Josh/WRFV3/chem -I/global/scratch/azare/Josh/WRFV3/inc -I/global/software/sl-6.x86_64/modules/intel/2013_sp1.4.211/netcdf/4.3.2-intel-p/include  -i4  module_ltng_iccg.f90
rm -f module_fddagd_driver.o
/lib/cpp -C -P -I/global/scratch/azare/Josh/WRFV3/inc -DEM_CORE=1 -DNMM_CORE=0 -DNMM_MAX_DIM=2600 -DCOAMPS_CORE=0 -DDA_CORE=0 -DEXP_CORE=0 -DIWORDSIZE=4 -DDWORDSIZE=8 -DRWORDSIZE=4 -DLWORDSIZE=4 -DNONSTANDARD_SYSTEM_FUNC -DWRF_USE_CLM  -DDM_PARALLEL -DNETCDF -DUSE_ALLOCATABLES -DGRIB1 -DINTIO -DLIMIT_ARGS -DCONFIG_BUF_LEN=65536 -DMAX_DOMAINS_F=21 -DMAX_HISTORY=25 -DNMM_NEST=0 -DWRF_CHEM -DBUILD_CHEM=1 -DWRF_KPP -I. -traditional   module_fddagd_driver.F  > module_fddagd_driver.bb
/global/scratch/azare/Josh/WRFV3/tools/standard.exe module_fddagd_driver.bb | /lib/cpp -C -P > module_fddagd_driver.f90
rm -f module_fddagd_driver.b module_fddagd_driver.bb
mpif90 -f90=ifort -o module_fddagd_driver.o -c -O2 -ip -fp-model precise -w -ftz -align all -fno-alias -FR -convert big_endian    -I../dyn_em -I../dyn_nmm   -I/global/scratch/azare/Josh/WRFV3/external/esmf_time_f90  -I/global/scratch/azare/Josh/WRFV3/main -I/global/scratch/azare/Josh/WRFV3/external/io_netcdf -I/global/scratch/azare/Josh/WRFV3/external/io_int -I/global/scratch/azare/Josh/WRFV3/frame -I/global/scratch/azare/Josh/WRFV3/share -I/global/scratch/azare/Josh/WRFV3/phys -I/global/scratch/azare/Josh/WRFV3/chem -I/global/scratch/azare/Josh/WRFV3/inc -I/global/software/sl-6.x86_64/modules/intel/2013_sp1.4.211/netcdf/4.3.2-intel-p/include  -i4  module_fddagd_driver.f90
rm -f module_fddaobs_driver.o
/lib/cpp -C -P -I/global/scratch/azare/Josh/WRFV3/inc -DEM_CORE=1 -DNMM_CORE=0 -DNMM_MAX_DIM=2600 -DCOAMPS_CORE=0 -DDA_CORE=0 -DEXP_CORE=0 -DIWORDSIZE=4 -DDWORDSIZE=8 -DRWORDSIZE=4 -DLWORDSIZE=4 -DNONSTANDARD_SYSTEM_FUNC -DWRF_USE_CLM  -DDM_PARALLEL -DNETCDF -DUSE_ALLOCATABLES -DGRIB1 -DINTIO -DLIMIT_ARGS -DCONFIG_BUF_LEN=65536 -DMAX_DOMAINS_F=21 -DMAX_HISTORY=25 -DNMM_NEST=0 -DWRF_CHEM -DBUILD_CHEM=1 -DWRF_KPP -I. -traditional   module_fddaobs_driver.F  > module_fddaobs_driver.bb
/global/scratch/azare/Josh/WRFV3/tools/standard.exe module_fddaobs_driver.bb | /lib/cpp -C -P > module_fddaobs_driver.f90
rm -f module_fddaobs_driver.b module_fddaobs_driver.bb
rm -f module_fr_fire_util.o
/lib/cpp -C -P -I/global/scratch/azare/Josh/WRFV3/inc -DEM_CORE=1 -DNMM_CORE=0 -DNMM_MAX_DIM=2600 -DCOAMPS_CORE=0 -DDA_CORE=0 -DEXP_CORE=0 -DIWORDSIZE=4 -DDWORDSIZE=8 -DRWORDSIZE=4 -DLWORDSIZE=4 -DNONSTANDARD_SYSTEM_FUNC -DWRF_USE_CLM  -DDM_PARALLEL -DNETCDF -DUSE_ALLOCATABLES -DGRIB1 -DINTIO -DLIMIT_ARGS -DCONFIG_BUF_LEN=65536 -DMAX_DOMAINS_F=21 -DMAX_HISTORY=25 -DNMM_NEST=0 -DWRF_CHEM -DBUILD_CHEM=1 -DWRF_KPP -I. -traditional   module_fr_fire_util.F  > module_fr_fire_util.bb
mpif90 -f90=ifort -o module_fddaobs_driver.o -c -O2 -ip -fp-model precise -w -ftz -align all -fno-alias -FR -convert big_endian    -I../dyn_em -I../dyn_nmm   -I/global/scratch/azare/Josh/WRFV3/external/esmf_time_f90  -I/global/scratch/azare/Josh/WRFV3/main -I/global/scratch/azare/Josh/WRFV3/external/io_netcdf -I/global/scratch/azare/Josh/WRFV3/external/io_int -I/global/scratch/azare/Josh/WRFV3/frame -I/global/scratch/azare/Josh/WRFV3/share -I/global/scratch/azare/Josh/WRFV3/phys -I/global/scratch/azare/Josh/WRFV3/chem -I/global/scratch/azare/Josh/WRFV3/inc -I/global/software/sl-6.x86_64/modules/intel/2013_sp1.4.211/netcdf/4.3.2-intel-p/include  -i4  module_fddaobs_driver.f90
/global/scratch/azare/Josh/WRFV3/tools/standard.exe module_fr_fire_util.bb | /lib/cpp -C -P > module_fr_fire_util.f90
rm -f module_fr_fire_util.b module_fr_fire_util.bb
mpif90 -f90=ifort -o module_fr_fire_util.o -c -O2 -ip -fp-model precise -w -ftz -align all -fno-alias -FR -convert big_endian    -I../dyn_em -I../dyn_nmm   -I/global/scratch/azare/Josh/WRFV3/external/esmf_time_f90  -I/global/scratch/azare/Josh/WRFV3/main -I/global/scratch/azare/Josh/WRFV3/external/io_netcdf -I/global/scratch/azare/Josh/WRFV3/external/io_int -I/global/scratch/azare/Josh/WRFV3/frame -I/global/scratch/azare/Josh/WRFV3/share -I/global/scratch/azare/Josh/WRFV3/phys -I/global/scratch/azare/Josh/WRFV3/chem -I/global/scratch/azare/Josh/WRFV3/inc -I/global/software/sl-6.x86_64/modules/intel/2013_sp1.4.211/netcdf/4.3.2-intel-p/include  -i4  module_fr_fire_util.f90
rm -f module_cam_support.o
/lib/cpp -C -P -I/global/scratch/azare/Josh/WRFV3/inc -DEM_CORE=1 -DNMM_CORE=0 -DNMM_MAX_DIM=2600 -DCOAMPS_CORE=0 -DDA_CORE=0 -DEXP_CORE=0 -DIWORDSIZE=4 -DDWORDSIZE=8 -DRWORDSIZE=4 -DLWORDSIZE=4 -DNONSTANDARD_SYSTEM_FUNC -DWRF_USE_CLM  -DDM_PARALLEL -DNETCDF -DUSE_ALLOCATABLES -DGRIB1 -DINTIO -DLIMIT_ARGS -DCONFIG_BUF_LEN=65536 -DMAX_DOMAINS_F=21 -DMAX_HISTORY=25 -DNMM_NEST=0 -DWRF_CHEM -DBUILD_CHEM=1 -DWRF_KPP -I. -traditional   module_cam_support.F  > module_cam_support.bb
/global/scratch/azare/Josh/WRFV3/tools/standard.exe module_cam_support.bb | /lib/cpp -C -P > module_cam_support.f90
rm -f module_cam_support.b module_cam_support.bb
mpif90 -f90=ifort -o module_cam_support.o -c -O2 -ip -fp-model precise -w -ftz -align all -fno-alias -FR -convert big_endian    -I../dyn_em -I../dyn_nmm   -I/global/scratch/azare/Josh/WRFV3/external/esmf_time_f90  -I/global/scratch/azare/Josh/WRFV3/main -I/global/scratch/azare/Josh/WRFV3/external/io_netcdf -I/global/scratch/azare/Josh/WRFV3/external/io_int -I/global/scratch/azare/Josh/WRFV3/frame -I/global/scratch/azare/Josh/WRFV3/share -I/global/scratch/azare/Josh/WRFV3/phys -I/global/scratch/azare/Josh/WRFV3/chem -I/global/scratch/azare/Josh/WRFV3/inc -I/global/software/sl-6.x86_64/modules/intel/2013_sp1.4.211/netcdf/4.3.2-intel-p/include  -i4  module_cam_support.f90
rm -f module_cam_shr_const_mod.o
/lib/cpp -C -P -I/global/scratch/azare/Josh/WRFV3/inc -DEM_CORE=1 -DNMM_CORE=0 -DNMM_MAX_DIM=2600 -DCOAMPS_CORE=0 -DDA_CORE=0 -DEXP_CORE=0 -DIWORDSIZE=4 -DDWORDSIZE=8 -DRWORDSIZE=4 -DLWORDSIZE=4 -DNONSTANDARD_SYSTEM_FUNC -DWRF_USE_CLM  -DDM_PARALLEL -DNETCDF -DUSE_ALLOCATABLES -DGRIB1 -DINTIO -DLIMIT_ARGS -DCONFIG_BUF_LEN=65536 -DMAX_DOMAINS_F=21 -DMAX_HISTORY=25 -DNMM_NEST=0 -DWRF_CHEM -DBUILD_CHEM=1 -DWRF_KPP -I. -traditional   module_cam_shr_const_mod.F  > module_cam_shr_const_mod.bb
/global/scratch/azare/Josh/WRFV3/tools/standard.exe module_cam_shr_const_mod.bb | /lib/cpp -C -P > module_cam_shr_const_mod.f90
rm -f module_cam_shr_const_mod.b module_cam_shr_const_mod.bb
mpif90 -f90=ifort -o module_cam_shr_const_mod.o -c -O2 -ip -fp-model precise -w -ftz -align all -fno-alias -FR -convert big_endian    -I../dyn_em -I../dyn_nmm   -I/global/scratch/azare/Josh/WRFV3/external/esmf_time_f90  -I/global/scratch/azare/Josh/WRFV3/main -I/global/scratch/azare/Josh/WRFV3/external/io_netcdf -I/global/scratch/azare/Josh/WRFV3/external/io_int -I/global/scratch/azare/Josh/WRFV3/frame -I/global/scratch/azare/Josh/WRFV3/share -I/global/scratch/azare/Josh/WRFV3/phys -I/global/scratch/azare/Josh/WRFV3/chem -I/global/scratch/azare/Josh/WRFV3/inc -I/global/software/sl-6.x86_64/modules/intel/2013_sp1.4.211/netcdf/4.3.2-intel-p/include  -i4  module_cam_shr_const_mod.f90
rm -f module_cam_trb_mtn_stress.o
/lib/cpp -C -P -I/global/scratch/azare/Josh/WRFV3/inc -DEM_CORE=1 -DNMM_CORE=0 -DNMM_MAX_DIM=2600 -DCOAMPS_CORE=0 -DDA_CORE=0 -DEXP_CORE=0 -DIWORDSIZE=4 -DDWORDSIZE=8 -DRWORDSIZE=4 -DLWORDSIZE=4 -DNONSTANDARD_SYSTEM_FUNC -DWRF_USE_CLM  -DDM_PARALLEL -DNETCDF -DUSE_ALLOCATABLES -DGRIB1 -DINTIO -DLIMIT_ARGS -DCONFIG_BUF_LEN=65536 -DMAX_DOMAINS_F=21 -DMAX_HISTORY=25 -DNMM_NEST=0 -DWRF_CHEM -DBUILD_CHEM=1 -DWRF_KPP -I. -traditional   module_cam_trb_mtn_stress.F  > module_cam_trb_mtn_stress.bb
/global/scratch/azare/Josh/WRFV3/tools/standard.exe module_cam_trb_mtn_stress.bb | /lib/cpp -C -P > module_cam_trb_mtn_stress.f90
rm -f module_cam_trb_mtn_stress.b module_cam_trb_mtn_stress.bb
mpif90 -f90=ifort -o module_cam_trb_mtn_stress.o -c -O2 -ip -fp-model precise -w -ftz -align all -fno-alias -FR -convert big_endian    -I../dyn_em -I../dyn_nmm   -I/global/scratch/azare/Josh/WRFV3/external/esmf_time_f90  -I/global/scratch/azare/Josh/WRFV3/main -I/global/scratch/azare/Josh/WRFV3/external/io_netcdf -I/global/scratch/azare/Josh/WRFV3/external/io_int -I/global/scratch/azare/Josh/WRFV3/frame -I/global/scratch/azare/Josh/WRFV3/share -I/global/scratch/azare/Josh/WRFV3/phys -I/global/scratch/azare/Josh/WRFV3/chem -I/global/scratch/azare/Josh/WRFV3/inc -I/global/software/sl-6.x86_64/modules/intel/2013_sp1.4.211/netcdf/4.3.2-intel-p/include  -i4  module_cam_trb_mtn_stress.f90
rm -f module_cam_upper_bc.o
/lib/cpp -C -P -I/global/scratch/azare/Josh/WRFV3/inc -DEM_CORE=1 -DNMM_CORE=0 -DNMM_MAX_DIM=2600 -DCOAMPS_CORE=0 -DDA_CORE=0 -DEXP_CORE=0 -DIWORDSIZE=4 -DDWORDSIZE=8 -DRWORDSIZE=4 -DLWORDSIZE=4 -DNONSTANDARD_SYSTEM_FUNC -DWRF_USE_CLM  -DDM_PARALLEL -DNETCDF -DUSE_ALLOCATABLES -DGRIB1 -DINTIO -DLIMIT_ARGS -DCONFIG_BUF_LEN=65536 -DMAX_DOMAINS_F=21 -DMAX_HISTORY=25 -DNMM_NEST=0 -DWRF_CHEM -DBUILD_CHEM=1 -DWRF_KPP -I. -traditional   module_cam_upper_bc.F  > module_cam_upper_bc.bb
/global/scratch/azare/Josh/WRFV3/tools/standard.exe module_cam_upper_bc.bb | /lib/cpp -C -P > module_cam_upper_bc.f90
rm -f module_cam_upper_bc.b module_cam_upper_bc.bb
mpif90 -f90=ifort -o module_cam_upper_bc.o -c -O2 -ip -fp-model precise -w -ftz -align all -fno-alias -FR -convert big_endian    -I../dyn_em -I../dyn_nmm   -I/global/scratch/azare/Josh/WRFV3/external/esmf_time_f90  -I/global/scratch/azare/Josh/WRFV3/main -I/global/scratch/azare/Josh/WRFV3/external/io_netcdf -I/global/scratch/azare/Josh/WRFV3/external/io_int -I/global/scratch/azare/Josh/WRFV3/frame -I/global/scratch/azare/Josh/WRFV3/share -I/global/scratch/azare/Josh/WRFV3/phys -I/global/scratch/azare/Josh/WRFV3/chem -I/global/scratch/azare/Josh/WRFV3/inc -I/global/software/sl-6.x86_64/modules/intel/2013_sp1.4.211/netcdf/4.3.2-intel-p/include  -i4  module_cam_upper_bc.f90
rm -f module_cam_bl_diffusion_solver.o
/lib/cpp -C -P -I/global/scratch/azare/Josh/WRFV3/inc -DEM_CORE=1 -DNMM_CORE=0 -DNMM_MAX_DIM=2600 -DCOAMPS_CORE=0 -DDA_CORE=0 -DEXP_CORE=0 -DIWORDSIZE=4 -DDWORDSIZE=8 -DRWORDSIZE=4 -DLWORDSIZE=4 -DNONSTANDARD_SYSTEM_FUNC -DWRF_USE_CLM  -DDM_PARALLEL -DNETCDF -DUSE_ALLOCATABLES -DGRIB1 -DINTIO -DLIMIT_ARGS -DCONFIG_BUF_LEN=65536 -DMAX_DOMAINS_F=21 -DMAX_HISTORY=25 -DNMM_NEST=0 -DWRF_CHEM -DBUILD_CHEM=1 -DWRF_KPP -I. -traditional   module_cam_bl_diffusion_solver.F  > module_cam_bl_diffusion_solver.bb
/global/scratch/azare/Josh/WRFV3/tools/standard.exe module_cam_bl_diffusion_solver.bb | /lib/cpp -C -P > module_cam_bl_diffusion_solver.f90
rm -f module_cam_mp_radconstants.o
/lib/cpp -C -P -I/global/scratch/azare/Josh/WRFV3/inc -DEM_CORE=1 -DNMM_CORE=0 -DNMM_MAX_DIM=2600 -DCOAMPS_CORE=0 -DDA_CORE=0 -DEXP_CORE=0 -DIWORDSIZE=4 -DDWORDSIZE=8 -DRWORDSIZE=4 -DLWORDSIZE=4 -DNONSTANDARD_SYSTEM_FUNC -DWRF_USE_CLM  -DDM_PARALLEL -DNETCDF -DUSE_ALLOCATABLES -DGRIB1 -DINTIO -DLIMIT_ARGS -DCONFIG_BUF_LEN=65536 -DMAX_DOMAINS_F=21 -DMAX_HISTORY=25 -DNMM_NEST=0 -DWRF_CHEM -DBUILD_CHEM=1 -DWRF_KPP -I. -traditional   module_cam_mp_radconstants.F  > module_cam_mp_radconstants.bb
rm -f module_cam_bl_diffusion_solver.b module_cam_bl_diffusion_solver.bb
mpif90 -f90=ifort -o module_cam_bl_diffusion_solver.o -c -O2 -ip -fp-model precise -w -ftz -align all -fno-alias -FR -convert big_endian    -I../dyn_em -I../dyn_nmm   -I/global/scratch/azare/Josh/WRFV3/external/esmf_time_f90  -I/global/scratch/azare/Josh/WRFV3/main -I/global/scratch/azare/Josh/WRFV3/external/io_netcdf -I/global/scratch/azare/Josh/WRFV3/external/io_int -I/global/scratch/azare/Josh/WRFV3/frame -I/global/scratch/azare/Josh/WRFV3/share -I/global/scratch/azare/Josh/WRFV3/phys -I/global/scratch/azare/Josh/WRFV3/chem -I/global/scratch/azare/Josh/WRFV3/inc -I/global/software/sl-6.x86_64/modules/intel/2013_sp1.4.211/netcdf/4.3.2-intel-p/include  -i4  module_cam_bl_diffusion_solver.f90
/global/scratch/azare/Josh/WRFV3/tools/standard.exe module_cam_mp_radconstants.bb | /lib/cpp -C -P > module_cam_mp_radconstants.f90
rm -f module_cam_mp_radconstants.b module_cam_mp_radconstants.bb
mpif90 -f90=ifort -o module_cam_mp_radconstants.o -c -O2 -ip -fp-model precise -w -ftz -align all -fno-alias -FR -convert big_endian    -I../dyn_em -I../dyn_nmm   -I/global/scratch/azare/Josh/WRFV3/external/esmf_time_f90  -I/global/scratch/azare/Josh/WRFV3/main -I/global/scratch/azare/Josh/WRFV3/external/io_netcdf -I/global/scratch/azare/Josh/WRFV3/external/io_int -I/global/scratch/azare/Josh/WRFV3/frame -I/global/scratch/azare/Josh/WRFV3/share -I/global/scratch/azare/Josh/WRFV3/phys -I/global/scratch/azare/Josh/WRFV3/chem -I/global/scratch/azare/Josh/WRFV3/inc -I/global/software/sl-6.x86_64/modules/intel/2013_sp1.4.211/netcdf/4.3.2-intel-p/include  -i4  module_cam_mp_radconstants.f90
rm -f module_cam_mp_qneg3.o
/lib/cpp -C -P -I/global/scratch/azare/Josh/WRFV3/inc -DEM_CORE=1 -DNMM_CORE=0 -DNMM_MAX_DIM=2600 -DCOAMPS_CORE=0 -DDA_CORE=0 -DEXP_CORE=0 -DIWORDSIZE=4 -DDWORDSIZE=8 -DRWORDSIZE=4 -DLWORDSIZE=4 -DNONSTANDARD_SYSTEM_FUNC -DWRF_USE_CLM  -DDM_PARALLEL -DNETCDF -DUSE_ALLOCATABLES -DGRIB1 -DINTIO -DLIMIT_ARGS -DCONFIG_BUF_LEN=65536 -DMAX_DOMAINS_F=21 -DMAX_HISTORY=25 -DNMM_NEST=0 -DWRF_CHEM -DBUILD_CHEM=1 -DWRF_KPP -I. -traditional   module_cam_mp_qneg3.F  > module_cam_mp_qneg3.bb
/global/scratch/azare/Josh/WRFV3/tools/standard.exe module_cam_mp_qneg3.bb | /lib/cpp -C -P > module_cam_mp_qneg3.f90
rm -f module_cam_mp_qneg3.b module_cam_mp_qneg3.bb
mpif90 -f90=ifort -o module_cam_mp_qneg3.o -c -O2 -ip -fp-model precise -w -ftz -align all -fno-alias -FR -convert big_endian    -I../dyn_em -I../dyn_nmm   -I/global/scratch/azare/Josh/WRFV3/external/esmf_time_f90  -I/global/scratch/azare/Josh/WRFV3/main -I/global/scratch/azare/Josh/WRFV3/external/io_netcdf -I/global/scratch/azare/Josh/WRFV3/external/io_int -I/global/scratch/azare/Josh/WRFV3/frame -I/global/scratch/azare/Josh/WRFV3/share -I/global/scratch/azare/Josh/WRFV3/phys -I/global/scratch/azare/Josh/WRFV3/chem -I/global/scratch/azare/Josh/WRFV3/inc -I/global/software/sl-6.x86_64/modules/intel/2013_sp1.4.211/netcdf/4.3.2-intel-p/include  -i4  module_cam_mp_qneg3.f90
rm -f module_cam_infnan.o
/lib/cpp -C -P -I/global/scratch/azare/Josh/WRFV3/inc -DEM_CORE=1 -DNMM_CORE=0 -DNMM_MAX_DIM=2600 -DCOAMPS_CORE=0 -DDA_CORE=0 -DEXP_CORE=0 -DIWORDSIZE=4 -DDWORDSIZE=8 -DRWORDSIZE=4 -DLWORDSIZE=4 -DNONSTANDARD_SYSTEM_FUNC -DWRF_USE_CLM  -DDM_PARALLEL -DNETCDF -DUSE_ALLOCATABLES -DGRIB1 -DINTIO -DLIMIT_ARGS -DCONFIG_BUF_LEN=65536 -DMAX_DOMAINS_F=21 -DMAX_HISTORY=25 -DNMM_NEST=0 -DWRF_CHEM -DBUILD_CHEM=1 -DWRF_KPP -I. -traditional   module_cam_infnan.F  > module_cam_infnan.bb
/global/scratch/azare/Josh/WRFV3/tools/standard.exe module_cam_infnan.bb | /lib/cpp -C -P > module_cam_infnan.f90
rm -f module_cam_infnan.b module_cam_infnan.bb
mpif90 -f90=ifort -o module_cam_infnan.o -c -O2 -ip -fp-model precise -w -ftz -align all -fno-alias -FR -convert big_endian    -I../dyn_em -I../dyn_nmm   -I/global/scratch/azare/Josh/WRFV3/external/esmf_time_f90  -I/global/scratch/azare/Josh/WRFV3/main -I/global/scratch/azare/Josh/WRFV3/external/io_netcdf -I/global/scratch/azare/Josh/WRFV3/external/io_int -I/global/scratch/azare/Josh/WRFV3/frame -I/global/scratch/azare/Josh/WRFV3/share -I/global/scratch/azare/Josh/WRFV3/phys -I/global/scratch/azare/Josh/WRFV3/chem -I/global/scratch/azare/Josh/WRFV3/inc -I/global/software/sl-6.x86_64/modules/intel/2013_sp1.4.211/netcdf/4.3.2-intel-p/include  -i4  module_cam_infnan.f90
rm -f module_gfs_physcons.o
/lib/cpp -C -P -I/global/scratch/azare/Josh/WRFV3/inc -DEM_CORE=1 -DNMM_CORE=0 -DNMM_MAX_DIM=2600 -DCOAMPS_CORE=0 -DDA_CORE=0 -DEXP_CORE=0 -DIWORDSIZE=4 -DDWORDSIZE=8 -DRWORDSIZE=4 -DLWORDSIZE=4 -DNONSTANDARD_SYSTEM_FUNC -DWRF_USE_CLM  -DDM_PARALLEL -DNETCDF -DUSE_ALLOCATABLES -DGRIB1 -DINTIO -DLIMIT_ARGS -DCONFIG_BUF_LEN=65536 -DMAX_DOMAINS_F=21 -DMAX_HISTORY=25 -DNMM_NEST=0 -DWRF_CHEM -DBUILD_CHEM=1 -DWRF_KPP -I. -traditional   module_gfs_physcons.F  > module_gfs_physcons.bb
/global/scratch/azare/Josh/WRFV3/tools/standard.exe module_gfs_physcons.bb | /lib/cpp -C -P > module_gfs_physcons.f90
rm -f module_gfs_physcons.b module_gfs_physcons.bb
mpif90 -f90=ifort -o module_gfs_physcons.o -c -O2 -ip -fp-model precise -w -ftz -align all -fno-alias -FR -convert big_endian    -I../dyn_em -I../dyn_nmm   -I/global/scratch/azare/Josh/WRFV3/external/esmf_time_f90  -I/global/scratch/azare/Josh/WRFV3/main -I/global/scratch/azare/Josh/WRFV3/external/io_netcdf -I/global/scratch/azare/Josh/WRFV3/external/io_int -I/global/scratch/azare/Josh/WRFV3/frame -I/global/scratch/azare/Josh/WRFV3/share -I/global/scratch/azare/Josh/WRFV3/phys -I/global/scratch/azare/Josh/WRFV3/chem -I/global/scratch/azare/Josh/WRFV3/inc -I/global/software/sl-6.x86_64/modules/intel/2013_sp1.4.211/netcdf/4.3.2-intel-p/include  -i4  module_gfs_physcons.f90
rm -f module_bl_fogdes.o
/lib/cpp -C -P -I/global/scratch/azare/Josh/WRFV3/inc -DEM_CORE=1 -DNMM_CORE=0 -DNMM_MAX_DIM=2600 -DCOAMPS_CORE=0 -DDA_CORE=0 -DEXP_CORE=0 -DIWORDSIZE=4 -DDWORDSIZE=8 -DRWORDSIZE=4 -DLWORDSIZE=4 -DNONSTANDARD_SYSTEM_FUNC -DWRF_USE_CLM  -DDM_PARALLEL -DNETCDF -DUSE_ALLOCATABLES -DGRIB1 -DINTIO -DLIMIT_ARGS -DCONFIG_BUF_LEN=65536 -DMAX_DOMAINS_F=21 -DMAX_HISTORY=25 -DNMM_NEST=0 -DWRF_CHEM -DBUILD_CHEM=1 -DWRF_KPP -I. -traditional   module_bl_fogdes.F  > module_bl_fogdes.bb
/global/scratch/azare/Josh/WRFV3/tools/standard.exe module_bl_fogdes.bb | /lib/cpp -C -P > module_bl_fogdes.f90
rm -f module_bl_fogdes.b module_bl_fogdes.bb
mpif90 -f90=ifort -o module_bl_fogdes.o -c -O2 -ip -fp-model precise -w -ftz -align all -fno-alias -FR -convert big_endian    -I../dyn_em -I../dyn_nmm   -I/global/scratch/azare/Josh/WRFV3/external/esmf_time_f90  -I/global/scratch/azare/Josh/WRFV3/main -I/global/scratch/azare/Josh/WRFV3/external/io_netcdf -I/global/scratch/azare/Josh/WRFV3/external/io_int -I/global/scratch/azare/Josh/WRFV3/frame -I/global/scratch/azare/Josh/WRFV3/share -I/global/scratch/azare/Josh/WRFV3/phys -I/global/scratch/azare/Josh/WRFV3/chem -I/global/scratch/azare/Josh/WRFV3/inc -I/global/software/sl-6.x86_64/modules/intel/2013_sp1.4.211/netcdf/4.3.2-intel-p/include  -i4  module_bl_fogdes.f90
rm -f module_gfs_funcphys.o
/lib/cpp -C -P -I/global/scratch/azare/Josh/WRFV3/inc -DEM_CORE=1 -DNMM_CORE=0 -DNMM_MAX_DIM=2600 -DCOAMPS_CORE=0 -DDA_CORE=0 -DEXP_CORE=0 -DIWORDSIZE=4 -DDWORDSIZE=8 -DRWORDSIZE=4 -DLWORDSIZE=4 -DNONSTANDARD_SYSTEM_FUNC -DWRF_USE_CLM  -DDM_PARALLEL -DNETCDF -DUSE_ALLOCATABLES -DGRIB1 -DINTIO -DLIMIT_ARGS -DCONFIG_BUF_LEN=65536 -DMAX_DOMAINS_F=21 -DMAX_HISTORY=25 -DNMM_NEST=0 -DWRF_CHEM -DBUILD_CHEM=1 -DWRF_KPP -I. -traditional   module_gfs_funcphys.F  > module_gfs_funcphys.bb
/global/scratch/azare/Josh/WRFV3/tools/standard.exe module_gfs_funcphys.bb | /lib/cpp -C -P > module_gfs_funcphys.f90
rm -f module_gfs_funcphys.b module_gfs_funcphys.bb
mpif90 -f90=ifort -o module_gfs_funcphys.o -c -O2 -ip -fp-model precise -w -ftz -align all -fno-alias -FR -convert big_endian    -I../dyn_em -I../dyn_nmm   -I/global/scratch/azare/Josh/WRFV3/external/esmf_time_f90  -I/global/scratch/azare/Josh/WRFV3/main -I/global/scratch/azare/Josh/WRFV3/external/io_netcdf -I/global/scratch/azare/Josh/WRFV3/external/io_int -I/global/scratch/azare/Josh/WRFV3/frame -I/global/scratch/azare/Josh/WRFV3/share -I/global/scratch/azare/Josh/WRFV3/phys -I/global/scratch/azare/Josh/WRFV3/chem -I/global/scratch/azare/Josh/WRFV3/inc -I/global/software/sl-6.x86_64/modules/intel/2013_sp1.4.211/netcdf/4.3.2-intel-p/include  -i4  module_gfs_funcphys.f90
rm -f module_ra_rrtmg_sw.o
/lib/cpp -C -P -I/global/scratch/azare/Josh/WRFV3/inc -DEM_CORE=1 -DNMM_CORE=0 -DNMM_MAX_DIM=2600 -DCOAMPS_CORE=0 -DDA_CORE=0 -DEXP_CORE=0 -DIWORDSIZE=4 -DDWORDSIZE=8 -DRWORDSIZE=4 -DLWORDSIZE=4 -DNONSTANDARD_SYSTEM_FUNC -DWRF_USE_CLM  -DDM_PARALLEL -DNETCDF -DUSE_ALLOCATABLES -DGRIB1 -DINTIO -DLIMIT_ARGS -DCONFIG_BUF_LEN=65536 -DMAX_DOMAINS_F=21 -DMAX_HISTORY=25 -DNMM_NEST=0 -DWRF_CHEM -DBUILD_CHEM=1 -DWRF_KPP -I. -traditional   module_ra_rrtmg_sw.F  > module_ra_rrtmg_sw.bb
/global/scratch/azare/Josh/WRFV3/tools/standard.exe module_ra_rrtmg_sw.bb | /lib/cpp -C -P > module_ra_rrtmg_sw.f90
rm -f module_ra_rrtmg_sw.b module_ra_rrtmg_sw.bb
mpif90 -f90=ifort -o module_ra_rrtmg_sw.o -c -O2 -ip -fp-model precise -w -ftz -align all -fno-alias -FR -convert big_endian    -I../dyn_em -I../dyn_nmm   -I/global/scratch/azare/Josh/WRFV3/external/esmf_time_f90  -I/global/scratch/azare/Josh/WRFV3/main -I/global/scratch/azare/Josh/WRFV3/external/io_netcdf -I/global/scratch/azare/Josh/WRFV3/external/io_int -I/global/scratch/azare/Josh/WRFV3/frame -I/global/scratch/azare/Josh/WRFV3/share -I/global/scratch/azare/Josh/WRFV3/phys -I/global/scratch/azare/Josh/WRFV3/chem -I/global/scratch/azare/Josh/WRFV3/inc -I/global/software/sl-6.x86_64/modules/intel/2013_sp1.4.211/netcdf/4.3.2-intel-p/include  -i4  module_ra_rrtmg_sw.f90
rm -f module_ra_cam_support.o
/lib/cpp -C -P -I/global/scratch/azare/Josh/WRFV3/inc -DEM_CORE=1 -DNMM_CORE=0 -DNMM_MAX_DIM=2600 -DCOAMPS_CORE=0 -DDA_CORE=0 -DEXP_CORE=0 -DIWORDSIZE=4 -DDWORDSIZE=8 -DRWORDSIZE=4 -DLWORDSIZE=4 -DNONSTANDARD_SYSTEM_FUNC -DWRF_USE_CLM  -DDM_PARALLEL -DNETCDF -DUSE_ALLOCATABLES -DGRIB1 -DINTIO -DLIMIT_ARGS -DCONFIG_BUF_LEN=65536 -DMAX_DOMAINS_F=21 -DMAX_HISTORY=25 -DNMM_NEST=0 -DWRF_CHEM -DBUILD_CHEM=1 -DWRF_KPP -I. -traditional   module_ra_cam_support.F  > module_ra_cam_support.bb
/global/scratch/azare/Josh/WRFV3/tools/standard.exe module_ra_cam_support.bb | /lib/cpp -C -P > module_ra_cam_support.f90
rm -f module_ra_cam_support.b module_ra_cam_support.bb
mpif90 -f90=ifort -o module_ra_cam_support.o -c -O2 -ip -fp-model precise -w -ftz -align all -fno-alias -FR -convert big_endian    -I../dyn_em -I../dyn_nmm   -I/global/scratch/azare/Josh/WRFV3/external/esmf_time_f90  -I/global/scratch/azare/Josh/WRFV3/main -I/global/scratch/azare/Josh/WRFV3/external/io_netcdf -I/global/scratch/azare/Josh/WRFV3/external/io_int -I/global/scratch/azare/Josh/WRFV3/frame -I/global/scratch/azare/Josh/WRFV3/share -I/global/scratch/azare/Josh/WRFV3/phys -I/global/scratch/azare/Josh/WRFV3/chem -I/global/scratch/azare/Josh/WRFV3/inc -I/global/software/sl-6.x86_64/modules/intel/2013_sp1.4.211/netcdf/4.3.2-intel-p/include  -i4  module_ra_cam_support.f90
rm -f module_sf_gfs.o
/lib/cpp -C -P -I/global/scratch/azare/Josh/WRFV3/inc -DEM_CORE=1 -DNMM_CORE=0 -DNMM_MAX_DIM=2600 -DCOAMPS_CORE=0 -DDA_CORE=0 -DEXP_CORE=0 -DIWORDSIZE=4 -DDWORDSIZE=8 -DRWORDSIZE=4 -DLWORDSIZE=4 -DNONSTANDARD_SYSTEM_FUNC -DWRF_USE_CLM  -DDM_PARALLEL -DNETCDF -DUSE_ALLOCATABLES -DGRIB1 -DINTIO -DLIMIT_ARGS -DCONFIG_BUF_LEN=65536 -DMAX_DOMAINS_F=21 -DMAX_HISTORY=25 -DNMM_NEST=0 -DWRF_CHEM -DBUILD_CHEM=1 -DWRF_KPP -I. -traditional   module_sf_gfs.F  > module_sf_gfs.bb
/global/scratch/azare/Josh/WRFV3/tools/standard.exe module_sf_gfs.bb | /lib/cpp -C -P > module_sf_gfs.f90
rm -f module_sf_gfs.b module_sf_gfs.bb
mpif90 -f90=ifort -o module_sf_gfs.o -c -O2 -ip -fp-model precise -w -ftz -align all -fno-alias -FR -convert big_endian    -I../dyn_em -I../dyn_nmm   -I/global/scratch/azare/Josh/WRFV3/external/esmf_time_f90  -I/global/scratch/azare/Josh/WRFV3/main -I/global/scratch/azare/Josh/WRFV3/external/io_netcdf -I/global/scratch/azare/Josh/WRFV3/external/io_int -I/global/scratch/azare/Josh/WRFV3/frame -I/global/scratch/azare/Josh/WRFV3/share -I/global/scratch/azare/Josh/WRFV3/phys -I/global/scratch/azare/Josh/WRFV3/chem -I/global/scratch/azare/Josh/WRFV3/inc -I/global/software/sl-6.x86_64/modules/intel/2013_sp1.4.211/netcdf/4.3.2-intel-p/include  -i4  module_sf_gfs.f90
rm -f module_sf_gfdl.o
/lib/cpp -C -P -I/global/scratch/azare/Josh/WRFV3/inc -DEM_CORE=1 -DNMM_CORE=0 -DNMM_MAX_DIM=2600 -DCOAMPS_CORE=0 -DDA_CORE=0 -DEXP_CORE=0 -DIWORDSIZE=4 -DDWORDSIZE=8 -DRWORDSIZE=4 -DLWORDSIZE=4 -DNONSTANDARD_SYSTEM_FUNC -DWRF_USE_CLM  -DDM_PARALLEL -DNETCDF -DUSE_ALLOCATABLES -DGRIB1 -DINTIO -DLIMIT_ARGS -DCONFIG_BUF_LEN=65536 -DMAX_DOMAINS_F=21 -DMAX_HISTORY=25 -DNMM_NEST=0 -DWRF_CHEM -DBUILD_CHEM=1 -DWRF_KPP -I. -traditional   module_sf_gfdl.F  > module_sf_gfdl.bb
/global/scratch/azare/Josh/WRFV3/tools/standard.exe module_sf_gfdl.bb | /lib/cpp -C -P > module_sf_gfdl.f90
rm -f module_sf_gfdl.b module_sf_gfdl.bb
mpif90 -f90=ifort -o module_sf_gfdl.o -c -O2 -ip -fp-model precise -w -ftz -align all -fno-alias -FR -convert big_endian    -I../dyn_em -I../dyn_nmm   -I/global/scratch/azare/Josh/WRFV3/external/esmf_time_f90  -I/global/scratch/azare/Josh/WRFV3/main -I/global/scratch/azare/Josh/WRFV3/external/io_netcdf -I/global/scratch/azare/Josh/WRFV3/external/io_int -I/global/scratch/azare/Josh/WRFV3/frame -I/global/scratch/azare/Josh/WRFV3/share -I/global/scratch/azare/Josh/WRFV3/phys -I/global/scratch/azare/Josh/WRFV3/chem -I/global/scratch/azare/Josh/WRFV3/inc -I/global/software/sl-6.x86_64/modules/intel/2013_sp1.4.211/netcdf/4.3.2-intel-p/include  -i4  module_sf_gfdl.f90
rm -f module_sf_noahmplsm.o
/lib/cpp -C -P -I/global/scratch/azare/Josh/WRFV3/inc -DEM_CORE=1 -DNMM_CORE=0 -DNMM_MAX_DIM=2600 -DCOAMPS_CORE=0 -DDA_CORE=0 -DEXP_CORE=0 -DIWORDSIZE=4 -DDWORDSIZE=8 -DRWORDSIZE=4 -DLWORDSIZE=4 -DNONSTANDARD_SYSTEM_FUNC -DWRF_USE_CLM  -DDM_PARALLEL -DNETCDF -DUSE_ALLOCATABLES -DGRIB1 -DINTIO -DLIMIT_ARGS -DCONFIG_BUF_LEN=65536 -DMAX_DOMAINS_F=21 -DMAX_HISTORY=25 -DNMM_NEST=0 -DWRF_CHEM -DBUILD_CHEM=1 -DWRF_KPP -I. -traditional   module_sf_noahmplsm.F  > module_sf_noahmplsm.bb
/global/scratch/azare/Josh/WRFV3/tools/standard.exe module_sf_noahmplsm.bb | /lib/cpp -C -P > module_sf_noahmplsm.f90
rm -f module_sf_noahmplsm.b module_sf_noahmplsm.bb
mpif90 -f90=ifort -o module_sf_noahmplsm.o -c -O2 -ip -fp-model precise -w -ftz -align all -fno-alias -FR -convert big_endian    -I../dyn_em -I../dyn_nmm   -I/global/scratch/azare/Josh/WRFV3/external/esmf_time_f90  -I/global/scratch/azare/Josh/WRFV3/main -I/global/scratch/azare/Josh/WRFV3/external/io_netcdf -I/global/scratch/azare/Josh/WRFV3/external/io_int -I/global/scratch/azare/Josh/WRFV3/frame -I/global/scratch/azare/Josh/WRFV3/share -I/global/scratch/azare/Josh/WRFV3/phys -I/global/scratch/azare/Josh/WRFV3/chem -I/global/scratch/azare/Josh/WRFV3/inc -I/global/software/sl-6.x86_64/modules/intel/2013_sp1.4.211/netcdf/4.3.2-intel-p/include  -i4  module_sf_noahmplsm.f90
rm -f module_sf_bep.o
/lib/cpp -C -P -I/global/scratch/azare/Josh/WRFV3/inc -DEM_CORE=1 -DNMM_CORE=0 -DNMM_MAX_DIM=2600 -DCOAMPS_CORE=0 -DDA_CORE=0 -DEXP_CORE=0 -DIWORDSIZE=4 -DDWORDSIZE=8 -DRWORDSIZE=4 -DLWORDSIZE=4 -DNONSTANDARD_SYSTEM_FUNC -DWRF_USE_CLM  -DDM_PARALLEL -DNETCDF -DUSE_ALLOCATABLES -DGRIB1 -DINTIO -DLIMIT_ARGS -DCONFIG_BUF_LEN=65536 -DMAX_DOMAINS_F=21 -DMAX_HISTORY=25 -DNMM_NEST=0 -DWRF_CHEM -DBUILD_CHEM=1 -DWRF_KPP -I. -traditional   module_sf_bep.F  > module_sf_bep.bb
/global/scratch/azare/Josh/WRFV3/tools/standard.exe module_sf_bep.bb | /lib/cpp -C -P > module_sf_bep.f90
rm -f module_sf_bep.b module_sf_bep.bb
mpif90 -f90=ifort -o module_sf_bep.o -c -O2 -ip -fp-model precise -w -ftz -align all -fno-alias -FR -convert big_endian    -I../dyn_em -I../dyn_nmm   -I/global/scratch/azare/Josh/WRFV3/external/esmf_time_f90  -I/global/scratch/azare/Josh/WRFV3/main -I/global/scratch/azare/Josh/WRFV3/external/io_netcdf -I/global/scratch/azare/Josh/WRFV3/external/io_int -I/global/scratch/azare/Josh/WRFV3/frame -I/global/scratch/azare/Josh/WRFV3/share -I/global/scratch/azare/Josh/WRFV3/phys -I/global/scratch/azare/Josh/WRFV3/chem -I/global/scratch/azare/Josh/WRFV3/inc -I/global/software/sl-6.x86_64/modules/intel/2013_sp1.4.211/netcdf/4.3.2-intel-p/include  -i4  module_sf_bep.f90
rm -f module_sf_bep_bem.o
/lib/cpp -C -P -I/global/scratch/azare/Josh/WRFV3/inc -DEM_CORE=1 -DNMM_CORE=0 -DNMM_MAX_DIM=2600 -DCOAMPS_CORE=0 -DDA_CORE=0 -DEXP_CORE=0 -DIWORDSIZE=4 -DDWORDSIZE=8 -DRWORDSIZE=4 -DLWORDSIZE=4 -DNONSTANDARD_SYSTEM_FUNC -DWRF_USE_CLM  -DDM_PARALLEL -DNETCDF -DUSE_ALLOCATABLES -DGRIB1 -DINTIO -DLIMIT_ARGS -DCONFIG_BUF_LEN=65536 -DMAX_DOMAINS_F=21 -DMAX_HISTORY=25 -DNMM_NEST=0 -DWRF_CHEM -DBUILD_CHEM=1 -DWRF_KPP -I. -traditional   module_sf_bep_bem.F  > module_sf_bep_bem.bb
/global/scratch/azare/Josh/WRFV3/tools/standard.exe module_sf_bep_bem.bb | /lib/cpp -C -P > module_sf_bep_bem.f90
rm -f module_sf_bep_bem.b module_sf_bep_bem.bb
mpif90 -f90=ifort -o module_sf_bep_bem.o -c -O2 -ip -fp-model precise -w -ftz -align all -fno-alias -FR -convert big_endian    -I../dyn_em -I../dyn_nmm   -I/global/scratch/azare/Josh/WRFV3/external/esmf_time_f90  -I/global/scratch/azare/Josh/WRFV3/main -I/global/scratch/azare/Josh/WRFV3/external/io_netcdf -I/global/scratch/azare/Josh/WRFV3/external/io_int -I/global/scratch/azare/Josh/WRFV3/frame -I/global/scratch/azare/Josh/WRFV3/share -I/global/scratch/azare/Josh/WRFV3/phys -I/global/scratch/azare/Josh/WRFV3/chem -I/global/scratch/azare/Josh/WRFV3/inc -I/global/software/sl-6.x86_64/modules/intel/2013_sp1.4.211/netcdf/4.3.2-intel-p/include  -i4  module_sf_bep_bem.f90
rm -f module_sf_clm.o
/lib/cpp -C -P -I/global/scratch/azare/Josh/WRFV3/inc -DEM_CORE=1 -DNMM_CORE=0 -DNMM_MAX_DIM=2600 -DCOAMPS_CORE=0 -DDA_CORE=0 -DEXP_CORE=0 -DIWORDSIZE=4 -DDWORDSIZE=8 -DRWORDSIZE=4 -DLWORDSIZE=4 -DNONSTANDARD_SYSTEM_FUNC -DWRF_USE_CLM  -DDM_PARALLEL -DNETCDF -DUSE_ALLOCATABLES -DGRIB1 -DINTIO -DLIMIT_ARGS -DCONFIG_BUF_LEN=65536 -DMAX_DOMAINS_F=21 -DMAX_HISTORY=25 -DNMM_NEST=0 -DWRF_CHEM -DBUILD_CHEM=1 -DWRF_KPP -I. -traditional   module_sf_clm.F  > module_sf_clm.bb
/global/scratch/azare/Josh/WRFV3/tools/standard.exe module_sf_clm.bb | /lib/cpp -C -P > module_sf_clm.f90
rm -f module_sf_clm.b module_sf_clm.bb
mpif90 -f90=ifort -o module_sf_clm.o -c -O2 -ip -fp-model precise -w -ftz -align all -fno-alias -FR -convert big_endian    -I../dyn_em -I../dyn_nmm   -I/global/scratch/azare/Josh/WRFV3/external/esmf_time_f90  -I/global/scratch/azare/Josh/WRFV3/main -I/global/scratch/azare/Josh/WRFV3/external/io_netcdf -I/global/scratch/azare/Josh/WRFV3/external/io_int -I/global/scratch/azare/Josh/WRFV3/frame -I/global/scratch/azare/Josh/WRFV3/share -I/global/scratch/azare/Josh/WRFV3/phys -I/global/scratch/azare/Josh/WRFV3/chem -I/global/scratch/azare/Josh/WRFV3/inc -I/global/software/sl-6.x86_64/modules/intel/2013_sp1.4.211/netcdf/4.3.2-intel-p/include  -i4  module_sf_clm.f90
rm -f module_sf_noah_seaice_drv.o
/lib/cpp -C -P -I/global/scratch/azare/Josh/WRFV3/inc -DEM_CORE=1 -DNMM_CORE=0 -DNMM_MAX_DIM=2600 -DCOAMPS_CORE=0 -DDA_CORE=0 -DEXP_CORE=0 -DIWORDSIZE=4 -DDWORDSIZE=8 -DRWORDSIZE=4 -DLWORDSIZE=4 -DNONSTANDARD_SYSTEM_FUNC -DWRF_USE_CLM  -DDM_PARALLEL -DNETCDF -DUSE_ALLOCATABLES -DGRIB1 -DINTIO -DLIMIT_ARGS -DCONFIG_BUF_LEN=65536 -DMAX_DOMAINS_F=21 -DMAX_HISTORY=25 -DNMM_NEST=0 -DWRF_CHEM -DBUILD_CHEM=1 -DWRF_KPP -I. -traditional   module_sf_noah_seaice_drv.F  > module_sf_noah_seaice_drv.bb
/global/scratch/azare/Josh/WRFV3/tools/standard.exe module_sf_noah_seaice_drv.bb | /lib/cpp -C -P > module_sf_noah_seaice_drv.f90
rm -f module_sf_noah_seaice_drv.b module_sf_noah_seaice_drv.bb
mpif90 -f90=ifort -o module_sf_noah_seaice_drv.o -c -O2 -ip -fp-model precise -w -ftz -align all -fno-alias -FR -convert big_endian    -I../dyn_em -I../dyn_nmm   -I/global/scratch/azare/Josh/WRFV3/external/esmf_time_f90  -I/global/scratch/azare/Josh/WRFV3/main -I/global/scratch/azare/Josh/WRFV3/external/io_netcdf -I/global/scratch/azare/Josh/WRFV3/external/io_int -I/global/scratch/azare/Josh/WRFV3/frame -I/global/scratch/azare/Josh/WRFV3/share -I/global/scratch/azare/Josh/WRFV3/phys -I/global/scratch/azare/Josh/WRFV3/chem -I/global/scratch/azare/Josh/WRFV3/inc -I/global/software/sl-6.x86_64/modules/intel/2013_sp1.4.211/netcdf/4.3.2-intel-p/include  -i4  module_sf_noah_seaice_drv.f90
rm -f module_sf_pxlsm.o
/lib/cpp -C -P -I/global/scratch/azare/Josh/WRFV3/inc -DEM_CORE=1 -DNMM_CORE=0 -DNMM_MAX_DIM=2600 -DCOAMPS_CORE=0 -DDA_CORE=0 -DEXP_CORE=0 -DIWORDSIZE=4 -DDWORDSIZE=8 -DRWORDSIZE=4 -DLWORDSIZE=4 -DNONSTANDARD_SYSTEM_FUNC -DWRF_USE_CLM  -DDM_PARALLEL -DNETCDF -DUSE_ALLOCATABLES -DGRIB1 -DINTIO -DLIMIT_ARGS -DCONFIG_BUF_LEN=65536 -DMAX_DOMAINS_F=21 -DMAX_HISTORY=25 -DNMM_NEST=0 -DWRF_CHEM -DBUILD_CHEM=1 -DWRF_KPP -I. -traditional   module_sf_pxlsm.F  > module_sf_pxlsm.bb
/global/scratch/azare/Josh/WRFV3/tools/standard.exe module_sf_pxlsm.bb | /lib/cpp -C -P > module_sf_pxlsm.f90
rm -f module_sf_pxlsm.b module_sf_pxlsm.bb
mpif90 -f90=ifort -o module_sf_pxlsm.o -c -O2 -ip -fp-model precise -w -ftz -align all -fno-alias -FR -convert big_endian    -I../dyn_em -I../dyn_nmm   -I/global/scratch/azare/Josh/WRFV3/external/esmf_time_f90  -I/global/scratch/azare/Josh/WRFV3/main -I/global/scratch/azare/Josh/WRFV3/external/io_netcdf -I/global/scratch/azare/Josh/WRFV3/external/io_int -I/global/scratch/azare/Josh/WRFV3/frame -I/global/scratch/azare/Josh/WRFV3/share -I/global/scratch/azare/Josh/WRFV3/phys -I/global/scratch/azare/Josh/WRFV3/chem -I/global/scratch/azare/Josh/WRFV3/inc -I/global/software/sl-6.x86_64/modules/intel/2013_sp1.4.211/netcdf/4.3.2-intel-p/include  -i4  module_sf_pxlsm.f90
rm -f module_sf_ocean_driver.o
/lib/cpp -C -P -I/global/scratch/azare/Josh/WRFV3/inc -DEM_CORE=1 -DNMM_CORE=0 -DNMM_MAX_DIM=2600 -DCOAMPS_CORE=0 -DDA_CORE=0 -DEXP_CORE=0 -DIWORDSIZE=4 -DDWORDSIZE=8 -DRWORDSIZE=4 -DLWORDSIZE=4 -DNONSTANDARD_SYSTEM_FUNC -DWRF_USE_CLM  -DDM_PARALLEL -DNETCDF -DUSE_ALLOCATABLES -DGRIB1 -DINTIO -DLIMIT_ARGS -DCONFIG_BUF_LEN=65536 -DMAX_DOMAINS_F=21 -DMAX_HISTORY=25 -DNMM_NEST=0 -DWRF_CHEM -DBUILD_CHEM=1 -DWRF_KPP -I. -traditional   module_sf_ocean_driver.F  > module_sf_ocean_driver.bb
/global/scratch/azare/Josh/WRFV3/tools/standard.exe module_sf_ocean_driver.bb | /lib/cpp -C -P > module_sf_ocean_driver.f90
rm -f module_sf_ocean_driver.b module_sf_ocean_driver.bb
mpif90 -f90=ifort -o module_sf_ocean_driver.o -c -O2 -ip -fp-model precise -w -ftz -align all -fno-alias -FR -convert big_endian    -I../dyn_em -I../dyn_nmm   -I/global/scratch/azare/Josh/WRFV3/external/esmf_time_f90  -I/global/scratch/azare/Josh/WRFV3/main -I/global/scratch/azare/Josh/WRFV3/external/io_netcdf -I/global/scratch/azare/Josh/WRFV3/external/io_int -I/global/scratch/azare/Josh/WRFV3/frame -I/global/scratch/azare/Josh/WRFV3/share -I/global/scratch/azare/Josh/WRFV3/phys -I/global/scratch/azare/Josh/WRFV3/chem -I/global/scratch/azare/Josh/WRFV3/inc -I/global/software/sl-6.x86_64/modules/intel/2013_sp1.4.211/netcdf/4.3.2-intel-p/include  -i4  module_sf_ocean_driver.f90
rm -f module_wind_fitch.o
/lib/cpp -C -P -I/global/scratch/azare/Josh/WRFV3/inc -DEM_CORE=1 -DNMM_CORE=0 -DNMM_MAX_DIM=2600 -DCOAMPS_CORE=0 -DDA_CORE=0 -DEXP_CORE=0 -DIWORDSIZE=4 -DDWORDSIZE=8 -DRWORDSIZE=4 -DLWORDSIZE=4 -DNONSTANDARD_SYSTEM_FUNC -DWRF_USE_CLM  -DDM_PARALLEL -DNETCDF -DUSE_ALLOCATABLES -DGRIB1 -DINTIO -DLIMIT_ARGS -DCONFIG_BUF_LEN=65536 -DMAX_DOMAINS_F=21 -DMAX_HISTORY=25 -DNMM_NEST=0 -DWRF_CHEM -DBUILD_CHEM=1 -DWRF_KPP -I. -traditional   module_wind_fitch.F  > module_wind_fitch.bb
/global/scratch/azare/Josh/WRFV3/tools/standard.exe module_wind_fitch.bb | /lib/cpp -C -P > module_wind_fitch.f90
rm -f module_wind_fitch.b module_wind_fitch.bb
mpif90 -f90=ifort -o module_wind_fitch.o -c -O2 -ip -fp-model precise -w -ftz -align all -fno-alias -FR -convert big_endian    -I../dyn_em -I../dyn_nmm   -I/global/scratch/azare/Josh/WRFV3/external/esmf_time_f90  -I/global/scratch/azare/Josh/WRFV3/main -I/global/scratch/azare/Josh/WRFV3/external/io_netcdf -I/global/scratch/azare/Josh/WRFV3/external/io_int -I/global/scratch/azare/Josh/WRFV3/frame -I/global/scratch/azare/Josh/WRFV3/share -I/global/scratch/azare/Josh/WRFV3/phys -I/global/scratch/azare/Josh/WRFV3/chem -I/global/scratch/azare/Josh/WRFV3/inc -I/global/software/sl-6.x86_64/modules/intel/2013_sp1.4.211/netcdf/4.3.2-intel-p/include  -i4  module_wind_fitch.f90
rm -f module_lightning_driver.o
/lib/cpp -C -P -I/global/scratch/azare/Josh/WRFV3/inc -DEM_CORE=1 -DNMM_CORE=0 -DNMM_MAX_DIM=2600 -DCOAMPS_CORE=0 -DDA_CORE=0 -DEXP_CORE=0 -DIWORDSIZE=4 -DDWORDSIZE=8 -DRWORDSIZE=4 -DLWORDSIZE=4 -DNONSTANDARD_SYSTEM_FUNC -DWRF_USE_CLM  -DDM_PARALLEL -DNETCDF -DUSE_ALLOCATABLES -DGRIB1 -DINTIO -DLIMIT_ARGS -DCONFIG_BUF_LEN=65536 -DMAX_DOMAINS_F=21 -DMAX_HISTORY=25 -DNMM_NEST=0 -DWRF_CHEM -DBUILD_CHEM=1 -DWRF_KPP -I. -traditional   module_lightning_driver.F  > module_lightning_driver.bb
/global/scratch/azare/Josh/WRFV3/tools/standard.exe module_lightning_driver.bb | /lib/cpp -C -P > module_lightning_driver.f90
rm -f module_lightning_driver.b module_lightning_driver.bb
mpif90 -f90=ifort -o module_lightning_driver.o -c -O2 -ip -fp-model precise -w -ftz -align all -fno-alias -FR -convert big_endian    -I../dyn_em -I../dyn_nmm   -I/global/scratch/azare/Josh/WRFV3/external/esmf_time_f90  -I/global/scratch/azare/Josh/WRFV3/main -I/global/scratch/azare/Josh/WRFV3/external/io_netcdf -I/global/scratch/azare/Josh/WRFV3/external/io_int -I/global/scratch/azare/Josh/WRFV3/frame -I/global/scratch/azare/Josh/WRFV3/share -I/global/scratch/azare/Josh/WRFV3/phys -I/global/scratch/azare/Josh/WRFV3/chem -I/global/scratch/azare/Josh/WRFV3/inc -I/global/software/sl-6.x86_64/modules/intel/2013_sp1.4.211/netcdf/4.3.2-intel-p/include  -i4  module_lightning_driver.f90
rm -f module_fr_fire_phys.o
/lib/cpp -C -P -I/global/scratch/azare/Josh/WRFV3/inc -DEM_CORE=1 -DNMM_CORE=0 -DNMM_MAX_DIM=2600 -DCOAMPS_CORE=0 -DDA_CORE=0 -DEXP_CORE=0 -DIWORDSIZE=4 -DDWORDSIZE=8 -DRWORDSIZE=4 -DLWORDSIZE=4 -DNONSTANDARD_SYSTEM_FUNC -DWRF_USE_CLM  -DDM_PARALLEL -DNETCDF -DUSE_ALLOCATABLES -DGRIB1 -DINTIO -DLIMIT_ARGS -DCONFIG_BUF_LEN=65536 -DMAX_DOMAINS_F=21 -DMAX_HISTORY=25 -DNMM_NEST=0 -DWRF_CHEM -DBUILD_CHEM=1 -DWRF_KPP -I. -traditional   module_fr_fire_phys.F  > module_fr_fire_phys.bb
/global/scratch/azare/Josh/WRFV3/tools/standard.exe module_fr_fire_phys.bb | /lib/cpp -C -P > module_fr_fire_phys.f90
rm -f module_fr_fire_phys.b module_fr_fire_phys.bb
mpif90 -f90=ifort -o module_fr_fire_phys.o -c -O2 -ip -fp-model precise -w -ftz -align all -fno-alias -FR -convert big_endian    -I../dyn_em -I../dyn_nmm   -I/global/scratch/azare/Josh/WRFV3/external/esmf_time_f90  -I/global/scratch/azare/Josh/WRFV3/main -I/global/scratch/azare/Josh/WRFV3/external/io_netcdf -I/global/scratch/azare/Josh/WRFV3/external/io_int -I/global/scratch/azare/Josh/WRFV3/frame -I/global/scratch/azare/Josh/WRFV3/share -I/global/scratch/azare/Josh/WRFV3/phys -I/global/scratch/azare/Josh/WRFV3/chem -I/global/scratch/azare/Josh/WRFV3/inc -I/global/software/sl-6.x86_64/modules/intel/2013_sp1.4.211/netcdf/4.3.2-intel-p/include  -i4  module_fr_fire_phys.f90
rm -f module_fr_fire_atm.o
/lib/cpp -C -P -I/global/scratch/azare/Josh/WRFV3/inc -DEM_CORE=1 -DNMM_CORE=0 -DNMM_MAX_DIM=2600 -DCOAMPS_CORE=0 -DDA_CORE=0 -DEXP_CORE=0 -DIWORDSIZE=4 -DDWORDSIZE=8 -DRWORDSIZE=4 -DLWORDSIZE=4 -DNONSTANDARD_SYSTEM_FUNC -DWRF_USE_CLM  -DDM_PARALLEL -DNETCDF -DUSE_ALLOCATABLES -DGRIB1 -DINTIO -DLIMIT_ARGS -DCONFIG_BUF_LEN=65536 -DMAX_DOMAINS_F=21 -DMAX_HISTORY=25 -DNMM_NEST=0 -DWRF_CHEM -DBUILD_CHEM=1 -DWRF_KPP -I. -traditional   module_fr_fire_atm.F  > module_fr_fire_atm.bb
/global/scratch/azare/Josh/WRFV3/tools/standard.exe module_fr_fire_atm.bb | /lib/cpp -C -P > module_fr_fire_atm.f90
rm -f module_fr_fire_atm.b module_fr_fire_atm.bb
mpif90 -f90=ifort -o module_fr_fire_atm.o -c -O2 -ip -fp-model precise -w -ftz -align all -fno-alias -FR -convert big_endian    -I../dyn_em -I../dyn_nmm   -I/global/scratch/azare/Josh/WRFV3/external/esmf_time_f90  -I/global/scratch/azare/Josh/WRFV3/main -I/global/scratch/azare/Josh/WRFV3/external/io_netcdf -I/global/scratch/azare/Josh/WRFV3/external/io_int -I/global/scratch/azare/Josh/WRFV3/frame -I/global/scratch/azare/Josh/WRFV3/share -I/global/scratch/azare/Josh/WRFV3/phys -I/global/scratch/azare/Josh/WRFV3/chem -I/global/scratch/azare/Josh/WRFV3/inc -I/global/software/sl-6.x86_64/modules/intel/2013_sp1.4.211/netcdf/4.3.2-intel-p/include  -i4  module_fr_fire_atm.f90
rm -f module_cam_physconst.o
/lib/cpp -C -P -I/global/scratch/azare/Josh/WRFV3/inc -DEM_CORE=1 -DNMM_CORE=0 -DNMM_MAX_DIM=2600 -DCOAMPS_CORE=0 -DDA_CORE=0 -DEXP_CORE=0 -DIWORDSIZE=4 -DDWORDSIZE=8 -DRWORDSIZE=4 -DLWORDSIZE=4 -DNONSTANDARD_SYSTEM_FUNC -DWRF_USE_CLM  -DDM_PARALLEL -DNETCDF -DUSE_ALLOCATABLES -DGRIB1 -DINTIO -DLIMIT_ARGS -DCONFIG_BUF_LEN=65536 -DMAX_DOMAINS_F=21 -DMAX_HISTORY=25 -DNMM_NEST=0 -DWRF_CHEM -DBUILD_CHEM=1 -DWRF_KPP -I. -traditional   module_cam_physconst.F  > module_cam_physconst.bb
/global/scratch/azare/Josh/WRFV3/tools/standard.exe module_cam_physconst.bb | /lib/cpp -C -P > module_cam_physconst.f90
rm -f module_cam_physconst.b module_cam_physconst.bb
mpif90 -f90=ifort -o module_cam_physconst.o -c -O2 -ip -fp-model precise -w -ftz -align all -fno-alias -FR -convert big_endian    -I../dyn_em -I../dyn_nmm   -I/global/scratch/azare/Josh/WRFV3/external/esmf_time_f90  -I/global/scratch/azare/Josh/WRFV3/main -I/global/scratch/azare/Josh/WRFV3/external/io_netcdf -I/global/scratch/azare/Josh/WRFV3/external/io_int -I/global/scratch/azare/Josh/WRFV3/frame -I/global/scratch/azare/Josh/WRFV3/share -I/global/scratch/azare/Josh/WRFV3/phys -I/global/scratch/azare/Josh/WRFV3/chem -I/global/scratch/azare/Josh/WRFV3/inc -I/global/software/sl-6.x86_64/modules/intel/2013_sp1.4.211/netcdf/4.3.2-intel-p/include  -i4  module_cam_physconst.f90
rm -f module_cam_bl_eddy_diff.o
/lib/cpp -C -P -I/global/scratch/azare/Josh/WRFV3/inc -DEM_CORE=1 -DNMM_CORE=0 -DNMM_MAX_DIM=2600 -DCOAMPS_CORE=0 -DDA_CORE=0 -DEXP_CORE=0 -DIWORDSIZE=4 -DDWORDSIZE=8 -DRWORDSIZE=4 -DLWORDSIZE=4 -DNONSTANDARD_SYSTEM_FUNC -DWRF_USE_CLM  -DDM_PARALLEL -DNETCDF -DUSE_ALLOCATABLES -DGRIB1 -DINTIO -DLIMIT_ARGS -DCONFIG_BUF_LEN=65536 -DMAX_DOMAINS_F=21 -DMAX_HISTORY=25 -DNMM_NEST=0 -DWRF_CHEM -DBUILD_CHEM=1 -DWRF_KPP -I. -traditional   module_cam_bl_eddy_diff.F  > module_cam_bl_eddy_diff.bb
/global/scratch/azare/Josh/WRFV3/tools/standard.exe module_cam_bl_eddy_diff.bb | /lib/cpp -C -P > module_cam_bl_eddy_diff.f90
rm -f module_cam_bl_eddy_diff.b module_cam_bl_eddy_diff.bb
mpif90 -f90=ifort -o module_cam_bl_eddy_diff.o -c -O2 -ip -fp-model precise -w -ftz -align all -fno-alias -FR -convert big_endian    -I../dyn_em -I../dyn_nmm   -I/global/scratch/azare/Josh/WRFV3/external/esmf_time_f90  -I/global/scratch/azare/Josh/WRFV3/main -I/global/scratch/azare/Josh/WRFV3/external/io_netcdf -I/global/scratch/azare/Josh/WRFV3/external/io_int -I/global/scratch/azare/Josh/WRFV3/frame -I/global/scratch/azare/Josh/WRFV3/share -I/global/scratch/azare/Josh/WRFV3/phys -I/global/scratch/azare/Josh/WRFV3/chem -I/global/scratch/azare/Josh/WRFV3/inc -I/global/software/sl-6.x86_64/modules/intel/2013_sp1.4.211/netcdf/4.3.2-intel-p/include  -i4  module_cam_bl_eddy_diff.f90
rm -f module_data_cam_mam_aero.o
/lib/cpp -C -P -I/global/scratch/azare/Josh/WRFV3/inc -DEM_CORE=1 -DNMM_CORE=0 -DNMM_MAX_DIM=2600 -DCOAMPS_CORE=0 -DDA_CORE=0 -DEXP_CORE=0 -DIWORDSIZE=4 -DDWORDSIZE=8 -DRWORDSIZE=4 -DLWORDSIZE=4 -DNONSTANDARD_SYSTEM_FUNC -DWRF_USE_CLM  -DDM_PARALLEL -DNETCDF -DUSE_ALLOCATABLES -DGRIB1 -DINTIO -DLIMIT_ARGS -DCONFIG_BUF_LEN=65536 -DMAX_DOMAINS_F=21 -DMAX_HISTORY=25 -DNMM_NEST=0 -DWRF_CHEM -DBUILD_CHEM=1 -DWRF_KPP -I. -traditional   module_data_cam_mam_aero.F  > module_data_cam_mam_aero.bb
/global/scratch/azare/Josh/WRFV3/tools/standard.exe module_data_cam_mam_aero.bb | /lib/cpp -C -P > module_data_cam_mam_aero.f90
rm -f module_data_cam_mam_aero.b module_data_cam_mam_aero.bb
mpif90 -f90=ifort -o module_data_cam_mam_aero.o -c -O2 -ip -fp-model precise -w -ftz -align all -fno-alias -FR -convert big_endian    -I../dyn_em -I../dyn_nmm   -I/global/scratch/azare/Josh/WRFV3/external/esmf_time_f90  -I/global/scratch/azare/Josh/WRFV3/main -I/global/scratch/azare/Josh/WRFV3/external/io_netcdf -I/global/scratch/azare/Josh/WRFV3/external/io_int -I/global/scratch/azare/Josh/WRFV3/frame -I/global/scratch/azare/Josh/WRFV3/share -I/global/scratch/azare/Josh/WRFV3/phys -I/global/scratch/azare/Josh/WRFV3/chem -I/global/scratch/azare/Josh/WRFV3/inc -I/global/software/sl-6.x86_64/modules/intel/2013_sp1.4.211/netcdf/4.3.2-intel-p/include  -i4  module_data_cam_mam_aero.f90
rm -f module_cam_mp_conv_water.o
/lib/cpp -C -P -I/global/scratch/azare/Josh/WRFV3/inc -DEM_CORE=1 -DNMM_CORE=0 -DNMM_MAX_DIM=2600 -DCOAMPS_CORE=0 -DDA_CORE=0 -DEXP_CORE=0 -DIWORDSIZE=4 -DDWORDSIZE=8 -DRWORDSIZE=4 -DLWORDSIZE=4 -DNONSTANDARD_SYSTEM_FUNC -DWRF_USE_CLM  -DDM_PARALLEL -DNETCDF -DUSE_ALLOCATABLES -DGRIB1 -DINTIO -DLIMIT_ARGS -DCONFIG_BUF_LEN=65536 -DMAX_DOMAINS_F=21 -DMAX_HISTORY=25 -DNMM_NEST=0 -DWRF_CHEM -DBUILD_CHEM=1 -DWRF_KPP -I. -traditional   module_cam_mp_conv_water.F  > module_cam_mp_conv_water.bb
/global/scratch/azare/Josh/WRFV3/tools/standard.exe module_cam_mp_conv_water.bb | /lib/cpp -C -P > module_cam_mp_conv_water.f90
rm -f module_cam_mp_conv_water.b module_cam_mp_conv_water.bb
mpif90 -f90=ifort -o module_cam_mp_conv_water.o -c -O2 -ip -fp-model precise -w -ftz -align all -fno-alias -FR -convert big_endian    -I../dyn_em -I../dyn_nmm   -I/global/scratch/azare/Josh/WRFV3/external/esmf_time_f90  -I/global/scratch/azare/Josh/WRFV3/main -I/global/scratch/azare/Josh/WRFV3/external/io_netcdf -I/global/scratch/azare/Josh/WRFV3/external/io_int -I/global/scratch/azare/Josh/WRFV3/frame -I/global/scratch/azare/Josh/WRFV3/share -I/global/scratch/azare/Josh/WRFV3/phys -I/global/scratch/azare/Josh/WRFV3/chem -I/global/scratch/azare/Josh/WRFV3/inc -I/global/software/sl-6.x86_64/modules/intel/2013_sp1.4.211/netcdf/4.3.2-intel-p/include  -i4  module_cam_mp_conv_water.f90
rm -f module_data_cam_mam_asect.o
/lib/cpp -C -P -I/global/scratch/azare/Josh/WRFV3/inc -DEM_CORE=1 -DNMM_CORE=0 -DNMM_MAX_DIM=2600 -DCOAMPS_CORE=0 -DDA_CORE=0 -DEXP_CORE=0 -DIWORDSIZE=4 -DDWORDSIZE=8 -DRWORDSIZE=4 -DLWORDSIZE=4 -DNONSTANDARD_SYSTEM_FUNC -DWRF_USE_CLM  -DDM_PARALLEL -DNETCDF -DUSE_ALLOCATABLES -DGRIB1 -DINTIO -DLIMIT_ARGS -DCONFIG_BUF_LEN=65536 -DMAX_DOMAINS_F=21 -DMAX_HISTORY=25 -DNMM_NEST=0 -DWRF_CHEM -DBUILD_CHEM=1 -DWRF_KPP -I. -traditional   module_data_cam_mam_asect.F  > module_data_cam_mam_asect.bb
/global/scratch/azare/Josh/WRFV3/tools/standard.exe module_data_cam_mam_asect.bb | /lib/cpp -C -P > module_data_cam_mam_asect.f90
rm -f module_data_cam_mam_asect.b module_data_cam_mam_asect.bb
mpif90 -f90=ifort -o module_data_cam_mam_asect.o -c -O2 -ip -fp-model precise -w -ftz -align all -fno-alias -FR -convert big_endian    -I../dyn_em -I../dyn_nmm   -I/global/scratch/azare/Josh/WRFV3/external/esmf_time_f90  -I/global/scratch/azare/Josh/WRFV3/main -I/global/scratch/azare/Josh/WRFV3/external/io_netcdf -I/global/scratch/azare/Josh/WRFV3/external/io_int -I/global/scratch/azare/Josh/WRFV3/frame -I/global/scratch/azare/Josh/WRFV3/share -I/global/scratch/azare/Josh/WRFV3/phys -I/global/scratch/azare/Josh/WRFV3/chem -I/global/scratch/azare/Josh/WRFV3/inc -I/global/software/sl-6.x86_64/modules/intel/2013_sp1.4.211/netcdf/4.3.2-intel-p/include  -i4  module_data_cam_mam_asect.f90
rm -f module_bl_gfs.o
/lib/cpp -C -P -I/global/scratch/azare/Josh/WRFV3/inc -DEM_CORE=1 -DNMM_CORE=0 -DNMM_MAX_DIM=2600 -DCOAMPS_CORE=0 -DDA_CORE=0 -DEXP_CORE=0 -DIWORDSIZE=4 -DDWORDSIZE=8 -DRWORDSIZE=4 -DLWORDSIZE=4 -DNONSTANDARD_SYSTEM_FUNC -DWRF_USE_CLM  -DDM_PARALLEL -DNETCDF -DUSE_ALLOCATABLES -DGRIB1 -DINTIO -DLIMIT_ARGS -DCONFIG_BUF_LEN=65536 -DMAX_DOMAINS_F=21 -DMAX_HISTORY=25 -DNMM_NEST=0 -DWRF_CHEM -DBUILD_CHEM=1 -DWRF_KPP -I. -traditional   module_bl_gfs.F  > module_bl_gfs.bb
/global/scratch/azare/Josh/WRFV3/tools/standard.exe module_bl_gfs.bb | /lib/cpp -C -P > module_bl_gfs.f90
rm -f module_bl_gfs.b module_bl_gfs.bb
mpif90 -f90=ifort -o module_bl_gfs.o -c -O2 -ip -fp-model precise -w -ftz -align all -fno-alias -FR -convert big_endian    -I../dyn_em -I../dyn_nmm   -I/global/scratch/azare/Josh/WRFV3/external/esmf_time_f90  -I/global/scratch/azare/Josh/WRFV3/main -I/global/scratch/azare/Josh/WRFV3/external/io_netcdf -I/global/scratch/azare/Josh/WRFV3/external/io_int -I/global/scratch/azare/Josh/WRFV3/frame -I/global/scratch/azare/Josh/WRFV3/share -I/global/scratch/azare/Josh/WRFV3/phys -I/global/scratch/azare/Josh/WRFV3/chem -I/global/scratch/azare/Josh/WRFV3/inc -I/global/software/sl-6.x86_64/modules/intel/2013_sp1.4.211/netcdf/4.3.2-intel-p/include  -i4  module_bl_gfs.f90
rm -f module_bl_gfs2011.o
/lib/cpp -C -P -I/global/scratch/azare/Josh/WRFV3/inc -DEM_CORE=1 -DNMM_CORE=0 -DNMM_MAX_DIM=2600 -DCOAMPS_CORE=0 -DDA_CORE=0 -DEXP_CORE=0 -DIWORDSIZE=4 -DDWORDSIZE=8 -DRWORDSIZE=4 -DLWORDSIZE=4 -DNONSTANDARD_SYSTEM_FUNC -DWRF_USE_CLM  -DDM_PARALLEL -DNETCDF -DUSE_ALLOCATABLES -DGRIB1 -DINTIO -DLIMIT_ARGS -DCONFIG_BUF_LEN=65536 -DMAX_DOMAINS_F=21 -DMAX_HISTORY=25 -DNMM_NEST=0 -DWRF_CHEM -DBUILD_CHEM=1 -DWRF_KPP -I. -traditional   module_bl_gfs2011.F  > module_bl_gfs2011.bb
/global/scratch/azare/Josh/WRFV3/tools/standard.exe module_bl_gfs2011.bb | /lib/cpp -C -P > module_bl_gfs2011.f90
rm -f module_bl_gfs2011.b module_bl_gfs2011.bb
mpif90 -f90=ifort -o module_bl_gfs2011.o -c -O2 -ip -fp-model precise -w -ftz -align all -fno-alias -FR -convert big_endian    -I../dyn_em -I../dyn_nmm   -I/global/scratch/azare/Josh/WRFV3/external/esmf_time_f90  -I/global/scratch/azare/Josh/WRFV3/main -I/global/scratch/azare/Josh/WRFV3/external/io_netcdf -I/global/scratch/azare/Josh/WRFV3/external/io_int -I/global/scratch/azare/Josh/WRFV3/frame -I/global/scratch/azare/Josh/WRFV3/share -I/global/scratch/azare/Josh/WRFV3/phys -I/global/scratch/azare/Josh/WRFV3/chem -I/global/scratch/azare/Josh/WRFV3/inc -I/global/software/sl-6.x86_64/modules/intel/2013_sp1.4.211/netcdf/4.3.2-intel-p/include  -i4  module_bl_gfs2011.f90
rm -f module_cu_tiedtke.o
/lib/cpp -C -P -I/global/scratch/azare/Josh/WRFV3/inc -DEM_CORE=1 -DNMM_CORE=0 -DNMM_MAX_DIM=2600 -DCOAMPS_CORE=0 -DDA_CORE=0 -DEXP_CORE=0 -DIWORDSIZE=4 -DDWORDSIZE=8 -DRWORDSIZE=4 -DLWORDSIZE=4 -DNONSTANDARD_SYSTEM_FUNC -DWRF_USE_CLM  -DDM_PARALLEL -DNETCDF -DUSE_ALLOCATABLES -DGRIB1 -DINTIO -DLIMIT_ARGS -DCONFIG_BUF_LEN=65536 -DMAX_DOMAINS_F=21 -DMAX_HISTORY=25 -DNMM_NEST=0 -DWRF_CHEM -DBUILD_CHEM=1 -DWRF_KPP -I. -traditional   module_cu_tiedtke.F  > module_cu_tiedtke.bb
/global/scratch/azare/Josh/WRFV3/tools/standard.exe module_cu_tiedtke.bb | /lib/cpp -C -P > module_cu_tiedtke.f90
rm -f module_cu_tiedtke.b module_cu_tiedtke.bb
mpif90 -f90=ifort -o module_cu_tiedtke.o -c -O2 -ip -fp-model precise -w -ftz -align all -fno-alias -FR -convert big_endian    -I../dyn_em -I../dyn_nmm   -I/global/scratch/azare/Josh/WRFV3/external/esmf_time_f90  -I/global/scratch/azare/Josh/WRFV3/main -I/global/scratch/azare/Josh/WRFV3/external/io_netcdf -I/global/scratch/azare/Josh/WRFV3/external/io_int -I/global/scratch/azare/Josh/WRFV3/frame -I/global/scratch/azare/Josh/WRFV3/share -I/global/scratch/azare/Josh/WRFV3/phys -I/global/scratch/azare/Josh/WRFV3/chem -I/global/scratch/azare/Josh/WRFV3/inc -I/global/software/sl-6.x86_64/modules/intel/2013_sp1.4.211/netcdf/4.3.2-intel-p/include  -i4  module_cu_tiedtke.f90
rm -f module_cu_sas.o
/lib/cpp -C -P -I/global/scratch/azare/Josh/WRFV3/inc -DEM_CORE=1 -DNMM_CORE=0 -DNMM_MAX_DIM=2600 -DCOAMPS_CORE=0 -DDA_CORE=0 -DEXP_CORE=0 -DIWORDSIZE=4 -DDWORDSIZE=8 -DRWORDSIZE=4 -DLWORDSIZE=4 -DNONSTANDARD_SYSTEM_FUNC -DWRF_USE_CLM  -DDM_PARALLEL -DNETCDF -DUSE_ALLOCATABLES -DGRIB1 -DINTIO -DLIMIT_ARGS -DCONFIG_BUF_LEN=65536 -DMAX_DOMAINS_F=21 -DMAX_HISTORY=25 -DNMM_NEST=0 -DWRF_CHEM -DBUILD_CHEM=1 -DWRF_KPP -I. -traditional   module_cu_sas.F  > module_cu_sas.bb
/global/scratch/azare/Josh/WRFV3/tools/standard.exe module_cu_sas.bb | /lib/cpp -C -P > module_cu_sas.f90
rm -f module_cu_sas.b module_cu_sas.bb
mpif90 -f90=ifort -o module_cu_sas.o -c -O2 -ip -fp-model precise -w -ftz -align all -fno-alias -FR -convert big_endian    -I../dyn_em -I../dyn_nmm   -I/global/scratch/azare/Josh/WRFV3/external/esmf_time_f90  -I/global/scratch/azare/Josh/WRFV3/main -I/global/scratch/azare/Josh/WRFV3/external/io_netcdf -I/global/scratch/azare/Josh/WRFV3/external/io_int -I/global/scratch/azare/Josh/WRFV3/frame -I/global/scratch/azare/Josh/WRFV3/share -I/global/scratch/azare/Josh/WRFV3/phys -I/global/scratch/azare/Josh/WRFV3/chem -I/global/scratch/azare/Josh/WRFV3/inc -I/global/software/sl-6.x86_64/modules/intel/2013_sp1.4.211/netcdf/4.3.2-intel-p/include  -i4  module_cu_sas.f90
rm -f module_cu_mesosas.o
/lib/cpp -C -P -I/global/scratch/azare/Josh/WRFV3/inc -DEM_CORE=1 -DNMM_CORE=0 -DNMM_MAX_DIM=2600 -DCOAMPS_CORE=0 -DDA_CORE=0 -DEXP_CORE=0 -DIWORDSIZE=4 -DDWORDSIZE=8 -DRWORDSIZE=4 -DLWORDSIZE=4 -DNONSTANDARD_SYSTEM_FUNC -DWRF_USE_CLM  -DDM_PARALLEL -DNETCDF -DUSE_ALLOCATABLES -DGRIB1 -DINTIO -DLIMIT_ARGS -DCONFIG_BUF_LEN=65536 -DMAX_DOMAINS_F=21 -DMAX_HISTORY=25 -DNMM_NEST=0 -DWRF_CHEM -DBUILD_CHEM=1 -DWRF_KPP -I. -traditional   module_cu_mesosas.F  > module_cu_mesosas.bb
/global/scratch/azare/Josh/WRFV3/tools/standard.exe module_cu_mesosas.bb | /lib/cpp -C -P > module_cu_mesosas.f90
rm -f module_cu_mesosas.b module_cu_mesosas.bb
mpif90 -f90=ifort -o module_cu_mesosas.o -c -O2 -ip -fp-model precise -w -ftz -align all -fno-alias -FR -convert big_endian    -I../dyn_em -I../dyn_nmm   -I/global/scratch/azare/Josh/WRFV3/external/esmf_time_f90  -I/global/scratch/azare/Josh/WRFV3/main -I/global/scratch/azare/Josh/WRFV3/external/io_netcdf -I/global/scratch/azare/Josh/WRFV3/external/io_int -I/global/scratch/azare/Josh/WRFV3/frame -I/global/scratch/azare/Josh/WRFV3/share -I/global/scratch/azare/Josh/WRFV3/phys -I/global/scratch/azare/Josh/WRFV3/chem -I/global/scratch/azare/Josh/WRFV3/inc -I/global/software/sl-6.x86_64/modules/intel/2013_sp1.4.211/netcdf/4.3.2-intel-p/include  -i4  module_cu_mesosas.f90
rm -f module_cu_osas.o
/lib/cpp -C -P -I/global/scratch/azare/Josh/WRFV3/inc -DEM_CORE=1 -DNMM_CORE=0 -DNMM_MAX_DIM=2600 -DCOAMPS_CORE=0 -DDA_CORE=0 -DEXP_CORE=0 -DIWORDSIZE=4 -DDWORDSIZE=8 -DRWORDSIZE=4 -DLWORDSIZE=4 -DNONSTANDARD_SYSTEM_FUNC -DWRF_USE_CLM  -DDM_PARALLEL -DNETCDF -DUSE_ALLOCATABLES -DGRIB1 -DINTIO -DLIMIT_ARGS -DCONFIG_BUF_LEN=65536 -DMAX_DOMAINS_F=21 -DMAX_HISTORY=25 -DNMM_NEST=0 -DWRF_CHEM -DBUILD_CHEM=1 -DWRF_KPP -I. -traditional   module_cu_osas.F  > module_cu_osas.bb
/global/scratch/azare/Josh/WRFV3/tools/standard.exe module_cu_osas.bb | /lib/cpp -C -P > module_cu_osas.f90
rm -f module_cu_osas.b module_cu_osas.bb
mpif90 -f90=ifort -o module_cu_osas.o -c -O2 -ip -fp-model precise -w -ftz -align all -fno-alias -FR -convert big_endian    -I../dyn_em -I../dyn_nmm   -I/global/scratch/azare/Josh/WRFV3/external/esmf_time_f90  -I/global/scratch/azare/Josh/WRFV3/main -I/global/scratch/azare/Josh/WRFV3/external/io_netcdf -I/global/scratch/azare/Josh/WRFV3/external/io_int -I/global/scratch/azare/Josh/WRFV3/frame -I/global/scratch/azare/Josh/WRFV3/share -I/global/scratch/azare/Josh/WRFV3/phys -I/global/scratch/azare/Josh/WRFV3/chem -I/global/scratch/azare/Josh/WRFV3/inc -I/global/software/sl-6.x86_64/modules/intel/2013_sp1.4.211/netcdf/4.3.2-intel-p/include  -i4  module_cu_osas.f90
rm -f module_ra_cam.o
/lib/cpp -C -P -I/global/scratch/azare/Josh/WRFV3/inc -DEM_CORE=1 -DNMM_CORE=0 -DNMM_MAX_DIM=2600 -DCOAMPS_CORE=0 -DDA_CORE=0 -DEXP_CORE=0 -DIWORDSIZE=4 -DDWORDSIZE=8 -DRWORDSIZE=4 -DLWORDSIZE=4 -DNONSTANDARD_SYSTEM_FUNC -DWRF_USE_CLM  -DDM_PARALLEL -DNETCDF -DUSE_ALLOCATABLES -DGRIB1 -DINTIO -DLIMIT_ARGS -DCONFIG_BUF_LEN=65536 -DMAX_DOMAINS_F=21 -DMAX_HISTORY=25 -DNMM_NEST=0 -DWRF_CHEM -DBUILD_CHEM=1 -DWRF_KPP -I. -traditional   module_ra_cam.F  > module_ra_cam.bb
/global/scratch/azare/Josh/WRFV3/tools/standard.exe module_ra_cam.bb | /lib/cpp -C -P > module_ra_cam.f90
rm -f module_ra_cam.b module_ra_cam.bb
mpif90 -f90=ifort -o module_ra_cam.o -c -O2 -ip -fp-model precise -w -ftz -align all -fno-alias -FR -convert big_endian    -I../dyn_em -I../dyn_nmm   -I/global/scratch/azare/Josh/WRFV3/external/esmf_time_f90  -I/global/scratch/azare/Josh/WRFV3/main -I/global/scratch/azare/Josh/WRFV3/external/io_netcdf -I/global/scratch/azare/Josh/WRFV3/external/io_int -I/global/scratch/azare/Josh/WRFV3/frame -I/global/scratch/azare/Josh/WRFV3/share -I/global/scratch/azare/Josh/WRFV3/phys -I/global/scratch/azare/Josh/WRFV3/chem -I/global/scratch/azare/Josh/WRFV3/inc -I/global/software/sl-6.x86_64/modules/intel/2013_sp1.4.211/netcdf/4.3.2-intel-p/include  -i4  module_ra_cam.f90
rm -f module_sf_noahlsm_glacial_only.o
/lib/cpp -C -P -I/global/scratch/azare/Josh/WRFV3/inc -DEM_CORE=1 -DNMM_CORE=0 -DNMM_MAX_DIM=2600 -DCOAMPS_CORE=0 -DDA_CORE=0 -DEXP_CORE=0 -DIWORDSIZE=4 -DDWORDSIZE=8 -DRWORDSIZE=4 -DLWORDSIZE=4 -DNONSTANDARD_SYSTEM_FUNC -DWRF_USE_CLM  -DDM_PARALLEL -DNETCDF -DUSE_ALLOCATABLES -DGRIB1 -DINTIO -DLIMIT_ARGS -DCONFIG_BUF_LEN=65536 -DMAX_DOMAINS_F=21 -DMAX_HISTORY=25 -DNMM_NEST=0 -DWRF_CHEM -DBUILD_CHEM=1 -DWRF_KPP -I. -traditional   module_sf_noahlsm_glacial_only.F  > module_sf_noahlsm_glacial_only.bb
/global/scratch/azare/Josh/WRFV3/tools/standard.exe module_sf_noahlsm_glacial_only.bb | /lib/cpp -C -P > module_sf_noahlsm_glacial_only.f90
rm -f module_sf_noahlsm_glacial_only.b module_sf_noahlsm_glacial_only.bb
mpif90 -f90=ifort -o module_sf_noahlsm_glacial_only.o -c -O2 -ip -fp-model precise -w -ftz -align all -fno-alias -FR -convert big_endian    -I../dyn_em -I../dyn_nmm   -I/global/scratch/azare/Josh/WRFV3/external/esmf_time_f90  -I/global/scratch/azare/Josh/WRFV3/main -I/global/scratch/azare/Josh/WRFV3/external/io_netcdf -I/global/scratch/azare/Josh/WRFV3/external/io_int -I/global/scratch/azare/Josh/WRFV3/frame -I/global/scratch/azare/Josh/WRFV3/share -I/global/scratch/azare/Josh/WRFV3/phys -I/global/scratch/azare/Josh/WRFV3/chem -I/global/scratch/azare/Josh/WRFV3/inc -I/global/software/sl-6.x86_64/modules/intel/2013_sp1.4.211/netcdf/4.3.2-intel-p/include  -i4  module_sf_noahlsm_glacial_only.f90
rm -f module_radiation_driver.o
/lib/cpp -C -P -I/global/scratch/azare/Josh/WRFV3/inc -DEM_CORE=1 -DNMM_CORE=0 -DNMM_MAX_DIM=2600 -DCOAMPS_CORE=0 -DDA_CORE=0 -DEXP_CORE=0 -DIWORDSIZE=4 -DDWORDSIZE=8 -DRWORDSIZE=4 -DLWORDSIZE=4 -DNONSTANDARD_SYSTEM_FUNC -DWRF_USE_CLM  -DDM_PARALLEL -DNETCDF -DUSE_ALLOCATABLES -DGRIB1 -DINTIO -DLIMIT_ARGS -DCONFIG_BUF_LEN=65536 -DMAX_DOMAINS_F=21 -DMAX_HISTORY=25 -DNMM_NEST=0 -DWRF_CHEM -DBUILD_CHEM=1 -DWRF_KPP -I. -traditional   module_radiation_driver.F  > module_radiation_driver.bb
/global/scratch/azare/Josh/WRFV3/tools/standard.exe module_radiation_driver.bb | /lib/cpp -C -P > module_radiation_driver.f90
rm -f module_radiation_driver.b module_radiation_driver.bb
mpif90 -f90=ifort -o module_radiation_driver.o -c -O2 -ip -fp-model precise -w -ftz -align all -fno-alias -FR -convert big_endian    -I../dyn_em -I../dyn_nmm   -I/global/scratch/azare/Josh/WRFV3/external/esmf_time_f90  -I/global/scratch/azare/Josh/WRFV3/main -I/global/scratch/azare/Josh/WRFV3/external/io_netcdf -I/global/scratch/azare/Josh/WRFV3/external/io_int -I/global/scratch/azare/Josh/WRFV3/frame -I/global/scratch/azare/Josh/WRFV3/share -I/global/scratch/azare/Josh/WRFV3/phys -I/global/scratch/azare/Josh/WRFV3/chem -I/global/scratch/azare/Josh/WRFV3/inc -I/global/software/sl-6.x86_64/modules/intel/2013_sp1.4.211/netcdf/4.3.2-intel-p/include  -i4  module_radiation_driver.f90
rm -f module_fr_fire_core.o
/lib/cpp -C -P -I/global/scratch/azare/Josh/WRFV3/inc -DEM_CORE=1 -DNMM_CORE=0 -DNMM_MAX_DIM=2600 -DCOAMPS_CORE=0 -DDA_CORE=0 -DEXP_CORE=0 -DIWORDSIZE=4 -DDWORDSIZE=8 -DRWORDSIZE=4 -DLWORDSIZE=4 -DNONSTANDARD_SYSTEM_FUNC -DWRF_USE_CLM  -DDM_PARALLEL -DNETCDF -DUSE_ALLOCATABLES -DGRIB1 -DINTIO -DLIMIT_ARGS -DCONFIG_BUF_LEN=65536 -DMAX_DOMAINS_F=21 -DMAX_HISTORY=25 -DNMM_NEST=0 -DWRF_CHEM -DBUILD_CHEM=1 -DWRF_KPP -I. -traditional   module_fr_fire_core.F  > module_fr_fire_core.bb
/global/scratch/azare/Josh/WRFV3/tools/standard.exe module_fr_fire_core.bb | /lib/cpp -C -P > module_fr_fire_core.f90
rm -f module_fr_fire_core.b module_fr_fire_core.bb
mpif90 -f90=ifort -o module_fr_fire_core.o -c -O2 -ip -fp-model precise -w -ftz -align all -fno-alias -FR -convert big_endian    -I../dyn_em -I../dyn_nmm   -I/global/scratch/azare/Josh/WRFV3/external/esmf_time_f90  -I/global/scratch/azare/Josh/WRFV3/main -I/global/scratch/azare/Josh/WRFV3/external/io_netcdf -I/global/scratch/azare/Josh/WRFV3/external/io_int -I/global/scratch/azare/Josh/WRFV3/frame -I/global/scratch/azare/Josh/WRFV3/share -I/global/scratch/azare/Josh/WRFV3/phys -I/global/scratch/azare/Josh/WRFV3/chem -I/global/scratch/azare/Josh/WRFV3/inc -I/global/software/sl-6.x86_64/modules/intel/2013_sp1.4.211/netcdf/4.3.2-intel-p/include  -i4  module_fr_fire_core.f90
rm -f module_cam_gffgch.o
/lib/cpp -C -P -I/global/scratch/azare/Josh/WRFV3/inc -DEM_CORE=1 -DNMM_CORE=0 -DNMM_MAX_DIM=2600 -DCOAMPS_CORE=0 -DDA_CORE=0 -DEXP_CORE=0 -DIWORDSIZE=4 -DDWORDSIZE=8 -DRWORDSIZE=4 -DLWORDSIZE=4 -DNONSTANDARD_SYSTEM_FUNC -DWRF_USE_CLM  -DDM_PARALLEL -DNETCDF -DUSE_ALLOCATABLES -DGRIB1 -DINTIO -DLIMIT_ARGS -DCONFIG_BUF_LEN=65536 -DMAX_DOMAINS_F=21 -DMAX_HISTORY=25 -DNMM_NEST=0 -DWRF_CHEM -DBUILD_CHEM=1 -DWRF_KPP -I. -traditional   module_cam_gffgch.F  > module_cam_gffgch.bb
/global/scratch/azare/Josh/WRFV3/tools/standard.exe module_cam_gffgch.bb | /lib/cpp -C -P > module_cam_gffgch.f90
rm -f module_cam_gffgch.b module_cam_gffgch.bb
mpif90 -f90=ifort -o module_cam_gffgch.o -c -O2 -ip -fp-model precise -w -ftz -align all -fno-alias -FR -convert big_endian    -I../dyn_em -I../dyn_nmm   -I/global/scratch/azare/Josh/WRFV3/external/esmf_time_f90  -I/global/scratch/azare/Josh/WRFV3/main -I/global/scratch/azare/Josh/WRFV3/external/io_netcdf -I/global/scratch/azare/Josh/WRFV3/external/io_int -I/global/scratch/azare/Josh/WRFV3/frame -I/global/scratch/azare/Josh/WRFV3/share -I/global/scratch/azare/Josh/WRFV3/phys -I/global/scratch/azare/Josh/WRFV3/chem -I/global/scratch/azare/Josh/WRFV3/inc -I/global/software/sl-6.x86_64/modules/intel/2013_sp1.4.211/netcdf/4.3.2-intel-p/include  -i4  module_cam_gffgch.f90
rm -f module_cam_constituents.o
/lib/cpp -C -P -I/global/scratch/azare/Josh/WRFV3/inc -DEM_CORE=1 -DNMM_CORE=0 -DNMM_MAX_DIM=2600 -DCOAMPS_CORE=0 -DDA_CORE=0 -DEXP_CORE=0 -DIWORDSIZE=4 -DDWORDSIZE=8 -DRWORDSIZE=4 -DLWORDSIZE=4 -DNONSTANDARD_SYSTEM_FUNC -DWRF_USE_CLM  -DDM_PARALLEL -DNETCDF -DUSE_ALLOCATABLES -DGRIB1 -DINTIO -DLIMIT_ARGS -DCONFIG_BUF_LEN=65536 -DMAX_DOMAINS_F=21 -DMAX_HISTORY=25 -DNMM_NEST=0 -DWRF_CHEM -DBUILD_CHEM=1 -DWRF_KPP -I. -traditional   module_cam_constituents.F  > module_cam_constituents.bb
/global/scratch/azare/Josh/WRFV3/tools/standard.exe module_cam_constituents.bb | /lib/cpp -C -P > module_cam_constituents.f90
rm -f module_cam_constituents.b module_cam_constituents.bb
mpif90 -f90=ifort -o module_cam_constituents.o -c -O2 -ip -fp-model precise -w -ftz -align all -fno-alias -FR -convert big_endian    -I../dyn_em -I../dyn_nmm   -I/global/scratch/azare/Josh/WRFV3/external/esmf_time_f90  -I/global/scratch/azare/Josh/WRFV3/main -I/global/scratch/azare/Josh/WRFV3/external/io_netcdf -I/global/scratch/azare/Josh/WRFV3/external/io_int -I/global/scratch/azare/Josh/WRFV3/frame -I/global/scratch/azare/Josh/WRFV3/share -I/global/scratch/azare/Josh/WRFV3/phys -I/global/scratch/azare/Josh/WRFV3/chem -I/global/scratch/azare/Josh/WRFV3/inc -I/global/software/sl-6.x86_64/modules/intel/2013_sp1.4.211/netcdf/4.3.2-intel-p/include  -i4  module_cam_constituents.f90
rm -f module_cam_mp_modal_aero_initialize_data_phys.o
/lib/cpp -C -P -I/global/scratch/azare/Josh/WRFV3/inc -DEM_CORE=1 -DNMM_CORE=0 -DNMM_MAX_DIM=2600 -DCOAMPS_CORE=0 -DDA_CORE=0 -DEXP_CORE=0 -DIWORDSIZE=4 -DDWORDSIZE=8 -DRWORDSIZE=4 -DLWORDSIZE=4 -DNONSTANDARD_SYSTEM_FUNC -DWRF_USE_CLM  -DDM_PARALLEL -DNETCDF -DUSE_ALLOCATABLES -DGRIB1 -DINTIO -DLIMIT_ARGS -DCONFIG_BUF_LEN=65536 -DMAX_DOMAINS_F=21 -DMAX_HISTORY=25 -DNMM_NEST=0 -DWRF_CHEM -DBUILD_CHEM=1 -DWRF_KPP -I. -traditional   module_cam_mp_modal_aero_initialize_data_phys.F  > module_cam_mp_modal_aero_initialize_data_phys.bb
/global/scratch/azare/Josh/WRFV3/tools/standard.exe module_cam_mp_modal_aero_initialize_data_phys.bb | /lib/cpp -C -P > module_cam_mp_modal_aero_initialize_data_phys.f90
rm -f module_cam_mp_modal_aero_initialize_data_phys.b module_cam_mp_modal_aero_initialize_data_phys.bb
mpif90 -f90=ifort -o module_cam_mp_modal_aero_initialize_data_phys.o -c -O2 -ip -fp-model precise -w -ftz -align all -fno-alias -FR -convert big_endian    -I../dyn_em -I../dyn_nmm   -I/global/scratch/azare/Josh/WRFV3/external/esmf_time_f90  -I/global/scratch/azare/Josh/WRFV3/main -I/global/scratch/azare/Josh/WRFV3/external/io_netcdf -I/global/scratch/azare/Josh/WRFV3/external/io_int -I/global/scratch/azare/Josh/WRFV3/frame -I/global/scratch/azare/Josh/WRFV3/share -I/global/scratch/azare/Josh/WRFV3/phys -I/global/scratch/azare/Josh/WRFV3/chem -I/global/scratch/azare/Josh/WRFV3/inc -I/global/software/sl-6.x86_64/modules/intel/2013_sp1.4.211/netcdf/4.3.2-intel-p/include  -i4  module_cam_mp_modal_aero_initialize_data_phys.f90
rm -f module_sf_noahdrv.o
/lib/cpp -C -P -I/global/scratch/azare/Josh/WRFV3/inc -DEM_CORE=1 -DNMM_CORE=0 -DNMM_MAX_DIM=2600 -DCOAMPS_CORE=0 -DDA_CORE=0 -DEXP_CORE=0 -DIWORDSIZE=4 -DDWORDSIZE=8 -DRWORDSIZE=4 -DLWORDSIZE=4 -DNONSTANDARD_SYSTEM_FUNC -DWRF_USE_CLM  -DDM_PARALLEL -DNETCDF -DUSE_ALLOCATABLES -DGRIB1 -DINTIO -DLIMIT_ARGS -DCONFIG_BUF_LEN=65536 -DMAX_DOMAINS_F=21 -DMAX_HISTORY=25 -DNMM_NEST=0 -DWRF_CHEM -DBUILD_CHEM=1 -DWRF_KPP -I. -traditional   module_sf_noahdrv.F  > module_sf_noahdrv.bb
/global/scratch/azare/Josh/WRFV3/tools/standard.exe module_sf_noahdrv.bb | /lib/cpp -C -P > module_sf_noahdrv.f90
rm -f module_sf_noahdrv.b module_sf_noahdrv.bb
mpif90 -f90=ifort -o module_sf_noahdrv.o -c -O2 -ip -fp-model precise -w -ftz -align all -fno-alias -FR -convert big_endian    -I../dyn_em -I../dyn_nmm   -I/global/scratch/azare/Josh/WRFV3/external/esmf_time_f90  -I/global/scratch/azare/Josh/WRFV3/main -I/global/scratch/azare/Josh/WRFV3/external/io_netcdf -I/global/scratch/azare/Josh/WRFV3/external/io_int -I/global/scratch/azare/Josh/WRFV3/frame -I/global/scratch/azare/Josh/WRFV3/share -I/global/scratch/azare/Josh/WRFV3/phys -I/global/scratch/azare/Josh/WRFV3/chem -I/global/scratch/azare/Josh/WRFV3/inc -I/global/software/sl-6.x86_64/modules/intel/2013_sp1.4.211/netcdf/4.3.2-intel-p/include  -i4  module_sf_noahdrv.f90
rm -f module_mixactivate.o
/lib/cpp -C -P -I/global/scratch/azare/Josh/WRFV3/inc -DEM_CORE=1 -DNMM_CORE=0 -DNMM_MAX_DIM=2600 -DCOAMPS_CORE=0 -DDA_CORE=0 -DEXP_CORE=0 -DIWORDSIZE=4 -DDWORDSIZE=8 -DRWORDSIZE=4 -DLWORDSIZE=4 -DNONSTANDARD_SYSTEM_FUNC -DWRF_USE_CLM  -DDM_PARALLEL -DNETCDF -DUSE_ALLOCATABLES -DGRIB1 -DINTIO -DLIMIT_ARGS -DCONFIG_BUF_LEN=65536 -DMAX_DOMAINS_F=21 -DMAX_HISTORY=25 -DNMM_NEST=0 -DWRF_CHEM -DBUILD_CHEM=1 -DWRF_KPP -I. -traditional   module_mixactivate.F  > module_mixactivate.bb
/global/scratch/azare/Josh/WRFV3/tools/standard.exe module_mixactivate.bb | /lib/cpp -C -P > module_mixactivate.f90
rm -f module_mixactivate.b module_mixactivate.bb
mpif90 -f90=ifort -o module_mixactivate.o -c -O2 -ip -fp-model precise -w -ftz -align all -fno-alias -FR -convert big_endian    -I../dyn_em -I../dyn_nmm   -I/global/scratch/azare/Josh/WRFV3/external/esmf_time_f90  -I/global/scratch/azare/Josh/WRFV3/main -I/global/scratch/azare/Josh/WRFV3/external/io_netcdf -I/global/scratch/azare/Josh/WRFV3/external/io_int -I/global/scratch/azare/Josh/WRFV3/frame -I/global/scratch/azare/Josh/WRFV3/share -I/global/scratch/azare/Josh/WRFV3/phys -I/global/scratch/azare/Josh/WRFV3/chem -I/global/scratch/azare/Josh/WRFV3/inc -I/global/software/sl-6.x86_64/modules/intel/2013_sp1.4.211/netcdf/4.3.2-intel-p/include  -i4  module_mixactivate.f90
rm -f module_fr_fire_model.o
/lib/cpp -C -P -I/global/scratch/azare/Josh/WRFV3/inc -DEM_CORE=1 -DNMM_CORE=0 -DNMM_MAX_DIM=2600 -DCOAMPS_CORE=0 -DDA_CORE=0 -DEXP_CORE=0 -DIWORDSIZE=4 -DDWORDSIZE=8 -DRWORDSIZE=4 -DLWORDSIZE=4 -DNONSTANDARD_SYSTEM_FUNC -DWRF_USE_CLM  -DDM_PARALLEL -DNETCDF -DUSE_ALLOCATABLES -DGRIB1 -DINTIO -DLIMIT_ARGS -DCONFIG_BUF_LEN=65536 -DMAX_DOMAINS_F=21 -DMAX_HISTORY=25 -DNMM_NEST=0 -DWRF_CHEM -DBUILD_CHEM=1 -DWRF_KPP -I. -traditional   module_fr_fire_model.F  > module_fr_fire_model.bb
/global/scratch/azare/Josh/WRFV3/tools/standard.exe module_fr_fire_model.bb | /lib/cpp -C -P > module_fr_fire_model.f90
rm -f module_fr_fire_model.b module_fr_fire_model.bb
mpif90 -f90=ifort -o module_fr_fire_model.o -c -O2 -ip -fp-model precise -w -ftz -align all -fno-alias -FR -convert big_endian    -I../dyn_em -I../dyn_nmm   -I/global/scratch/azare/Josh/WRFV3/external/esmf_time_f90  -I/global/scratch/azare/Josh/WRFV3/main -I/global/scratch/azare/Josh/WRFV3/external/io_netcdf -I/global/scratch/azare/Josh/WRFV3/external/io_int -I/global/scratch/azare/Josh/WRFV3/frame -I/global/scratch/azare/Josh/WRFV3/share -I/global/scratch/azare/Josh/WRFV3/phys -I/global/scratch/azare/Josh/WRFV3/chem -I/global/scratch/azare/Josh/WRFV3/inc -I/global/software/sl-6.x86_64/modules/intel/2013_sp1.4.211/netcdf/4.3.2-intel-p/include  -i4  module_fr_fire_model.f90
rm -f module_cam_wv_saturation.o
/lib/cpp -C -P -I/global/scratch/azare/Josh/WRFV3/inc -DEM_CORE=1 -DNMM_CORE=0 -DNMM_MAX_DIM=2600 -DCOAMPS_CORE=0 -DDA_CORE=0 -DEXP_CORE=0 -DIWORDSIZE=4 -DDWORDSIZE=8 -DRWORDSIZE=4 -DLWORDSIZE=4 -DNONSTANDARD_SYSTEM_FUNC -DWRF_USE_CLM  -DDM_PARALLEL -DNETCDF -DUSE_ALLOCATABLES -DGRIB1 -DINTIO -DLIMIT_ARGS -DCONFIG_BUF_LEN=65536 -DMAX_DOMAINS_F=21 -DMAX_HISTORY=25 -DNMM_NEST=0 -DWRF_CHEM -DBUILD_CHEM=1 -DWRF_KPP -I. -traditional   module_cam_wv_saturation.F  > module_cam_wv_saturation.bb
/global/scratch/azare/Josh/WRFV3/tools/standard.exe module_cam_wv_saturation.bb | /lib/cpp -C -P > module_cam_wv_saturation.f90
rm -f module_cam_wv_saturation.b module_cam_wv_saturation.bb
mpif90 -f90=ifort -o module_cam_wv_saturation.o -c -O2 -ip -fp-model precise -w -ftz -align all -fno-alias -FR -convert big_endian    -I../dyn_em -I../dyn_nmm   -I/global/scratch/azare/Josh/WRFV3/external/esmf_time_f90  -I/global/scratch/azare/Josh/WRFV3/main -I/global/scratch/azare/Josh/WRFV3/external/io_netcdf -I/global/scratch/azare/Josh/WRFV3/external/io_int -I/global/scratch/azare/Josh/WRFV3/frame -I/global/scratch/azare/Josh/WRFV3/share -I/global/scratch/azare/Josh/WRFV3/phys -I/global/scratch/azare/Josh/WRFV3/chem -I/global/scratch/azare/Josh/WRFV3/inc -I/global/software/sl-6.x86_64/modules/intel/2013_sp1.4.211/netcdf/4.3.2-intel-p/include  -i4  module_cam_wv_saturation.f90
rm -f module_cam_molec_diff.o
/lib/cpp -C -P -I/global/scratch/azare/Josh/WRFV3/inc -DEM_CORE=1 -DNMM_CORE=0 -DNMM_MAX_DIM=2600 -DCOAMPS_CORE=0 -DDA_CORE=0 -DEXP_CORE=0 -DIWORDSIZE=4 -DDWORDSIZE=8 -DRWORDSIZE=4 -DLWORDSIZE=4 -DNONSTANDARD_SYSTEM_FUNC -DWRF_USE_CLM  -DDM_PARALLEL -DNETCDF -DUSE_ALLOCATABLES -DGRIB1 -DINTIO -DLIMIT_ARGS -DCONFIG_BUF_LEN=65536 -DMAX_DOMAINS_F=21 -DMAX_HISTORY=25 -DNMM_NEST=0 -DWRF_CHEM -DBUILD_CHEM=1 -DWRF_KPP -I. -traditional   module_cam_molec_diff.F  > module_cam_molec_diff.bb
/global/scratch/azare/Josh/WRFV3/tools/standard.exe module_cam_molec_diff.bb | /lib/cpp -C -P > module_cam_molec_diff.f90
rm -f module_cam_molec_diff.b module_cam_molec_diff.bb
mpif90 -f90=ifort -o module_cam_molec_diff.o -c -O2 -ip -fp-model precise -w -ftz -align all -fno-alias -FR -convert big_endian    -I../dyn_em -I../dyn_nmm   -I/global/scratch/azare/Josh/WRFV3/external/esmf_time_f90  -I/global/scratch/azare/Josh/WRFV3/main -I/global/scratch/azare/Josh/WRFV3/external/io_netcdf -I/global/scratch/azare/Josh/WRFV3/external/io_int -I/global/scratch/azare/Josh/WRFV3/frame -I/global/scratch/azare/Josh/WRFV3/share -I/global/scratch/azare/Josh/WRFV3/phys -I/global/scratch/azare/Josh/WRFV3/chem -I/global/scratch/azare/Josh/WRFV3/inc -I/global/software/sl-6.x86_64/modules/intel/2013_sp1.4.211/netcdf/4.3.2-intel-p/include  -i4  module_cam_molec_diff.f90
rm -f module_cam_mp_ndrop.o
/lib/cpp -C -P -I/global/scratch/azare/Josh/WRFV3/inc -DEM_CORE=1 -DNMM_CORE=0 -DNMM_MAX_DIM=2600 -DCOAMPS_CORE=0 -DDA_CORE=0 -DEXP_CORE=0 -DIWORDSIZE=4 -DDWORDSIZE=8 -DRWORDSIZE=4 -DLWORDSIZE=4 -DNONSTANDARD_SYSTEM_FUNC -DWRF_USE_CLM  -DDM_PARALLEL -DNETCDF -DUSE_ALLOCATABLES -DGRIB1 -DINTIO -DLIMIT_ARGS -DCONFIG_BUF_LEN=65536 -DMAX_DOMAINS_F=21 -DMAX_HISTORY=25 -DNMM_NEST=0 -DWRF_CHEM -DBUILD_CHEM=1 -DWRF_KPP -I. -traditional   module_cam_mp_ndrop.F  > module_cam_mp_ndrop.bb
/global/scratch/azare/Josh/WRFV3/tools/standard.exe module_cam_mp_ndrop.bb | /lib/cpp -C -P > module_cam_mp_ndrop.f90
rm -f module_cam_mp_ndrop.b module_cam_mp_ndrop.bb
mpif90 -f90=ifort -o module_cam_mp_ndrop.o -c -O2 -ip -fp-model precise -w -ftz -align all -fno-alias -FR -convert big_endian    -I../dyn_em -I../dyn_nmm   -I/global/scratch/azare/Josh/WRFV3/external/esmf_time_f90  -I/global/scratch/azare/Josh/WRFV3/main -I/global/scratch/azare/Josh/WRFV3/external/io_netcdf -I/global/scratch/azare/Josh/WRFV3/external/io_int -I/global/scratch/azare/Josh/WRFV3/frame -I/global/scratch/azare/Josh/WRFV3/share -I/global/scratch/azare/Josh/WRFV3/phys -I/global/scratch/azare/Josh/WRFV3/chem -I/global/scratch/azare/Josh/WRFV3/inc -I/global/software/sl-6.x86_64/modules/intel/2013_sp1.4.211/netcdf/4.3.2-intel-p/include  -i4  module_cam_mp_ndrop.f90
rm -f module_cam_mp_cldwat2m_micro.o
/lib/cpp -C -P -I/global/scratch/azare/Josh/WRFV3/inc -DEM_CORE=1 -DNMM_CORE=0 -DNMM_MAX_DIM=2600 -DCOAMPS_CORE=0 -DDA_CORE=0 -DEXP_CORE=0 -DIWORDSIZE=4 -DDWORDSIZE=8 -DRWORDSIZE=4 -DLWORDSIZE=4 -DNONSTANDARD_SYSTEM_FUNC -DWRF_USE_CLM  -DDM_PARALLEL -DNETCDF -DUSE_ALLOCATABLES -DGRIB1 -DINTIO -DLIMIT_ARGS -DCONFIG_BUF_LEN=65536 -DMAX_DOMAINS_F=21 -DMAX_HISTORY=25 -DNMM_NEST=0 -DWRF_CHEM -DBUILD_CHEM=1 -DWRF_KPP -I. -traditional   module_cam_mp_cldwat2m_micro.F  > module_cam_mp_cldwat2m_micro.bb
/global/scratch/azare/Josh/WRFV3/tools/standard.exe module_cam_mp_cldwat2m_micro.bb | /lib/cpp -C -P > module_cam_mp_cldwat2m_micro.f90
rm -f module_cam_mp_cldwat2m_micro.b module_cam_mp_cldwat2m_micro.bb
mpif90 -f90=ifort -o module_cam_mp_cldwat2m_micro.o -c -O2 -ip -fp-model precise -w -ftz -align all -fno-alias -FR -convert big_endian    -I../dyn_em -I../dyn_nmm   -I/global/scratch/azare/Josh/WRFV3/external/esmf_time_f90  -I/global/scratch/azare/Josh/WRFV3/main -I/global/scratch/azare/Josh/WRFV3/external/io_netcdf -I/global/scratch/azare/Josh/WRFV3/external/io_int -I/global/scratch/azare/Josh/WRFV3/frame -I/global/scratch/azare/Josh/WRFV3/share -I/global/scratch/azare/Josh/WRFV3/phys -I/global/scratch/azare/Josh/WRFV3/chem -I/global/scratch/azare/Josh/WRFV3/inc -I/global/software/sl-6.x86_64/modules/intel/2013_sp1.4.211/netcdf/4.3.2-intel-p/include  -i4  module_cam_mp_cldwat2m_micro.f90
rm -f module_sf_noahmpdrv.o
/lib/cpp -C -P -I/global/scratch/azare/Josh/WRFV3/inc -DEM_CORE=1 -DNMM_CORE=0 -DNMM_MAX_DIM=2600 -DCOAMPS_CORE=0 -DDA_CORE=0 -DEXP_CORE=0 -DIWORDSIZE=4 -DDWORDSIZE=8 -DRWORDSIZE=4 -DLWORDSIZE=4 -DNONSTANDARD_SYSTEM_FUNC -DWRF_USE_CLM  -DDM_PARALLEL -DNETCDF -DUSE_ALLOCATABLES -DGRIB1 -DINTIO -DLIMIT_ARGS -DCONFIG_BUF_LEN=65536 -DMAX_DOMAINS_F=21 -DMAX_HISTORY=25 -DNMM_NEST=0 -DWRF_CHEM -DBUILD_CHEM=1 -DWRF_KPP -I. -traditional   module_sf_noahmpdrv.F  > module_sf_noahmpdrv.bb
/global/scratch/azare/Josh/WRFV3/tools/standard.exe module_sf_noahmpdrv.bb | /lib/cpp -C -P > module_sf_noahmpdrv.f90
rm -f module_sf_noahmpdrv.b module_sf_noahmpdrv.bb
mpif90 -f90=ifort -o module_sf_noahmpdrv.o -c -O2 -ip -fp-model precise -w -ftz -align all -fno-alias -FR -convert big_endian    -I../dyn_em -I../dyn_nmm   -I/global/scratch/azare/Josh/WRFV3/external/esmf_time_f90  -I/global/scratch/azare/Josh/WRFV3/main -I/global/scratch/azare/Josh/WRFV3/external/io_netcdf -I/global/scratch/azare/Josh/WRFV3/external/io_int -I/global/scratch/azare/Josh/WRFV3/frame -I/global/scratch/azare/Josh/WRFV3/share -I/global/scratch/azare/Josh/WRFV3/phys -I/global/scratch/azare/Josh/WRFV3/chem -I/global/scratch/azare/Josh/WRFV3/inc -I/global/software/sl-6.x86_64/modules/intel/2013_sp1.4.211/netcdf/4.3.2-intel-p/include  -i4  module_sf_noahmpdrv.f90
rm -f module_fr_fire_driver.o
/lib/cpp -C -P -I/global/scratch/azare/Josh/WRFV3/inc -DEM_CORE=1 -DNMM_CORE=0 -DNMM_MAX_DIM=2600 -DCOAMPS_CORE=0 -DDA_CORE=0 -DEXP_CORE=0 -DIWORDSIZE=4 -DDWORDSIZE=8 -DRWORDSIZE=4 -DLWORDSIZE=4 -DNONSTANDARD_SYSTEM_FUNC -DWRF_USE_CLM  -DDM_PARALLEL -DNETCDF -DUSE_ALLOCATABLES -DGRIB1 -DINTIO -DLIMIT_ARGS -DCONFIG_BUF_LEN=65536 -DMAX_DOMAINS_F=21 -DMAX_HISTORY=25 -DNMM_NEST=0 -DWRF_CHEM -DBUILD_CHEM=1 -DWRF_KPP -I. -traditional   module_fr_fire_driver.F  > module_fr_fire_driver.bb
/global/scratch/azare/Josh/WRFV3/tools/standard.exe module_fr_fire_driver.bb | /lib/cpp -C -P > module_fr_fire_driver.f90
rm -f module_fr_fire_driver.b module_fr_fire_driver.bb
mpif90 -f90=ifort -o module_fr_fire_driver.o -c -O2 -ip -fp-model precise -w -ftz -align all -fno-alias -FR -convert big_endian    -I../dyn_em -I../dyn_nmm   -I/global/scratch/azare/Josh/WRFV3/external/esmf_time_f90  -I/global/scratch/azare/Josh/WRFV3/main -I/global/scratch/azare/Josh/WRFV3/external/io_netcdf -I/global/scratch/azare/Josh/WRFV3/external/io_int -I/global/scratch/azare/Josh/WRFV3/frame -I/global/scratch/azare/Josh/WRFV3/share -I/global/scratch/azare/Josh/WRFV3/phys -I/global/scratch/azare/Josh/WRFV3/chem -I/global/scratch/azare/Josh/WRFV3/inc -I/global/software/sl-6.x86_64/modules/intel/2013_sp1.4.211/netcdf/4.3.2-intel-p/include  -i4  module_fr_fire_driver.f90
rm -f module_cam_cldwat.o
/lib/cpp -C -P -I/global/scratch/azare/Josh/WRFV3/inc -DEM_CORE=1 -DNMM_CORE=0 -DNMM_MAX_DIM=2600 -DCOAMPS_CORE=0 -DDA_CORE=0 -DEXP_CORE=0 -DIWORDSIZE=4 -DDWORDSIZE=8 -DRWORDSIZE=4 -DLWORDSIZE=4 -DNONSTANDARD_SYSTEM_FUNC -DWRF_USE_CLM  -DDM_PARALLEL -DNETCDF -DUSE_ALLOCATABLES -DGRIB1 -DINTIO -DLIMIT_ARGS -DCONFIG_BUF_LEN=65536 -DMAX_DOMAINS_F=21 -DMAX_HISTORY=25 -DNMM_NEST=0 -DWRF_CHEM -DBUILD_CHEM=1 -DWRF_KPP -I. -traditional   module_cam_cldwat.F  > module_cam_cldwat.bb
/global/scratch/azare/Josh/WRFV3/tools/standard.exe module_cam_cldwat.bb | /lib/cpp -C -P > module_cam_cldwat.f90
rm -f module_cam_cldwat.b module_cam_cldwat.bb
mpif90 -f90=ifort -o module_cam_cldwat.o -c -O2 -ip -fp-model precise -w -ftz -align all -fno-alias -FR -convert big_endian    -I../dyn_em -I../dyn_nmm   -I/global/scratch/azare/Josh/WRFV3/external/esmf_time_f90  -I/global/scratch/azare/Josh/WRFV3/main -I/global/scratch/azare/Josh/WRFV3/external/io_netcdf -I/global/scratch/azare/Josh/WRFV3/external/io_int -I/global/scratch/azare/Josh/WRFV3/frame -I/global/scratch/azare/Josh/WRFV3/share -I/global/scratch/azare/Josh/WRFV3/phys -I/global/scratch/azare/Josh/WRFV3/chem -I/global/scratch/azare/Josh/WRFV3/inc -I/global/software/sl-6.x86_64/modules/intel/2013_sp1.4.211/netcdf/4.3.2-intel-p/include  -i4  module_cam_cldwat.f90
rm -f module_cam_esinti.o
/lib/cpp -C -P -I/global/scratch/azare/Josh/WRFV3/inc -DEM_CORE=1 -DNMM_CORE=0 -DNMM_MAX_DIM=2600 -DCOAMPS_CORE=0 -DDA_CORE=0 -DEXP_CORE=0 -DIWORDSIZE=4 -DDWORDSIZE=8 -DRWORDSIZE=4 -DLWORDSIZE=4 -DNONSTANDARD_SYSTEM_FUNC -DWRF_USE_CLM  -DDM_PARALLEL -DNETCDF -DUSE_ALLOCATABLES -DGRIB1 -DINTIO -DLIMIT_ARGS -DCONFIG_BUF_LEN=65536 -DMAX_DOMAINS_F=21 -DMAX_HISTORY=25 -DNMM_NEST=0 -DWRF_CHEM -DBUILD_CHEM=1 -DWRF_KPP -I. -traditional   module_cam_esinti.F  > module_cam_esinti.bb
/global/scratch/azare/Josh/WRFV3/tools/standard.exe module_cam_esinti.bb | /lib/cpp -C -P > module_cam_esinti.f90
rm -f module_cam_esinti.b module_cam_esinti.bb
mpif90 -f90=ifort -o module_cam_esinti.o -c -O2 -ip -fp-model precise -w -ftz -align all -fno-alias -FR -convert big_endian    -I../dyn_em -I../dyn_nmm   -I/global/scratch/azare/Josh/WRFV3/external/esmf_time_f90  -I/global/scratch/azare/Josh/WRFV3/main -I/global/scratch/azare/Josh/WRFV3/external/io_netcdf -I/global/scratch/azare/Josh/WRFV3/external/io_int -I/global/scratch/azare/Josh/WRFV3/frame -I/global/scratch/azare/Josh/WRFV3/share -I/global/scratch/azare/Josh/WRFV3/phys -I/global/scratch/azare/Josh/WRFV3/chem -I/global/scratch/azare/Josh/WRFV3/inc -I/global/software/sl-6.x86_64/modules/intel/2013_sp1.4.211/netcdf/4.3.2-intel-p/include  -i4  module_cam_esinti.f90
rm -f module_cam_mp_microp_aero.o
/lib/cpp -C -P -I/global/scratch/azare/Josh/WRFV3/inc -DEM_CORE=1 -DNMM_CORE=0 -DNMM_MAX_DIM=2600 -DCOAMPS_CORE=0 -DDA_CORE=0 -DEXP_CORE=0 -DIWORDSIZE=4 -DDWORDSIZE=8 -DRWORDSIZE=4 -DLWORDSIZE=4 -DNONSTANDARD_SYSTEM_FUNC -DWRF_USE_CLM  -DDM_PARALLEL -DNETCDF -DUSE_ALLOCATABLES -DGRIB1 -DINTIO -DLIMIT_ARGS -DCONFIG_BUF_LEN=65536 -DMAX_DOMAINS_F=21 -DMAX_HISTORY=25 -DNMM_NEST=0 -DWRF_CHEM -DBUILD_CHEM=1 -DWRF_KPP -I. -traditional   module_cam_mp_microp_aero.F  > module_cam_mp_microp_aero.bb
/global/scratch/azare/Josh/WRFV3/tools/standard.exe module_cam_mp_microp_aero.bb | /lib/cpp -C -P > module_cam_mp_microp_aero.f90
rm -f module_cam_mp_microp_aero.b module_cam_mp_microp_aero.bb
mpif90 -f90=ifort -o module_cam_mp_microp_aero.o -c -O2 -ip -fp-model precise -w -ftz -align all -fno-alias -FR -convert big_endian    -I../dyn_em -I../dyn_nmm   -I/global/scratch/azare/Josh/WRFV3/external/esmf_time_f90  -I/global/scratch/azare/Josh/WRFV3/main -I/global/scratch/azare/Josh/WRFV3/external/io_netcdf -I/global/scratch/azare/Josh/WRFV3/external/io_int -I/global/scratch/azare/Josh/WRFV3/frame -I/global/scratch/azare/Josh/WRFV3/share -I/global/scratch/azare/Josh/WRFV3/phys -I/global/scratch/azare/Josh/WRFV3/chem -I/global/scratch/azare/Josh/WRFV3/inc -I/global/software/sl-6.x86_64/modules/intel/2013_sp1.4.211/netcdf/4.3.2-intel-p/include  -i4  module_cam_mp_microp_aero.f90
rm -f module_bl_camuwpbl_driver.o
/lib/cpp -C -P -I/global/scratch/azare/Josh/WRFV3/inc -DEM_CORE=1 -DNMM_CORE=0 -DNMM_MAX_DIM=2600 -DCOAMPS_CORE=0 -DDA_CORE=0 -DEXP_CORE=0 -DIWORDSIZE=4 -DDWORDSIZE=8 -DRWORDSIZE=4 -DLWORDSIZE=4 -DNONSTANDARD_SYSTEM_FUNC -DWRF_USE_CLM  -DDM_PARALLEL -DNETCDF -DUSE_ALLOCATABLES -DGRIB1 -DINTIO -DLIMIT_ARGS -DCONFIG_BUF_LEN=65536 -DMAX_DOMAINS_F=21 -DMAX_HISTORY=25 -DNMM_NEST=0 -DWRF_CHEM -DBUILD_CHEM=1 -DWRF_KPP -I. -traditional   module_bl_camuwpbl_driver.F  > module_bl_camuwpbl_driver.bb
/global/scratch/azare/Josh/WRFV3/tools/standard.exe module_bl_camuwpbl_driver.bb | /lib/cpp -C -P > module_bl_camuwpbl_driver.f90
rm -f module_bl_camuwpbl_driver.b module_bl_camuwpbl_driver.bb
mpif90 -f90=ifort -o module_bl_camuwpbl_driver.o -c -O2 -ip -fp-model precise -w -ftz -align all -fno-alias -FR -convert big_endian    -I../dyn_em -I../dyn_nmm   -I/global/scratch/azare/Josh/WRFV3/external/esmf_time_f90  -I/global/scratch/azare/Josh/WRFV3/main -I/global/scratch/azare/Josh/WRFV3/external/io_netcdf -I/global/scratch/azare/Josh/WRFV3/external/io_int -I/global/scratch/azare/Josh/WRFV3/frame -I/global/scratch/azare/Josh/WRFV3/share -I/global/scratch/azare/Josh/WRFV3/phys -I/global/scratch/azare/Josh/WRFV3/chem -I/global/scratch/azare/Josh/WRFV3/inc -I/global/software/sl-6.x86_64/modules/intel/2013_sp1.4.211/netcdf/4.3.2-intel-p/include  -i4  module_bl_camuwpbl_driver.f90
rm -f module_mp_cammgmp_driver.o
/lib/cpp -C -P -I/global/scratch/azare/Josh/WRFV3/inc -DEM_CORE=1 -DNMM_CORE=0 -DNMM_MAX_DIM=2600 -DCOAMPS_CORE=0 -DDA_CORE=0 -DEXP_CORE=0 -DIWORDSIZE=4 -DDWORDSIZE=8 -DRWORDSIZE=4 -DLWORDSIZE=4 -DNONSTANDARD_SYSTEM_FUNC -DWRF_USE_CLM  -DDM_PARALLEL -DNETCDF -DUSE_ALLOCATABLES -DGRIB1 -DINTIO -DLIMIT_ARGS -DCONFIG_BUF_LEN=65536 -DMAX_DOMAINS_F=21 -DMAX_HISTORY=25 -DNMM_NEST=0 -DWRF_CHEM -DBUILD_CHEM=1 -DWRF_KPP -I. -traditional   module_mp_cammgmp_driver.F  > module_mp_cammgmp_driver.bb
/global/scratch/azare/Josh/WRFV3/tools/standard.exe module_mp_cammgmp_driver.bb | /lib/cpp -C -P > module_mp_cammgmp_driver.f90
rm -f module_mp_cammgmp_driver.b module_mp_cammgmp_driver.bb
mpif90 -f90=ifort -o module_mp_cammgmp_driver.o -c -O2 -ip -fp-model precise -w -ftz -align all -fno-alias -FR -convert big_endian    -I../dyn_em -I../dyn_nmm   -I/global/scratch/azare/Josh/WRFV3/external/esmf_time_f90  -I/global/scratch/azare/Josh/WRFV3/main -I/global/scratch/azare/Josh/WRFV3/external/io_netcdf -I/global/scratch/azare/Josh/WRFV3/external/io_int -I/global/scratch/azare/Josh/WRFV3/frame -I/global/scratch/azare/Josh/WRFV3/share -I/global/scratch/azare/Josh/WRFV3/phys -I/global/scratch/azare/Josh/WRFV3/chem -I/global/scratch/azare/Josh/WRFV3/inc -I/global/software/sl-6.x86_64/modules/intel/2013_sp1.4.211/netcdf/4.3.2-intel-p/include  -i4  module_mp_cammgmp_driver.f90
rm -f module_shcu_camuwshcu.o
/lib/cpp -C -P -I/global/scratch/azare/Josh/WRFV3/inc -DEM_CORE=1 -DNMM_CORE=0 -DNMM_MAX_DIM=2600 -DCOAMPS_CORE=0 -DDA_CORE=0 -DEXP_CORE=0 -DIWORDSIZE=4 -DDWORDSIZE=8 -DRWORDSIZE=4 -DLWORDSIZE=4 -DNONSTANDARD_SYSTEM_FUNC -DWRF_USE_CLM  -DDM_PARALLEL -DNETCDF -DUSE_ALLOCATABLES -DGRIB1 -DINTIO -DLIMIT_ARGS -DCONFIG_BUF_LEN=65536 -DMAX_DOMAINS_F=21 -DMAX_HISTORY=25 -DNMM_NEST=0 -DWRF_CHEM -DBUILD_CHEM=1 -DWRF_KPP -I. -traditional   module_shcu_camuwshcu.F  > module_shcu_camuwshcu.bb
/global/scratch/azare/Josh/WRFV3/tools/standard.exe module_shcu_camuwshcu.bb | /lib/cpp -C -P > module_shcu_camuwshcu.f90
rm -f module_shcu_camuwshcu.b module_shcu_camuwshcu.bb
mpif90 -f90=ifort -o module_shcu_camuwshcu.o -c -O2 -ip -fp-model precise -w -ftz -align all -fno-alias -FR -convert big_endian    -I../dyn_em -I../dyn_nmm   -I/global/scratch/azare/Josh/WRFV3/external/esmf_time_f90  -I/global/scratch/azare/Josh/WRFV3/main -I/global/scratch/azare/Josh/WRFV3/external/io_netcdf -I/global/scratch/azare/Josh/WRFV3/external/io_int -I/global/scratch/azare/Josh/WRFV3/frame -I/global/scratch/azare/Josh/WRFV3/share -I/global/scratch/azare/Josh/WRFV3/phys -I/global/scratch/azare/Josh/WRFV3/chem -I/global/scratch/azare/Josh/WRFV3/inc -I/global/software/sl-6.x86_64/modules/intel/2013_sp1.4.211/netcdf/4.3.2-intel-p/include  -i4  module_shcu_camuwshcu.f90
rm -f module_cu_camzm.o
/lib/cpp -C -P -I/global/scratch/azare/Josh/WRFV3/inc -DEM_CORE=1 -DNMM_CORE=0 -DNMM_MAX_DIM=2600 -DCOAMPS_CORE=0 -DDA_CORE=0 -DEXP_CORE=0 -DIWORDSIZE=4 -DDWORDSIZE=8 -DRWORDSIZE=4 -DLWORDSIZE=4 -DNONSTANDARD_SYSTEM_FUNC -DWRF_USE_CLM  -DDM_PARALLEL -DNETCDF -DUSE_ALLOCATABLES -DGRIB1 -DINTIO -DLIMIT_ARGS -DCONFIG_BUF_LEN=65536 -DMAX_DOMAINS_F=21 -DMAX_HISTORY=25 -DNMM_NEST=0 -DWRF_CHEM -DBUILD_CHEM=1 -DWRF_KPP -I. -traditional   module_cu_camzm.F  > module_cu_camzm.bb
/global/scratch/azare/Josh/WRFV3/tools/standard.exe module_cu_camzm.bb | /lib/cpp -C -P > module_cu_camzm.f90
rm -f module_cu_camzm.b module_cu_camzm.bb
mpif90 -f90=ifort -o module_cu_camzm.o -c -O2 -ip -fp-model precise -w -ftz -align all -fno-alias -FR -convert big_endian    -I../dyn_em -I../dyn_nmm   -I/global/scratch/azare/Josh/WRFV3/external/esmf_time_f90  -I/global/scratch/azare/Josh/WRFV3/main -I/global/scratch/azare/Josh/WRFV3/external/io_netcdf -I/global/scratch/azare/Josh/WRFV3/external/io_int -I/global/scratch/azare/Josh/WRFV3/frame -I/global/scratch/azare/Josh/WRFV3/share -I/global/scratch/azare/Josh/WRFV3/phys -I/global/scratch/azare/Josh/WRFV3/chem -I/global/scratch/azare/Josh/WRFV3/inc -I/global/software/sl-6.x86_64/modules/intel/2013_sp1.4.211/netcdf/4.3.2-intel-p/include  -i4  module_cu_camzm.f90
rm -f module_pbl_driver.o
/lib/cpp -C -P -I/global/scratch/azare/Josh/WRFV3/inc -DEM_CORE=1 -DNMM_CORE=0 -DNMM_MAX_DIM=2600 -DCOAMPS_CORE=0 -DDA_CORE=0 -DEXP_CORE=0 -DIWORDSIZE=4 -DDWORDSIZE=8 -DRWORDSIZE=4 -DLWORDSIZE=4 -DNONSTANDARD_SYSTEM_FUNC -DWRF_USE_CLM  -DDM_PARALLEL -DNETCDF -DUSE_ALLOCATABLES -DGRIB1 -DINTIO -DLIMIT_ARGS -DCONFIG_BUF_LEN=65536 -DMAX_DOMAINS_F=21 -DMAX_HISTORY=25 -DNMM_NEST=0 -DWRF_CHEM -DBUILD_CHEM=1 -DWRF_KPP -I. -traditional   module_pbl_driver.F  > module_pbl_driver.bb
/global/scratch/azare/Josh/WRFV3/tools/standard.exe module_pbl_driver.bb | /lib/cpp -C -P > module_pbl_driver.f90
rm -f module_pbl_driver.b module_pbl_driver.bb
mpif90 -f90=ifort -o module_pbl_driver.o -c -O2 -ip -fp-model precise -w -ftz -align all -fno-alias -FR -convert big_endian    -I../dyn_em -I../dyn_nmm   -I/global/scratch/azare/Josh/WRFV3/external/esmf_time_f90  -I/global/scratch/azare/Josh/WRFV3/main -I/global/scratch/azare/Josh/WRFV3/external/io_netcdf -I/global/scratch/azare/Josh/WRFV3/external/io_int -I/global/scratch/azare/Josh/WRFV3/frame -I/global/scratch/azare/Josh/WRFV3/share -I/global/scratch/azare/Josh/WRFV3/phys -I/global/scratch/azare/Josh/WRFV3/chem -I/global/scratch/azare/Josh/WRFV3/inc -I/global/software/sl-6.x86_64/modules/intel/2013_sp1.4.211/netcdf/4.3.2-intel-p/include  -i4  module_pbl_driver.f90
rm -f module_microphysics_driver.o
/lib/cpp -C -P -I/global/scratch/azare/Josh/WRFV3/inc -DEM_CORE=1 -DNMM_CORE=0 -DNMM_MAX_DIM=2600 -DCOAMPS_CORE=0 -DDA_CORE=0 -DEXP_CORE=0 -DIWORDSIZE=4 -DDWORDSIZE=8 -DRWORDSIZE=4 -DLWORDSIZE=4 -DNONSTANDARD_SYSTEM_FUNC -DWRF_USE_CLM  -DDM_PARALLEL -DNETCDF -DUSE_ALLOCATABLES -DGRIB1 -DINTIO -DLIMIT_ARGS -DCONFIG_BUF_LEN=65536 -DMAX_DOMAINS_F=21 -DMAX_HISTORY=25 -DNMM_NEST=0 -DWRF_CHEM -DBUILD_CHEM=1 -DWRF_KPP -I. -traditional   module_microphysics_driver.F  > module_microphysics_driver.bb
/global/scratch/azare/Josh/WRFV3/tools/standard.exe module_microphysics_driver.bb | /lib/cpp -C -P > module_microphysics_driver.f90
rm -f module_microphysics_driver.b module_microphysics_driver.bb
mpif90 -f90=ifort -o module_microphysics_driver.o -c -O2 -ip -fp-model precise -w -ftz -align all -fno-alias -FR -convert big_endian    -I../dyn_em -I../dyn_nmm   -I/global/scratch/azare/Josh/WRFV3/external/esmf_time_f90  -I/global/scratch/azare/Josh/WRFV3/main -I/global/scratch/azare/Josh/WRFV3/external/io_netcdf -I/global/scratch/azare/Josh/WRFV3/external/io_int -I/global/scratch/azare/Josh/WRFV3/frame -I/global/scratch/azare/Josh/WRFV3/share -I/global/scratch/azare/Josh/WRFV3/phys -I/global/scratch/azare/Josh/WRFV3/chem -I/global/scratch/azare/Josh/WRFV3/inc -I/global/software/sl-6.x86_64/modules/intel/2013_sp1.4.211/netcdf/4.3.2-intel-p/include  -i4  module_microphysics_driver.f90
rm -f module_fr_fire_driver_wrf.o
/lib/cpp -C -P -I/global/scratch/azare/Josh/WRFV3/inc -DEM_CORE=1 -DNMM_CORE=0 -DNMM_MAX_DIM=2600 -DCOAMPS_CORE=0 -DDA_CORE=0 -DEXP_CORE=0 -DIWORDSIZE=4 -DDWORDSIZE=8 -DRWORDSIZE=4 -DLWORDSIZE=4 -DNONSTANDARD_SYSTEM_FUNC -DWRF_USE_CLM  -DDM_PARALLEL -DNETCDF -DUSE_ALLOCATABLES -DGRIB1 -DINTIO -DLIMIT_ARGS -DCONFIG_BUF_LEN=65536 -DMAX_DOMAINS_F=21 -DMAX_HISTORY=25 -DNMM_NEST=0 -DWRF_CHEM -DBUILD_CHEM=1 -DWRF_KPP -I. -traditional   module_fr_fire_driver_wrf.F  > module_fr_fire_driver_wrf.bb
/global/scratch/azare/Josh/WRFV3/tools/standard.exe module_fr_fire_driver_wrf.bb | /lib/cpp -C -P > module_fr_fire_driver_wrf.f90
rm -f module_fr_fire_driver_wrf.b module_fr_fire_driver_wrf.bb
mpif90 -f90=ifort -o module_fr_fire_driver_wrf.o -c -O2 -ip -fp-model precise -w -ftz -align all -fno-alias -FR -convert big_endian    -I../dyn_em -I../dyn_nmm   -I/global/scratch/azare/Josh/WRFV3/external/esmf_time_f90  -I/global/scratch/azare/Josh/WRFV3/main -I/global/scratch/azare/Josh/WRFV3/external/io_netcdf -I/global/scratch/azare/Josh/WRFV3/external/io_int -I/global/scratch/azare/Josh/WRFV3/frame -I/global/scratch/azare/Josh/WRFV3/share -I/global/scratch/azare/Josh/WRFV3/phys -I/global/scratch/azare/Josh/WRFV3/chem -I/global/scratch/azare/Josh/WRFV3/inc -I/global/software/sl-6.x86_64/modules/intel/2013_sp1.4.211/netcdf/4.3.2-intel-p/include  -i4  module_fr_fire_driver_wrf.f90
rm -f module_shcu_camuwshcu_driver.o
/lib/cpp -C -P -I/global/scratch/azare/Josh/WRFV3/inc -DEM_CORE=1 -DNMM_CORE=0 -DNMM_MAX_DIM=2600 -DCOAMPS_CORE=0 -DDA_CORE=0 -DEXP_CORE=0 -DIWORDSIZE=4 -DDWORDSIZE=8 -DRWORDSIZE=4 -DLWORDSIZE=4 -DNONSTANDARD_SYSTEM_FUNC -DWRF_USE_CLM  -DDM_PARALLEL -DNETCDF -DUSE_ALLOCATABLES -DGRIB1 -DINTIO -DLIMIT_ARGS -DCONFIG_BUF_LEN=65536 -DMAX_DOMAINS_F=21 -DMAX_HISTORY=25 -DNMM_NEST=0 -DWRF_CHEM -DBUILD_CHEM=1 -DWRF_KPP -I. -traditional   module_shcu_camuwshcu_driver.F  > module_shcu_camuwshcu_driver.bb
/global/scratch/azare/Josh/WRFV3/tools/standard.exe module_shcu_camuwshcu_driver.bb | /lib/cpp -C -P > module_shcu_camuwshcu_driver.f90
rm -f module_shcu_camuwshcu_driver.b module_shcu_camuwshcu_driver.bb
mpif90 -f90=ifort -o module_shcu_camuwshcu_driver.o -c -O2 -ip -fp-model precise -w -ftz -align all -fno-alias -FR -convert big_endian    -I../dyn_em -I../dyn_nmm   -I/global/scratch/azare/Josh/WRFV3/external/esmf_time_f90  -I/global/scratch/azare/Josh/WRFV3/main -I/global/scratch/azare/Josh/WRFV3/external/io_netcdf -I/global/scratch/azare/Josh/WRFV3/external/io_int -I/global/scratch/azare/Josh/WRFV3/frame -I/global/scratch/azare/Josh/WRFV3/share -I/global/scratch/azare/Josh/WRFV3/phys -I/global/scratch/azare/Josh/WRFV3/chem -I/global/scratch/azare/Josh/WRFV3/inc -I/global/software/sl-6.x86_64/modules/intel/2013_sp1.4.211/netcdf/4.3.2-intel-p/include  -i4  module_shcu_camuwshcu_driver.f90
rm -f module_cu_camzm_driver.o
/lib/cpp -C -P -I/global/scratch/azare/Josh/WRFV3/inc -DEM_CORE=1 -DNMM_CORE=0 -DNMM_MAX_DIM=2600 -DCOAMPS_CORE=0 -DDA_CORE=0 -DEXP_CORE=0 -DIWORDSIZE=4 -DDWORDSIZE=8 -DRWORDSIZE=4 -DLWORDSIZE=4 -DNONSTANDARD_SYSTEM_FUNC -DWRF_USE_CLM  -DDM_PARALLEL -DNETCDF -DUSE_ALLOCATABLES -DGRIB1 -DINTIO -DLIMIT_ARGS -DCONFIG_BUF_LEN=65536 -DMAX_DOMAINS_F=21 -DMAX_HISTORY=25 -DNMM_NEST=0 -DWRF_CHEM -DBUILD_CHEM=1 -DWRF_KPP -I. -traditional   module_cu_camzm_driver.F  > module_cu_camzm_driver.bb
/global/scratch/azare/Josh/WRFV3/tools/standard.exe module_cu_camzm_driver.bb | /lib/cpp -C -P > module_cu_camzm_driver.f90
rm -f module_cu_camzm_driver.b module_cu_camzm_driver.bb
mpif90 -f90=ifort -o module_cu_camzm_driver.o -c -O2 -ip -fp-model precise -w -ftz -align all -fno-alias -FR -convert big_endian    -I../dyn_em -I../dyn_nmm   -I/global/scratch/azare/Josh/WRFV3/external/esmf_time_f90  -I/global/scratch/azare/Josh/WRFV3/main -I/global/scratch/azare/Josh/WRFV3/external/io_netcdf -I/global/scratch/azare/Josh/WRFV3/external/io_int -I/global/scratch/azare/Josh/WRFV3/frame -I/global/scratch/azare/Josh/WRFV3/share -I/global/scratch/azare/Josh/WRFV3/phys -I/global/scratch/azare/Josh/WRFV3/chem -I/global/scratch/azare/Josh/WRFV3/inc -I/global/software/sl-6.x86_64/modules/intel/2013_sp1.4.211/netcdf/4.3.2-intel-p/include  -i4  module_cu_camzm_driver.f90
rm -f module_shallowcu_driver.o
/lib/cpp -C -P -I/global/scratch/azare/Josh/WRFV3/inc -DEM_CORE=1 -DNMM_CORE=0 -DNMM_MAX_DIM=2600 -DCOAMPS_CORE=0 -DDA_CORE=0 -DEXP_CORE=0 -DIWORDSIZE=4 -DDWORDSIZE=8 -DRWORDSIZE=4 -DLWORDSIZE=4 -DNONSTANDARD_SYSTEM_FUNC -DWRF_USE_CLM  -DDM_PARALLEL -DNETCDF -DUSE_ALLOCATABLES -DGRIB1 -DINTIO -DLIMIT_ARGS -DCONFIG_BUF_LEN=65536 -DMAX_DOMAINS_F=21 -DMAX_HISTORY=25 -DNMM_NEST=0 -DWRF_CHEM -DBUILD_CHEM=1 -DWRF_KPP -I. -traditional   module_shallowcu_driver.F  > module_shallowcu_driver.bb
/global/scratch/azare/Josh/WRFV3/tools/standard.exe module_shallowcu_driver.bb | /lib/cpp -C -P > module_shallowcu_driver.f90
rm -f module_shallowcu_driver.b module_shallowcu_driver.bb
mpif90 -f90=ifort -o module_shallowcu_driver.o -c -O2 -ip -fp-model precise -w -ftz -align all -fno-alias -FR -convert big_endian    -I../dyn_em -I../dyn_nmm   -I/global/scratch/azare/Josh/WRFV3/external/esmf_time_f90  -I/global/scratch/azare/Josh/WRFV3/main -I/global/scratch/azare/Josh/WRFV3/external/io_netcdf -I/global/scratch/azare/Josh/WRFV3/external/io_int -I/global/scratch/azare/Josh/WRFV3/frame -I/global/scratch/azare/Josh/WRFV3/share -I/global/scratch/azare/Josh/WRFV3/phys -I/global/scratch/azare/Josh/WRFV3/chem -I/global/scratch/azare/Josh/WRFV3/inc -I/global/software/sl-6.x86_64/modules/intel/2013_sp1.4.211/netcdf/4.3.2-intel-p/include  -i4  module_shallowcu_driver.f90
rm -f module_cumulus_driver.o
/lib/cpp -C -P -I/global/scratch/azare/Josh/WRFV3/inc -DEM_CORE=1 -DNMM_CORE=0 -DNMM_MAX_DIM=2600 -DCOAMPS_CORE=0 -DDA_CORE=0 -DEXP_CORE=0 -DIWORDSIZE=4 -DDWORDSIZE=8 -DRWORDSIZE=4 -DLWORDSIZE=4 -DNONSTANDARD_SYSTEM_FUNC -DWRF_USE_CLM  -DDM_PARALLEL -DNETCDF -DUSE_ALLOCATABLES -DGRIB1 -DINTIO -DLIMIT_ARGS -DCONFIG_BUF_LEN=65536 -DMAX_DOMAINS_F=21 -DMAX_HISTORY=25 -DNMM_NEST=0 -DWRF_CHEM -DBUILD_CHEM=1 -DWRF_KPP -I. -traditional   module_cumulus_driver.F  > module_cumulus_driver.bb
/global/scratch/azare/Josh/WRFV3/tools/standard.exe module_cumulus_driver.bb | /lib/cpp -C -P > module_cumulus_driver.f90
rm -f module_cumulus_driver.b module_cumulus_driver.bb
mpif90 -f90=ifort -o module_cumulus_driver.o -c -O2 -ip -fp-model precise -w -ftz -align all -fno-alias -FR -convert big_endian    -I../dyn_em -I../dyn_nmm   -I/global/scratch/azare/Josh/WRFV3/external/esmf_time_f90  -I/global/scratch/azare/Josh/WRFV3/main -I/global/scratch/azare/Josh/WRFV3/external/io_netcdf -I/global/scratch/azare/Josh/WRFV3/external/io_int -I/global/scratch/azare/Josh/WRFV3/frame -I/global/scratch/azare/Josh/WRFV3/share -I/global/scratch/azare/Josh/WRFV3/phys -I/global/scratch/azare/Josh/WRFV3/chem -I/global/scratch/azare/Josh/WRFV3/inc -I/global/software/sl-6.x86_64/modules/intel/2013_sp1.4.211/netcdf/4.3.2-intel-p/include  -i4  module_cumulus_driver.f90
rm -f module_physics_init.o
rm -f module_surface_driver.o
/lib/cpp -C -P -I/global/scratch/azare/Josh/WRFV3/inc -DEM_CORE=1 -DNMM_CORE=0 -DNMM_MAX_DIM=2600 -DCOAMPS_CORE=0 -DDA_CORE=0 -DEXP_CORE=0 -DIWORDSIZE=4 -DDWORDSIZE=8 -DRWORDSIZE=4 -DLWORDSIZE=4 -DNONSTANDARD_SYSTEM_FUNC -DWRF_USE_CLM  -DDM_PARALLEL -DNETCDF -DUSE_ALLOCATABLES -DGRIB1 -DINTIO -DLIMIT_ARGS -DCONFIG_BUF_LEN=65536 -DMAX_DOMAINS_F=21 -DMAX_HISTORY=25 -DNMM_NEST=0 -DWRF_CHEM -DBUILD_CHEM=1 -DWRF_KPP -I. -traditional   module_physics_init.F  > module_physics_init.bb
/lib/cpp -C -P -I/global/scratch/azare/Josh/WRFV3/inc -DEM_CORE=1 -DNMM_CORE=0 -DNMM_MAX_DIM=2600 -DCOAMPS_CORE=0 -DDA_CORE=0 -DEXP_CORE=0 -DIWORDSIZE=4 -DDWORDSIZE=8 -DRWORDSIZE=4 -DLWORDSIZE=4 -DNONSTANDARD_SYSTEM_FUNC -DWRF_USE_CLM  -DDM_PARALLEL -DNETCDF -DUSE_ALLOCATABLES -DGRIB1 -DINTIO -DLIMIT_ARGS -DCONFIG_BUF_LEN=65536 -DMAX_DOMAINS_F=21 -DMAX_HISTORY=25 -DNMM_NEST=0 -DWRF_CHEM -DBUILD_CHEM=1 -DWRF_KPP -I. -traditional   module_surface_driver.F  > module_surface_driver.bb
/global/scratch/azare/Josh/WRFV3/tools/standard.exe module_surface_driver.bb | /lib/cpp -C -P > module_surface_driver.f90
/global/scratch/azare/Josh/WRFV3/tools/standard.exe module_physics_init.bb | /lib/cpp -C -P > module_physics_init.f90
rm -f module_surface_driver.b module_surface_driver.bb
rm -f module_physics_init.b module_physics_init.bb
mpif90 -f90=ifort -c -i4  -O0 -fno-inline -fno-ip -ip -fp-model precise -w -ftz -align all -fno-alias -FR -convert big_endian   -I../dyn_em -I../dyn_nmm   -I/global/scratch/azare/Josh/WRFV3/external/esmf_time_f90  -I/global/scratch/azare/Josh/WRFV3/main -I/global/scratch/azare/Josh/WRFV3/external/io_netcdf -I/global/scratch/azare/Josh/WRFV3/external/io_int -I/global/scratch/azare/Josh/WRFV3/frame -I/global/scratch/azare/Josh/WRFV3/share -I/global/scratch/azare/Josh/WRFV3/phys -I/global/scratch/azare/Josh/WRFV3/chem -I/global/scratch/azare/Josh/WRFV3/inc -I/global/software/sl-6.x86_64/modules/intel/2013_sp1.4.211/netcdf/4.3.2-intel-p/include  module_physics_init.f90
mpif90 -f90=ifort -o module_surface_driver.o -c -O2 -ip -fp-model precise -w -ftz -align all -fno-alias -FR -convert big_endian    -I../dyn_em -I../dyn_nmm   -I/global/scratch/azare/Josh/WRFV3/external/esmf_time_f90  -I/global/scratch/azare/Josh/WRFV3/main -I/global/scratch/azare/Josh/WRFV3/external/io_netcdf -I/global/scratch/azare/Josh/WRFV3/external/io_int -I/global/scratch/azare/Josh/WRFV3/frame -I/global/scratch/azare/Josh/WRFV3/share -I/global/scratch/azare/Josh/WRFV3/phys -I/global/scratch/azare/Josh/WRFV3/chem -I/global/scratch/azare/Josh/WRFV3/inc -I/global/software/sl-6.x86_64/modules/intel/2013_sp1.4.211/netcdf/4.3.2-intel-p/include  -i4  module_surface_driver.f90
make[3]: Leaving directory `/global/scratch/azare/Josh/WRFV3/phys'
make[2]: Leaving directory `/global/scratch/azare/Josh/WRFV3/phys'
make[1]: Leaving directory `/global/scratch/azare/Josh/WRFV3'
if [ 1  -eq 1 ]    ; then make -i -r MODULE_DIRS="-I../dyn_em -I../dyn_nmm   -I/global/scratch/azare/Josh/WRFV3/external/esmf_time_f90  -I/global/scratch/azare/Josh/WRFV3/main -I/global/scratch/azare/Josh/WRFV3/external/io_netcdf -I/global/scratch/azare/Josh/WRFV3/external/io_int -I/global/scratch/azare/Josh/WRFV3/frame -I/global/scratch/azare/Josh/WRFV3/share -I/global/scratch/azare/Josh/WRFV3/phys -I/global/scratch/azare/Josh/WRFV3/chem -I/global/scratch/azare/Josh/WRFV3/inc -I/global/software/sl-6.x86_64/modules/intel/2013_sp1.4.211/netcdf/4.3.2-intel-p/include " chemics ; fi
make[1]: Entering directory `/global/scratch/azare/Josh/WRFV3'
--------------------------------------
if [ 1 -eq 1 ] ; then ( cd chem ; make -i -r ) ; fi
make[2]: Entering directory `/global/scratch/azare/Josh/WRFV3/chem'
rm -f module_aer_opt_out.o
/lib/cpp -C -P -I/global/scratch/azare/Josh/WRFV3/inc -DEM_CORE=1 -DNMM_CORE=0 -DNMM_MAX_DIM=2600 -DCOAMPS_CORE=0 -DDA_CORE=0 -DEXP_CORE=0 -DIWORDSIZE=4 -DDWORDSIZE=8 -DRWORDSIZE=4 -DLWORDSIZE=4 -DNONSTANDARD_SYSTEM_FUNC -DWRF_USE_CLM  -DDM_PARALLEL -DNETCDF -DUSE_ALLOCATABLES -DGRIB1 -DINTIO -DLIMIT_ARGS -DCONFIG_BUF_LEN=65536 -DMAX_DOMAINS_F=21 -DMAX_HISTORY=25 -DNMM_NEST=0 -DWRF_CHEM -DBUILD_CHEM=1 -DWRF_KPP -I. -traditional   module_aer_opt_out.F  > module_aer_opt_out.bb
/global/scratch/azare/Josh/WRFV3/tools/standard.exe module_aer_opt_out.bb | /lib/cpp -C -P > module_aer_opt_out.f90
rm -f module_aer_opt_out.b module_aer_opt_out.bb
mpif90 -f90=ifort -o module_aer_opt_out.o -c -O2 -ip -fp-model precise -w -ftz -align all -fno-alias -FR -convert big_endian    -I../dyn_em -I../dyn_nmm   -I/global/scratch/azare/Josh/WRFV3/external/esmf_time_f90  -I/global/scratch/azare/Josh/WRFV3/main -I/global/scratch/azare/Josh/WRFV3/external/io_netcdf -I/global/scratch/azare/Josh/WRFV3/external/io_int -I/global/scratch/azare/Josh/WRFV3/frame -I/global/scratch/azare/Josh/WRFV3/share -I/global/scratch/azare/Josh/WRFV3/phys -I/global/scratch/azare/Josh/WRFV3/chem -I/global/scratch/azare/Josh/WRFV3/inc -I/global/software/sl-6.x86_64/modules/intel/2013_sp1.4.211/netcdf/4.3.2-intel-p/include  -i4  module_aer_opt_out.f90
rm -f module_add_emiss_burn.o
/lib/cpp -C -P -I/global/scratch/azare/Josh/WRFV3/inc -DEM_CORE=1 -DNMM_CORE=0 -DNMM_MAX_DIM=2600 -DCOAMPS_CORE=0 -DDA_CORE=0 -DEXP_CORE=0 -DIWORDSIZE=4 -DDWORDSIZE=8 -DRWORDSIZE=4 -DLWORDSIZE=4 -DNONSTANDARD_SYSTEM_FUNC -DWRF_USE_CLM  -DDM_PARALLEL -DNETCDF -DUSE_ALLOCATABLES -DGRIB1 -DINTIO -DLIMIT_ARGS -DCONFIG_BUF_LEN=65536 -DMAX_DOMAINS_F=21 -DMAX_HISTORY=25 -DNMM_NEST=0 -DWRF_CHEM -DBUILD_CHEM=1 -DWRF_KPP -I. -traditional   module_add_emiss_burn.F  > module_add_emiss_burn.bb
/global/scratch/azare/Josh/WRFV3/tools/standard.exe module_add_emiss_burn.bb | /lib/cpp -C -P > module_add_emiss_burn.f90
rm -f module_add_emiss_burn.b module_add_emiss_burn.bb
mpif90 -f90=ifort -o module_add_emiss_burn.o -c -O2 -ip -fp-model precise -w -ftz -align all -fno-alias -FR -convert big_endian    -I../dyn_em -I../dyn_nmm   -I/global/scratch/azare/Josh/WRFV3/external/esmf_time_f90  -I/global/scratch/azare/Josh/WRFV3/main -I/global/scratch/azare/Josh/WRFV3/external/io_netcdf -I/global/scratch/azare/Josh/WRFV3/external/io_int -I/global/scratch/azare/Josh/WRFV3/frame -I/global/scratch/azare/Josh/WRFV3/share -I/global/scratch/azare/Josh/WRFV3/phys -I/global/scratch/azare/Josh/WRFV3/chem -I/global/scratch/azare/Josh/WRFV3/inc -I/global/software/sl-6.x86_64/modules/intel/2013_sp1.4.211/netcdf/4.3.2-intel-p/include  -i4  module_add_emiss_burn.f90
rm -f module_add_emis_cptec.o
/lib/cpp -C -P -I/global/scratch/azare/Josh/WRFV3/inc -DEM_CORE=1 -DNMM_CORE=0 -DNMM_MAX_DIM=2600 -DCOAMPS_CORE=0 -DDA_CORE=0 -DEXP_CORE=0 -DIWORDSIZE=4 -DDWORDSIZE=8 -DRWORDSIZE=4 -DLWORDSIZE=4 -DNONSTANDARD_SYSTEM_FUNC -DWRF_USE_CLM  -DDM_PARALLEL -DNETCDF -DUSE_ALLOCATABLES -DGRIB1 -DINTIO -DLIMIT_ARGS -DCONFIG_BUF_LEN=65536 -DMAX_DOMAINS_F=21 -DMAX_HISTORY=25 -DNMM_NEST=0 -DWRF_CHEM -DBUILD_CHEM=1 -DWRF_KPP -I. -traditional   module_add_emis_cptec.F  > module_add_emis_cptec.bb
/global/scratch/azare/Josh/WRFV3/tools/standard.exe module_add_emis_cptec.bb | /lib/cpp -C -P > module_add_emis_cptec.f90
rm -f module_add_emis_cptec.b module_add_emis_cptec.bb
mpif90 -f90=ifort -o module_add_emis_cptec.o -c -O2 -ip -fp-model precise -w -ftz -align all -fno-alias -FR -convert big_endian    -I../dyn_em -I../dyn_nmm   -I/global/scratch/azare/Josh/WRFV3/external/esmf_time_f90  -I/global/scratch/azare/Josh/WRFV3/main -I/global/scratch/azare/Josh/WRFV3/external/io_netcdf -I/global/scratch/azare/Josh/WRFV3/external/io_int -I/global/scratch/azare/Josh/WRFV3/frame -I/global/scratch/azare/Josh/WRFV3/share -I/global/scratch/azare/Josh/WRFV3/phys -I/global/scratch/azare/Josh/WRFV3/chem -I/global/scratch/azare/Josh/WRFV3/inc -I/global/software/sl-6.x86_64/modules/intel/2013_sp1.4.211/netcdf/4.3.2-intel-p/include  -i4  module_add_emis_cptec.f90
rm -f module_bioemi_beis314.o
/lib/cpp -C -P -I/global/scratch/azare/Josh/WRFV3/inc -DEM_CORE=1 -DNMM_CORE=0 -DNMM_MAX_DIM=2600 -DCOAMPS_CORE=0 -DDA_CORE=0 -DEXP_CORE=0 -DIWORDSIZE=4 -DDWORDSIZE=8 -DRWORDSIZE=4 -DLWORDSIZE=4 -DNONSTANDARD_SYSTEM_FUNC -DWRF_USE_CLM  -DDM_PARALLEL -DNETCDF -DUSE_ALLOCATABLES -DGRIB1 -DINTIO -DLIMIT_ARGS -DCONFIG_BUF_LEN=65536 -DMAX_DOMAINS_F=21 -DMAX_HISTORY=25 -DNMM_NEST=0 -DWRF_CHEM -DBUILD_CHEM=1 -DWRF_KPP -I. -traditional   module_bioemi_beis314.F  > module_bioemi_beis314.bb
/global/scratch/azare/Josh/WRFV3/tools/standard.exe module_bioemi_beis314.bb | /lib/cpp -C -P > module_bioemi_beis314.f90
rm -f module_bioemi_beis314.b module_bioemi_beis314.bb
mpif90 -f90=ifort -o module_bioemi_beis314.o -c -O2 -ip -fp-model precise -w -ftz -align all -fno-alias -FR -convert big_endian    -I../dyn_em -I../dyn_nmm   -I/global/scratch/azare/Josh/WRFV3/external/esmf_time_f90  -I/global/scratch/azare/Josh/WRFV3/main -I/global/scratch/azare/Josh/WRFV3/external/io_netcdf -I/global/scratch/azare/Josh/WRFV3/external/io_int -I/global/scratch/azare/Josh/WRFV3/frame -I/global/scratch/azare/Josh/WRFV3/share -I/global/scratch/azare/Josh/WRFV3/phys -I/global/scratch/azare/Josh/WRFV3/chem -I/global/scratch/azare/Josh/WRFV3/inc -I/global/software/sl-6.x86_64/modules/intel/2013_sp1.4.211/netcdf/4.3.2-intel-p/include  -i4  module_bioemi_beis314.f90
rm -f module_chem_utilities.o
/lib/cpp -C -P -I/global/scratch/azare/Josh/WRFV3/inc -DEM_CORE=1 -DNMM_CORE=0 -DNMM_MAX_DIM=2600 -DCOAMPS_CORE=0 -DDA_CORE=0 -DEXP_CORE=0 -DIWORDSIZE=4 -DDWORDSIZE=8 -DRWORDSIZE=4 -DLWORDSIZE=4 -DNONSTANDARD_SYSTEM_FUNC -DWRF_USE_CLM  -DDM_PARALLEL -DNETCDF -DUSE_ALLOCATABLES -DGRIB1 -DINTIO -DLIMIT_ARGS -DCONFIG_BUF_LEN=65536 -DMAX_DOMAINS_F=21 -DMAX_HISTORY=25 -DNMM_NEST=0 -DWRF_CHEM -DBUILD_CHEM=1 -DWRF_KPP -I. -traditional   module_chem_utilities.F  > module_chem_utilities.bb
/global/scratch/azare/Josh/WRFV3/tools/standard.exe module_chem_utilities.bb | /lib/cpp -C -P > module_chem_utilities.f90
rm -f module_chem_utilities.b module_chem_utilities.bb
mpif90 -f90=ifort -o module_chem_utilities.o -c -O2 -ip -fp-model precise -w -ftz -align all -fno-alias -FR -convert big_endian    -I../dyn_em -I../dyn_nmm   -I/global/scratch/azare/Josh/WRFV3/external/esmf_time_f90  -I/global/scratch/azare/Josh/WRFV3/main -I/global/scratch/azare/Josh/WRFV3/external/io_netcdf -I/global/scratch/azare/Josh/WRFV3/external/io_int -I/global/scratch/azare/Josh/WRFV3/frame -I/global/scratch/azare/Josh/WRFV3/share -I/global/scratch/azare/Josh/WRFV3/phys -I/global/scratch/azare/Josh/WRFV3/chem -I/global/scratch/azare/Josh/WRFV3/inc -I/global/software/sl-6.x86_64/modules/intel/2013_sp1.4.211/netcdf/4.3.2-intel-p/include  -i4  module_chem_utilities.f90
rm -f module_cmu_dvode_solver.o
/lib/cpp -C -P -I/global/scratch/azare/Josh/WRFV3/inc -DEM_CORE=1 -DNMM_CORE=0 -DNMM_MAX_DIM=2600 -DCOAMPS_CORE=0 -DDA_CORE=0 -DEXP_CORE=0 -DIWORDSIZE=4 -DDWORDSIZE=8 -DRWORDSIZE=4 -DLWORDSIZE=4 -DNONSTANDARD_SYSTEM_FUNC -DWRF_USE_CLM  -DDM_PARALLEL -DNETCDF -DUSE_ALLOCATABLES -DGRIB1 -DINTIO -DLIMIT_ARGS -DCONFIG_BUF_LEN=65536 -DMAX_DOMAINS_F=21 -DMAX_HISTORY=25 -DNMM_NEST=0 -DWRF_CHEM -DBUILD_CHEM=1 -DWRF_KPP -I. -traditional   module_cmu_dvode_solver.F  > module_cmu_dvode_solver.bb
/global/scratch/azare/Josh/WRFV3/tools/standard.exe module_cmu_dvode_solver.bb | /lib/cpp -C -P > module_cmu_dvode_solver.f90
rm -f module_cmu_dvode_solver.b module_cmu_dvode_solver.bb
mpif90 -f90=ifort -o module_cmu_dvode_solver.o -c -O2 -ip -fp-model precise -w -ftz -align all -fno-alias -FR -convert big_endian    -I../dyn_em -I../dyn_nmm   -I/global/scratch/azare/Josh/WRFV3/external/esmf_time_f90  -I/global/scratch/azare/Josh/WRFV3/main -I/global/scratch/azare/Josh/WRFV3/external/io_netcdf -I/global/scratch/azare/Josh/WRFV3/external/io_int -I/global/scratch/azare/Josh/WRFV3/frame -I/global/scratch/azare/Josh/WRFV3/share -I/global/scratch/azare/Josh/WRFV3/phys -I/global/scratch/azare/Josh/WRFV3/chem -I/global/scratch/azare/Josh/WRFV3/inc -I/global/software/sl-6.x86_64/modules/intel/2013_sp1.4.211/netcdf/4.3.2-intel-p/include  -i4  module_cmu_dvode_solver.f90
rm -f module_ctrans_aqchem.o
/lib/cpp -C -P -I/global/scratch/azare/Josh/WRFV3/inc -DEM_CORE=1 -DNMM_CORE=0 -DNMM_MAX_DIM=2600 -DCOAMPS_CORE=0 -DDA_CORE=0 -DEXP_CORE=0 -DIWORDSIZE=4 -DDWORDSIZE=8 -DRWORDSIZE=4 -DLWORDSIZE=4 -DNONSTANDARD_SYSTEM_FUNC -DWRF_USE_CLM  -DDM_PARALLEL -DNETCDF -DUSE_ALLOCATABLES -DGRIB1 -DINTIO -DLIMIT_ARGS -DCONFIG_BUF_LEN=65536 -DMAX_DOMAINS_F=21 -DMAX_HISTORY=25 -DNMM_NEST=0 -DWRF_CHEM -DBUILD_CHEM=1 -DWRF_KPP -I. -traditional   module_ctrans_aqchem.F  > module_ctrans_aqchem.bb
/global/scratch/azare/Josh/WRFV3/tools/standard.exe module_ctrans_aqchem.bb | /lib/cpp -C -P > module_ctrans_aqchem.f90
rm -f module_ctrans_aqchem.b module_ctrans_aqchem.bb
mpif90 -f90=ifort -o module_ctrans_aqchem.o -c -O2 -ip -fp-model precise -w -ftz -align all -fno-alias -FR -convert big_endian    -I../dyn_em -I../dyn_nmm   -I/global/scratch/azare/Josh/WRFV3/external/esmf_time_f90  -I/global/scratch/azare/Josh/WRFV3/main -I/global/scratch/azare/Josh/WRFV3/external/io_netcdf -I/global/scratch/azare/Josh/WRFV3/external/io_int -I/global/scratch/azare/Josh/WRFV3/frame -I/global/scratch/azare/Josh/WRFV3/share -I/global/scratch/azare/Josh/WRFV3/phys -I/global/scratch/azare/Josh/WRFV3/chem -I/global/scratch/azare/Josh/WRFV3/inc -I/global/software/sl-6.x86_64/modules/intel/2013_sp1.4.211/netcdf/4.3.2-intel-p/include  -i4  module_ctrans_aqchem.f90
rm -f module_peg_util.o
/lib/cpp -C -P -I/global/scratch/azare/Josh/WRFV3/inc -DEM_CORE=1 -DNMM_CORE=0 -DNMM_MAX_DIM=2600 -DCOAMPS_CORE=0 -DDA_CORE=0 -DEXP_CORE=0 -DIWORDSIZE=4 -DDWORDSIZE=8 -DRWORDSIZE=4 -DLWORDSIZE=4 -DNONSTANDARD_SYSTEM_FUNC -DWRF_USE_CLM  -DDM_PARALLEL -DNETCDF -DUSE_ALLOCATABLES -DGRIB1 -DINTIO -DLIMIT_ARGS -DCONFIG_BUF_LEN=65536 -DMAX_DOMAINS_F=21 -DMAX_HISTORY=25 -DNMM_NEST=0 -DWRF_CHEM -DBUILD_CHEM=1 -DWRF_KPP -I. -traditional   module_peg_util.F  > module_peg_util.bb
/global/scratch/azare/Josh/WRFV3/tools/standard.exe module_peg_util.bb | /lib/cpp -C -P > module_peg_util.f90
rm -f module_peg_util.b module_peg_util.bb
mpif90 -f90=ifort -o module_peg_util.o -c -O2 -ip -fp-model precise -w -ftz -align all -fno-alias -FR -convert big_endian    -I../dyn_em -I../dyn_nmm   -I/global/scratch/azare/Josh/WRFV3/external/esmf_time_f90  -I/global/scratch/azare/Josh/WRFV3/main -I/global/scratch/azare/Josh/WRFV3/external/io_netcdf -I/global/scratch/azare/Josh/WRFV3/external/io_int -I/global/scratch/azare/Josh/WRFV3/frame -I/global/scratch/azare/Josh/WRFV3/share -I/global/scratch/azare/Josh/WRFV3/phys -I/global/scratch/azare/Josh/WRFV3/chem -I/global/scratch/azare/Josh/WRFV3/inc -I/global/software/sl-6.x86_64/modules/intel/2013_sp1.4.211/netcdf/4.3.2-intel-p/include  -i4  module_peg_util.f90
rm -f module_data_cbmz.o
/lib/cpp -C -P -I/global/scratch/azare/Josh/WRFV3/inc -DEM_CORE=1 -DNMM_CORE=0 -DNMM_MAX_DIM=2600 -DCOAMPS_CORE=0 -DDA_CORE=0 -DEXP_CORE=0 -DIWORDSIZE=4 -DDWORDSIZE=8 -DRWORDSIZE=4 -DLWORDSIZE=4 -DNONSTANDARD_SYSTEM_FUNC -DWRF_USE_CLM  -DDM_PARALLEL -DNETCDF -DUSE_ALLOCATABLES -DGRIB1 -DINTIO -DLIMIT_ARGS -DCONFIG_BUF_LEN=65536 -DMAX_DOMAINS_F=21 -DMAX_HISTORY=25 -DNMM_NEST=0 -DWRF_CHEM -DBUILD_CHEM=1 -DWRF_KPP -I. -traditional   module_data_cbmz.F  > module_data_cbmz.bb
/global/scratch/azare/Josh/WRFV3/tools/standard.exe module_data_cbmz.bb | /lib/cpp -C -P > module_data_cbmz.f90
rm -f module_data_cbmz.b module_data_cbmz.bb
mpif90 -f90=ifort -o module_data_cbmz.o -c -O2 -ip -fp-model precise -w -ftz -align all -fno-alias -FR -convert big_endian    -I../dyn_em -I../dyn_nmm   -I/global/scratch/azare/Josh/WRFV3/external/esmf_time_f90  -I/global/scratch/azare/Josh/WRFV3/main -I/global/scratch/azare/Josh/WRFV3/external/io_netcdf -I/global/scratch/azare/Josh/WRFV3/external/io_int -I/global/scratch/azare/Josh/WRFV3/frame -I/global/scratch/azare/Josh/WRFV3/share -I/global/scratch/azare/Josh/WRFV3/phys -I/global/scratch/azare/Josh/WRFV3/chem -I/global/scratch/azare/Josh/WRFV3/inc -I/global/software/sl-6.x86_64/modules/intel/2013_sp1.4.211/netcdf/4.3.2-intel-p/include  -i4  module_data_cbmz.f90
rm -f module_data_cmu_bulkaqchem.o
/lib/cpp -C -P -I/global/scratch/azare/Josh/WRFV3/inc -DEM_CORE=1 -DNMM_CORE=0 -DNMM_MAX_DIM=2600 -DCOAMPS_CORE=0 -DDA_CORE=0 -DEXP_CORE=0 -DIWORDSIZE=4 -DDWORDSIZE=8 -DRWORDSIZE=4 -DLWORDSIZE=4 -DNONSTANDARD_SYSTEM_FUNC -DWRF_USE_CLM  -DDM_PARALLEL -DNETCDF -DUSE_ALLOCATABLES -DGRIB1 -DINTIO -DLIMIT_ARGS -DCONFIG_BUF_LEN=65536 -DMAX_DOMAINS_F=21 -DMAX_HISTORY=25 -DNMM_NEST=0 -DWRF_CHEM -DBUILD_CHEM=1 -DWRF_KPP -I. -traditional   module_data_cmu_bulkaqchem.F  > module_data_cmu_bulkaqchem.bb
/global/scratch/azare/Josh/WRFV3/tools/standard.exe module_data_cmu_bulkaqchem.bb | /lib/cpp -C -P > module_data_cmu_bulkaqchem.f90
rm -f module_data_cmu_bulkaqchem.b module_data_cmu_bulkaqchem.bb
mpif90 -f90=ifort -o module_data_cmu_bulkaqchem.o -c -O2 -ip -fp-model precise -w -ftz -align all -fno-alias -FR -convert big_endian    -I../dyn_em -I../dyn_nmm   -I/global/scratch/azare/Josh/WRFV3/external/esmf_time_f90  -I/global/scratch/azare/Josh/WRFV3/main -I/global/scratch/azare/Josh/WRFV3/external/io_netcdf -I/global/scratch/azare/Josh/WRFV3/external/io_int -I/global/scratch/azare/Josh/WRFV3/frame -I/global/scratch/azare/Josh/WRFV3/share -I/global/scratch/azare/Josh/WRFV3/phys -I/global/scratch/azare/Josh/WRFV3/chem -I/global/scratch/azare/Josh/WRFV3/inc -I/global/software/sl-6.x86_64/modules/intel/2013_sp1.4.211/netcdf/4.3.2-intel-p/include  -i4  module_data_cmu_bulkaqchem.f90
rm -f module_data_gocartchem.o
/lib/cpp -C -P -I/global/scratch/azare/Josh/WRFV3/inc -DEM_CORE=1 -DNMM_CORE=0 -DNMM_MAX_DIM=2600 -DCOAMPS_CORE=0 -DDA_CORE=0 -DEXP_CORE=0 -DIWORDSIZE=4 -DDWORDSIZE=8 -DRWORDSIZE=4 -DLWORDSIZE=4 -DNONSTANDARD_SYSTEM_FUNC -DWRF_USE_CLM  -DDM_PARALLEL -DNETCDF -DUSE_ALLOCATABLES -DGRIB1 -DINTIO -DLIMIT_ARGS -DCONFIG_BUF_LEN=65536 -DMAX_DOMAINS_F=21 -DMAX_HISTORY=25 -DNMM_NEST=0 -DWRF_CHEM -DBUILD_CHEM=1 -DWRF_KPP -I. -traditional   module_data_gocartchem.F  > module_data_gocartchem.bb
/global/scratch/azare/Josh/WRFV3/tools/standard.exe module_data_gocartchem.bb | /lib/cpp -C -P > module_data_gocartchem.f90
rm -f module_data_gocartchem.b module_data_gocartchem.bb
mpif90 -f90=ifort -o module_data_gocartchem.o -c -O2 -ip -fp-model precise -w -ftz -align all -fno-alias -FR -convert big_endian    -I../dyn_em -I../dyn_nmm   -I/global/scratch/azare/Josh/WRFV3/external/esmf_time_f90  -I/global/scratch/azare/Josh/WRFV3/main -I/global/scratch/azare/Josh/WRFV3/external/io_netcdf -I/global/scratch/azare/Josh/WRFV3/external/io_int -I/global/scratch/azare/Josh/WRFV3/frame -I/global/scratch/azare/Josh/WRFV3/share -I/global/scratch/azare/Josh/WRFV3/phys -I/global/scratch/azare/Josh/WRFV3/chem -I/global/scratch/azare/Josh/WRFV3/inc -I/global/software/sl-6.x86_64/modules/intel/2013_sp1.4.211/netcdf/4.3.2-intel-p/include  -i4  module_data_gocartchem.f90
rm -f module_data_gocart_seas.o
/lib/cpp -C -P -I/global/scratch/azare/Josh/WRFV3/inc -DEM_CORE=1 -DNMM_CORE=0 -DNMM_MAX_DIM=2600 -DCOAMPS_CORE=0 -DDA_CORE=0 -DEXP_CORE=0 -DIWORDSIZE=4 -DDWORDSIZE=8 -DRWORDSIZE=4 -DLWORDSIZE=4 -DNONSTANDARD_SYSTEM_FUNC -DWRF_USE_CLM  -DDM_PARALLEL -DNETCDF -DUSE_ALLOCATABLES -DGRIB1 -DINTIO -DLIMIT_ARGS -DCONFIG_BUF_LEN=65536 -DMAX_DOMAINS_F=21 -DMAX_HISTORY=25 -DNMM_NEST=0 -DWRF_CHEM -DBUILD_CHEM=1 -DWRF_KPP -I. -traditional   module_data_gocart_seas.F  > module_data_gocart_seas.bb
/global/scratch/azare/Josh/WRFV3/tools/standard.exe module_data_gocart_seas.bb | /lib/cpp -C -P > module_data_gocart_seas.f90
rm -f module_data_gocart_seas.b module_data_gocart_seas.bb
mpif90 -f90=ifort -o module_data_gocart_seas.o -c -O2 -ip -fp-model precise -w -ftz -align all -fno-alias -FR -convert big_endian    -I../dyn_em -I../dyn_nmm   -I/global/scratch/azare/Josh/WRFV3/external/esmf_time_f90  -I/global/scratch/azare/Josh/WRFV3/main -I/global/scratch/azare/Josh/WRFV3/external/io_netcdf -I/global/scratch/azare/Josh/WRFV3/external/io_int -I/global/scratch/azare/Josh/WRFV3/frame -I/global/scratch/azare/Josh/WRFV3/share -I/global/scratch/azare/Josh/WRFV3/phys -I/global/scratch/azare/Josh/WRFV3/chem -I/global/scratch/azare/Josh/WRFV3/inc -I/global/software/sl-6.x86_64/modules/intel/2013_sp1.4.211/netcdf/4.3.2-intel-p/include  -i4  module_data_gocart_seas.f90
rm -f module_data_mosaic_asect.o
/lib/cpp -C -P -I/global/scratch/azare/Josh/WRFV3/inc -DEM_CORE=1 -DNMM_CORE=0 -DNMM_MAX_DIM=2600 -DCOAMPS_CORE=0 -DDA_CORE=0 -DEXP_CORE=0 -DIWORDSIZE=4 -DDWORDSIZE=8 -DRWORDSIZE=4 -DLWORDSIZE=4 -DNONSTANDARD_SYSTEM_FUNC -DWRF_USE_CLM  -DDM_PARALLEL -DNETCDF -DUSE_ALLOCATABLES -DGRIB1 -DINTIO -DLIMIT_ARGS -DCONFIG_BUF_LEN=65536 -DMAX_DOMAINS_F=21 -DMAX_HISTORY=25 -DNMM_NEST=0 -DWRF_CHEM -DBUILD_CHEM=1 -DWRF_KPP -I. -traditional   module_data_mosaic_asect.F  > module_data_mosaic_asect.bb
/global/scratch/azare/Josh/WRFV3/tools/standard.exe module_data_mosaic_asect.bb | /lib/cpp -C -P > module_data_mosaic_asect.f90
rm -f module_data_mosaic_asect.b module_data_mosaic_asect.bb
mpif90 -f90=ifort -o module_data_mosaic_asect.o -c -O2 -ip -fp-model precise -w -ftz -align all -fno-alias -FR -convert big_endian    -I../dyn_em -I../dyn_nmm   -I/global/scratch/azare/Josh/WRFV3/external/esmf_time_f90  -I/global/scratch/azare/Josh/WRFV3/main -I/global/scratch/azare/Josh/WRFV3/external/io_netcdf -I/global/scratch/azare/Josh/WRFV3/external/io_int -I/global/scratch/azare/Josh/WRFV3/frame -I/global/scratch/azare/Josh/WRFV3/share -I/global/scratch/azare/Josh/WRFV3/phys -I/global/scratch/azare/Josh/WRFV3/chem -I/global/scratch/azare/Josh/WRFV3/inc -I/global/software/sl-6.x86_64/modules/intel/2013_sp1.4.211/netcdf/4.3.2-intel-p/include  -i4  module_data_mosaic_asect.f90
rm -f module_data_mosaic_other.o
/lib/cpp -C -P -I/global/scratch/azare/Josh/WRFV3/inc -DEM_CORE=1 -DNMM_CORE=0 -DNMM_MAX_DIM=2600 -DCOAMPS_CORE=0 -DDA_CORE=0 -DEXP_CORE=0 -DIWORDSIZE=4 -DDWORDSIZE=8 -DRWORDSIZE=4 -DLWORDSIZE=4 -DNONSTANDARD_SYSTEM_FUNC -DWRF_USE_CLM  -DDM_PARALLEL -DNETCDF -DUSE_ALLOCATABLES -DGRIB1 -DINTIO -DLIMIT_ARGS -DCONFIG_BUF_LEN=65536 -DMAX_DOMAINS_F=21 -DMAX_HISTORY=25 -DNMM_NEST=0 -DWRF_CHEM -DBUILD_CHEM=1 -DWRF_KPP -I. -traditional   module_data_mosaic_other.F  > module_data_mosaic_other.bb
/global/scratch/azare/Josh/WRFV3/tools/standard.exe module_data_mosaic_other.bb | /lib/cpp -C -P > module_data_mosaic_other.f90
rm -f module_data_mosaic_other.b module_data_mosaic_other.bb
mpif90 -f90=ifort -o module_data_mosaic_other.o -c -O2 -ip -fp-model precise -w -ftz -align all -fno-alias -FR -convert big_endian    -I../dyn_em -I../dyn_nmm   -I/global/scratch/azare/Josh/WRFV3/external/esmf_time_f90  -I/global/scratch/azare/Josh/WRFV3/main -I/global/scratch/azare/Josh/WRFV3/external/io_netcdf -I/global/scratch/azare/Josh/WRFV3/external/io_int -I/global/scratch/azare/Josh/WRFV3/frame -I/global/scratch/azare/Josh/WRFV3/share -I/global/scratch/azare/Josh/WRFV3/phys -I/global/scratch/azare/Josh/WRFV3/chem -I/global/scratch/azare/Josh/WRFV3/inc -I/global/software/sl-6.x86_64/modules/intel/2013_sp1.4.211/netcdf/4.3.2-intel-p/include  -i4  module_data_mosaic_other.f90
rm -f module_data_mosaic_therm.o
/lib/cpp -C -P -I/global/scratch/azare/Josh/WRFV3/inc -DEM_CORE=1 -DNMM_CORE=0 -DNMM_MAX_DIM=2600 -DCOAMPS_CORE=0 -DDA_CORE=0 -DEXP_CORE=0 -DIWORDSIZE=4 -DDWORDSIZE=8 -DRWORDSIZE=4 -DLWORDSIZE=4 -DNONSTANDARD_SYSTEM_FUNC -DWRF_USE_CLM  -DDM_PARALLEL -DNETCDF -DUSE_ALLOCATABLES -DGRIB1 -DINTIO -DLIMIT_ARGS -DCONFIG_BUF_LEN=65536 -DMAX_DOMAINS_F=21 -DMAX_HISTORY=25 -DNMM_NEST=0 -DWRF_CHEM -DBUILD_CHEM=1 -DWRF_KPP -I. -traditional   module_data_mosaic_therm.F  > module_data_mosaic_therm.bb
/global/scratch/azare/Josh/WRFV3/tools/standard.exe module_data_mosaic_therm.bb | /lib/cpp -C -P > module_data_mosaic_therm.f90
rm -f module_data_mosaic_therm.b module_data_mosaic_therm.bb
mpif90 -f90=ifort -o module_data_mosaic_therm.o -c -O2 -ip -fp-model precise -w -ftz -align all -fno-alias -FR -convert big_endian    -I../dyn_em -I../dyn_nmm   -I/global/scratch/azare/Josh/WRFV3/external/esmf_time_f90  -I/global/scratch/azare/Josh/WRFV3/main -I/global/scratch/azare/Josh/WRFV3/external/io_netcdf -I/global/scratch/azare/Josh/WRFV3/external/io_int -I/global/scratch/azare/Josh/WRFV3/frame -I/global/scratch/azare/Josh/WRFV3/share -I/global/scratch/azare/Josh/WRFV3/phys -I/global/scratch/azare/Josh/WRFV3/chem -I/global/scratch/azare/Josh/WRFV3/inc -I/global/software/sl-6.x86_64/modules/intel/2013_sp1.4.211/netcdf/4.3.2-intel-p/include  -i4  module_data_mosaic_therm.f90
rm -f module_data_radm2.o
/lib/cpp -C -P -I/global/scratch/azare/Josh/WRFV3/inc -DEM_CORE=1 -DNMM_CORE=0 -DNMM_MAX_DIM=2600 -DCOAMPS_CORE=0 -DDA_CORE=0 -DEXP_CORE=0 -DIWORDSIZE=4 -DDWORDSIZE=8 -DRWORDSIZE=4 -DLWORDSIZE=4 -DNONSTANDARD_SYSTEM_FUNC -DWRF_USE_CLM  -DDM_PARALLEL -DNETCDF -DUSE_ALLOCATABLES -DGRIB1 -DINTIO -DLIMIT_ARGS -DCONFIG_BUF_LEN=65536 -DMAX_DOMAINS_F=21 -DMAX_HISTORY=25 -DNMM_NEST=0 -DWRF_CHEM -DBUILD_CHEM=1 -DWRF_KPP -I. -traditional   module_data_radm2.F  > module_data_radm2.bb
/global/scratch/azare/Josh/WRFV3/tools/standard.exe module_data_radm2.bb | /lib/cpp -C -P > module_data_radm2.f90
rm -f module_data_radm2.b module_data_radm2.bb
mpif90 -f90=ifort -o module_data_radm2.o -c -O2 -ip -fp-model precise -w -ftz -align all -fno-alias -FR -convert big_endian    -I../dyn_em -I../dyn_nmm   -I/global/scratch/azare/Josh/WRFV3/external/esmf_time_f90  -I/global/scratch/azare/Josh/WRFV3/main -I/global/scratch/azare/Josh/WRFV3/external/io_netcdf -I/global/scratch/azare/Josh/WRFV3/external/io_int -I/global/scratch/azare/Josh/WRFV3/frame -I/global/scratch/azare/Josh/WRFV3/share -I/global/scratch/azare/Josh/WRFV3/phys -I/global/scratch/azare/Josh/WRFV3/chem -I/global/scratch/azare/Josh/WRFV3/inc -I/global/software/sl-6.x86_64/modules/intel/2013_sp1.4.211/netcdf/4.3.2-intel-p/include  -i4  module_data_radm2.f90
rm -f module_data_rrtmgaeropt.o
/lib/cpp -C -P -I/global/scratch/azare/Josh/WRFV3/inc -DEM_CORE=1 -DNMM_CORE=0 -DNMM_MAX_DIM=2600 -DCOAMPS_CORE=0 -DDA_CORE=0 -DEXP_CORE=0 -DIWORDSIZE=4 -DDWORDSIZE=8 -DRWORDSIZE=4 -DLWORDSIZE=4 -DNONSTANDARD_SYSTEM_FUNC -DWRF_USE_CLM  -DDM_PARALLEL -DNETCDF -DUSE_ALLOCATABLES -DGRIB1 -DINTIO -DLIMIT_ARGS -DCONFIG_BUF_LEN=65536 -DMAX_DOMAINS_F=21 -DMAX_HISTORY=25 -DNMM_NEST=0 -DWRF_CHEM -DBUILD_CHEM=1 -DWRF_KPP -I. -traditional   module_data_rrtmgaeropt.F  > module_data_rrtmgaeropt.bb
/global/scratch/azare/Josh/WRFV3/tools/standard.exe module_data_rrtmgaeropt.bb | /lib/cpp -C -P > module_data_rrtmgaeropt.f90
rm -f module_data_rrtmgaeropt.b module_data_rrtmgaeropt.bb
mpif90 -f90=ifort -o module_data_rrtmgaeropt.o -c -O2 -ip -fp-model precise -w -ftz -align all -fno-alias -FR -convert big_endian    -I../dyn_em -I../dyn_nmm   -I/global/scratch/azare/Josh/WRFV3/external/esmf_time_f90  -I/global/scratch/azare/Josh/WRFV3/main -I/global/scratch/azare/Josh/WRFV3/external/io_netcdf -I/global/scratch/azare/Josh/WRFV3/external/io_int -I/global/scratch/azare/Josh/WRFV3/frame -I/global/scratch/azare/Josh/WRFV3/share -I/global/scratch/azare/Josh/WRFV3/phys -I/global/scratch/azare/Josh/WRFV3/chem -I/global/scratch/azare/Josh/WRFV3/inc -I/global/software/sl-6.x86_64/modules/intel/2013_sp1.4.211/netcdf/4.3.2-intel-p/include  -i4  module_data_rrtmgaeropt.f90
rm -f module_data_megan2.o
/lib/cpp -C -P -I/global/scratch/azare/Josh/WRFV3/inc -DEM_CORE=1 -DNMM_CORE=0 -DNMM_MAX_DIM=2600 -DCOAMPS_CORE=0 -DDA_CORE=0 -DEXP_CORE=0 -DIWORDSIZE=4 -DDWORDSIZE=8 -DRWORDSIZE=4 -DLWORDSIZE=4 -DNONSTANDARD_SYSTEM_FUNC -DWRF_USE_CLM  -DDM_PARALLEL -DNETCDF -DUSE_ALLOCATABLES -DGRIB1 -DINTIO -DLIMIT_ARGS -DCONFIG_BUF_LEN=65536 -DMAX_DOMAINS_F=21 -DMAX_HISTORY=25 -DNMM_NEST=0 -DWRF_CHEM -DBUILD_CHEM=1 -DWRF_KPP -I. -traditional   module_data_megan2.F  > module_data_megan2.bb
/global/scratch/azare/Josh/WRFV3/tools/standard.exe module_data_megan2.bb | /lib/cpp -C -P > module_data_megan2.f90
rm -f module_data_megan2.b module_data_megan2.bb
mpif90 -f90=ifort -o module_data_megan2.o -c -O2 -ip -fp-model precise -w -ftz -align all -fno-alias -FR -convert big_endian    -I../dyn_em -I../dyn_nmm   -I/global/scratch/azare/Josh/WRFV3/external/esmf_time_f90  -I/global/scratch/azare/Josh/WRFV3/main -I/global/scratch/azare/Josh/WRFV3/external/io_netcdf -I/global/scratch/azare/Josh/WRFV3/external/io_int -I/global/scratch/azare/Josh/WRFV3/frame -I/global/scratch/azare/Josh/WRFV3/share -I/global/scratch/azare/Josh/WRFV3/phys -I/global/scratch/azare/Josh/WRFV3/chem -I/global/scratch/azare/Josh/WRFV3/inc -I/global/software/sl-6.x86_64/modules/intel/2013_sp1.4.211/netcdf/4.3.2-intel-p/include  -i4  module_data_megan2.f90
rm -f module_data_soa_vbs.o
/lib/cpp -C -P -I/global/scratch/azare/Josh/WRFV3/inc -DEM_CORE=1 -DNMM_CORE=0 -DNMM_MAX_DIM=2600 -DCOAMPS_CORE=0 -DDA_CORE=0 -DEXP_CORE=0 -DIWORDSIZE=4 -DDWORDSIZE=8 -DRWORDSIZE=4 -DLWORDSIZE=4 -DNONSTANDARD_SYSTEM_FUNC -DWRF_USE_CLM  -DDM_PARALLEL -DNETCDF -DUSE_ALLOCATABLES -DGRIB1 -DINTIO -DLIMIT_ARGS -DCONFIG_BUF_LEN=65536 -DMAX_DOMAINS_F=21 -DMAX_HISTORY=25 -DNMM_NEST=0 -DWRF_CHEM -DBUILD_CHEM=1 -DWRF_KPP -I. -traditional   module_data_soa_vbs.F  > module_data_soa_vbs.bb
/global/scratch/azare/Josh/WRFV3/tools/standard.exe module_data_soa_vbs.bb | /lib/cpp -C -P > module_data_soa_vbs.f90
rm -f module_data_soa_vbs.b module_data_soa_vbs.bb
mpif90 -f90=ifort -o module_data_soa_vbs.o -c -O2 -ip -fp-model precise -w -ftz -align all -fno-alias -FR -convert big_endian    -I../dyn_em -I../dyn_nmm   -I/global/scratch/azare/Josh/WRFV3/external/esmf_time_f90  -I/global/scratch/azare/Josh/WRFV3/main -I/global/scratch/azare/Josh/WRFV3/external/io_netcdf -I/global/scratch/azare/Josh/WRFV3/external/io_int -I/global/scratch/azare/Josh/WRFV3/frame -I/global/scratch/azare/Josh/WRFV3/share -I/global/scratch/azare/Josh/WRFV3/phys -I/global/scratch/azare/Josh/WRFV3/chem -I/global/scratch/azare/Josh/WRFV3/inc -I/global/software/sl-6.x86_64/modules/intel/2013_sp1.4.211/netcdf/4.3.2-intel-p/include  -i4  module_data_soa_vbs.f90
rm -f module_data_sorgam.o
/lib/cpp -C -P -I/global/scratch/azare/Josh/WRFV3/inc -DEM_CORE=1 -DNMM_CORE=0 -DNMM_MAX_DIM=2600 -DCOAMPS_CORE=0 -DDA_CORE=0 -DEXP_CORE=0 -DIWORDSIZE=4 -DDWORDSIZE=8 -DRWORDSIZE=4 -DLWORDSIZE=4 -DNONSTANDARD_SYSTEM_FUNC -DWRF_USE_CLM  -DDM_PARALLEL -DNETCDF -DUSE_ALLOCATABLES -DGRIB1 -DINTIO -DLIMIT_ARGS -DCONFIG_BUF_LEN=65536 -DMAX_DOMAINS_F=21 -DMAX_HISTORY=25 -DNMM_NEST=0 -DWRF_CHEM -DBUILD_CHEM=1 -DWRF_KPP -I. -traditional   module_data_sorgam.F  > module_data_sorgam.bb
/global/scratch/azare/Josh/WRFV3/tools/standard.exe module_data_sorgam.bb | /lib/cpp -C -P > module_data_sorgam.f90
rm -f module_data_sorgam.b module_data_sorgam.bb
mpif90 -f90=ifort -o module_data_sorgam.o -c -O2 -ip -fp-model precise -w -ftz -align all -fno-alias -FR -convert big_endian    -I../dyn_em -I../dyn_nmm   -I/global/scratch/azare/Josh/WRFV3/external/esmf_time_f90  -I/global/scratch/azare/Josh/WRFV3/main -I/global/scratch/azare/Josh/WRFV3/external/io_netcdf -I/global/scratch/azare/Josh/WRFV3/external/io_int -I/global/scratch/azare/Josh/WRFV3/frame -I/global/scratch/azare/Josh/WRFV3/share -I/global/scratch/azare/Josh/WRFV3/phys -I/global/scratch/azare/Josh/WRFV3/chem -I/global/scratch/azare/Josh/WRFV3/inc -I/global/software/sl-6.x86_64/modules/intel/2013_sp1.4.211/netcdf/4.3.2-intel-p/include  -i4  module_data_sorgam.f90
rm -f module_kpp_racm_esrlsorg_aqchem_Precision.o
/lib/cpp -C -P -I/global/scratch/azare/Josh/WRFV3/inc -DEM_CORE=1 -DNMM_CORE=0 -DNMM_MAX_DIM=2600 -DCOAMPS_CORE=0 -DDA_CORE=0 -DEXP_CORE=0 -DIWORDSIZE=4 -DDWORDSIZE=8 -DRWORDSIZE=4 -DLWORDSIZE=4 -DNONSTANDARD_SYSTEM_FUNC -DWRF_USE_CLM  -DDM_PARALLEL -DNETCDF -DUSE_ALLOCATABLES -DGRIB1 -DINTIO -DLIMIT_ARGS -DCONFIG_BUF_LEN=65536 -DMAX_DOMAINS_F=21 -DMAX_HISTORY=25 -DNMM_NEST=0 -DWRF_CHEM -DBUILD_CHEM=1 -DWRF_KPP -I. -traditional   module_kpp_racm_esrlsorg_aqchem_Precision.F  > module_kpp_racm_esrlsorg_aqchem_Precision.bb
/global/scratch/azare/Josh/WRFV3/tools/standard.exe module_kpp_racm_esrlsorg_aqchem_Precision.bb | /lib/cpp -C -P > module_kpp_racm_esrlsorg_aqchem_Precision.f90
rm -f module_kpp_racm_esrlsorg_aqchem_Precision.b module_kpp_racm_esrlsorg_aqchem_Precision.bb
mpif90 -f90=ifort -o module_kpp_racm_esrlsorg_aqchem_Precision.o -c -O2 -ip -fp-model precise -w -ftz -align all -fno-alias -FR -convert big_endian    -I../dyn_em -I../dyn_nmm   -I/global/scratch/azare/Josh/WRFV3/external/esmf_time_f90  -I/global/scratch/azare/Josh/WRFV3/main -I/global/scratch/azare/Josh/WRFV3/external/io_netcdf -I/global/scratch/azare/Josh/WRFV3/external/io_int -I/global/scratch/azare/Josh/WRFV3/frame -I/global/scratch/azare/Josh/WRFV3/share -I/global/scratch/azare/Josh/WRFV3/phys -I/global/scratch/azare/Josh/WRFV3/chem -I/global/scratch/azare/Josh/WRFV3/inc -I/global/software/sl-6.x86_64/modules/intel/2013_sp1.4.211/netcdf/4.3.2-intel-p/include  -i4  module_kpp_racm_esrlsorg_aqchem_Precision.f90
rm -f module_kpp_racm_esrlsorg_aqchem_Parameters.o
/lib/cpp -C -P -I/global/scratch/azare/Josh/WRFV3/inc -DEM_CORE=1 -DNMM_CORE=0 -DNMM_MAX_DIM=2600 -DCOAMPS_CORE=0 -DDA_CORE=0 -DEXP_CORE=0 -DIWORDSIZE=4 -DDWORDSIZE=8 -DRWORDSIZE=4 -DLWORDSIZE=4 -DNONSTANDARD_SYSTEM_FUNC -DWRF_USE_CLM  -DDM_PARALLEL -DNETCDF -DUSE_ALLOCATABLES -DGRIB1 -DINTIO -DLIMIT_ARGS -DCONFIG_BUF_LEN=65536 -DMAX_DOMAINS_F=21 -DMAX_HISTORY=25 -DNMM_NEST=0 -DWRF_CHEM -DBUILD_CHEM=1 -DWRF_KPP -I. -traditional   module_kpp_racm_esrlsorg_aqchem_Parameters.F  > module_kpp_racm_esrlsorg_aqchem_Parameters.bb
/global/scratch/azare/Josh/WRFV3/tools/standard.exe module_kpp_racm_esrlsorg_aqchem_Parameters.bb | /lib/cpp -C -P > module_kpp_racm_esrlsorg_aqchem_Parameters.f90
rm -f module_kpp_racm_esrlsorg_aqchem_Parameters.b module_kpp_racm_esrlsorg_aqchem_Parameters.bb
mpif90 -f90=ifort -o module_kpp_racm_esrlsorg_aqchem_Parameters.o -c -O2 -ip -fp-model precise -w -ftz -align all -fno-alias -FR -convert big_endian    -I../dyn_em -I../dyn_nmm   -I/global/scratch/azare/Josh/WRFV3/external/esmf_time_f90  -I/global/scratch/azare/Josh/WRFV3/main -I/global/scratch/azare/Josh/WRFV3/external/io_netcdf -I/global/scratch/azare/Josh/WRFV3/external/io_int -I/global/scratch/azare/Josh/WRFV3/frame -I/global/scratch/azare/Josh/WRFV3/share -I/global/scratch/azare/Josh/WRFV3/phys -I/global/scratch/azare/Josh/WRFV3/chem -I/global/scratch/azare/Josh/WRFV3/inc -I/global/software/sl-6.x86_64/modules/intel/2013_sp1.4.211/netcdf/4.3.2-intel-p/include  -i4  module_kpp_racm_esrlsorg_aqchem_Parameters.f90
rm -f module_kpp_racm_esrlsorg_aqchem_JacobianSP.o
/lib/cpp -C -P -I/global/scratch/azare/Josh/WRFV3/inc -DEM_CORE=1 -DNMM_CORE=0 -DNMM_MAX_DIM=2600 -DCOAMPS_CORE=0 -DDA_CORE=0 -DEXP_CORE=0 -DIWORDSIZE=4 -DDWORDSIZE=8 -DRWORDSIZE=4 -DLWORDSIZE=4 -DNONSTANDARD_SYSTEM_FUNC -DWRF_USE_CLM  -DDM_PARALLEL -DNETCDF -DUSE_ALLOCATABLES -DGRIB1 -DINTIO -DLIMIT_ARGS -DCONFIG_BUF_LEN=65536 -DMAX_DOMAINS_F=21 -DMAX_HISTORY=25 -DNMM_NEST=0 -DWRF_CHEM -DBUILD_CHEM=1 -DWRF_KPP -I. -traditional   module_kpp_racm_esrlsorg_aqchem_JacobianSP.F  > module_kpp_racm_esrlsorg_aqchem_JacobianSP.bb
/global/scratch/azare/Josh/WRFV3/tools/standard.exe module_kpp_racm_esrlsorg_aqchem_JacobianSP.bb | /lib/cpp -C -P > module_kpp_racm_esrlsorg_aqchem_JacobianSP.f90
rm -f module_kpp_racm_esrlsorg_aqchem_JacobianSP.b module_kpp_racm_esrlsorg_aqchem_JacobianSP.bb
mpif90 -f90=ifort -o module_kpp_racm_esrlsorg_aqchem_JacobianSP.o -c -O2 -ip -fp-model precise -w -ftz -align all -fno-alias -FR -convert big_endian    -I../dyn_em -I../dyn_nmm   -I/global/scratch/azare/Josh/WRFV3/external/esmf_time_f90  -I/global/scratch/azare/Josh/WRFV3/main -I/global/scratch/azare/Josh/WRFV3/external/io_netcdf -I/global/scratch/azare/Josh/WRFV3/external/io_int -I/global/scratch/azare/Josh/WRFV3/frame -I/global/scratch/azare/Josh/WRFV3/share -I/global/scratch/azare/Josh/WRFV3/phys -I/global/scratch/azare/Josh/WRFV3/chem -I/global/scratch/azare/Josh/WRFV3/inc -I/global/software/sl-6.x86_64/modules/intel/2013_sp1.4.211/netcdf/4.3.2-intel-p/include  -i4  module_kpp_racm_esrlsorg_aqchem_JacobianSP.f90
rm -f module_kpp_racm_esrlsorg_aqchem_Jacobian.o
/lib/cpp -C -P -I/global/scratch/azare/Josh/WRFV3/inc -DEM_CORE=1 -DNMM_CORE=0 -DNMM_MAX_DIM=2600 -DCOAMPS_CORE=0 -DDA_CORE=0 -DEXP_CORE=0 -DIWORDSIZE=4 -DDWORDSIZE=8 -DRWORDSIZE=4 -DLWORDSIZE=4 -DNONSTANDARD_SYSTEM_FUNC -DWRF_USE_CLM  -DDM_PARALLEL -DNETCDF -DUSE_ALLOCATABLES -DGRIB1 -DINTIO -DLIMIT_ARGS -DCONFIG_BUF_LEN=65536 -DMAX_DOMAINS_F=21 -DMAX_HISTORY=25 -DNMM_NEST=0 -DWRF_CHEM -DBUILD_CHEM=1 -DWRF_KPP -I. -traditional   module_kpp_racm_esrlsorg_aqchem_Jacobian.F  > module_kpp_racm_esrlsorg_aqchem_Jacobian.bb
/global/scratch/azare/Josh/WRFV3/tools/standard.exe module_kpp_racm_esrlsorg_aqchem_Jacobian.bb | /lib/cpp -C -P > module_kpp_racm_esrlsorg_aqchem_Jacobian.f90
rm -f module_kpp_racm_esrlsorg_aqchem_Jacobian.b module_kpp_racm_esrlsorg_aqchem_Jacobian.bb
mpif90 -f90=ifort -o module_kpp_racm_esrlsorg_aqchem_Jacobian.o -c -O2 -ip -fp-model precise -w -ftz -align all -fno-alias -FR -convert big_endian    -I../dyn_em -I../dyn_nmm   -I/global/scratch/azare/Josh/WRFV3/external/esmf_time_f90  -I/global/scratch/azare/Josh/WRFV3/main -I/global/scratch/azare/Josh/WRFV3/external/io_netcdf -I/global/scratch/azare/Josh/WRFV3/external/io_int -I/global/scratch/azare/Josh/WRFV3/frame -I/global/scratch/azare/Josh/WRFV3/share -I/global/scratch/azare/Josh/WRFV3/phys -I/global/scratch/azare/Josh/WRFV3/chem -I/global/scratch/azare/Josh/WRFV3/inc -I/global/software/sl-6.x86_64/modules/intel/2013_sp1.4.211/netcdf/4.3.2-intel-p/include  -i4  module_kpp_racm_esrlsorg_aqchem_Jacobian.f90
rm -f module_kpp_racm_esrlsorg_aqchem_Update_Rconst.o
/lib/cpp -C -P -I/global/scratch/azare/Josh/WRFV3/inc -DEM_CORE=1 -DNMM_CORE=0 -DNMM_MAX_DIM=2600 -DCOAMPS_CORE=0 -DDA_CORE=0 -DEXP_CORE=0 -DIWORDSIZE=4 -DDWORDSIZE=8 -DRWORDSIZE=4 -DLWORDSIZE=4 -DNONSTANDARD_SYSTEM_FUNC -DWRF_USE_CLM  -DDM_PARALLEL -DNETCDF -DUSE_ALLOCATABLES -DGRIB1 -DINTIO -DLIMIT_ARGS -DCONFIG_BUF_LEN=65536 -DMAX_DOMAINS_F=21 -DMAX_HISTORY=25 -DNMM_NEST=0 -DWRF_CHEM -DBUILD_CHEM=1 -DWRF_KPP -I. -traditional   module_kpp_racm_esrlsorg_aqchem_Update_Rconst.F  > module_kpp_racm_esrlsorg_aqchem_Update_Rconst.bb
/global/scratch/azare/Josh/WRFV3/tools/standard.exe module_kpp_racm_esrlsorg_aqchem_Update_Rconst.bb | /lib/cpp -C -P > module_kpp_racm_esrlsorg_aqchem_Update_Rconst.f90
rm -f module_kpp_racm_esrlsorg_aqchem_Update_Rconst.b module_kpp_racm_esrlsorg_aqchem_Update_Rconst.bb
mpif90 -f90=ifort -o module_kpp_racm_esrlsorg_aqchem_Update_Rconst.o -c -O2 -ip -fp-model precise -w -ftz -align all -fno-alias -FR -convert big_endian    -I../dyn_em -I../dyn_nmm   -I/global/scratch/azare/Josh/WRFV3/external/esmf_time_f90  -I/global/scratch/azare/Josh/WRFV3/main -I/global/scratch/azare/Josh/WRFV3/external/io_netcdf -I/global/scratch/azare/Josh/WRFV3/external/io_int -I/global/scratch/azare/Josh/WRFV3/frame -I/global/scratch/azare/Josh/WRFV3/share -I/global/scratch/azare/Josh/WRFV3/phys -I/global/scratch/azare/Josh/WRFV3/chem -I/global/scratch/azare/Josh/WRFV3/inc -I/global/software/sl-6.x86_64/modules/intel/2013_sp1.4.211/netcdf/4.3.2-intel-p/include  -i4  module_kpp_racm_esrlsorg_aqchem_Update_Rconst.f90
rm -f module_wkppc_constants.o
/lib/cpp -C -P -I/global/scratch/azare/Josh/WRFV3/inc -DEM_CORE=1 -DNMM_CORE=0 -DNMM_MAX_DIM=2600 -DCOAMPS_CORE=0 -DDA_CORE=0 -DEXP_CORE=0 -DIWORDSIZE=4 -DDWORDSIZE=8 -DRWORDSIZE=4 -DLWORDSIZE=4 -DNONSTANDARD_SYSTEM_FUNC -DWRF_USE_CLM  -DDM_PARALLEL -DNETCDF -DUSE_ALLOCATABLES -DGRIB1 -DINTIO -DLIMIT_ARGS -DCONFIG_BUF_LEN=65536 -DMAX_DOMAINS_F=21 -DMAX_HISTORY=25 -DNMM_NEST=0 -DWRF_CHEM -DBUILD_CHEM=1 -DWRF_KPP -I. -traditional   module_wkppc_constants.F  > module_wkppc_constants.bb
/global/scratch/azare/Josh/WRFV3/tools/standard.exe module_wkppc_constants.bb | /lib/cpp -C -P > module_wkppc_constants.f90
rm -f module_wkppc_constants.b module_wkppc_constants.bb
mpif90 -f90=ifort -o module_wkppc_constants.o -c -O2 -ip -fp-model precise -w -ftz -align all -fno-alias -FR -convert big_endian    -I../dyn_em -I../dyn_nmm   -I/global/scratch/azare/Josh/WRFV3/external/esmf_time_f90  -I/global/scratch/azare/Josh/WRFV3/main -I/global/scratch/azare/Josh/WRFV3/external/io_netcdf -I/global/scratch/azare/Josh/WRFV3/external/io_int -I/global/scratch/azare/Josh/WRFV3/frame -I/global/scratch/azare/Josh/WRFV3/share -I/global/scratch/azare/Josh/WRFV3/phys -I/global/scratch/azare/Josh/WRFV3/chem -I/global/scratch/azare/Josh/WRFV3/inc -I/global/software/sl-6.x86_64/modules/intel/2013_sp1.4.211/netcdf/4.3.2-intel-p/include  -i4  module_wkppc_constants.f90
rm -f module_kpp_racm_esrlsorg_aqchem_Integr.o
/lib/cpp -C -P -I/global/scratch/azare/Josh/WRFV3/inc -DEM_CORE=1 -DNMM_CORE=0 -DNMM_MAX_DIM=2600 -DCOAMPS_CORE=0 -DDA_CORE=0 -DEXP_CORE=0 -DIWORDSIZE=4 -DDWORDSIZE=8 -DRWORDSIZE=4 -DLWORDSIZE=4 -DNONSTANDARD_SYSTEM_FUNC -DWRF_USE_CLM  -DDM_PARALLEL -DNETCDF -DUSE_ALLOCATABLES -DGRIB1 -DINTIO -DLIMIT_ARGS -DCONFIG_BUF_LEN=65536 -DMAX_DOMAINS_F=21 -DMAX_HISTORY=25 -DNMM_NEST=0 -DWRF_CHEM -DBUILD_CHEM=1 -DWRF_KPP -I. -traditional   module_kpp_racm_esrlsorg_aqchem_Integr.F  > module_kpp_racm_esrlsorg_aqchem_Integr.bb
/global/scratch/azare/Josh/WRFV3/tools/standard.exe module_kpp_racm_esrlsorg_aqchem_Integr.bb | /lib/cpp -C -P > module_kpp_racm_esrlsorg_aqchem_Integr.f90
rm -f module_kpp_racm_esrlsorg_aqchem_Integr.b module_kpp_racm_esrlsorg_aqchem_Integr.bb
mpif90 -f90=ifort -o module_kpp_racm_esrlsorg_aqchem_Integr.o -c -O2 -ip -fp-model precise -w -ftz -align all -fno-alias -FR -convert big_endian    -I../dyn_em -I../dyn_nmm   -I/global/scratch/azare/Josh/WRFV3/external/esmf_time_f90  -I/global/scratch/azare/Josh/WRFV3/main -I/global/scratch/azare/Josh/WRFV3/external/io_netcdf -I/global/scratch/azare/Josh/WRFV3/external/io_int -I/global/scratch/azare/Josh/WRFV3/frame -I/global/scratch/azare/Josh/WRFV3/share -I/global/scratch/azare/Josh/WRFV3/phys -I/global/scratch/azare/Josh/WRFV3/chem -I/global/scratch/azare/Josh/WRFV3/inc -I/global/software/sl-6.x86_64/modules/intel/2013_sp1.4.211/netcdf/4.3.2-intel-p/include  -i4  module_kpp_racm_esrlsorg_aqchem_Integr.f90
rm -f module_kpp_racm_esrlsorg_aqchem_interface.o
/lib/cpp -C -P -I/global/scratch/azare/Josh/WRFV3/inc -DEM_CORE=1 -DNMM_CORE=0 -DNMM_MAX_DIM=2600 -DCOAMPS_CORE=0 -DDA_CORE=0 -DEXP_CORE=0 -DIWORDSIZE=4 -DDWORDSIZE=8 -DRWORDSIZE=4 -DLWORDSIZE=4 -DNONSTANDARD_SYSTEM_FUNC -DWRF_USE_CLM  -DDM_PARALLEL -DNETCDF -DUSE_ALLOCATABLES -DGRIB1 -DINTIO -DLIMIT_ARGS -DCONFIG_BUF_LEN=65536 -DMAX_DOMAINS_F=21 -DMAX_HISTORY=25 -DNMM_NEST=0 -DWRF_CHEM -DBUILD_CHEM=1 -DWRF_KPP -I. -traditional   module_kpp_racm_esrlsorg_aqchem_interface.F  > module_kpp_racm_esrlsorg_aqchem_interface.bb
/global/scratch/azare/Josh/WRFV3/tools/standard.exe module_kpp_racm_esrlsorg_aqchem_interface.bb | /lib/cpp -C -P > module_kpp_racm_esrlsorg_aqchem_interface.f90
rm -f module_kpp_racm_esrlsorg_aqchem_interface.b module_kpp_racm_esrlsorg_aqchem_interface.bb
mpif90 -f90=ifort -o module_kpp_racm_esrlsorg_aqchem_interface.o -c -O2 -ip -fp-model precise -w -ftz -align all -fno-alias -FR -convert big_endian    -I../dyn_em -I../dyn_nmm   -I/global/scratch/azare/Josh/WRFV3/external/esmf_time_f90  -I/global/scratch/azare/Josh/WRFV3/main -I/global/scratch/azare/Josh/WRFV3/external/io_netcdf -I/global/scratch/azare/Josh/WRFV3/external/io_int -I/global/scratch/azare/Josh/WRFV3/frame -I/global/scratch/azare/Josh/WRFV3/share -I/global/scratch/azare/Josh/WRFV3/phys -I/global/scratch/azare/Josh/WRFV3/chem -I/global/scratch/azare/Josh/WRFV3/inc -I/global/software/sl-6.x86_64/modules/intel/2013_sp1.4.211/netcdf/4.3.2-intel-p/include  -i4  module_kpp_racm_esrlsorg_aqchem_interface.f90
rm -f module_kpp_mozart_mosaic_4bin_vbs0_Precision.o
/lib/cpp -C -P -I/global/scratch/azare/Josh/WRFV3/inc -DEM_CORE=1 -DNMM_CORE=0 -DNMM_MAX_DIM=2600 -DCOAMPS_CORE=0 -DDA_CORE=0 -DEXP_CORE=0 -DIWORDSIZE=4 -DDWORDSIZE=8 -DRWORDSIZE=4 -DLWORDSIZE=4 -DNONSTANDARD_SYSTEM_FUNC -DWRF_USE_CLM  -DDM_PARALLEL -DNETCDF -DUSE_ALLOCATABLES -DGRIB1 -DINTIO -DLIMIT_ARGS -DCONFIG_BUF_LEN=65536 -DMAX_DOMAINS_F=21 -DMAX_HISTORY=25 -DNMM_NEST=0 -DWRF_CHEM -DBUILD_CHEM=1 -DWRF_KPP -I. -traditional   module_kpp_mozart_mosaic_4bin_vbs0_Precision.F  > module_kpp_mozart_mosaic_4bin_vbs0_Precision.bb
/global/scratch/azare/Josh/WRFV3/tools/standard.exe module_kpp_mozart_mosaic_4bin_vbs0_Precision.bb | /lib/cpp -C -P > module_kpp_mozart_mosaic_4bin_vbs0_Precision.f90
rm -f module_kpp_mozart_mosaic_4bin_vbs0_Precision.b module_kpp_mozart_mosaic_4bin_vbs0_Precision.bb
mpif90 -f90=ifort -o module_kpp_mozart_mosaic_4bin_vbs0_Precision.o -c -O2 -ip -fp-model precise -w -ftz -align all -fno-alias -FR -convert big_endian    -I../dyn_em -I../dyn_nmm   -I/global/scratch/azare/Josh/WRFV3/external/esmf_time_f90  -I/global/scratch/azare/Josh/WRFV3/main -I/global/scratch/azare/Josh/WRFV3/external/io_netcdf -I/global/scratch/azare/Josh/WRFV3/external/io_int -I/global/scratch/azare/Josh/WRFV3/frame -I/global/scratch/azare/Josh/WRFV3/share -I/global/scratch/azare/Josh/WRFV3/phys -I/global/scratch/azare/Josh/WRFV3/chem -I/global/scratch/azare/Josh/WRFV3/inc -I/global/software/sl-6.x86_64/modules/intel/2013_sp1.4.211/netcdf/4.3.2-intel-p/include  -i4  module_kpp_mozart_mosaic_4bin_vbs0_Precision.f90
rm -f module_kpp_mozart_mosaic_4bin_vbs0_Parameters.o
/lib/cpp -C -P -I/global/scratch/azare/Josh/WRFV3/inc -DEM_CORE=1 -DNMM_CORE=0 -DNMM_MAX_DIM=2600 -DCOAMPS_CORE=0 -DDA_CORE=0 -DEXP_CORE=0 -DIWORDSIZE=4 -DDWORDSIZE=8 -DRWORDSIZE=4 -DLWORDSIZE=4 -DNONSTANDARD_SYSTEM_FUNC -DWRF_USE_CLM  -DDM_PARALLEL -DNETCDF -DUSE_ALLOCATABLES -DGRIB1 -DINTIO -DLIMIT_ARGS -DCONFIG_BUF_LEN=65536 -DMAX_DOMAINS_F=21 -DMAX_HISTORY=25 -DNMM_NEST=0 -DWRF_CHEM -DBUILD_CHEM=1 -DWRF_KPP -I. -traditional   module_kpp_mozart_mosaic_4bin_vbs0_Parameters.F  > module_kpp_mozart_mosaic_4bin_vbs0_Parameters.bb
/global/scratch/azare/Josh/WRFV3/tools/standard.exe module_kpp_mozart_mosaic_4bin_vbs0_Parameters.bb | /lib/cpp -C -P > module_kpp_mozart_mosaic_4bin_vbs0_Parameters.f90
rm -f module_kpp_mozart_mosaic_4bin_vbs0_Parameters.b module_kpp_mozart_mosaic_4bin_vbs0_Parameters.bb
mpif90 -f90=ifort -o module_kpp_mozart_mosaic_4bin_vbs0_Parameters.o -c -O2 -ip -fp-model precise -w -ftz -align all -fno-alias -FR -convert big_endian    -I../dyn_em -I../dyn_nmm   -I/global/scratch/azare/Josh/WRFV3/external/esmf_time_f90  -I/global/scratch/azare/Josh/WRFV3/main -I/global/scratch/azare/Josh/WRFV3/external/io_netcdf -I/global/scratch/azare/Josh/WRFV3/external/io_int -I/global/scratch/azare/Josh/WRFV3/frame -I/global/scratch/azare/Josh/WRFV3/share -I/global/scratch/azare/Josh/WRFV3/phys -I/global/scratch/azare/Josh/WRFV3/chem -I/global/scratch/azare/Josh/WRFV3/inc -I/global/software/sl-6.x86_64/modules/intel/2013_sp1.4.211/netcdf/4.3.2-intel-p/include  -i4  module_kpp_mozart_mosaic_4bin_vbs0_Parameters.f90
rm -f module_kpp_mozart_mosaic_4bin_vbs0_JacobianSP.o
/lib/cpp -C -P -I/global/scratch/azare/Josh/WRFV3/inc -DEM_CORE=1 -DNMM_CORE=0 -DNMM_MAX_DIM=2600 -DCOAMPS_CORE=0 -DDA_CORE=0 -DEXP_CORE=0 -DIWORDSIZE=4 -DDWORDSIZE=8 -DRWORDSIZE=4 -DLWORDSIZE=4 -DNONSTANDARD_SYSTEM_FUNC -DWRF_USE_CLM  -DDM_PARALLEL -DNETCDF -DUSE_ALLOCATABLES -DGRIB1 -DINTIO -DLIMIT_ARGS -DCONFIG_BUF_LEN=65536 -DMAX_DOMAINS_F=21 -DMAX_HISTORY=25 -DNMM_NEST=0 -DWRF_CHEM -DBUILD_CHEM=1 -DWRF_KPP -I. -traditional   module_kpp_mozart_mosaic_4bin_vbs0_JacobianSP.F  > module_kpp_mozart_mosaic_4bin_vbs0_JacobianSP.bb
/global/scratch/azare/Josh/WRFV3/tools/standard.exe module_kpp_mozart_mosaic_4bin_vbs0_JacobianSP.bb | /lib/cpp -C -P > module_kpp_mozart_mosaic_4bin_vbs0_JacobianSP.f90
rm -f module_kpp_mozart_mosaic_4bin_vbs0_JacobianSP.b module_kpp_mozart_mosaic_4bin_vbs0_JacobianSP.bb
mpif90 -f90=ifort -o module_kpp_mozart_mosaic_4bin_vbs0_JacobianSP.o -c -O2 -ip -fp-model precise -w -ftz -align all -fno-alias -FR -convert big_endian    -I../dyn_em -I../dyn_nmm   -I/global/scratch/azare/Josh/WRFV3/external/esmf_time_f90  -I/global/scratch/azare/Josh/WRFV3/main -I/global/scratch/azare/Josh/WRFV3/external/io_netcdf -I/global/scratch/azare/Josh/WRFV3/external/io_int -I/global/scratch/azare/Josh/WRFV3/frame -I/global/scratch/azare/Josh/WRFV3/share -I/global/scratch/azare/Josh/WRFV3/phys -I/global/scratch/azare/Josh/WRFV3/chem -I/global/scratch/azare/Josh/WRFV3/inc -I/global/software/sl-6.x86_64/modules/intel/2013_sp1.4.211/netcdf/4.3.2-intel-p/include  -i4  module_kpp_mozart_mosaic_4bin_vbs0_JacobianSP.f90
rm -f module_kpp_mozart_mosaic_4bin_vbs0_Jacobian.o
/lib/cpp -C -P -I/global/scratch/azare/Josh/WRFV3/inc -DEM_CORE=1 -DNMM_CORE=0 -DNMM_MAX_DIM=2600 -DCOAMPS_CORE=0 -DDA_CORE=0 -DEXP_CORE=0 -DIWORDSIZE=4 -DDWORDSIZE=8 -DRWORDSIZE=4 -DLWORDSIZE=4 -DNONSTANDARD_SYSTEM_FUNC -DWRF_USE_CLM  -DDM_PARALLEL -DNETCDF -DUSE_ALLOCATABLES -DGRIB1 -DINTIO -DLIMIT_ARGS -DCONFIG_BUF_LEN=65536 -DMAX_DOMAINS_F=21 -DMAX_HISTORY=25 -DNMM_NEST=0 -DWRF_CHEM -DBUILD_CHEM=1 -DWRF_KPP -I. -traditional   module_kpp_mozart_mosaic_4bin_vbs0_Jacobian.F  > module_kpp_mozart_mosaic_4bin_vbs0_Jacobian.bb
/global/scratch/azare/Josh/WRFV3/tools/standard.exe module_kpp_mozart_mosaic_4bin_vbs0_Jacobian.bb | /lib/cpp -C -P > module_kpp_mozart_mosaic_4bin_vbs0_Jacobian.f90
rm -f module_kpp_mozart_mosaic_4bin_vbs0_Jacobian.b module_kpp_mozart_mosaic_4bin_vbs0_Jacobian.bb
mpif90 -f90=ifort -o module_kpp_mozart_mosaic_4bin_vbs0_Jacobian.o -c -O2 -ip -fp-model precise -w -ftz -align all -fno-alias -FR -convert big_endian    -I../dyn_em -I../dyn_nmm   -I/global/scratch/azare/Josh/WRFV3/external/esmf_time_f90  -I/global/scratch/azare/Josh/WRFV3/main -I/global/scratch/azare/Josh/WRFV3/external/io_netcdf -I/global/scratch/azare/Josh/WRFV3/external/io_int -I/global/scratch/azare/Josh/WRFV3/frame -I/global/scratch/azare/Josh/WRFV3/share -I/global/scratch/azare/Josh/WRFV3/phys -I/global/scratch/azare/Josh/WRFV3/chem -I/global/scratch/azare/Josh/WRFV3/inc -I/global/software/sl-6.x86_64/modules/intel/2013_sp1.4.211/netcdf/4.3.2-intel-p/include  -i4  module_kpp_mozart_mosaic_4bin_vbs0_Jacobian.f90
rm -f module_kpp_mozart_mosaic_4bin_vbs0_Update_Rconst.o
/lib/cpp -C -P -I/global/scratch/azare/Josh/WRFV3/inc -DEM_CORE=1 -DNMM_CORE=0 -DNMM_MAX_DIM=2600 -DCOAMPS_CORE=0 -DDA_CORE=0 -DEXP_CORE=0 -DIWORDSIZE=4 -DDWORDSIZE=8 -DRWORDSIZE=4 -DLWORDSIZE=4 -DNONSTANDARD_SYSTEM_FUNC -DWRF_USE_CLM  -DDM_PARALLEL -DNETCDF -DUSE_ALLOCATABLES -DGRIB1 -DINTIO -DLIMIT_ARGS -DCONFIG_BUF_LEN=65536 -DMAX_DOMAINS_F=21 -DMAX_HISTORY=25 -DNMM_NEST=0 -DWRF_CHEM -DBUILD_CHEM=1 -DWRF_KPP -I. -traditional   module_kpp_mozart_mosaic_4bin_vbs0_Update_Rconst.F  > module_kpp_mozart_mosaic_4bin_vbs0_Update_Rconst.bb
/global/scratch/azare/Josh/WRFV3/tools/standard.exe module_kpp_mozart_mosaic_4bin_vbs0_Update_Rconst.bb | /lib/cpp -C -P > module_kpp_mozart_mosaic_4bin_vbs0_Update_Rconst.f90
rm -f module_kpp_mozart_mosaic_4bin_vbs0_Update_Rconst.b module_kpp_mozart_mosaic_4bin_vbs0_Update_Rconst.bb
mpif90 -f90=ifort -o module_kpp_mozart_mosaic_4bin_vbs0_Update_Rconst.o -c -O2 -ip -fp-model precise -w -ftz -align all -fno-alias -FR -convert big_endian    -I../dyn_em -I../dyn_nmm   -I/global/scratch/azare/Josh/WRFV3/external/esmf_time_f90  -I/global/scratch/azare/Josh/WRFV3/main -I/global/scratch/azare/Josh/WRFV3/external/io_netcdf -I/global/scratch/azare/Josh/WRFV3/external/io_int -I/global/scratch/azare/Josh/WRFV3/frame -I/global/scratch/azare/Josh/WRFV3/share -I/global/scratch/azare/Josh/WRFV3/phys -I/global/scratch/azare/Josh/WRFV3/chem -I/global/scratch/azare/Josh/WRFV3/inc -I/global/software/sl-6.x86_64/modules/intel/2013_sp1.4.211/netcdf/4.3.2-intel-p/include  -i4  module_kpp_mozart_mosaic_4bin_vbs0_Update_Rconst.f90
rm -f module_kpp_mozart_mosaic_4bin_vbs0_Integr.o
/lib/cpp -C -P -I/global/scratch/azare/Josh/WRFV3/inc -DEM_CORE=1 -DNMM_CORE=0 -DNMM_MAX_DIM=2600 -DCOAMPS_CORE=0 -DDA_CORE=0 -DEXP_CORE=0 -DIWORDSIZE=4 -DDWORDSIZE=8 -DRWORDSIZE=4 -DLWORDSIZE=4 -DNONSTANDARD_SYSTEM_FUNC -DWRF_USE_CLM  -DDM_PARALLEL -DNETCDF -DUSE_ALLOCATABLES -DGRIB1 -DINTIO -DLIMIT_ARGS -DCONFIG_BUF_LEN=65536 -DMAX_DOMAINS_F=21 -DMAX_HISTORY=25 -DNMM_NEST=0 -DWRF_CHEM -DBUILD_CHEM=1 -DWRF_KPP -I. -traditional   module_kpp_mozart_mosaic_4bin_vbs0_Integr.F  > module_kpp_mozart_mosaic_4bin_vbs0_Integr.bb
/global/scratch/azare/Josh/WRFV3/tools/standard.exe module_kpp_mozart_mosaic_4bin_vbs0_Integr.bb | /lib/cpp -C -P > module_kpp_mozart_mosaic_4bin_vbs0_Integr.f90
rm -f module_kpp_mozart_mosaic_4bin_vbs0_Integr.b module_kpp_mozart_mosaic_4bin_vbs0_Integr.bb
mpif90 -f90=ifort -o module_kpp_mozart_mosaic_4bin_vbs0_Integr.o -c -O2 -ip -fp-model precise -w -ftz -align all -fno-alias -FR -convert big_endian    -I../dyn_em -I../dyn_nmm   -I/global/scratch/azare/Josh/WRFV3/external/esmf_time_f90  -I/global/scratch/azare/Josh/WRFV3/main -I/global/scratch/azare/Josh/WRFV3/external/io_netcdf -I/global/scratch/azare/Josh/WRFV3/external/io_int -I/global/scratch/azare/Josh/WRFV3/frame -I/global/scratch/azare/Josh/WRFV3/share -I/global/scratch/azare/Josh/WRFV3/phys -I/global/scratch/azare/Josh/WRFV3/chem -I/global/scratch/azare/Josh/WRFV3/inc -I/global/software/sl-6.x86_64/modules/intel/2013_sp1.4.211/netcdf/4.3.2-intel-p/include  -i4  module_kpp_mozart_mosaic_4bin_vbs0_Integr.f90
rm -f module_kpp_mozart_mosaic_4bin_vbs0_interface.o
/lib/cpp -C -P -I/global/scratch/azare/Josh/WRFV3/inc -DEM_CORE=1 -DNMM_CORE=0 -DNMM_MAX_DIM=2600 -DCOAMPS_CORE=0 -DDA_CORE=0 -DEXP_CORE=0 -DIWORDSIZE=4 -DDWORDSIZE=8 -DRWORDSIZE=4 -DLWORDSIZE=4 -DNONSTANDARD_SYSTEM_FUNC -DWRF_USE_CLM  -DDM_PARALLEL -DNETCDF -DUSE_ALLOCATABLES -DGRIB1 -DINTIO -DLIMIT_ARGS -DCONFIG_BUF_LEN=65536 -DMAX_DOMAINS_F=21 -DMAX_HISTORY=25 -DNMM_NEST=0 -DWRF_CHEM -DBUILD_CHEM=1 -DWRF_KPP -I. -traditional   module_kpp_mozart_mosaic_4bin_vbs0_interface.F  > module_kpp_mozart_mosaic_4bin_vbs0_interface.bb
/global/scratch/azare/Josh/WRFV3/tools/standard.exe module_kpp_mozart_mosaic_4bin_vbs0_interface.bb | /lib/cpp -C -P > module_kpp_mozart_mosaic_4bin_vbs0_interface.f90
rm -f module_kpp_mozart_mosaic_4bin_vbs0_interface.b module_kpp_mozart_mosaic_4bin_vbs0_interface.bb
mpif90 -f90=ifort -o module_kpp_mozart_mosaic_4bin_vbs0_interface.o -c -O2 -ip -fp-model precise -w -ftz -align all -fno-alias -FR -convert big_endian    -I../dyn_em -I../dyn_nmm   -I/global/scratch/azare/Josh/WRFV3/external/esmf_time_f90  -I/global/scratch/azare/Josh/WRFV3/main -I/global/scratch/azare/Josh/WRFV3/external/io_netcdf -I/global/scratch/azare/Josh/WRFV3/external/io_int -I/global/scratch/azare/Josh/WRFV3/frame -I/global/scratch/azare/Josh/WRFV3/share -I/global/scratch/azare/Josh/WRFV3/phys -I/global/scratch/azare/Josh/WRFV3/chem -I/global/scratch/azare/Josh/WRFV3/inc -I/global/software/sl-6.x86_64/modules/intel/2013_sp1.4.211/netcdf/4.3.2-intel-p/include  -i4  module_kpp_mozart_mosaic_4bin_vbs0_interface.f90
rm -f module_kpp_saprc99_Precision.o
/lib/cpp -C -P -I/global/scratch/azare/Josh/WRFV3/inc -DEM_CORE=1 -DNMM_CORE=0 -DNMM_MAX_DIM=2600 -DCOAMPS_CORE=0 -DDA_CORE=0 -DEXP_CORE=0 -DIWORDSIZE=4 -DDWORDSIZE=8 -DRWORDSIZE=4 -DLWORDSIZE=4 -DNONSTANDARD_SYSTEM_FUNC -DWRF_USE_CLM  -DDM_PARALLEL -DNETCDF -DUSE_ALLOCATABLES -DGRIB1 -DINTIO -DLIMIT_ARGS -DCONFIG_BUF_LEN=65536 -DMAX_DOMAINS_F=21 -DMAX_HISTORY=25 -DNMM_NEST=0 -DWRF_CHEM -DBUILD_CHEM=1 -DWRF_KPP -I. -traditional   module_kpp_saprc99_Precision.F  > module_kpp_saprc99_Precision.bb
/global/scratch/azare/Josh/WRFV3/tools/standard.exe module_kpp_saprc99_Precision.bb | /lib/cpp -C -P > module_kpp_saprc99_Precision.f90
rm -f module_kpp_saprc99_Precision.b module_kpp_saprc99_Precision.bb
mpif90 -f90=ifort -o module_kpp_saprc99_Precision.o -c -O2 -ip -fp-model precise -w -ftz -align all -fno-alias -FR -convert big_endian    -I../dyn_em -I../dyn_nmm   -I/global/scratch/azare/Josh/WRFV3/external/esmf_time_f90  -I/global/scratch/azare/Josh/WRFV3/main -I/global/scratch/azare/Josh/WRFV3/external/io_netcdf -I/global/scratch/azare/Josh/WRFV3/external/io_int -I/global/scratch/azare/Josh/WRFV3/frame -I/global/scratch/azare/Josh/WRFV3/share -I/global/scratch/azare/Josh/WRFV3/phys -I/global/scratch/azare/Josh/WRFV3/chem -I/global/scratch/azare/Josh/WRFV3/inc -I/global/software/sl-6.x86_64/modules/intel/2013_sp1.4.211/netcdf/4.3.2-intel-p/include  -i4  module_kpp_saprc99_Precision.f90
rm -f module_kpp_saprc99_Parameters.o
/lib/cpp -C -P -I/global/scratch/azare/Josh/WRFV3/inc -DEM_CORE=1 -DNMM_CORE=0 -DNMM_MAX_DIM=2600 -DCOAMPS_CORE=0 -DDA_CORE=0 -DEXP_CORE=0 -DIWORDSIZE=4 -DDWORDSIZE=8 -DRWORDSIZE=4 -DLWORDSIZE=4 -DNONSTANDARD_SYSTEM_FUNC -DWRF_USE_CLM  -DDM_PARALLEL -DNETCDF -DUSE_ALLOCATABLES -DGRIB1 -DINTIO -DLIMIT_ARGS -DCONFIG_BUF_LEN=65536 -DMAX_DOMAINS_F=21 -DMAX_HISTORY=25 -DNMM_NEST=0 -DWRF_CHEM -DBUILD_CHEM=1 -DWRF_KPP -I. -traditional   module_kpp_saprc99_Parameters.F  > module_kpp_saprc99_Parameters.bb
/global/scratch/azare/Josh/WRFV3/tools/standard.exe module_kpp_saprc99_Parameters.bb | /lib/cpp -C -P > module_kpp_saprc99_Parameters.f90
rm -f module_kpp_saprc99_Parameters.b module_kpp_saprc99_Parameters.bb
mpif90 -f90=ifort -o module_kpp_saprc99_Parameters.o -c -O2 -ip -fp-model precise -w -ftz -align all -fno-alias -FR -convert big_endian    -I../dyn_em -I../dyn_nmm   -I/global/scratch/azare/Josh/WRFV3/external/esmf_time_f90  -I/global/scratch/azare/Josh/WRFV3/main -I/global/scratch/azare/Josh/WRFV3/external/io_netcdf -I/global/scratch/azare/Josh/WRFV3/external/io_int -I/global/scratch/azare/Josh/WRFV3/frame -I/global/scratch/azare/Josh/WRFV3/share -I/global/scratch/azare/Josh/WRFV3/phys -I/global/scratch/azare/Josh/WRFV3/chem -I/global/scratch/azare/Josh/WRFV3/inc -I/global/software/sl-6.x86_64/modules/intel/2013_sp1.4.211/netcdf/4.3.2-intel-p/include  -i4  module_kpp_saprc99_Parameters.f90
rm -f module_kpp_saprc99_JacobianSP.o
/lib/cpp -C -P -I/global/scratch/azare/Josh/WRFV3/inc -DEM_CORE=1 -DNMM_CORE=0 -DNMM_MAX_DIM=2600 -DCOAMPS_CORE=0 -DDA_CORE=0 -DEXP_CORE=0 -DIWORDSIZE=4 -DDWORDSIZE=8 -DRWORDSIZE=4 -DLWORDSIZE=4 -DNONSTANDARD_SYSTEM_FUNC -DWRF_USE_CLM  -DDM_PARALLEL -DNETCDF -DUSE_ALLOCATABLES -DGRIB1 -DINTIO -DLIMIT_ARGS -DCONFIG_BUF_LEN=65536 -DMAX_DOMAINS_F=21 -DMAX_HISTORY=25 -DNMM_NEST=0 -DWRF_CHEM -DBUILD_CHEM=1 -DWRF_KPP -I. -traditional   module_kpp_saprc99_JacobianSP.F  > module_kpp_saprc99_JacobianSP.bb
/global/scratch/azare/Josh/WRFV3/tools/standard.exe module_kpp_saprc99_JacobianSP.bb | /lib/cpp -C -P > module_kpp_saprc99_JacobianSP.f90
rm -f module_kpp_saprc99_JacobianSP.b module_kpp_saprc99_JacobianSP.bb
mpif90 -f90=ifort -o module_kpp_saprc99_JacobianSP.o -c -O2 -ip -fp-model precise -w -ftz -align all -fno-alias -FR -convert big_endian    -I../dyn_em -I../dyn_nmm   -I/global/scratch/azare/Josh/WRFV3/external/esmf_time_f90  -I/global/scratch/azare/Josh/WRFV3/main -I/global/scratch/azare/Josh/WRFV3/external/io_netcdf -I/global/scratch/azare/Josh/WRFV3/external/io_int -I/global/scratch/azare/Josh/WRFV3/frame -I/global/scratch/azare/Josh/WRFV3/share -I/global/scratch/azare/Josh/WRFV3/phys -I/global/scratch/azare/Josh/WRFV3/chem -I/global/scratch/azare/Josh/WRFV3/inc -I/global/software/sl-6.x86_64/modules/intel/2013_sp1.4.211/netcdf/4.3.2-intel-p/include  -i4  module_kpp_saprc99_JacobianSP.f90
rm -f module_kpp_saprc99_Jacobian.o
/lib/cpp -C -P -I/global/scratch/azare/Josh/WRFV3/inc -DEM_CORE=1 -DNMM_CORE=0 -DNMM_MAX_DIM=2600 -DCOAMPS_CORE=0 -DDA_CORE=0 -DEXP_CORE=0 -DIWORDSIZE=4 -DDWORDSIZE=8 -DRWORDSIZE=4 -DLWORDSIZE=4 -DNONSTANDARD_SYSTEM_FUNC -DWRF_USE_CLM  -DDM_PARALLEL -DNETCDF -DUSE_ALLOCATABLES -DGRIB1 -DINTIO -DLIMIT_ARGS -DCONFIG_BUF_LEN=65536 -DMAX_DOMAINS_F=21 -DMAX_HISTORY=25 -DNMM_NEST=0 -DWRF_CHEM -DBUILD_CHEM=1 -DWRF_KPP -I. -traditional   module_kpp_saprc99_Jacobian.F  > module_kpp_saprc99_Jacobian.bb
/global/scratch/azare/Josh/WRFV3/tools/standard.exe module_kpp_saprc99_Jacobian.bb | /lib/cpp -C -P > module_kpp_saprc99_Jacobian.f90
rm -f module_kpp_saprc99_Jacobian.b module_kpp_saprc99_Jacobian.bb
mpif90 -f90=ifort -o module_kpp_saprc99_Jacobian.o -c -O2 -ip -fp-model precise -w -ftz -align all -fno-alias -FR -convert big_endian    -I../dyn_em -I../dyn_nmm   -I/global/scratch/azare/Josh/WRFV3/external/esmf_time_f90  -I/global/scratch/azare/Josh/WRFV3/main -I/global/scratch/azare/Josh/WRFV3/external/io_netcdf -I/global/scratch/azare/Josh/WRFV3/external/io_int -I/global/scratch/azare/Josh/WRFV3/frame -I/global/scratch/azare/Josh/WRFV3/share -I/global/scratch/azare/Josh/WRFV3/phys -I/global/scratch/azare/Josh/WRFV3/chem -I/global/scratch/azare/Josh/WRFV3/inc -I/global/software/sl-6.x86_64/modules/intel/2013_sp1.4.211/netcdf/4.3.2-intel-p/include  -i4  module_kpp_saprc99_Jacobian.f90
rm -f module_kpp_saprc99_Update_Rconst.o
/lib/cpp -C -P -I/global/scratch/azare/Josh/WRFV3/inc -DEM_CORE=1 -DNMM_CORE=0 -DNMM_MAX_DIM=2600 -DCOAMPS_CORE=0 -DDA_CORE=0 -DEXP_CORE=0 -DIWORDSIZE=4 -DDWORDSIZE=8 -DRWORDSIZE=4 -DLWORDSIZE=4 -DNONSTANDARD_SYSTEM_FUNC -DWRF_USE_CLM  -DDM_PARALLEL -DNETCDF -DUSE_ALLOCATABLES -DGRIB1 -DINTIO -DLIMIT_ARGS -DCONFIG_BUF_LEN=65536 -DMAX_DOMAINS_F=21 -DMAX_HISTORY=25 -DNMM_NEST=0 -DWRF_CHEM -DBUILD_CHEM=1 -DWRF_KPP -I. -traditional   module_kpp_saprc99_Update_Rconst.F  > module_kpp_saprc99_Update_Rconst.bb
/global/scratch/azare/Josh/WRFV3/tools/standard.exe module_kpp_saprc99_Update_Rconst.bb | /lib/cpp -C -P > module_kpp_saprc99_Update_Rconst.f90
rm -f module_kpp_saprc99_Update_Rconst.b module_kpp_saprc99_Update_Rconst.bb
mpif90 -f90=ifort -o module_kpp_saprc99_Update_Rconst.o -c -O2 -ip -fp-model precise -w -ftz -align all -fno-alias -FR -convert big_endian    -I../dyn_em -I../dyn_nmm   -I/global/scratch/azare/Josh/WRFV3/external/esmf_time_f90  -I/global/scratch/azare/Josh/WRFV3/main -I/global/scratch/azare/Josh/WRFV3/external/io_netcdf -I/global/scratch/azare/Josh/WRFV3/external/io_int -I/global/scratch/azare/Josh/WRFV3/frame -I/global/scratch/azare/Josh/WRFV3/share -I/global/scratch/azare/Josh/WRFV3/phys -I/global/scratch/azare/Josh/WRFV3/chem -I/global/scratch/azare/Josh/WRFV3/inc -I/global/software/sl-6.x86_64/modules/intel/2013_sp1.4.211/netcdf/4.3.2-intel-p/include  -i4  module_kpp_saprc99_Update_Rconst.f90
rm -f module_kpp_saprc99_Integr.o
/lib/cpp -C -P -I/global/scratch/azare/Josh/WRFV3/inc -DEM_CORE=1 -DNMM_CORE=0 -DNMM_MAX_DIM=2600 -DCOAMPS_CORE=0 -DDA_CORE=0 -DEXP_CORE=0 -DIWORDSIZE=4 -DDWORDSIZE=8 -DRWORDSIZE=4 -DLWORDSIZE=4 -DNONSTANDARD_SYSTEM_FUNC -DWRF_USE_CLM  -DDM_PARALLEL -DNETCDF -DUSE_ALLOCATABLES -DGRIB1 -DINTIO -DLIMIT_ARGS -DCONFIG_BUF_LEN=65536 -DMAX_DOMAINS_F=21 -DMAX_HISTORY=25 -DNMM_NEST=0 -DWRF_CHEM -DBUILD_CHEM=1 -DWRF_KPP -I. -traditional   module_kpp_saprc99_Integr.F  > module_kpp_saprc99_Integr.bb
/global/scratch/azare/Josh/WRFV3/tools/standard.exe module_kpp_saprc99_Integr.bb | /lib/cpp -C -P > module_kpp_saprc99_Integr.f90
rm -f module_kpp_saprc99_Integr.b module_kpp_saprc99_Integr.bb
mpif90 -f90=ifort -o module_kpp_saprc99_Integr.o -c -O2 -ip -fp-model precise -w -ftz -align all -fno-alias -FR -convert big_endian    -I../dyn_em -I../dyn_nmm   -I/global/scratch/azare/Josh/WRFV3/external/esmf_time_f90  -I/global/scratch/azare/Josh/WRFV3/main -I/global/scratch/azare/Josh/WRFV3/external/io_netcdf -I/global/scratch/azare/Josh/WRFV3/external/io_int -I/global/scratch/azare/Josh/WRFV3/frame -I/global/scratch/azare/Josh/WRFV3/share -I/global/scratch/azare/Josh/WRFV3/phys -I/global/scratch/azare/Josh/WRFV3/chem -I/global/scratch/azare/Josh/WRFV3/inc -I/global/software/sl-6.x86_64/modules/intel/2013_sp1.4.211/netcdf/4.3.2-intel-p/include  -i4  module_kpp_saprc99_Integr.f90
rm -f module_kpp_saprc99_interface.o
/lib/cpp -C -P -I/global/scratch/azare/Josh/WRFV3/inc -DEM_CORE=1 -DNMM_CORE=0 -DNMM_MAX_DIM=2600 -DCOAMPS_CORE=0 -DDA_CORE=0 -DEXP_CORE=0 -DIWORDSIZE=4 -DDWORDSIZE=8 -DRWORDSIZE=4 -DLWORDSIZE=4 -DNONSTANDARD_SYSTEM_FUNC -DWRF_USE_CLM  -DDM_PARALLEL -DNETCDF -DUSE_ALLOCATABLES -DGRIB1 -DINTIO -DLIMIT_ARGS -DCONFIG_BUF_LEN=65536 -DMAX_DOMAINS_F=21 -DMAX_HISTORY=25 -DNMM_NEST=0 -DWRF_CHEM -DBUILD_CHEM=1 -DWRF_KPP -I. -traditional   module_kpp_saprc99_interface.F  > module_kpp_saprc99_interface.bb
/global/scratch/azare/Josh/WRFV3/tools/standard.exe module_kpp_saprc99_interface.bb | /lib/cpp -C -P > module_kpp_saprc99_interface.f90
rm -f module_kpp_saprc99_interface.b module_kpp_saprc99_interface.bb
mpif90 -f90=ifort -o module_kpp_saprc99_interface.o -c -O2 -ip -fp-model precise -w -ftz -align all -fno-alias -FR -convert big_endian    -I../dyn_em -I../dyn_nmm   -I/global/scratch/azare/Josh/WRFV3/external/esmf_time_f90  -I/global/scratch/azare/Josh/WRFV3/main -I/global/scratch/azare/Josh/WRFV3/external/io_netcdf -I/global/scratch/azare/Josh/WRFV3/external/io_int -I/global/scratch/azare/Josh/WRFV3/frame -I/global/scratch/azare/Josh/WRFV3/share -I/global/scratch/azare/Josh/WRFV3/phys -I/global/scratch/azare/Josh/WRFV3/chem -I/global/scratch/azare/Josh/WRFV3/inc -I/global/software/sl-6.x86_64/modules/intel/2013_sp1.4.211/netcdf/4.3.2-intel-p/include  -i4  module_kpp_saprc99_interface.f90
rm -f module_kpp_nmhc9_Precision.o
/lib/cpp -C -P -I/global/scratch/azare/Josh/WRFV3/inc -DEM_CORE=1 -DNMM_CORE=0 -DNMM_MAX_DIM=2600 -DCOAMPS_CORE=0 -DDA_CORE=0 -DEXP_CORE=0 -DIWORDSIZE=4 -DDWORDSIZE=8 -DRWORDSIZE=4 -DLWORDSIZE=4 -DNONSTANDARD_SYSTEM_FUNC -DWRF_USE_CLM  -DDM_PARALLEL -DNETCDF -DUSE_ALLOCATABLES -DGRIB1 -DINTIO -DLIMIT_ARGS -DCONFIG_BUF_LEN=65536 -DMAX_DOMAINS_F=21 -DMAX_HISTORY=25 -DNMM_NEST=0 -DWRF_CHEM -DBUILD_CHEM=1 -DWRF_KPP -I. -traditional   module_kpp_nmhc9_Precision.F  > module_kpp_nmhc9_Precision.bb
/global/scratch/azare/Josh/WRFV3/tools/standard.exe module_kpp_nmhc9_Precision.bb | /lib/cpp -C -P > module_kpp_nmhc9_Precision.f90
rm -f module_kpp_nmhc9_Precision.b module_kpp_nmhc9_Precision.bb
mpif90 -f90=ifort -o module_kpp_nmhc9_Precision.o -c -O2 -ip -fp-model precise -w -ftz -align all -fno-alias -FR -convert big_endian    -I../dyn_em -I../dyn_nmm   -I/global/scratch/azare/Josh/WRFV3/external/esmf_time_f90  -I/global/scratch/azare/Josh/WRFV3/main -I/global/scratch/azare/Josh/WRFV3/external/io_netcdf -I/global/scratch/azare/Josh/WRFV3/external/io_int -I/global/scratch/azare/Josh/WRFV3/frame -I/global/scratch/azare/Josh/WRFV3/share -I/global/scratch/azare/Josh/WRFV3/phys -I/global/scratch/azare/Josh/WRFV3/chem -I/global/scratch/azare/Josh/WRFV3/inc -I/global/software/sl-6.x86_64/modules/intel/2013_sp1.4.211/netcdf/4.3.2-intel-p/include  -i4  module_kpp_nmhc9_Precision.f90
rm -f module_kpp_nmhc9_Parameters.o
/lib/cpp -C -P -I/global/scratch/azare/Josh/WRFV3/inc -DEM_CORE=1 -DNMM_CORE=0 -DNMM_MAX_DIM=2600 -DCOAMPS_CORE=0 -DDA_CORE=0 -DEXP_CORE=0 -DIWORDSIZE=4 -DDWORDSIZE=8 -DRWORDSIZE=4 -DLWORDSIZE=4 -DNONSTANDARD_SYSTEM_FUNC -DWRF_USE_CLM  -DDM_PARALLEL -DNETCDF -DUSE_ALLOCATABLES -DGRIB1 -DINTIO -DLIMIT_ARGS -DCONFIG_BUF_LEN=65536 -DMAX_DOMAINS_F=21 -DMAX_HISTORY=25 -DNMM_NEST=0 -DWRF_CHEM -DBUILD_CHEM=1 -DWRF_KPP -I. -traditional   module_kpp_nmhc9_Parameters.F  > module_kpp_nmhc9_Parameters.bb
/global/scratch/azare/Josh/WRFV3/tools/standard.exe module_kpp_nmhc9_Parameters.bb | /lib/cpp -C -P > module_kpp_nmhc9_Parameters.f90
rm -f module_kpp_nmhc9_Parameters.b module_kpp_nmhc9_Parameters.bb
mpif90 -f90=ifort -o module_kpp_nmhc9_Parameters.o -c -O2 -ip -fp-model precise -w -ftz -align all -fno-alias -FR -convert big_endian    -I../dyn_em -I../dyn_nmm   -I/global/scratch/azare/Josh/WRFV3/external/esmf_time_f90  -I/global/scratch/azare/Josh/WRFV3/main -I/global/scratch/azare/Josh/WRFV3/external/io_netcdf -I/global/scratch/azare/Josh/WRFV3/external/io_int -I/global/scratch/azare/Josh/WRFV3/frame -I/global/scratch/azare/Josh/WRFV3/share -I/global/scratch/azare/Josh/WRFV3/phys -I/global/scratch/azare/Josh/WRFV3/chem -I/global/scratch/azare/Josh/WRFV3/inc -I/global/software/sl-6.x86_64/modules/intel/2013_sp1.4.211/netcdf/4.3.2-intel-p/include  -i4  module_kpp_nmhc9_Parameters.f90
rm -f module_kpp_nmhc9_JacobianSP.o
/lib/cpp -C -P -I/global/scratch/azare/Josh/WRFV3/inc -DEM_CORE=1 -DNMM_CORE=0 -DNMM_MAX_DIM=2600 -DCOAMPS_CORE=0 -DDA_CORE=0 -DEXP_CORE=0 -DIWORDSIZE=4 -DDWORDSIZE=8 -DRWORDSIZE=4 -DLWORDSIZE=4 -DNONSTANDARD_SYSTEM_FUNC -DWRF_USE_CLM  -DDM_PARALLEL -DNETCDF -DUSE_ALLOCATABLES -DGRIB1 -DINTIO -DLIMIT_ARGS -DCONFIG_BUF_LEN=65536 -DMAX_DOMAINS_F=21 -DMAX_HISTORY=25 -DNMM_NEST=0 -DWRF_CHEM -DBUILD_CHEM=1 -DWRF_KPP -I. -traditional   module_kpp_nmhc9_JacobianSP.F  > module_kpp_nmhc9_JacobianSP.bb
/global/scratch/azare/Josh/WRFV3/tools/standard.exe module_kpp_nmhc9_JacobianSP.bb | /lib/cpp -C -P > module_kpp_nmhc9_JacobianSP.f90
rm -f module_kpp_nmhc9_JacobianSP.b module_kpp_nmhc9_JacobianSP.bb
mpif90 -f90=ifort -o module_kpp_nmhc9_JacobianSP.o -c -O2 -ip -fp-model precise -w -ftz -align all -fno-alias -FR -convert big_endian    -I../dyn_em -I../dyn_nmm   -I/global/scratch/azare/Josh/WRFV3/external/esmf_time_f90  -I/global/scratch/azare/Josh/WRFV3/main -I/global/scratch/azare/Josh/WRFV3/external/io_netcdf -I/global/scratch/azare/Josh/WRFV3/external/io_int -I/global/scratch/azare/Josh/WRFV3/frame -I/global/scratch/azare/Josh/WRFV3/share -I/global/scratch/azare/Josh/WRFV3/phys -I/global/scratch/azare/Josh/WRFV3/chem -I/global/scratch/azare/Josh/WRFV3/inc -I/global/software/sl-6.x86_64/modules/intel/2013_sp1.4.211/netcdf/4.3.2-intel-p/include  -i4  module_kpp_nmhc9_JacobianSP.f90
rm -f module_kpp_nmhc9_Jacobian.o
/lib/cpp -C -P -I/global/scratch/azare/Josh/WRFV3/inc -DEM_CORE=1 -DNMM_CORE=0 -DNMM_MAX_DIM=2600 -DCOAMPS_CORE=0 -DDA_CORE=0 -DEXP_CORE=0 -DIWORDSIZE=4 -DDWORDSIZE=8 -DRWORDSIZE=4 -DLWORDSIZE=4 -DNONSTANDARD_SYSTEM_FUNC -DWRF_USE_CLM  -DDM_PARALLEL -DNETCDF -DUSE_ALLOCATABLES -DGRIB1 -DINTIO -DLIMIT_ARGS -DCONFIG_BUF_LEN=65536 -DMAX_DOMAINS_F=21 -DMAX_HISTORY=25 -DNMM_NEST=0 -DWRF_CHEM -DBUILD_CHEM=1 -DWRF_KPP -I. -traditional   module_kpp_nmhc9_Jacobian.F  > module_kpp_nmhc9_Jacobian.bb
/global/scratch/azare/Josh/WRFV3/tools/standard.exe module_kpp_nmhc9_Jacobian.bb | /lib/cpp -C -P > module_kpp_nmhc9_Jacobian.f90
rm -f module_kpp_nmhc9_Jacobian.b module_kpp_nmhc9_Jacobian.bb
mpif90 -f90=ifort -o module_kpp_nmhc9_Jacobian.o -c -O2 -ip -fp-model precise -w -ftz -align all -fno-alias -FR -convert big_endian    -I../dyn_em -I../dyn_nmm   -I/global/scratch/azare/Josh/WRFV3/external/esmf_time_f90  -I/global/scratch/azare/Josh/WRFV3/main -I/global/scratch/azare/Josh/WRFV3/external/io_netcdf -I/global/scratch/azare/Josh/WRFV3/external/io_int -I/global/scratch/azare/Josh/WRFV3/frame -I/global/scratch/azare/Josh/WRFV3/share -I/global/scratch/azare/Josh/WRFV3/phys -I/global/scratch/azare/Josh/WRFV3/chem -I/global/scratch/azare/Josh/WRFV3/inc -I/global/software/sl-6.x86_64/modules/intel/2013_sp1.4.211/netcdf/4.3.2-intel-p/include  -i4  module_kpp_nmhc9_Jacobian.f90
rm -f module_kpp_nmhc9_Update_Rconst.o
/lib/cpp -C -P -I/global/scratch/azare/Josh/WRFV3/inc -DEM_CORE=1 -DNMM_CORE=0 -DNMM_MAX_DIM=2600 -DCOAMPS_CORE=0 -DDA_CORE=0 -DEXP_CORE=0 -DIWORDSIZE=4 -DDWORDSIZE=8 -DRWORDSIZE=4 -DLWORDSIZE=4 -DNONSTANDARD_SYSTEM_FUNC -DWRF_USE_CLM  -DDM_PARALLEL -DNETCDF -DUSE_ALLOCATABLES -DGRIB1 -DINTIO -DLIMIT_ARGS -DCONFIG_BUF_LEN=65536 -DMAX_DOMAINS_F=21 -DMAX_HISTORY=25 -DNMM_NEST=0 -DWRF_CHEM -DBUILD_CHEM=1 -DWRF_KPP -I. -traditional   module_kpp_nmhc9_Update_Rconst.F  > module_kpp_nmhc9_Update_Rconst.bb
/global/scratch/azare/Josh/WRFV3/tools/standard.exe module_kpp_nmhc9_Update_Rconst.bb | /lib/cpp -C -P > module_kpp_nmhc9_Update_Rconst.f90
rm -f module_kpp_nmhc9_Update_Rconst.b module_kpp_nmhc9_Update_Rconst.bb
mpif90 -f90=ifort -o module_kpp_nmhc9_Update_Rconst.o -c -O2 -ip -fp-model precise -w -ftz -align all -fno-alias -FR -convert big_endian    -I../dyn_em -I../dyn_nmm   -I/global/scratch/azare/Josh/WRFV3/external/esmf_time_f90  -I/global/scratch/azare/Josh/WRFV3/main -I/global/scratch/azare/Josh/WRFV3/external/io_netcdf -I/global/scratch/azare/Josh/WRFV3/external/io_int -I/global/scratch/azare/Josh/WRFV3/frame -I/global/scratch/azare/Josh/WRFV3/share -I/global/scratch/azare/Josh/WRFV3/phys -I/global/scratch/azare/Josh/WRFV3/chem -I/global/scratch/azare/Josh/WRFV3/inc -I/global/software/sl-6.x86_64/modules/intel/2013_sp1.4.211/netcdf/4.3.2-intel-p/include  -i4  module_kpp_nmhc9_Update_Rconst.f90
rm -f module_kpp_nmhc9_Integr.o
/lib/cpp -C -P -I/global/scratch/azare/Josh/WRFV3/inc -DEM_CORE=1 -DNMM_CORE=0 -DNMM_MAX_DIM=2600 -DCOAMPS_CORE=0 -DDA_CORE=0 -DEXP_CORE=0 -DIWORDSIZE=4 -DDWORDSIZE=8 -DRWORDSIZE=4 -DLWORDSIZE=4 -DNONSTANDARD_SYSTEM_FUNC -DWRF_USE_CLM  -DDM_PARALLEL -DNETCDF -DUSE_ALLOCATABLES -DGRIB1 -DINTIO -DLIMIT_ARGS -DCONFIG_BUF_LEN=65536 -DMAX_DOMAINS_F=21 -DMAX_HISTORY=25 -DNMM_NEST=0 -DWRF_CHEM -DBUILD_CHEM=1 -DWRF_KPP -I. -traditional   module_kpp_nmhc9_Integr.F  > module_kpp_nmhc9_Integr.bb
/global/scratch/azare/Josh/WRFV3/tools/standard.exe module_kpp_nmhc9_Integr.bb | /lib/cpp -C -P > module_kpp_nmhc9_Integr.f90
rm -f module_kpp_nmhc9_Integr.b module_kpp_nmhc9_Integr.bb
mpif90 -f90=ifort -o module_kpp_nmhc9_Integr.o -c -O2 -ip -fp-model precise -w -ftz -align all -fno-alias -FR -convert big_endian    -I../dyn_em -I../dyn_nmm   -I/global/scratch/azare/Josh/WRFV3/external/esmf_time_f90  -I/global/scratch/azare/Josh/WRFV3/main -I/global/scratch/azare/Josh/WRFV3/external/io_netcdf -I/global/scratch/azare/Josh/WRFV3/external/io_int -I/global/scratch/azare/Josh/WRFV3/frame -I/global/scratch/azare/Josh/WRFV3/share -I/global/scratch/azare/Josh/WRFV3/phys -I/global/scratch/azare/Josh/WRFV3/chem -I/global/scratch/azare/Josh/WRFV3/inc -I/global/software/sl-6.x86_64/modules/intel/2013_sp1.4.211/netcdf/4.3.2-intel-p/include  -i4  module_kpp_nmhc9_Integr.f90
rm -f module_kpp_nmhc9_interface.o
/lib/cpp -C -P -I/global/scratch/azare/Josh/WRFV3/inc -DEM_CORE=1 -DNMM_CORE=0 -DNMM_MAX_DIM=2600 -DCOAMPS_CORE=0 -DDA_CORE=0 -DEXP_CORE=0 -DIWORDSIZE=4 -DDWORDSIZE=8 -DRWORDSIZE=4 -DLWORDSIZE=4 -DNONSTANDARD_SYSTEM_FUNC -DWRF_USE_CLM  -DDM_PARALLEL -DNETCDF -DUSE_ALLOCATABLES -DGRIB1 -DINTIO -DLIMIT_ARGS -DCONFIG_BUF_LEN=65536 -DMAX_DOMAINS_F=21 -DMAX_HISTORY=25 -DNMM_NEST=0 -DWRF_CHEM -DBUILD_CHEM=1 -DWRF_KPP -I. -traditional   module_kpp_nmhc9_interface.F  > module_kpp_nmhc9_interface.bb
/global/scratch/azare/Josh/WRFV3/tools/standard.exe module_kpp_nmhc9_interface.bb | /lib/cpp -C -P > module_kpp_nmhc9_interface.f90
rm -f module_kpp_nmhc9_interface.b module_kpp_nmhc9_interface.bb
mpif90 -f90=ifort -o module_kpp_nmhc9_interface.o -c -O2 -ip -fp-model precise -w -ftz -align all -fno-alias -FR -convert big_endian    -I../dyn_em -I../dyn_nmm   -I/global/scratch/azare/Josh/WRFV3/external/esmf_time_f90  -I/global/scratch/azare/Josh/WRFV3/main -I/global/scratch/azare/Josh/WRFV3/external/io_netcdf -I/global/scratch/azare/Josh/WRFV3/external/io_int -I/global/scratch/azare/Josh/WRFV3/frame -I/global/scratch/azare/Josh/WRFV3/share -I/global/scratch/azare/Josh/WRFV3/phys -I/global/scratch/azare/Josh/WRFV3/chem -I/global/scratch/azare/Josh/WRFV3/inc -I/global/software/sl-6.x86_64/modules/intel/2013_sp1.4.211/netcdf/4.3.2-intel-p/include  -i4  module_kpp_nmhc9_interface.f90
rm -f module_kpp_mozcart_Precision.o
/lib/cpp -C -P -I/global/scratch/azare/Josh/WRFV3/inc -DEM_CORE=1 -DNMM_CORE=0 -DNMM_MAX_DIM=2600 -DCOAMPS_CORE=0 -DDA_CORE=0 -DEXP_CORE=0 -DIWORDSIZE=4 -DDWORDSIZE=8 -DRWORDSIZE=4 -DLWORDSIZE=4 -DNONSTANDARD_SYSTEM_FUNC -DWRF_USE_CLM  -DDM_PARALLEL -DNETCDF -DUSE_ALLOCATABLES -DGRIB1 -DINTIO -DLIMIT_ARGS -DCONFIG_BUF_LEN=65536 -DMAX_DOMAINS_F=21 -DMAX_HISTORY=25 -DNMM_NEST=0 -DWRF_CHEM -DBUILD_CHEM=1 -DWRF_KPP -I. -traditional   module_kpp_mozcart_Precision.F  > module_kpp_mozcart_Precision.bb
/global/scratch/azare/Josh/WRFV3/tools/standard.exe module_kpp_mozcart_Precision.bb | /lib/cpp -C -P > module_kpp_mozcart_Precision.f90
rm -f module_kpp_mozcart_Precision.b module_kpp_mozcart_Precision.bb
mpif90 -f90=ifort -o module_kpp_mozcart_Precision.o -c -O2 -ip -fp-model precise -w -ftz -align all -fno-alias -FR -convert big_endian    -I../dyn_em -I../dyn_nmm   -I/global/scratch/azare/Josh/WRFV3/external/esmf_time_f90  -I/global/scratch/azare/Josh/WRFV3/main -I/global/scratch/azare/Josh/WRFV3/external/io_netcdf -I/global/scratch/azare/Josh/WRFV3/external/io_int -I/global/scratch/azare/Josh/WRFV3/frame -I/global/scratch/azare/Josh/WRFV3/share -I/global/scratch/azare/Josh/WRFV3/phys -I/global/scratch/azare/Josh/WRFV3/chem -I/global/scratch/azare/Josh/WRFV3/inc -I/global/software/sl-6.x86_64/modules/intel/2013_sp1.4.211/netcdf/4.3.2-intel-p/include  -i4  module_kpp_mozcart_Precision.f90
rm -f module_kpp_mozcart_Parameters.o
/lib/cpp -C -P -I/global/scratch/azare/Josh/WRFV3/inc -DEM_CORE=1 -DNMM_CORE=0 -DNMM_MAX_DIM=2600 -DCOAMPS_CORE=0 -DDA_CORE=0 -DEXP_CORE=0 -DIWORDSIZE=4 -DDWORDSIZE=8 -DRWORDSIZE=4 -DLWORDSIZE=4 -DNONSTANDARD_SYSTEM_FUNC -DWRF_USE_CLM  -DDM_PARALLEL -DNETCDF -DUSE_ALLOCATABLES -DGRIB1 -DINTIO -DLIMIT_ARGS -DCONFIG_BUF_LEN=65536 -DMAX_DOMAINS_F=21 -DMAX_HISTORY=25 -DNMM_NEST=0 -DWRF_CHEM -DBUILD_CHEM=1 -DWRF_KPP -I. -traditional   module_kpp_mozcart_Parameters.F  > module_kpp_mozcart_Parameters.bb
/global/scratch/azare/Josh/WRFV3/tools/standard.exe module_kpp_mozcart_Parameters.bb | /lib/cpp -C -P > module_kpp_mozcart_Parameters.f90
rm -f module_kpp_mozcart_Parameters.b module_kpp_mozcart_Parameters.bb
mpif90 -f90=ifort -o module_kpp_mozcart_Parameters.o -c -O2 -ip -fp-model precise -w -ftz -align all -fno-alias -FR -convert big_endian    -I../dyn_em -I../dyn_nmm   -I/global/scratch/azare/Josh/WRFV3/external/esmf_time_f90  -I/global/scratch/azare/Josh/WRFV3/main -I/global/scratch/azare/Josh/WRFV3/external/io_netcdf -I/global/scratch/azare/Josh/WRFV3/external/io_int -I/global/scratch/azare/Josh/WRFV3/frame -I/global/scratch/azare/Josh/WRFV3/share -I/global/scratch/azare/Josh/WRFV3/phys -I/global/scratch/azare/Josh/WRFV3/chem -I/global/scratch/azare/Josh/WRFV3/inc -I/global/software/sl-6.x86_64/modules/intel/2013_sp1.4.211/netcdf/4.3.2-intel-p/include  -i4  module_kpp_mozcart_Parameters.f90
rm -f module_kpp_mozcart_JacobianSP.o
/lib/cpp -C -P -I/global/scratch/azare/Josh/WRFV3/inc -DEM_CORE=1 -DNMM_CORE=0 -DNMM_MAX_DIM=2600 -DCOAMPS_CORE=0 -DDA_CORE=0 -DEXP_CORE=0 -DIWORDSIZE=4 -DDWORDSIZE=8 -DRWORDSIZE=4 -DLWORDSIZE=4 -DNONSTANDARD_SYSTEM_FUNC -DWRF_USE_CLM  -DDM_PARALLEL -DNETCDF -DUSE_ALLOCATABLES -DGRIB1 -DINTIO -DLIMIT_ARGS -DCONFIG_BUF_LEN=65536 -DMAX_DOMAINS_F=21 -DMAX_HISTORY=25 -DNMM_NEST=0 -DWRF_CHEM -DBUILD_CHEM=1 -DWRF_KPP -I. -traditional   module_kpp_mozcart_JacobianSP.F  > module_kpp_mozcart_JacobianSP.bb
/global/scratch/azare/Josh/WRFV3/tools/standard.exe module_kpp_mozcart_JacobianSP.bb | /lib/cpp -C -P > module_kpp_mozcart_JacobianSP.f90
rm -f module_kpp_mozcart_JacobianSP.b module_kpp_mozcart_JacobianSP.bb
mpif90 -f90=ifort -o module_kpp_mozcart_JacobianSP.o -c -O2 -ip -fp-model precise -w -ftz -align all -fno-alias -FR -convert big_endian    -I../dyn_em -I../dyn_nmm   -I/global/scratch/azare/Josh/WRFV3/external/esmf_time_f90  -I/global/scratch/azare/Josh/WRFV3/main -I/global/scratch/azare/Josh/WRFV3/external/io_netcdf -I/global/scratch/azare/Josh/WRFV3/external/io_int -I/global/scratch/azare/Josh/WRFV3/frame -I/global/scratch/azare/Josh/WRFV3/share -I/global/scratch/azare/Josh/WRFV3/phys -I/global/scratch/azare/Josh/WRFV3/chem -I/global/scratch/azare/Josh/WRFV3/inc -I/global/software/sl-6.x86_64/modules/intel/2013_sp1.4.211/netcdf/4.3.2-intel-p/include  -i4  module_kpp_mozcart_JacobianSP.f90
rm -f module_kpp_mozcart_Jacobian.o
/lib/cpp -C -P -I/global/scratch/azare/Josh/WRFV3/inc -DEM_CORE=1 -DNMM_CORE=0 -DNMM_MAX_DIM=2600 -DCOAMPS_CORE=0 -DDA_CORE=0 -DEXP_CORE=0 -DIWORDSIZE=4 -DDWORDSIZE=8 -DRWORDSIZE=4 -DLWORDSIZE=4 -DNONSTANDARD_SYSTEM_FUNC -DWRF_USE_CLM  -DDM_PARALLEL -DNETCDF -DUSE_ALLOCATABLES -DGRIB1 -DINTIO -DLIMIT_ARGS -DCONFIG_BUF_LEN=65536 -DMAX_DOMAINS_F=21 -DMAX_HISTORY=25 -DNMM_NEST=0 -DWRF_CHEM -DBUILD_CHEM=1 -DWRF_KPP -I. -traditional   module_kpp_mozcart_Jacobian.F  > module_kpp_mozcart_Jacobian.bb
/global/scratch/azare/Josh/WRFV3/tools/standard.exe module_kpp_mozcart_Jacobian.bb | /lib/cpp -C -P > module_kpp_mozcart_Jacobian.f90
rm -f module_kpp_mozcart_Jacobian.b module_kpp_mozcart_Jacobian.bb
mpif90 -f90=ifort -o module_kpp_mozcart_Jacobian.o -c -O2 -ip -fp-model precise -w -ftz -align all -fno-alias -FR -convert big_endian    -I../dyn_em -I../dyn_nmm   -I/global/scratch/azare/Josh/WRFV3/external/esmf_time_f90  -I/global/scratch/azare/Josh/WRFV3/main -I/global/scratch/azare/Josh/WRFV3/external/io_netcdf -I/global/scratch/azare/Josh/WRFV3/external/io_int -I/global/scratch/azare/Josh/WRFV3/frame -I/global/scratch/azare/Josh/WRFV3/share -I/global/scratch/azare/Josh/WRFV3/phys -I/global/scratch/azare/Josh/WRFV3/chem -I/global/scratch/azare/Josh/WRFV3/inc -I/global/software/sl-6.x86_64/modules/intel/2013_sp1.4.211/netcdf/4.3.2-intel-p/include  -i4  module_kpp_mozcart_Jacobian.f90
rm -f module_kpp_mozcart_Update_Rconst.o
/lib/cpp -C -P -I/global/scratch/azare/Josh/WRFV3/inc -DEM_CORE=1 -DNMM_CORE=0 -DNMM_MAX_DIM=2600 -DCOAMPS_CORE=0 -DDA_CORE=0 -DEXP_CORE=0 -DIWORDSIZE=4 -DDWORDSIZE=8 -DRWORDSIZE=4 -DLWORDSIZE=4 -DNONSTANDARD_SYSTEM_FUNC -DWRF_USE_CLM  -DDM_PARALLEL -DNETCDF -DUSE_ALLOCATABLES -DGRIB1 -DINTIO -DLIMIT_ARGS -DCONFIG_BUF_LEN=65536 -DMAX_DOMAINS_F=21 -DMAX_HISTORY=25 -DNMM_NEST=0 -DWRF_CHEM -DBUILD_CHEM=1 -DWRF_KPP -I. -traditional   module_kpp_mozcart_Update_Rconst.F  > module_kpp_mozcart_Update_Rconst.bb
/global/scratch/azare/Josh/WRFV3/tools/standard.exe module_kpp_mozcart_Update_Rconst.bb | /lib/cpp -C -P > module_kpp_mozcart_Update_Rconst.f90
rm -f module_kpp_mozcart_Update_Rconst.b module_kpp_mozcart_Update_Rconst.bb
mpif90 -f90=ifort -o module_kpp_mozcart_Update_Rconst.o -c -O2 -ip -fp-model precise -w -ftz -align all -fno-alias -FR -convert big_endian    -I../dyn_em -I../dyn_nmm   -I/global/scratch/azare/Josh/WRFV3/external/esmf_time_f90  -I/global/scratch/azare/Josh/WRFV3/main -I/global/scratch/azare/Josh/WRFV3/external/io_netcdf -I/global/scratch/azare/Josh/WRFV3/external/io_int -I/global/scratch/azare/Josh/WRFV3/frame -I/global/scratch/azare/Josh/WRFV3/share -I/global/scratch/azare/Josh/WRFV3/phys -I/global/scratch/azare/Josh/WRFV3/chem -I/global/scratch/azare/Josh/WRFV3/inc -I/global/software/sl-6.x86_64/modules/intel/2013_sp1.4.211/netcdf/4.3.2-intel-p/include  -i4  module_kpp_mozcart_Update_Rconst.f90
rm -f module_kpp_mozcart_Integr.o
/lib/cpp -C -P -I/global/scratch/azare/Josh/WRFV3/inc -DEM_CORE=1 -DNMM_CORE=0 -DNMM_MAX_DIM=2600 -DCOAMPS_CORE=0 -DDA_CORE=0 -DEXP_CORE=0 -DIWORDSIZE=4 -DDWORDSIZE=8 -DRWORDSIZE=4 -DLWORDSIZE=4 -DNONSTANDARD_SYSTEM_FUNC -DWRF_USE_CLM  -DDM_PARALLEL -DNETCDF -DUSE_ALLOCATABLES -DGRIB1 -DINTIO -DLIMIT_ARGS -DCONFIG_BUF_LEN=65536 -DMAX_DOMAINS_F=21 -DMAX_HISTORY=25 -DNMM_NEST=0 -DWRF_CHEM -DBUILD_CHEM=1 -DWRF_KPP -I. -traditional   module_kpp_mozcart_Integr.F  > module_kpp_mozcart_Integr.bb
/global/scratch/azare/Josh/WRFV3/tools/standard.exe module_kpp_mozcart_Integr.bb | /lib/cpp -C -P > module_kpp_mozcart_Integr.f90
rm -f module_kpp_mozcart_Integr.b module_kpp_mozcart_Integr.bb
mpif90 -f90=ifort -o module_kpp_mozcart_Integr.o -c -O2 -ip -fp-model precise -w -ftz -align all -fno-alias -FR -convert big_endian    -I../dyn_em -I../dyn_nmm   -I/global/scratch/azare/Josh/WRFV3/external/esmf_time_f90  -I/global/scratch/azare/Josh/WRFV3/main -I/global/scratch/azare/Josh/WRFV3/external/io_netcdf -I/global/scratch/azare/Josh/WRFV3/external/io_int -I/global/scratch/azare/Josh/WRFV3/frame -I/global/scratch/azare/Josh/WRFV3/share -I/global/scratch/azare/Josh/WRFV3/phys -I/global/scratch/azare/Josh/WRFV3/chem -I/global/scratch/azare/Josh/WRFV3/inc -I/global/software/sl-6.x86_64/modules/intel/2013_sp1.4.211/netcdf/4.3.2-intel-p/include  -i4  module_kpp_mozcart_Integr.f90
rm -f module_kpp_mozcart_interface.o
/lib/cpp -C -P -I/global/scratch/azare/Josh/WRFV3/inc -DEM_CORE=1 -DNMM_CORE=0 -DNMM_MAX_DIM=2600 -DCOAMPS_CORE=0 -DDA_CORE=0 -DEXP_CORE=0 -DIWORDSIZE=4 -DDWORDSIZE=8 -DRWORDSIZE=4 -DLWORDSIZE=4 -DNONSTANDARD_SYSTEM_FUNC -DWRF_USE_CLM  -DDM_PARALLEL -DNETCDF -DUSE_ALLOCATABLES -DGRIB1 -DINTIO -DLIMIT_ARGS -DCONFIG_BUF_LEN=65536 -DMAX_DOMAINS_F=21 -DMAX_HISTORY=25 -DNMM_NEST=0 -DWRF_CHEM -DBUILD_CHEM=1 -DWRF_KPP -I. -traditional   module_kpp_mozcart_interface.F  > module_kpp_mozcart_interface.bb
/global/scratch/azare/Josh/WRFV3/tools/standard.exe module_kpp_mozcart_interface.bb | /lib/cpp -C -P > module_kpp_mozcart_interface.f90
rm -f module_kpp_mozcart_interface.b module_kpp_mozcart_interface.bb
mpif90 -f90=ifort -o module_kpp_mozcart_interface.o -c -O2 -ip -fp-model precise -w -ftz -align all -fno-alias -FR -convert big_endian    -I../dyn_em -I../dyn_nmm   -I/global/scratch/azare/Josh/WRFV3/external/esmf_time_f90  -I/global/scratch/azare/Josh/WRFV3/main -I/global/scratch/azare/Josh/WRFV3/external/io_netcdf -I/global/scratch/azare/Josh/WRFV3/external/io_int -I/global/scratch/azare/Josh/WRFV3/frame -I/global/scratch/azare/Josh/WRFV3/share -I/global/scratch/azare/Josh/WRFV3/phys -I/global/scratch/azare/Josh/WRFV3/chem -I/global/scratch/azare/Josh/WRFV3/inc -I/global/software/sl-6.x86_64/modules/intel/2013_sp1.4.211/netcdf/4.3.2-intel-p/include  -i4  module_kpp_mozcart_interface.f90
rm -f module_kpp_gocartracm_Precision.o
/lib/cpp -C -P -I/global/scratch/azare/Josh/WRFV3/inc -DEM_CORE=1 -DNMM_CORE=0 -DNMM_MAX_DIM=2600 -DCOAMPS_CORE=0 -DDA_CORE=0 -DEXP_CORE=0 -DIWORDSIZE=4 -DDWORDSIZE=8 -DRWORDSIZE=4 -DLWORDSIZE=4 -DNONSTANDARD_SYSTEM_FUNC -DWRF_USE_CLM  -DDM_PARALLEL -DNETCDF -DUSE_ALLOCATABLES -DGRIB1 -DINTIO -DLIMIT_ARGS -DCONFIG_BUF_LEN=65536 -DMAX_DOMAINS_F=21 -DMAX_HISTORY=25 -DNMM_NEST=0 -DWRF_CHEM -DBUILD_CHEM=1 -DWRF_KPP -I. -traditional   module_kpp_gocartracm_Precision.F  > module_kpp_gocartracm_Precision.bb
/global/scratch/azare/Josh/WRFV3/tools/standard.exe module_kpp_gocartracm_Precision.bb | /lib/cpp -C -P > module_kpp_gocartracm_Precision.f90
rm -f module_kpp_gocartracm_Precision.b module_kpp_gocartracm_Precision.bb
mpif90 -f90=ifort -o module_kpp_gocartracm_Precision.o -c -O2 -ip -fp-model precise -w -ftz -align all -fno-alias -FR -convert big_endian    -I../dyn_em -I../dyn_nmm   -I/global/scratch/azare/Josh/WRFV3/external/esmf_time_f90  -I/global/scratch/azare/Josh/WRFV3/main -I/global/scratch/azare/Josh/WRFV3/external/io_netcdf -I/global/scratch/azare/Josh/WRFV3/external/io_int -I/global/scratch/azare/Josh/WRFV3/frame -I/global/scratch/azare/Josh/WRFV3/share -I/global/scratch/azare/Josh/WRFV3/phys -I/global/scratch/azare/Josh/WRFV3/chem -I/global/scratch/azare/Josh/WRFV3/inc -I/global/software/sl-6.x86_64/modules/intel/2013_sp1.4.211/netcdf/4.3.2-intel-p/include  -i4  module_kpp_gocartracm_Precision.f90
rm -f module_kpp_gocartracm_Parameters.o
/lib/cpp -C -P -I/global/scratch/azare/Josh/WRFV3/inc -DEM_CORE=1 -DNMM_CORE=0 -DNMM_MAX_DIM=2600 -DCOAMPS_CORE=0 -DDA_CORE=0 -DEXP_CORE=0 -DIWORDSIZE=4 -DDWORDSIZE=8 -DRWORDSIZE=4 -DLWORDSIZE=4 -DNONSTANDARD_SYSTEM_FUNC -DWRF_USE_CLM  -DDM_PARALLEL -DNETCDF -DUSE_ALLOCATABLES -DGRIB1 -DINTIO -DLIMIT_ARGS -DCONFIG_BUF_LEN=65536 -DMAX_DOMAINS_F=21 -DMAX_HISTORY=25 -DNMM_NEST=0 -DWRF_CHEM -DBUILD_CHEM=1 -DWRF_KPP -I. -traditional   module_kpp_gocartracm_Parameters.F  > module_kpp_gocartracm_Parameters.bb
/global/scratch/azare/Josh/WRFV3/tools/standard.exe module_kpp_gocartracm_Parameters.bb | /lib/cpp -C -P > module_kpp_gocartracm_Parameters.f90
rm -f module_kpp_gocartracm_Parameters.b module_kpp_gocartracm_Parameters.bb
mpif90 -f90=ifort -o module_kpp_gocartracm_Parameters.o -c -O2 -ip -fp-model precise -w -ftz -align all -fno-alias -FR -convert big_endian    -I../dyn_em -I../dyn_nmm   -I/global/scratch/azare/Josh/WRFV3/external/esmf_time_f90  -I/global/scratch/azare/Josh/WRFV3/main -I/global/scratch/azare/Josh/WRFV3/external/io_netcdf -I/global/scratch/azare/Josh/WRFV3/external/io_int -I/global/scratch/azare/Josh/WRFV3/frame -I/global/scratch/azare/Josh/WRFV3/share -I/global/scratch/azare/Josh/WRFV3/phys -I/global/scratch/azare/Josh/WRFV3/chem -I/global/scratch/azare/Josh/WRFV3/inc -I/global/software/sl-6.x86_64/modules/intel/2013_sp1.4.211/netcdf/4.3.2-intel-p/include  -i4  module_kpp_gocartracm_Parameters.f90
rm -f module_kpp_gocartracm_JacobianSP.o
/lib/cpp -C -P -I/global/scratch/azare/Josh/WRFV3/inc -DEM_CORE=1 -DNMM_CORE=0 -DNMM_MAX_DIM=2600 -DCOAMPS_CORE=0 -DDA_CORE=0 -DEXP_CORE=0 -DIWORDSIZE=4 -DDWORDSIZE=8 -DRWORDSIZE=4 -DLWORDSIZE=4 -DNONSTANDARD_SYSTEM_FUNC -DWRF_USE_CLM  -DDM_PARALLEL -DNETCDF -DUSE_ALLOCATABLES -DGRIB1 -DINTIO -DLIMIT_ARGS -DCONFIG_BUF_LEN=65536 -DMAX_DOMAINS_F=21 -DMAX_HISTORY=25 -DNMM_NEST=0 -DWRF_CHEM -DBUILD_CHEM=1 -DWRF_KPP -I. -traditional   module_kpp_gocartracm_JacobianSP.F  > module_kpp_gocartracm_JacobianSP.bb
/global/scratch/azare/Josh/WRFV3/tools/standard.exe module_kpp_gocartracm_JacobianSP.bb | /lib/cpp -C -P > module_kpp_gocartracm_JacobianSP.f90
rm -f module_kpp_gocartracm_JacobianSP.b module_kpp_gocartracm_JacobianSP.bb
mpif90 -f90=ifort -o module_kpp_gocartracm_JacobianSP.o -c -O2 -ip -fp-model precise -w -ftz -align all -fno-alias -FR -convert big_endian    -I../dyn_em -I../dyn_nmm   -I/global/scratch/azare/Josh/WRFV3/external/esmf_time_f90  -I/global/scratch/azare/Josh/WRFV3/main -I/global/scratch/azare/Josh/WRFV3/external/io_netcdf -I/global/scratch/azare/Josh/WRFV3/external/io_int -I/global/scratch/azare/Josh/WRFV3/frame -I/global/scratch/azare/Josh/WRFV3/share -I/global/scratch/azare/Josh/WRFV3/phys -I/global/scratch/azare/Josh/WRFV3/chem -I/global/scratch/azare/Josh/WRFV3/inc -I/global/software/sl-6.x86_64/modules/intel/2013_sp1.4.211/netcdf/4.3.2-intel-p/include  -i4  module_kpp_gocartracm_JacobianSP.f90
rm -f module_kpp_gocartracm_Jacobian.o
/lib/cpp -C -P -I/global/scratch/azare/Josh/WRFV3/inc -DEM_CORE=1 -DNMM_CORE=0 -DNMM_MAX_DIM=2600 -DCOAMPS_CORE=0 -DDA_CORE=0 -DEXP_CORE=0 -DIWORDSIZE=4 -DDWORDSIZE=8 -DRWORDSIZE=4 -DLWORDSIZE=4 -DNONSTANDARD_SYSTEM_FUNC -DWRF_USE_CLM  -DDM_PARALLEL -DNETCDF -DUSE_ALLOCATABLES -DGRIB1 -DINTIO -DLIMIT_ARGS -DCONFIG_BUF_LEN=65536 -DMAX_DOMAINS_F=21 -DMAX_HISTORY=25 -DNMM_NEST=0 -DWRF_CHEM -DBUILD_CHEM=1 -DWRF_KPP -I. -traditional   module_kpp_gocartracm_Jacobian.F  > module_kpp_gocartracm_Jacobian.bb
/global/scratch/azare/Josh/WRFV3/tools/standard.exe module_kpp_gocartracm_Jacobian.bb | /lib/cpp -C -P > module_kpp_gocartracm_Jacobian.f90
rm -f module_kpp_gocartracm_Jacobian.b module_kpp_gocartracm_Jacobian.bb
mpif90 -f90=ifort -o module_kpp_gocartracm_Jacobian.o -c -O2 -ip -fp-model precise -w -ftz -align all -fno-alias -FR -convert big_endian    -I../dyn_em -I../dyn_nmm   -I/global/scratch/azare/Josh/WRFV3/external/esmf_time_f90  -I/global/scratch/azare/Josh/WRFV3/main -I/global/scratch/azare/Josh/WRFV3/external/io_netcdf -I/global/scratch/azare/Josh/WRFV3/external/io_int -I/global/scratch/azare/Josh/WRFV3/frame -I/global/scratch/azare/Josh/WRFV3/share -I/global/scratch/azare/Josh/WRFV3/phys -I/global/scratch/azare/Josh/WRFV3/chem -I/global/scratch/azare/Josh/WRFV3/inc -I/global/software/sl-6.x86_64/modules/intel/2013_sp1.4.211/netcdf/4.3.2-intel-p/include  -i4  module_kpp_gocartracm_Jacobian.f90
rm -f module_kpp_gocartracm_Update_Rconst.o
/lib/cpp -C -P -I/global/scratch/azare/Josh/WRFV3/inc -DEM_CORE=1 -DNMM_CORE=0 -DNMM_MAX_DIM=2600 -DCOAMPS_CORE=0 -DDA_CORE=0 -DEXP_CORE=0 -DIWORDSIZE=4 -DDWORDSIZE=8 -DRWORDSIZE=4 -DLWORDSIZE=4 -DNONSTANDARD_SYSTEM_FUNC -DWRF_USE_CLM  -DDM_PARALLEL -DNETCDF -DUSE_ALLOCATABLES -DGRIB1 -DINTIO -DLIMIT_ARGS -DCONFIG_BUF_LEN=65536 -DMAX_DOMAINS_F=21 -DMAX_HISTORY=25 -DNMM_NEST=0 -DWRF_CHEM -DBUILD_CHEM=1 -DWRF_KPP -I. -traditional   module_kpp_gocartracm_Update_Rconst.F  > module_kpp_gocartracm_Update_Rconst.bb
/global/scratch/azare/Josh/WRFV3/tools/standard.exe module_kpp_gocartracm_Update_Rconst.bb | /lib/cpp -C -P > module_kpp_gocartracm_Update_Rconst.f90
rm -f module_kpp_gocartracm_Update_Rconst.b module_kpp_gocartracm_Update_Rconst.bb
mpif90 -f90=ifort -o module_kpp_gocartracm_Update_Rconst.o -c -O2 -ip -fp-model precise -w -ftz -align all -fno-alias -FR -convert big_endian    -I../dyn_em -I../dyn_nmm   -I/global/scratch/azare/Josh/WRFV3/external/esmf_time_f90  -I/global/scratch/azare/Josh/WRFV3/main -I/global/scratch/azare/Josh/WRFV3/external/io_netcdf -I/global/scratch/azare/Josh/WRFV3/external/io_int -I/global/scratch/azare/Josh/WRFV3/frame -I/global/scratch/azare/Josh/WRFV3/share -I/global/scratch/azare/Josh/WRFV3/phys -I/global/scratch/azare/Josh/WRFV3/chem -I/global/scratch/azare/Josh/WRFV3/inc -I/global/software/sl-6.x86_64/modules/intel/2013_sp1.4.211/netcdf/4.3.2-intel-p/include  -i4  module_kpp_gocartracm_Update_Rconst.f90
rm -f module_kpp_gocartracm_Integr.o
/lib/cpp -C -P -I/global/scratch/azare/Josh/WRFV3/inc -DEM_CORE=1 -DNMM_CORE=0 -DNMM_MAX_DIM=2600 -DCOAMPS_CORE=0 -DDA_CORE=0 -DEXP_CORE=0 -DIWORDSIZE=4 -DDWORDSIZE=8 -DRWORDSIZE=4 -DLWORDSIZE=4 -DNONSTANDARD_SYSTEM_FUNC -DWRF_USE_CLM  -DDM_PARALLEL -DNETCDF -DUSE_ALLOCATABLES -DGRIB1 -DINTIO -DLIMIT_ARGS -DCONFIG_BUF_LEN=65536 -DMAX_DOMAINS_F=21 -DMAX_HISTORY=25 -DNMM_NEST=0 -DWRF_CHEM -DBUILD_CHEM=1 -DWRF_KPP -I. -traditional   module_kpp_gocartracm_Integr.F  > module_kpp_gocartracm_Integr.bb
/global/scratch/azare/Josh/WRFV3/tools/standard.exe module_kpp_gocartracm_Integr.bb | /lib/cpp -C -P > module_kpp_gocartracm_Integr.f90
rm -f module_kpp_gocartracm_Integr.b module_kpp_gocartracm_Integr.bb
mpif90 -f90=ifort -o module_kpp_gocartracm_Integr.o -c -O2 -ip -fp-model precise -w -ftz -align all -fno-alias -FR -convert big_endian    -I../dyn_em -I../dyn_nmm   -I/global/scratch/azare/Josh/WRFV3/external/esmf_time_f90  -I/global/scratch/azare/Josh/WRFV3/main -I/global/scratch/azare/Josh/WRFV3/external/io_netcdf -I/global/scratch/azare/Josh/WRFV3/external/io_int -I/global/scratch/azare/Josh/WRFV3/frame -I/global/scratch/azare/Josh/WRFV3/share -I/global/scratch/azare/Josh/WRFV3/phys -I/global/scratch/azare/Josh/WRFV3/chem -I/global/scratch/azare/Josh/WRFV3/inc -I/global/software/sl-6.x86_64/modules/intel/2013_sp1.4.211/netcdf/4.3.2-intel-p/include  -i4  module_kpp_gocartracm_Integr.f90
rm -f module_kpp_gocartracm_interface.o
/lib/cpp -C -P -I/global/scratch/azare/Josh/WRFV3/inc -DEM_CORE=1 -DNMM_CORE=0 -DNMM_MAX_DIM=2600 -DCOAMPS_CORE=0 -DDA_CORE=0 -DEXP_CORE=0 -DIWORDSIZE=4 -DDWORDSIZE=8 -DRWORDSIZE=4 -DLWORDSIZE=4 -DNONSTANDARD_SYSTEM_FUNC -DWRF_USE_CLM  -DDM_PARALLEL -DNETCDF -DUSE_ALLOCATABLES -DGRIB1 -DINTIO -DLIMIT_ARGS -DCONFIG_BUF_LEN=65536 -DMAX_DOMAINS_F=21 -DMAX_HISTORY=25 -DNMM_NEST=0 -DWRF_CHEM -DBUILD_CHEM=1 -DWRF_KPP -I. -traditional   module_kpp_gocartracm_interface.F  > module_kpp_gocartracm_interface.bb
/global/scratch/azare/Josh/WRFV3/tools/standard.exe module_kpp_gocartracm_interface.bb | /lib/cpp -C -P > module_kpp_gocartracm_interface.f90
rm -f module_kpp_gocartracm_interface.b module_kpp_gocartracm_interface.bb
mpif90 -f90=ifort -o module_kpp_gocartracm_interface.o -c -O2 -ip -fp-model precise -w -ftz -align all -fno-alias -FR -convert big_endian    -I../dyn_em -I../dyn_nmm   -I/global/scratch/azare/Josh/WRFV3/external/esmf_time_f90  -I/global/scratch/azare/Josh/WRFV3/main -I/global/scratch/azare/Josh/WRFV3/external/io_netcdf -I/global/scratch/azare/Josh/WRFV3/external/io_int -I/global/scratch/azare/Josh/WRFV3/frame -I/global/scratch/azare/Josh/WRFV3/share -I/global/scratch/azare/Josh/WRFV3/phys -I/global/scratch/azare/Josh/WRFV3/chem -I/global/scratch/azare/Josh/WRFV3/inc -I/global/software/sl-6.x86_64/modules/intel/2013_sp1.4.211/netcdf/4.3.2-intel-p/include  -i4  module_kpp_gocartracm_interface.f90
rm -f module_kpp_racm_esrlsorg_Precision.o
/lib/cpp -C -P -I/global/scratch/azare/Josh/WRFV3/inc -DEM_CORE=1 -DNMM_CORE=0 -DNMM_MAX_DIM=2600 -DCOAMPS_CORE=0 -DDA_CORE=0 -DEXP_CORE=0 -DIWORDSIZE=4 -DDWORDSIZE=8 -DRWORDSIZE=4 -DLWORDSIZE=4 -DNONSTANDARD_SYSTEM_FUNC -DWRF_USE_CLM  -DDM_PARALLEL -DNETCDF -DUSE_ALLOCATABLES -DGRIB1 -DINTIO -DLIMIT_ARGS -DCONFIG_BUF_LEN=65536 -DMAX_DOMAINS_F=21 -DMAX_HISTORY=25 -DNMM_NEST=0 -DWRF_CHEM -DBUILD_CHEM=1 -DWRF_KPP -I. -traditional   module_kpp_racm_esrlsorg_Precision.F  > module_kpp_racm_esrlsorg_Precision.bb
/global/scratch/azare/Josh/WRFV3/tools/standard.exe module_kpp_racm_esrlsorg_Precision.bb | /lib/cpp -C -P > module_kpp_racm_esrlsorg_Precision.f90
rm -f module_kpp_racm_esrlsorg_Precision.b module_kpp_racm_esrlsorg_Precision.bb
mpif90 -f90=ifort -o module_kpp_racm_esrlsorg_Precision.o -c -O2 -ip -fp-model precise -w -ftz -align all -fno-alias -FR -convert big_endian    -I../dyn_em -I../dyn_nmm   -I/global/scratch/azare/Josh/WRFV3/external/esmf_time_f90  -I/global/scratch/azare/Josh/WRFV3/main -I/global/scratch/azare/Josh/WRFV3/external/io_netcdf -I/global/scratch/azare/Josh/WRFV3/external/io_int -I/global/scratch/azare/Josh/WRFV3/frame -I/global/scratch/azare/Josh/WRFV3/share -I/global/scratch/azare/Josh/WRFV3/phys -I/global/scratch/azare/Josh/WRFV3/chem -I/global/scratch/azare/Josh/WRFV3/inc -I/global/software/sl-6.x86_64/modules/intel/2013_sp1.4.211/netcdf/4.3.2-intel-p/include  -i4  module_kpp_racm_esrlsorg_Precision.f90
rm -f module_kpp_racm_esrlsorg_Parameters.o
/lib/cpp -C -P -I/global/scratch/azare/Josh/WRFV3/inc -DEM_CORE=1 -DNMM_CORE=0 -DNMM_MAX_DIM=2600 -DCOAMPS_CORE=0 -DDA_CORE=0 -DEXP_CORE=0 -DIWORDSIZE=4 -DDWORDSIZE=8 -DRWORDSIZE=4 -DLWORDSIZE=4 -DNONSTANDARD_SYSTEM_FUNC -DWRF_USE_CLM  -DDM_PARALLEL -DNETCDF -DUSE_ALLOCATABLES -DGRIB1 -DINTIO -DLIMIT_ARGS -DCONFIG_BUF_LEN=65536 -DMAX_DOMAINS_F=21 -DMAX_HISTORY=25 -DNMM_NEST=0 -DWRF_CHEM -DBUILD_CHEM=1 -DWRF_KPP -I. -traditional   module_kpp_racm_esrlsorg_Parameters.F  > module_kpp_racm_esrlsorg_Parameters.bb
/global/scratch/azare/Josh/WRFV3/tools/standard.exe module_kpp_racm_esrlsorg_Parameters.bb | /lib/cpp -C -P > module_kpp_racm_esrlsorg_Parameters.f90
rm -f module_kpp_racm_esrlsorg_Parameters.b module_kpp_racm_esrlsorg_Parameters.bb
mpif90 -f90=ifort -o module_kpp_racm_esrlsorg_Parameters.o -c -O2 -ip -fp-model precise -w -ftz -align all -fno-alias -FR -convert big_endian    -I../dyn_em -I../dyn_nmm   -I/global/scratch/azare/Josh/WRFV3/external/esmf_time_f90  -I/global/scratch/azare/Josh/WRFV3/main -I/global/scratch/azare/Josh/WRFV3/external/io_netcdf -I/global/scratch/azare/Josh/WRFV3/external/io_int -I/global/scratch/azare/Josh/WRFV3/frame -I/global/scratch/azare/Josh/WRFV3/share -I/global/scratch/azare/Josh/WRFV3/phys -I/global/scratch/azare/Josh/WRFV3/chem -I/global/scratch/azare/Josh/WRFV3/inc -I/global/software/sl-6.x86_64/modules/intel/2013_sp1.4.211/netcdf/4.3.2-intel-p/include  -i4  module_kpp_racm_esrlsorg_Parameters.f90
rm -f module_kpp_racm_esrlsorg_JacobianSP.o
/lib/cpp -C -P -I/global/scratch/azare/Josh/WRFV3/inc -DEM_CORE=1 -DNMM_CORE=0 -DNMM_MAX_DIM=2600 -DCOAMPS_CORE=0 -DDA_CORE=0 -DEXP_CORE=0 -DIWORDSIZE=4 -DDWORDSIZE=8 -DRWORDSIZE=4 -DLWORDSIZE=4 -DNONSTANDARD_SYSTEM_FUNC -DWRF_USE_CLM  -DDM_PARALLEL -DNETCDF -DUSE_ALLOCATABLES -DGRIB1 -DINTIO -DLIMIT_ARGS -DCONFIG_BUF_LEN=65536 -DMAX_DOMAINS_F=21 -DMAX_HISTORY=25 -DNMM_NEST=0 -DWRF_CHEM -DBUILD_CHEM=1 -DWRF_KPP -I. -traditional   module_kpp_racm_esrlsorg_JacobianSP.F  > module_kpp_racm_esrlsorg_JacobianSP.bb
/global/scratch/azare/Josh/WRFV3/tools/standard.exe module_kpp_racm_esrlsorg_JacobianSP.bb | /lib/cpp -C -P > module_kpp_racm_esrlsorg_JacobianSP.f90
rm -f module_kpp_racm_esrlsorg_JacobianSP.b module_kpp_racm_esrlsorg_JacobianSP.bb
mpif90 -f90=ifort -o module_kpp_racm_esrlsorg_JacobianSP.o -c -O2 -ip -fp-model precise -w -ftz -align all -fno-alias -FR -convert big_endian    -I../dyn_em -I../dyn_nmm   -I/global/scratch/azare/Josh/WRFV3/external/esmf_time_f90  -I/global/scratch/azare/Josh/WRFV3/main -I/global/scratch/azare/Josh/WRFV3/external/io_netcdf -I/global/scratch/azare/Josh/WRFV3/external/io_int -I/global/scratch/azare/Josh/WRFV3/frame -I/global/scratch/azare/Josh/WRFV3/share -I/global/scratch/azare/Josh/WRFV3/phys -I/global/scratch/azare/Josh/WRFV3/chem -I/global/scratch/azare/Josh/WRFV3/inc -I/global/software/sl-6.x86_64/modules/intel/2013_sp1.4.211/netcdf/4.3.2-intel-p/include  -i4  module_kpp_racm_esrlsorg_JacobianSP.f90
rm -f module_kpp_racm_esrlsorg_Jacobian.o
/lib/cpp -C -P -I/global/scratch/azare/Josh/WRFV3/inc -DEM_CORE=1 -DNMM_CORE=0 -DNMM_MAX_DIM=2600 -DCOAMPS_CORE=0 -DDA_CORE=0 -DEXP_CORE=0 -DIWORDSIZE=4 -DDWORDSIZE=8 -DRWORDSIZE=4 -DLWORDSIZE=4 -DNONSTANDARD_SYSTEM_FUNC -DWRF_USE_CLM  -DDM_PARALLEL -DNETCDF -DUSE_ALLOCATABLES -DGRIB1 -DINTIO -DLIMIT_ARGS -DCONFIG_BUF_LEN=65536 -DMAX_DOMAINS_F=21 -DMAX_HISTORY=25 -DNMM_NEST=0 -DWRF_CHEM -DBUILD_CHEM=1 -DWRF_KPP -I. -traditional   module_kpp_racm_esrlsorg_Jacobian.F  > module_kpp_racm_esrlsorg_Jacobian.bb
/global/scratch/azare/Josh/WRFV3/tools/standard.exe module_kpp_racm_esrlsorg_Jacobian.bb | /lib/cpp -C -P > module_kpp_racm_esrlsorg_Jacobian.f90
rm -f module_kpp_racm_esrlsorg_Jacobian.b module_kpp_racm_esrlsorg_Jacobian.bb
mpif90 -f90=ifort -o module_kpp_racm_esrlsorg_Jacobian.o -c -O2 -ip -fp-model precise -w -ftz -align all -fno-alias -FR -convert big_endian    -I../dyn_em -I../dyn_nmm   -I/global/scratch/azare/Josh/WRFV3/external/esmf_time_f90  -I/global/scratch/azare/Josh/WRFV3/main -I/global/scratch/azare/Josh/WRFV3/external/io_netcdf -I/global/scratch/azare/Josh/WRFV3/external/io_int -I/global/scratch/azare/Josh/WRFV3/frame -I/global/scratch/azare/Josh/WRFV3/share -I/global/scratch/azare/Josh/WRFV3/phys -I/global/scratch/azare/Josh/WRFV3/chem -I/global/scratch/azare/Josh/WRFV3/inc -I/global/software/sl-6.x86_64/modules/intel/2013_sp1.4.211/netcdf/4.3.2-intel-p/include  -i4  module_kpp_racm_esrlsorg_Jacobian.f90
rm -f module_kpp_racm_esrlsorg_Update_Rconst.o
/lib/cpp -C -P -I/global/scratch/azare/Josh/WRFV3/inc -DEM_CORE=1 -DNMM_CORE=0 -DNMM_MAX_DIM=2600 -DCOAMPS_CORE=0 -DDA_CORE=0 -DEXP_CORE=0 -DIWORDSIZE=4 -DDWORDSIZE=8 -DRWORDSIZE=4 -DLWORDSIZE=4 -DNONSTANDARD_SYSTEM_FUNC -DWRF_USE_CLM  -DDM_PARALLEL -DNETCDF -DUSE_ALLOCATABLES -DGRIB1 -DINTIO -DLIMIT_ARGS -DCONFIG_BUF_LEN=65536 -DMAX_DOMAINS_F=21 -DMAX_HISTORY=25 -DNMM_NEST=0 -DWRF_CHEM -DBUILD_CHEM=1 -DWRF_KPP -I. -traditional   module_kpp_racm_esrlsorg_Update_Rconst.F  > module_kpp_racm_esrlsorg_Update_Rconst.bb
/global/scratch/azare/Josh/WRFV3/tools/standard.exe module_kpp_racm_esrlsorg_Update_Rconst.bb | /lib/cpp -C -P > module_kpp_racm_esrlsorg_Update_Rconst.f90
rm -f module_kpp_racm_esrlsorg_Update_Rconst.b module_kpp_racm_esrlsorg_Update_Rconst.bb
mpif90 -f90=ifort -o module_kpp_racm_esrlsorg_Update_Rconst.o -c -O2 -ip -fp-model precise -w -ftz -align all -fno-alias -FR -convert big_endian    -I../dyn_em -I../dyn_nmm   -I/global/scratch/azare/Josh/WRFV3/external/esmf_time_f90  -I/global/scratch/azare/Josh/WRFV3/main -I/global/scratch/azare/Josh/WRFV3/external/io_netcdf -I/global/scratch/azare/Josh/WRFV3/external/io_int -I/global/scratch/azare/Josh/WRFV3/frame -I/global/scratch/azare/Josh/WRFV3/share -I/global/scratch/azare/Josh/WRFV3/phys -I/global/scratch/azare/Josh/WRFV3/chem -I/global/scratch/azare/Josh/WRFV3/inc -I/global/software/sl-6.x86_64/modules/intel/2013_sp1.4.211/netcdf/4.3.2-intel-p/include  -i4  module_kpp_racm_esrlsorg_Update_Rconst.f90
rm -f module_kpp_racm_esrlsorg_Integr.o
/lib/cpp -C -P -I/global/scratch/azare/Josh/WRFV3/inc -DEM_CORE=1 -DNMM_CORE=0 -DNMM_MAX_DIM=2600 -DCOAMPS_CORE=0 -DDA_CORE=0 -DEXP_CORE=0 -DIWORDSIZE=4 -DDWORDSIZE=8 -DRWORDSIZE=4 -DLWORDSIZE=4 -DNONSTANDARD_SYSTEM_FUNC -DWRF_USE_CLM  -DDM_PARALLEL -DNETCDF -DUSE_ALLOCATABLES -DGRIB1 -DINTIO -DLIMIT_ARGS -DCONFIG_BUF_LEN=65536 -DMAX_DOMAINS_F=21 -DMAX_HISTORY=25 -DNMM_NEST=0 -DWRF_CHEM -DBUILD_CHEM=1 -DWRF_KPP -I. -traditional   module_kpp_racm_esrlsorg_Integr.F  > module_kpp_racm_esrlsorg_Integr.bb
/global/scratch/azare/Josh/WRFV3/tools/standard.exe module_kpp_racm_esrlsorg_Integr.bb | /lib/cpp -C -P > module_kpp_racm_esrlsorg_Integr.f90
rm -f module_kpp_racm_esrlsorg_Integr.b module_kpp_racm_esrlsorg_Integr.bb
mpif90 -f90=ifort -o module_kpp_racm_esrlsorg_Integr.o -c -O2 -ip -fp-model precise -w -ftz -align all -fno-alias -FR -convert big_endian    -I../dyn_em -I../dyn_nmm   -I/global/scratch/azare/Josh/WRFV3/external/esmf_time_f90  -I/global/scratch/azare/Josh/WRFV3/main -I/global/scratch/azare/Josh/WRFV3/external/io_netcdf -I/global/scratch/azare/Josh/WRFV3/external/io_int -I/global/scratch/azare/Josh/WRFV3/frame -I/global/scratch/azare/Josh/WRFV3/share -I/global/scratch/azare/Josh/WRFV3/phys -I/global/scratch/azare/Josh/WRFV3/chem -I/global/scratch/azare/Josh/WRFV3/inc -I/global/software/sl-6.x86_64/modules/intel/2013_sp1.4.211/netcdf/4.3.2-intel-p/include  -i4  module_kpp_racm_esrlsorg_Integr.f90
rm -f module_kpp_racm_esrlsorg_interface.o
/lib/cpp -C -P -I/global/scratch/azare/Josh/WRFV3/inc -DEM_CORE=1 -DNMM_CORE=0 -DNMM_MAX_DIM=2600 -DCOAMPS_CORE=0 -DDA_CORE=0 -DEXP_CORE=0 -DIWORDSIZE=4 -DDWORDSIZE=8 -DRWORDSIZE=4 -DLWORDSIZE=4 -DNONSTANDARD_SYSTEM_FUNC -DWRF_USE_CLM  -DDM_PARALLEL -DNETCDF -DUSE_ALLOCATABLES -DGRIB1 -DINTIO -DLIMIT_ARGS -DCONFIG_BUF_LEN=65536 -DMAX_DOMAINS_F=21 -DMAX_HISTORY=25 -DNMM_NEST=0 -DWRF_CHEM -DBUILD_CHEM=1 -DWRF_KPP -I. -traditional   module_kpp_racm_esrlsorg_interface.F  > module_kpp_racm_esrlsorg_interface.bb
/global/scratch/azare/Josh/WRFV3/tools/standard.exe module_kpp_racm_esrlsorg_interface.bb | /lib/cpp -C -P > module_kpp_racm_esrlsorg_interface.f90
rm -f module_kpp_racm_esrlsorg_interface.b module_kpp_racm_esrlsorg_interface.bb
mpif90 -f90=ifort -o module_kpp_racm_esrlsorg_interface.o -c -O2 -ip -fp-model precise -w -ftz -align all -fno-alias -FR -convert big_endian    -I../dyn_em -I../dyn_nmm   -I/global/scratch/azare/Josh/WRFV3/external/esmf_time_f90  -I/global/scratch/azare/Josh/WRFV3/main -I/global/scratch/azare/Josh/WRFV3/external/io_netcdf -I/global/scratch/azare/Josh/WRFV3/external/io_int -I/global/scratch/azare/Josh/WRFV3/frame -I/global/scratch/azare/Josh/WRFV3/share -I/global/scratch/azare/Josh/WRFV3/phys -I/global/scratch/azare/Josh/WRFV3/chem -I/global/scratch/azare/Josh/WRFV3/inc -I/global/software/sl-6.x86_64/modules/intel/2013_sp1.4.211/netcdf/4.3.2-intel-p/include  -i4  module_kpp_racm_esrlsorg_interface.f90
rm -f module_kpp_mozart_Precision.o
/lib/cpp -C -P -I/global/scratch/azare/Josh/WRFV3/inc -DEM_CORE=1 -DNMM_CORE=0 -DNMM_MAX_DIM=2600 -DCOAMPS_CORE=0 -DDA_CORE=0 -DEXP_CORE=0 -DIWORDSIZE=4 -DDWORDSIZE=8 -DRWORDSIZE=4 -DLWORDSIZE=4 -DNONSTANDARD_SYSTEM_FUNC -DWRF_USE_CLM  -DDM_PARALLEL -DNETCDF -DUSE_ALLOCATABLES -DGRIB1 -DINTIO -DLIMIT_ARGS -DCONFIG_BUF_LEN=65536 -DMAX_DOMAINS_F=21 -DMAX_HISTORY=25 -DNMM_NEST=0 -DWRF_CHEM -DBUILD_CHEM=1 -DWRF_KPP -I. -traditional   module_kpp_mozart_Precision.F  > module_kpp_mozart_Precision.bb
/global/scratch/azare/Josh/WRFV3/tools/standard.exe module_kpp_mozart_Precision.bb | /lib/cpp -C -P > module_kpp_mozart_Precision.f90
rm -f module_kpp_mozart_Precision.b module_kpp_mozart_Precision.bb
mpif90 -f90=ifort -o module_kpp_mozart_Precision.o -c -O2 -ip -fp-model precise -w -ftz -align all -fno-alias -FR -convert big_endian    -I../dyn_em -I../dyn_nmm   -I/global/scratch/azare/Josh/WRFV3/external/esmf_time_f90  -I/global/scratch/azare/Josh/WRFV3/main -I/global/scratch/azare/Josh/WRFV3/external/io_netcdf -I/global/scratch/azare/Josh/WRFV3/external/io_int -I/global/scratch/azare/Josh/WRFV3/frame -I/global/scratch/azare/Josh/WRFV3/share -I/global/scratch/azare/Josh/WRFV3/phys -I/global/scratch/azare/Josh/WRFV3/chem -I/global/scratch/azare/Josh/WRFV3/inc -I/global/software/sl-6.x86_64/modules/intel/2013_sp1.4.211/netcdf/4.3.2-intel-p/include  -i4  module_kpp_mozart_Precision.f90
rm -f module_kpp_mozart_Parameters.o
/lib/cpp -C -P -I/global/scratch/azare/Josh/WRFV3/inc -DEM_CORE=1 -DNMM_CORE=0 -DNMM_MAX_DIM=2600 -DCOAMPS_CORE=0 -DDA_CORE=0 -DEXP_CORE=0 -DIWORDSIZE=4 -DDWORDSIZE=8 -DRWORDSIZE=4 -DLWORDSIZE=4 -DNONSTANDARD_SYSTEM_FUNC -DWRF_USE_CLM  -DDM_PARALLEL -DNETCDF -DUSE_ALLOCATABLES -DGRIB1 -DINTIO -DLIMIT_ARGS -DCONFIG_BUF_LEN=65536 -DMAX_DOMAINS_F=21 -DMAX_HISTORY=25 -DNMM_NEST=0 -DWRF_CHEM -DBUILD_CHEM=1 -DWRF_KPP -I. -traditional   module_kpp_mozart_Parameters.F  > module_kpp_mozart_Parameters.bb
/global/scratch/azare/Josh/WRFV3/tools/standard.exe module_kpp_mozart_Parameters.bb | /lib/cpp -C -P > module_kpp_mozart_Parameters.f90
rm -f module_kpp_mozart_Parameters.b module_kpp_mozart_Parameters.bb
mpif90 -f90=ifort -o module_kpp_mozart_Parameters.o -c -O2 -ip -fp-model precise -w -ftz -align all -fno-alias -FR -convert big_endian    -I../dyn_em -I../dyn_nmm   -I/global/scratch/azare/Josh/WRFV3/external/esmf_time_f90  -I/global/scratch/azare/Josh/WRFV3/main -I/global/scratch/azare/Josh/WRFV3/external/io_netcdf -I/global/scratch/azare/Josh/WRFV3/external/io_int -I/global/scratch/azare/Josh/WRFV3/frame -I/global/scratch/azare/Josh/WRFV3/share -I/global/scratch/azare/Josh/WRFV3/phys -I/global/scratch/azare/Josh/WRFV3/chem -I/global/scratch/azare/Josh/WRFV3/inc -I/global/software/sl-6.x86_64/modules/intel/2013_sp1.4.211/netcdf/4.3.2-intel-p/include  -i4  module_kpp_mozart_Parameters.f90
rm -f module_kpp_mozart_JacobianSP.o
/lib/cpp -C -P -I/global/scratch/azare/Josh/WRFV3/inc -DEM_CORE=1 -DNMM_CORE=0 -DNMM_MAX_DIM=2600 -DCOAMPS_CORE=0 -DDA_CORE=0 -DEXP_CORE=0 -DIWORDSIZE=4 -DDWORDSIZE=8 -DRWORDSIZE=4 -DLWORDSIZE=4 -DNONSTANDARD_SYSTEM_FUNC -DWRF_USE_CLM  -DDM_PARALLEL -DNETCDF -DUSE_ALLOCATABLES -DGRIB1 -DINTIO -DLIMIT_ARGS -DCONFIG_BUF_LEN=65536 -DMAX_DOMAINS_F=21 -DMAX_HISTORY=25 -DNMM_NEST=0 -DWRF_CHEM -DBUILD_CHEM=1 -DWRF_KPP -I. -traditional   module_kpp_mozart_JacobianSP.F  > module_kpp_mozart_JacobianSP.bb
/global/scratch/azare/Josh/WRFV3/tools/standard.exe module_kpp_mozart_JacobianSP.bb | /lib/cpp -C -P > module_kpp_mozart_JacobianSP.f90
rm -f module_kpp_mozart_JacobianSP.b module_kpp_mozart_JacobianSP.bb
mpif90 -f90=ifort -o module_kpp_mozart_JacobianSP.o -c -O2 -ip -fp-model precise -w -ftz -align all -fno-alias -FR -convert big_endian    -I../dyn_em -I../dyn_nmm   -I/global/scratch/azare/Josh/WRFV3/external/esmf_time_f90  -I/global/scratch/azare/Josh/WRFV3/main -I/global/scratch/azare/Josh/WRFV3/external/io_netcdf -I/global/scratch/azare/Josh/WRFV3/external/io_int -I/global/scratch/azare/Josh/WRFV3/frame -I/global/scratch/azare/Josh/WRFV3/share -I/global/scratch/azare/Josh/WRFV3/phys -I/global/scratch/azare/Josh/WRFV3/chem -I/global/scratch/azare/Josh/WRFV3/inc -I/global/software/sl-6.x86_64/modules/intel/2013_sp1.4.211/netcdf/4.3.2-intel-p/include  -i4  module_kpp_mozart_JacobianSP.f90
rm -f module_kpp_mozart_Jacobian.o
/lib/cpp -C -P -I/global/scratch/azare/Josh/WRFV3/inc -DEM_CORE=1 -DNMM_CORE=0 -DNMM_MAX_DIM=2600 -DCOAMPS_CORE=0 -DDA_CORE=0 -DEXP_CORE=0 -DIWORDSIZE=4 -DDWORDSIZE=8 -DRWORDSIZE=4 -DLWORDSIZE=4 -DNONSTANDARD_SYSTEM_FUNC -DWRF_USE_CLM  -DDM_PARALLEL -DNETCDF -DUSE_ALLOCATABLES -DGRIB1 -DINTIO -DLIMIT_ARGS -DCONFIG_BUF_LEN=65536 -DMAX_DOMAINS_F=21 -DMAX_HISTORY=25 -DNMM_NEST=0 -DWRF_CHEM -DBUILD_CHEM=1 -DWRF_KPP -I. -traditional   module_kpp_mozart_Jacobian.F  > module_kpp_mozart_Jacobian.bb
/global/scratch/azare/Josh/WRFV3/tools/standard.exe module_kpp_mozart_Jacobian.bb | /lib/cpp -C -P > module_kpp_mozart_Jacobian.f90
rm -f module_kpp_mozart_Jacobian.b module_kpp_mozart_Jacobian.bb
mpif90 -f90=ifort -o module_kpp_mozart_Jacobian.o -c -O2 -ip -fp-model precise -w -ftz -align all -fno-alias -FR -convert big_endian    -I../dyn_em -I../dyn_nmm   -I/global/scratch/azare/Josh/WRFV3/external/esmf_time_f90  -I/global/scratch/azare/Josh/WRFV3/main -I/global/scratch/azare/Josh/WRFV3/external/io_netcdf -I/global/scratch/azare/Josh/WRFV3/external/io_int -I/global/scratch/azare/Josh/WRFV3/frame -I/global/scratch/azare/Josh/WRFV3/share -I/global/scratch/azare/Josh/WRFV3/phys -I/global/scratch/azare/Josh/WRFV3/chem -I/global/scratch/azare/Josh/WRFV3/inc -I/global/software/sl-6.x86_64/modules/intel/2013_sp1.4.211/netcdf/4.3.2-intel-p/include  -i4  module_kpp_mozart_Jacobian.f90
rm -f module_kpp_mozart_Update_Rconst.o
/lib/cpp -C -P -I/global/scratch/azare/Josh/WRFV3/inc -DEM_CORE=1 -DNMM_CORE=0 -DNMM_MAX_DIM=2600 -DCOAMPS_CORE=0 -DDA_CORE=0 -DEXP_CORE=0 -DIWORDSIZE=4 -DDWORDSIZE=8 -DRWORDSIZE=4 -DLWORDSIZE=4 -DNONSTANDARD_SYSTEM_FUNC -DWRF_USE_CLM  -DDM_PARALLEL -DNETCDF -DUSE_ALLOCATABLES -DGRIB1 -DINTIO -DLIMIT_ARGS -DCONFIG_BUF_LEN=65536 -DMAX_DOMAINS_F=21 -DMAX_HISTORY=25 -DNMM_NEST=0 -DWRF_CHEM -DBUILD_CHEM=1 -DWRF_KPP -I. -traditional   module_kpp_mozart_Update_Rconst.F  > module_kpp_mozart_Update_Rconst.bb
/global/scratch/azare/Josh/WRFV3/tools/standard.exe module_kpp_mozart_Update_Rconst.bb | /lib/cpp -C -P > module_kpp_mozart_Update_Rconst.f90
rm -f module_kpp_mozart_Update_Rconst.b module_kpp_mozart_Update_Rconst.bb
mpif90 -f90=ifort -o module_kpp_mozart_Update_Rconst.o -c -O2 -ip -fp-model precise -w -ftz -align all -fno-alias -FR -convert big_endian    -I../dyn_em -I../dyn_nmm   -I/global/scratch/azare/Josh/WRFV3/external/esmf_time_f90  -I/global/scratch/azare/Josh/WRFV3/main -I/global/scratch/azare/Josh/WRFV3/external/io_netcdf -I/global/scratch/azare/Josh/WRFV3/external/io_int -I/global/scratch/azare/Josh/WRFV3/frame -I/global/scratch/azare/Josh/WRFV3/share -I/global/scratch/azare/Josh/WRFV3/phys -I/global/scratch/azare/Josh/WRFV3/chem -I/global/scratch/azare/Josh/WRFV3/inc -I/global/software/sl-6.x86_64/modules/intel/2013_sp1.4.211/netcdf/4.3.2-intel-p/include  -i4  module_kpp_mozart_Update_Rconst.f90
rm -f module_kpp_mozart_Integr.o
/lib/cpp -C -P -I/global/scratch/azare/Josh/WRFV3/inc -DEM_CORE=1 -DNMM_CORE=0 -DNMM_MAX_DIM=2600 -DCOAMPS_CORE=0 -DDA_CORE=0 -DEXP_CORE=0 -DIWORDSIZE=4 -DDWORDSIZE=8 -DRWORDSIZE=4 -DLWORDSIZE=4 -DNONSTANDARD_SYSTEM_FUNC -DWRF_USE_CLM  -DDM_PARALLEL -DNETCDF -DUSE_ALLOCATABLES -DGRIB1 -DINTIO -DLIMIT_ARGS -DCONFIG_BUF_LEN=65536 -DMAX_DOMAINS_F=21 -DMAX_HISTORY=25 -DNMM_NEST=0 -DWRF_CHEM -DBUILD_CHEM=1 -DWRF_KPP -I. -traditional   module_kpp_mozart_Integr.F  > module_kpp_mozart_Integr.bb
/global/scratch/azare/Josh/WRFV3/tools/standard.exe module_kpp_mozart_Integr.bb | /lib/cpp -C -P > module_kpp_mozart_Integr.f90
rm -f module_kpp_mozart_Integr.b module_kpp_mozart_Integr.bb
mpif90 -f90=ifort -o module_kpp_mozart_Integr.o -c -O2 -ip -fp-model precise -w -ftz -align all -fno-alias -FR -convert big_endian    -I../dyn_em -I../dyn_nmm   -I/global/scratch/azare/Josh/WRFV3/external/esmf_time_f90  -I/global/scratch/azare/Josh/WRFV3/main -I/global/scratch/azare/Josh/WRFV3/external/io_netcdf -I/global/scratch/azare/Josh/WRFV3/external/io_int -I/global/scratch/azare/Josh/WRFV3/frame -I/global/scratch/azare/Josh/WRFV3/share -I/global/scratch/azare/Josh/WRFV3/phys -I/global/scratch/azare/Josh/WRFV3/chem -I/global/scratch/azare/Josh/WRFV3/inc -I/global/software/sl-6.x86_64/modules/intel/2013_sp1.4.211/netcdf/4.3.2-intel-p/include  -i4  module_kpp_mozart_Integr.f90
rm -f module_kpp_mozart_interface.o
/lib/cpp -C -P -I/global/scratch/azare/Josh/WRFV3/inc -DEM_CORE=1 -DNMM_CORE=0 -DNMM_MAX_DIM=2600 -DCOAMPS_CORE=0 -DDA_CORE=0 -DEXP_CORE=0 -DIWORDSIZE=4 -DDWORDSIZE=8 -DRWORDSIZE=4 -DLWORDSIZE=4 -DNONSTANDARD_SYSTEM_FUNC -DWRF_USE_CLM  -DDM_PARALLEL -DNETCDF -DUSE_ALLOCATABLES -DGRIB1 -DINTIO -DLIMIT_ARGS -DCONFIG_BUF_LEN=65536 -DMAX_DOMAINS_F=21 -DMAX_HISTORY=25 -DNMM_NEST=0 -DWRF_CHEM -DBUILD_CHEM=1 -DWRF_KPP -I. -traditional   module_kpp_mozart_interface.F  > module_kpp_mozart_interface.bb
/global/scratch/azare/Josh/WRFV3/tools/standard.exe module_kpp_mozart_interface.bb | /lib/cpp -C -P > module_kpp_mozart_interface.f90
rm -f module_kpp_mozart_interface.b module_kpp_mozart_interface.bb
mpif90 -f90=ifort -o module_kpp_mozart_interface.o -c -O2 -ip -fp-model precise -w -ftz -align all -fno-alias -FR -convert big_endian    -I../dyn_em -I../dyn_nmm   -I/global/scratch/azare/Josh/WRFV3/external/esmf_time_f90  -I/global/scratch/azare/Josh/WRFV3/main -I/global/scratch/azare/Josh/WRFV3/external/io_netcdf -I/global/scratch/azare/Josh/WRFV3/external/io_int -I/global/scratch/azare/Josh/WRFV3/frame -I/global/scratch/azare/Josh/WRFV3/share -I/global/scratch/azare/Josh/WRFV3/phys -I/global/scratch/azare/Josh/WRFV3/chem -I/global/scratch/azare/Josh/WRFV3/inc -I/global/software/sl-6.x86_64/modules/intel/2013_sp1.4.211/netcdf/4.3.2-intel-p/include  -i4  module_kpp_mozart_interface.f90
rm -f module_kpp_racm_Precision.o
/lib/cpp -C -P -I/global/scratch/azare/Josh/WRFV3/inc -DEM_CORE=1 -DNMM_CORE=0 -DNMM_MAX_DIM=2600 -DCOAMPS_CORE=0 -DDA_CORE=0 -DEXP_CORE=0 -DIWORDSIZE=4 -DDWORDSIZE=8 -DRWORDSIZE=4 -DLWORDSIZE=4 -DNONSTANDARD_SYSTEM_FUNC -DWRF_USE_CLM  -DDM_PARALLEL -DNETCDF -DUSE_ALLOCATABLES -DGRIB1 -DINTIO -DLIMIT_ARGS -DCONFIG_BUF_LEN=65536 -DMAX_DOMAINS_F=21 -DMAX_HISTORY=25 -DNMM_NEST=0 -DWRF_CHEM -DBUILD_CHEM=1 -DWRF_KPP -I. -traditional   module_kpp_racm_Precision.F  > module_kpp_racm_Precision.bb
/global/scratch/azare/Josh/WRFV3/tools/standard.exe module_kpp_racm_Precision.bb | /lib/cpp -C -P > module_kpp_racm_Precision.f90
rm -f module_kpp_racm_Precision.b module_kpp_racm_Precision.bb
mpif90 -f90=ifort -o module_kpp_racm_Precision.o -c -O2 -ip -fp-model precise -w -ftz -align all -fno-alias -FR -convert big_endian    -I../dyn_em -I../dyn_nmm   -I/global/scratch/azare/Josh/WRFV3/external/esmf_time_f90  -I/global/scratch/azare/Josh/WRFV3/main -I/global/scratch/azare/Josh/WRFV3/external/io_netcdf -I/global/scratch/azare/Josh/WRFV3/external/io_int -I/global/scratch/azare/Josh/WRFV3/frame -I/global/scratch/azare/Josh/WRFV3/share -I/global/scratch/azare/Josh/WRFV3/phys -I/global/scratch/azare/Josh/WRFV3/chem -I/global/scratch/azare/Josh/WRFV3/inc -I/global/software/sl-6.x86_64/modules/intel/2013_sp1.4.211/netcdf/4.3.2-intel-p/include  -i4  module_kpp_racm_Precision.f90
rm -f module_kpp_racm_Parameters.o
/lib/cpp -C -P -I/global/scratch/azare/Josh/WRFV3/inc -DEM_CORE=1 -DNMM_CORE=0 -DNMM_MAX_DIM=2600 -DCOAMPS_CORE=0 -DDA_CORE=0 -DEXP_CORE=0 -DIWORDSIZE=4 -DDWORDSIZE=8 -DRWORDSIZE=4 -DLWORDSIZE=4 -DNONSTANDARD_SYSTEM_FUNC -DWRF_USE_CLM  -DDM_PARALLEL -DNETCDF -DUSE_ALLOCATABLES -DGRIB1 -DINTIO -DLIMIT_ARGS -DCONFIG_BUF_LEN=65536 -DMAX_DOMAINS_F=21 -DMAX_HISTORY=25 -DNMM_NEST=0 -DWRF_CHEM -DBUILD_CHEM=1 -DWRF_KPP -I. -traditional   module_kpp_racm_Parameters.F  > module_kpp_racm_Parameters.bb
/global/scratch/azare/Josh/WRFV3/tools/standard.exe module_kpp_racm_Parameters.bb | /lib/cpp -C -P > module_kpp_racm_Parameters.f90
rm -f module_kpp_racm_Parameters.b module_kpp_racm_Parameters.bb
mpif90 -f90=ifort -o module_kpp_racm_Parameters.o -c -O2 -ip -fp-model precise -w -ftz -align all -fno-alias -FR -convert big_endian    -I../dyn_em -I../dyn_nmm   -I/global/scratch/azare/Josh/WRFV3/external/esmf_time_f90  -I/global/scratch/azare/Josh/WRFV3/main -I/global/scratch/azare/Josh/WRFV3/external/io_netcdf -I/global/scratch/azare/Josh/WRFV3/external/io_int -I/global/scratch/azare/Josh/WRFV3/frame -I/global/scratch/azare/Josh/WRFV3/share -I/global/scratch/azare/Josh/WRFV3/phys -I/global/scratch/azare/Josh/WRFV3/chem -I/global/scratch/azare/Josh/WRFV3/inc -I/global/software/sl-6.x86_64/modules/intel/2013_sp1.4.211/netcdf/4.3.2-intel-p/include  -i4  module_kpp_racm_Parameters.f90
rm -f module_kpp_racm_JacobianSP.o
/lib/cpp -C -P -I/global/scratch/azare/Josh/WRFV3/inc -DEM_CORE=1 -DNMM_CORE=0 -DNMM_MAX_DIM=2600 -DCOAMPS_CORE=0 -DDA_CORE=0 -DEXP_CORE=0 -DIWORDSIZE=4 -DDWORDSIZE=8 -DRWORDSIZE=4 -DLWORDSIZE=4 -DNONSTANDARD_SYSTEM_FUNC -DWRF_USE_CLM  -DDM_PARALLEL -DNETCDF -DUSE_ALLOCATABLES -DGRIB1 -DINTIO -DLIMIT_ARGS -DCONFIG_BUF_LEN=65536 -DMAX_DOMAINS_F=21 -DMAX_HISTORY=25 -DNMM_NEST=0 -DWRF_CHEM -DBUILD_CHEM=1 -DWRF_KPP -I. -traditional   module_kpp_racm_JacobianSP.F  > module_kpp_racm_JacobianSP.bb
/global/scratch/azare/Josh/WRFV3/tools/standard.exe module_kpp_racm_JacobianSP.bb | /lib/cpp -C -P > module_kpp_racm_JacobianSP.f90
rm -f module_kpp_racm_JacobianSP.b module_kpp_racm_JacobianSP.bb
mpif90 -f90=ifort -o module_kpp_racm_JacobianSP.o -c -O2 -ip -fp-model precise -w -ftz -align all -fno-alias -FR -convert big_endian    -I../dyn_em -I../dyn_nmm   -I/global/scratch/azare/Josh/WRFV3/external/esmf_time_f90  -I/global/scratch/azare/Josh/WRFV3/main -I/global/scratch/azare/Josh/WRFV3/external/io_netcdf -I/global/scratch/azare/Josh/WRFV3/external/io_int -I/global/scratch/azare/Josh/WRFV3/frame -I/global/scratch/azare/Josh/WRFV3/share -I/global/scratch/azare/Josh/WRFV3/phys -I/global/scratch/azare/Josh/WRFV3/chem -I/global/scratch/azare/Josh/WRFV3/inc -I/global/software/sl-6.x86_64/modules/intel/2013_sp1.4.211/netcdf/4.3.2-intel-p/include  -i4  module_kpp_racm_JacobianSP.f90
rm -f module_kpp_racm_Jacobian.o
/lib/cpp -C -P -I/global/scratch/azare/Josh/WRFV3/inc -DEM_CORE=1 -DNMM_CORE=0 -DNMM_MAX_DIM=2600 -DCOAMPS_CORE=0 -DDA_CORE=0 -DEXP_CORE=0 -DIWORDSIZE=4 -DDWORDSIZE=8 -DRWORDSIZE=4 -DLWORDSIZE=4 -DNONSTANDARD_SYSTEM_FUNC -DWRF_USE_CLM  -DDM_PARALLEL -DNETCDF -DUSE_ALLOCATABLES -DGRIB1 -DINTIO -DLIMIT_ARGS -DCONFIG_BUF_LEN=65536 -DMAX_DOMAINS_F=21 -DMAX_HISTORY=25 -DNMM_NEST=0 -DWRF_CHEM -DBUILD_CHEM=1 -DWRF_KPP -I. -traditional   module_kpp_racm_Jacobian.F  > module_kpp_racm_Jacobian.bb
/global/scratch/azare/Josh/WRFV3/tools/standard.exe module_kpp_racm_Jacobian.bb | /lib/cpp -C -P > module_kpp_racm_Jacobian.f90
rm -f module_kpp_racm_Jacobian.b module_kpp_racm_Jacobian.bb
mpif90 -f90=ifort -o module_kpp_racm_Jacobian.o -c -O2 -ip -fp-model precise -w -ftz -align all -fno-alias -FR -convert big_endian    -I../dyn_em -I../dyn_nmm   -I/global/scratch/azare/Josh/WRFV3/external/esmf_time_f90  -I/global/scratch/azare/Josh/WRFV3/main -I/global/scratch/azare/Josh/WRFV3/external/io_netcdf -I/global/scratch/azare/Josh/WRFV3/external/io_int -I/global/scratch/azare/Josh/WRFV3/frame -I/global/scratch/azare/Josh/WRFV3/share -I/global/scratch/azare/Josh/WRFV3/phys -I/global/scratch/azare/Josh/WRFV3/chem -I/global/scratch/azare/Josh/WRFV3/inc -I/global/software/sl-6.x86_64/modules/intel/2013_sp1.4.211/netcdf/4.3.2-intel-p/include  -i4  module_kpp_racm_Jacobian.f90
rm -f module_kpp_racm_Update_Rconst.o
/lib/cpp -C -P -I/global/scratch/azare/Josh/WRFV3/inc -DEM_CORE=1 -DNMM_CORE=0 -DNMM_MAX_DIM=2600 -DCOAMPS_CORE=0 -DDA_CORE=0 -DEXP_CORE=0 -DIWORDSIZE=4 -DDWORDSIZE=8 -DRWORDSIZE=4 -DLWORDSIZE=4 -DNONSTANDARD_SYSTEM_FUNC -DWRF_USE_CLM  -DDM_PARALLEL -DNETCDF -DUSE_ALLOCATABLES -DGRIB1 -DINTIO -DLIMIT_ARGS -DCONFIG_BUF_LEN=65536 -DMAX_DOMAINS_F=21 -DMAX_HISTORY=25 -DNMM_NEST=0 -DWRF_CHEM -DBUILD_CHEM=1 -DWRF_KPP -I. -traditional   module_kpp_racm_Update_Rconst.F  > module_kpp_racm_Update_Rconst.bb
/global/scratch/azare/Josh/WRFV3/tools/standard.exe module_kpp_racm_Update_Rconst.bb | /lib/cpp -C -P > module_kpp_racm_Update_Rconst.f90
rm -f module_kpp_racm_Update_Rconst.b module_kpp_racm_Update_Rconst.bb
mpif90 -f90=ifort -o module_kpp_racm_Update_Rconst.o -c -O2 -ip -fp-model precise -w -ftz -align all -fno-alias -FR -convert big_endian    -I../dyn_em -I../dyn_nmm   -I/global/scratch/azare/Josh/WRFV3/external/esmf_time_f90  -I/global/scratch/azare/Josh/WRFV3/main -I/global/scratch/azare/Josh/WRFV3/external/io_netcdf -I/global/scratch/azare/Josh/WRFV3/external/io_int -I/global/scratch/azare/Josh/WRFV3/frame -I/global/scratch/azare/Josh/WRFV3/share -I/global/scratch/azare/Josh/WRFV3/phys -I/global/scratch/azare/Josh/WRFV3/chem -I/global/scratch/azare/Josh/WRFV3/inc -I/global/software/sl-6.x86_64/modules/intel/2013_sp1.4.211/netcdf/4.3.2-intel-p/include  -i4  module_kpp_racm_Update_Rconst.f90
rm -f module_kpp_racm_Integr.o
/lib/cpp -C -P -I/global/scratch/azare/Josh/WRFV3/inc -DEM_CORE=1 -DNMM_CORE=0 -DNMM_MAX_DIM=2600 -DCOAMPS_CORE=0 -DDA_CORE=0 -DEXP_CORE=0 -DIWORDSIZE=4 -DDWORDSIZE=8 -DRWORDSIZE=4 -DLWORDSIZE=4 -DNONSTANDARD_SYSTEM_FUNC -DWRF_USE_CLM  -DDM_PARALLEL -DNETCDF -DUSE_ALLOCATABLES -DGRIB1 -DINTIO -DLIMIT_ARGS -DCONFIG_BUF_LEN=65536 -DMAX_DOMAINS_F=21 -DMAX_HISTORY=25 -DNMM_NEST=0 -DWRF_CHEM -DBUILD_CHEM=1 -DWRF_KPP -I. -traditional   module_kpp_racm_Integr.F  > module_kpp_racm_Integr.bb
/global/scratch/azare/Josh/WRFV3/tools/standard.exe module_kpp_racm_Integr.bb | /lib/cpp -C -P > module_kpp_racm_Integr.f90
rm -f module_kpp_racm_Integr.b module_kpp_racm_Integr.bb
mpif90 -f90=ifort -o module_kpp_racm_Integr.o -c -O2 -ip -fp-model precise -w -ftz -align all -fno-alias -FR -convert big_endian    -I../dyn_em -I../dyn_nmm   -I/global/scratch/azare/Josh/WRFV3/external/esmf_time_f90  -I/global/scratch/azare/Josh/WRFV3/main -I/global/scratch/azare/Josh/WRFV3/external/io_netcdf -I/global/scratch/azare/Josh/WRFV3/external/io_int -I/global/scratch/azare/Josh/WRFV3/frame -I/global/scratch/azare/Josh/WRFV3/share -I/global/scratch/azare/Josh/WRFV3/phys -I/global/scratch/azare/Josh/WRFV3/chem -I/global/scratch/azare/Josh/WRFV3/inc -I/global/software/sl-6.x86_64/modules/intel/2013_sp1.4.211/netcdf/4.3.2-intel-p/include  -i4  module_kpp_racm_Integr.f90
rm -f module_kpp_racm_interface.o
/lib/cpp -C -P -I/global/scratch/azare/Josh/WRFV3/inc -DEM_CORE=1 -DNMM_CORE=0 -DNMM_MAX_DIM=2600 -DCOAMPS_CORE=0 -DDA_CORE=0 -DEXP_CORE=0 -DIWORDSIZE=4 -DDWORDSIZE=8 -DRWORDSIZE=4 -DLWORDSIZE=4 -DNONSTANDARD_SYSTEM_FUNC -DWRF_USE_CLM  -DDM_PARALLEL -DNETCDF -DUSE_ALLOCATABLES -DGRIB1 -DINTIO -DLIMIT_ARGS -DCONFIG_BUF_LEN=65536 -DMAX_DOMAINS_F=21 -DMAX_HISTORY=25 -DNMM_NEST=0 -DWRF_CHEM -DBUILD_CHEM=1 -DWRF_KPP -I. -traditional   module_kpp_racm_interface.F  > module_kpp_racm_interface.bb
/global/scratch/azare/Josh/WRFV3/tools/standard.exe module_kpp_racm_interface.bb | /lib/cpp -C -P > module_kpp_racm_interface.f90
rm -f module_kpp_racm_interface.b module_kpp_racm_interface.bb
mpif90 -f90=ifort -o module_kpp_racm_interface.o -c -O2 -ip -fp-model precise -w -ftz -align all -fno-alias -FR -convert big_endian    -I../dyn_em -I../dyn_nmm   -I/global/scratch/azare/Josh/WRFV3/external/esmf_time_f90  -I/global/scratch/azare/Josh/WRFV3/main -I/global/scratch/azare/Josh/WRFV3/external/io_netcdf -I/global/scratch/azare/Josh/WRFV3/external/io_int -I/global/scratch/azare/Josh/WRFV3/frame -I/global/scratch/azare/Josh/WRFV3/share -I/global/scratch/azare/Josh/WRFV3/phys -I/global/scratch/azare/Josh/WRFV3/chem -I/global/scratch/azare/Josh/WRFV3/inc -I/global/software/sl-6.x86_64/modules/intel/2013_sp1.4.211/netcdf/4.3.2-intel-p/include  -i4  module_kpp_racm_interface.f90
rm -f module_kpp_racmpm_Precision.o
/lib/cpp -C -P -I/global/scratch/azare/Josh/WRFV3/inc -DEM_CORE=1 -DNMM_CORE=0 -DNMM_MAX_DIM=2600 -DCOAMPS_CORE=0 -DDA_CORE=0 -DEXP_CORE=0 -DIWORDSIZE=4 -DDWORDSIZE=8 -DRWORDSIZE=4 -DLWORDSIZE=4 -DNONSTANDARD_SYSTEM_FUNC -DWRF_USE_CLM  -DDM_PARALLEL -DNETCDF -DUSE_ALLOCATABLES -DGRIB1 -DINTIO -DLIMIT_ARGS -DCONFIG_BUF_LEN=65536 -DMAX_DOMAINS_F=21 -DMAX_HISTORY=25 -DNMM_NEST=0 -DWRF_CHEM -DBUILD_CHEM=1 -DWRF_KPP -I. -traditional   module_kpp_racmpm_Precision.F  > module_kpp_racmpm_Precision.bb
/global/scratch/azare/Josh/WRFV3/tools/standard.exe module_kpp_racmpm_Precision.bb | /lib/cpp -C -P > module_kpp_racmpm_Precision.f90
rm -f module_kpp_racmpm_Precision.b module_kpp_racmpm_Precision.bb
mpif90 -f90=ifort -o module_kpp_racmpm_Precision.o -c -O2 -ip -fp-model precise -w -ftz -align all -fno-alias -FR -convert big_endian    -I../dyn_em -I../dyn_nmm   -I/global/scratch/azare/Josh/WRFV3/external/esmf_time_f90  -I/global/scratch/azare/Josh/WRFV3/main -I/global/scratch/azare/Josh/WRFV3/external/io_netcdf -I/global/scratch/azare/Josh/WRFV3/external/io_int -I/global/scratch/azare/Josh/WRFV3/frame -I/global/scratch/azare/Josh/WRFV3/share -I/global/scratch/azare/Josh/WRFV3/phys -I/global/scratch/azare/Josh/WRFV3/chem -I/global/scratch/azare/Josh/WRFV3/inc -I/global/software/sl-6.x86_64/modules/intel/2013_sp1.4.211/netcdf/4.3.2-intel-p/include  -i4  module_kpp_racmpm_Precision.f90
rm -f module_kpp_racmpm_Parameters.o
/lib/cpp -C -P -I/global/scratch/azare/Josh/WRFV3/inc -DEM_CORE=1 -DNMM_CORE=0 -DNMM_MAX_DIM=2600 -DCOAMPS_CORE=0 -DDA_CORE=0 -DEXP_CORE=0 -DIWORDSIZE=4 -DDWORDSIZE=8 -DRWORDSIZE=4 -DLWORDSIZE=4 -DNONSTANDARD_SYSTEM_FUNC -DWRF_USE_CLM  -DDM_PARALLEL -DNETCDF -DUSE_ALLOCATABLES -DGRIB1 -DINTIO -DLIMIT_ARGS -DCONFIG_BUF_LEN=65536 -DMAX_DOMAINS_F=21 -DMAX_HISTORY=25 -DNMM_NEST=0 -DWRF_CHEM -DBUILD_CHEM=1 -DWRF_KPP -I. -traditional   module_kpp_racmpm_Parameters.F  > module_kpp_racmpm_Parameters.bb
/global/scratch/azare/Josh/WRFV3/tools/standard.exe module_kpp_racmpm_Parameters.bb | /lib/cpp -C -P > module_kpp_racmpm_Parameters.f90
rm -f module_kpp_racmpm_Parameters.b module_kpp_racmpm_Parameters.bb
mpif90 -f90=ifort -o module_kpp_racmpm_Parameters.o -c -O2 -ip -fp-model precise -w -ftz -align all -fno-alias -FR -convert big_endian    -I../dyn_em -I../dyn_nmm   -I/global/scratch/azare/Josh/WRFV3/external/esmf_time_f90  -I/global/scratch/azare/Josh/WRFV3/main -I/global/scratch/azare/Josh/WRFV3/external/io_netcdf -I/global/scratch/azare/Josh/WRFV3/external/io_int -I/global/scratch/azare/Josh/WRFV3/frame -I/global/scratch/azare/Josh/WRFV3/share -I/global/scratch/azare/Josh/WRFV3/phys -I/global/scratch/azare/Josh/WRFV3/chem -I/global/scratch/azare/Josh/WRFV3/inc -I/global/software/sl-6.x86_64/modules/intel/2013_sp1.4.211/netcdf/4.3.2-intel-p/include  -i4  module_kpp_racmpm_Parameters.f90
rm -f module_kpp_racmpm_JacobianSP.o
/lib/cpp -C -P -I/global/scratch/azare/Josh/WRFV3/inc -DEM_CORE=1 -DNMM_CORE=0 -DNMM_MAX_DIM=2600 -DCOAMPS_CORE=0 -DDA_CORE=0 -DEXP_CORE=0 -DIWORDSIZE=4 -DDWORDSIZE=8 -DRWORDSIZE=4 -DLWORDSIZE=4 -DNONSTANDARD_SYSTEM_FUNC -DWRF_USE_CLM  -DDM_PARALLEL -DNETCDF -DUSE_ALLOCATABLES -DGRIB1 -DINTIO -DLIMIT_ARGS -DCONFIG_BUF_LEN=65536 -DMAX_DOMAINS_F=21 -DMAX_HISTORY=25 -DNMM_NEST=0 -DWRF_CHEM -DBUILD_CHEM=1 -DWRF_KPP -I. -traditional   module_kpp_racmpm_JacobianSP.F  > module_kpp_racmpm_JacobianSP.bb
/global/scratch/azare/Josh/WRFV3/tools/standard.exe module_kpp_racmpm_JacobianSP.bb | /lib/cpp -C -P > module_kpp_racmpm_JacobianSP.f90
rm -f module_kpp_racmpm_JacobianSP.b module_kpp_racmpm_JacobianSP.bb
mpif90 -f90=ifort -o module_kpp_racmpm_JacobianSP.o -c -O2 -ip -fp-model precise -w -ftz -align all -fno-alias -FR -convert big_endian    -I../dyn_em -I../dyn_nmm   -I/global/scratch/azare/Josh/WRFV3/external/esmf_time_f90  -I/global/scratch/azare/Josh/WRFV3/main -I/global/scratch/azare/Josh/WRFV3/external/io_netcdf -I/global/scratch/azare/Josh/WRFV3/external/io_int -I/global/scratch/azare/Josh/WRFV3/frame -I/global/scratch/azare/Josh/WRFV3/share -I/global/scratch/azare/Josh/WRFV3/phys -I/global/scratch/azare/Josh/WRFV3/chem -I/global/scratch/azare/Josh/WRFV3/inc -I/global/software/sl-6.x86_64/modules/intel/2013_sp1.4.211/netcdf/4.3.2-intel-p/include  -i4  module_kpp_racmpm_JacobianSP.f90
rm -f module_kpp_racmpm_Jacobian.o
/lib/cpp -C -P -I/global/scratch/azare/Josh/WRFV3/inc -DEM_CORE=1 -DNMM_CORE=0 -DNMM_MAX_DIM=2600 -DCOAMPS_CORE=0 -DDA_CORE=0 -DEXP_CORE=0 -DIWORDSIZE=4 -DDWORDSIZE=8 -DRWORDSIZE=4 -DLWORDSIZE=4 -DNONSTANDARD_SYSTEM_FUNC -DWRF_USE_CLM  -DDM_PARALLEL -DNETCDF -DUSE_ALLOCATABLES -DGRIB1 -DINTIO -DLIMIT_ARGS -DCONFIG_BUF_LEN=65536 -DMAX_DOMAINS_F=21 -DMAX_HISTORY=25 -DNMM_NEST=0 -DWRF_CHEM -DBUILD_CHEM=1 -DWRF_KPP -I. -traditional   module_kpp_racmpm_Jacobian.F  > module_kpp_racmpm_Jacobian.bb
/global/scratch/azare/Josh/WRFV3/tools/standard.exe module_kpp_racmpm_Jacobian.bb | /lib/cpp -C -P > module_kpp_racmpm_Jacobian.f90
rm -f module_kpp_racmpm_Jacobian.b module_kpp_racmpm_Jacobian.bb
mpif90 -f90=ifort -o module_kpp_racmpm_Jacobian.o -c -O2 -ip -fp-model precise -w -ftz -align all -fno-alias -FR -convert big_endian    -I../dyn_em -I../dyn_nmm   -I/global/scratch/azare/Josh/WRFV3/external/esmf_time_f90  -I/global/scratch/azare/Josh/WRFV3/main -I/global/scratch/azare/Josh/WRFV3/external/io_netcdf -I/global/scratch/azare/Josh/WRFV3/external/io_int -I/global/scratch/azare/Josh/WRFV3/frame -I/global/scratch/azare/Josh/WRFV3/share -I/global/scratch/azare/Josh/WRFV3/phys -I/global/scratch/azare/Josh/WRFV3/chem -I/global/scratch/azare/Josh/WRFV3/inc -I/global/software/sl-6.x86_64/modules/intel/2013_sp1.4.211/netcdf/4.3.2-intel-p/include  -i4  module_kpp_racmpm_Jacobian.f90
rm -f module_kpp_racmpm_Update_Rconst.o
/lib/cpp -C -P -I/global/scratch/azare/Josh/WRFV3/inc -DEM_CORE=1 -DNMM_CORE=0 -DNMM_MAX_DIM=2600 -DCOAMPS_CORE=0 -DDA_CORE=0 -DEXP_CORE=0 -DIWORDSIZE=4 -DDWORDSIZE=8 -DRWORDSIZE=4 -DLWORDSIZE=4 -DNONSTANDARD_SYSTEM_FUNC -DWRF_USE_CLM  -DDM_PARALLEL -DNETCDF -DUSE_ALLOCATABLES -DGRIB1 -DINTIO -DLIMIT_ARGS -DCONFIG_BUF_LEN=65536 -DMAX_DOMAINS_F=21 -DMAX_HISTORY=25 -DNMM_NEST=0 -DWRF_CHEM -DBUILD_CHEM=1 -DWRF_KPP -I. -traditional   module_kpp_racmpm_Update_Rconst.F  > module_kpp_racmpm_Update_Rconst.bb
/global/scratch/azare/Josh/WRFV3/tools/standard.exe module_kpp_racmpm_Update_Rconst.bb | /lib/cpp -C -P > module_kpp_racmpm_Update_Rconst.f90
rm -f module_kpp_racmpm_Update_Rconst.b module_kpp_racmpm_Update_Rconst.bb
mpif90 -f90=ifort -o module_kpp_racmpm_Update_Rconst.o -c -O2 -ip -fp-model precise -w -ftz -align all -fno-alias -FR -convert big_endian    -I../dyn_em -I../dyn_nmm   -I/global/scratch/azare/Josh/WRFV3/external/esmf_time_f90  -I/global/scratch/azare/Josh/WRFV3/main -I/global/scratch/azare/Josh/WRFV3/external/io_netcdf -I/global/scratch/azare/Josh/WRFV3/external/io_int -I/global/scratch/azare/Josh/WRFV3/frame -I/global/scratch/azare/Josh/WRFV3/share -I/global/scratch/azare/Josh/WRFV3/phys -I/global/scratch/azare/Josh/WRFV3/chem -I/global/scratch/azare/Josh/WRFV3/inc -I/global/software/sl-6.x86_64/modules/intel/2013_sp1.4.211/netcdf/4.3.2-intel-p/include  -i4  module_kpp_racmpm_Update_Rconst.f90
rm -f module_kpp_racmpm_Integr.o
/lib/cpp -C -P -I/global/scratch/azare/Josh/WRFV3/inc -DEM_CORE=1 -DNMM_CORE=0 -DNMM_MAX_DIM=2600 -DCOAMPS_CORE=0 -DDA_CORE=0 -DEXP_CORE=0 -DIWORDSIZE=4 -DDWORDSIZE=8 -DRWORDSIZE=4 -DLWORDSIZE=4 -DNONSTANDARD_SYSTEM_FUNC -DWRF_USE_CLM  -DDM_PARALLEL -DNETCDF -DUSE_ALLOCATABLES -DGRIB1 -DINTIO -DLIMIT_ARGS -DCONFIG_BUF_LEN=65536 -DMAX_DOMAINS_F=21 -DMAX_HISTORY=25 -DNMM_NEST=0 -DWRF_CHEM -DBUILD_CHEM=1 -DWRF_KPP -I. -traditional   module_kpp_racmpm_Integr.F  > module_kpp_racmpm_Integr.bb
/global/scratch/azare/Josh/WRFV3/tools/standard.exe module_kpp_racmpm_Integr.bb | /lib/cpp -C -P > module_kpp_racmpm_Integr.f90
rm -f module_kpp_racmpm_Integr.b module_kpp_racmpm_Integr.bb
mpif90 -f90=ifort -o module_kpp_racmpm_Integr.o -c -O2 -ip -fp-model precise -w -ftz -align all -fno-alias -FR -convert big_endian    -I../dyn_em -I../dyn_nmm   -I/global/scratch/azare/Josh/WRFV3/external/esmf_time_f90  -I/global/scratch/azare/Josh/WRFV3/main -I/global/scratch/azare/Josh/WRFV3/external/io_netcdf -I/global/scratch/azare/Josh/WRFV3/external/io_int -I/global/scratch/azare/Josh/WRFV3/frame -I/global/scratch/azare/Josh/WRFV3/share -I/global/scratch/azare/Josh/WRFV3/phys -I/global/scratch/azare/Josh/WRFV3/chem -I/global/scratch/azare/Josh/WRFV3/inc -I/global/software/sl-6.x86_64/modules/intel/2013_sp1.4.211/netcdf/4.3.2-intel-p/include  -i4  module_kpp_racmpm_Integr.f90
rm -f module_kpp_racmpm_interface.o
/lib/cpp -C -P -I/global/scratch/azare/Josh/WRFV3/inc -DEM_CORE=1 -DNMM_CORE=0 -DNMM_MAX_DIM=2600 -DCOAMPS_CORE=0 -DDA_CORE=0 -DEXP_CORE=0 -DIWORDSIZE=4 -DDWORDSIZE=8 -DRWORDSIZE=4 -DLWORDSIZE=4 -DNONSTANDARD_SYSTEM_FUNC -DWRF_USE_CLM  -DDM_PARALLEL -DNETCDF -DUSE_ALLOCATABLES -DGRIB1 -DINTIO -DLIMIT_ARGS -DCONFIG_BUF_LEN=65536 -DMAX_DOMAINS_F=21 -DMAX_HISTORY=25 -DNMM_NEST=0 -DWRF_CHEM -DBUILD_CHEM=1 -DWRF_KPP -I. -traditional   module_kpp_racmpm_interface.F  > module_kpp_racmpm_interface.bb
/global/scratch/azare/Josh/WRFV3/tools/standard.exe module_kpp_racmpm_interface.bb | /lib/cpp -C -P > module_kpp_racmpm_interface.f90
rm -f module_kpp_racmpm_interface.b module_kpp_racmpm_interface.bb
mpif90 -f90=ifort -o module_kpp_racmpm_interface.o -c -O2 -ip -fp-model precise -w -ftz -align all -fno-alias -FR -convert big_endian    -I../dyn_em -I../dyn_nmm   -I/global/scratch/azare/Josh/WRFV3/external/esmf_time_f90  -I/global/scratch/azare/Josh/WRFV3/main -I/global/scratch/azare/Josh/WRFV3/external/io_netcdf -I/global/scratch/azare/Josh/WRFV3/external/io_int -I/global/scratch/azare/Josh/WRFV3/frame -I/global/scratch/azare/Josh/WRFV3/share -I/global/scratch/azare/Josh/WRFV3/phys -I/global/scratch/azare/Josh/WRFV3/chem -I/global/scratch/azare/Josh/WRFV3/inc -I/global/software/sl-6.x86_64/modules/intel/2013_sp1.4.211/netcdf/4.3.2-intel-p/include  -i4  module_kpp_racmpm_interface.f90
rm -f module_kpp_cri_mosaic_4bin_aq_Precision.o
/lib/cpp -C -P -I/global/scratch/azare/Josh/WRFV3/inc -DEM_CORE=1 -DNMM_CORE=0 -DNMM_MAX_DIM=2600 -DCOAMPS_CORE=0 -DDA_CORE=0 -DEXP_CORE=0 -DIWORDSIZE=4 -DDWORDSIZE=8 -DRWORDSIZE=4 -DLWORDSIZE=4 -DNONSTANDARD_SYSTEM_FUNC -DWRF_USE_CLM  -DDM_PARALLEL -DNETCDF -DUSE_ALLOCATABLES -DGRIB1 -DINTIO -DLIMIT_ARGS -DCONFIG_BUF_LEN=65536 -DMAX_DOMAINS_F=21 -DMAX_HISTORY=25 -DNMM_NEST=0 -DWRF_CHEM -DBUILD_CHEM=1 -DWRF_KPP -I. -traditional   module_kpp_cri_mosaic_4bin_aq_Precision.F  > module_kpp_cri_mosaic_4bin_aq_Precision.bb
/global/scratch/azare/Josh/WRFV3/tools/standard.exe module_kpp_cri_mosaic_4bin_aq_Precision.bb | /lib/cpp -C -P > module_kpp_cri_mosaic_4bin_aq_Precision.f90
rm -f module_kpp_cri_mosaic_4bin_aq_Precision.b module_kpp_cri_mosaic_4bin_aq_Precision.bb
mpif90 -f90=ifort -o module_kpp_cri_mosaic_4bin_aq_Precision.o -c -O2 -ip -fp-model precise -w -ftz -align all -fno-alias -FR -convert big_endian    -I../dyn_em -I../dyn_nmm   -I/global/scratch/azare/Josh/WRFV3/external/esmf_time_f90  -I/global/scratch/azare/Josh/WRFV3/main -I/global/scratch/azare/Josh/WRFV3/external/io_netcdf -I/global/scratch/azare/Josh/WRFV3/external/io_int -I/global/scratch/azare/Josh/WRFV3/frame -I/global/scratch/azare/Josh/WRFV3/share -I/global/scratch/azare/Josh/WRFV3/phys -I/global/scratch/azare/Josh/WRFV3/chem -I/global/scratch/azare/Josh/WRFV3/inc -I/global/software/sl-6.x86_64/modules/intel/2013_sp1.4.211/netcdf/4.3.2-intel-p/include  -i4  module_kpp_cri_mosaic_4bin_aq_Precision.f90
rm -f module_kpp_cri_mosaic_4bin_aq_Parameters.o
/lib/cpp -C -P -I/global/scratch/azare/Josh/WRFV3/inc -DEM_CORE=1 -DNMM_CORE=0 -DNMM_MAX_DIM=2600 -DCOAMPS_CORE=0 -DDA_CORE=0 -DEXP_CORE=0 -DIWORDSIZE=4 -DDWORDSIZE=8 -DRWORDSIZE=4 -DLWORDSIZE=4 -DNONSTANDARD_SYSTEM_FUNC -DWRF_USE_CLM  -DDM_PARALLEL -DNETCDF -DUSE_ALLOCATABLES -DGRIB1 -DINTIO -DLIMIT_ARGS -DCONFIG_BUF_LEN=65536 -DMAX_DOMAINS_F=21 -DMAX_HISTORY=25 -DNMM_NEST=0 -DWRF_CHEM -DBUILD_CHEM=1 -DWRF_KPP -I. -traditional   module_kpp_cri_mosaic_4bin_aq_Parameters.F  > module_kpp_cri_mosaic_4bin_aq_Parameters.bb
/global/scratch/azare/Josh/WRFV3/tools/standard.exe module_kpp_cri_mosaic_4bin_aq_Parameters.bb | /lib/cpp -C -P > module_kpp_cri_mosaic_4bin_aq_Parameters.f90
rm -f module_kpp_cri_mosaic_4bin_aq_Parameters.b module_kpp_cri_mosaic_4bin_aq_Parameters.bb
mpif90 -f90=ifort -o module_kpp_cri_mosaic_4bin_aq_Parameters.o -c -O2 -ip -fp-model precise -w -ftz -align all -fno-alias -FR -convert big_endian    -I../dyn_em -I../dyn_nmm   -I/global/scratch/azare/Josh/WRFV3/external/esmf_time_f90  -I/global/scratch/azare/Josh/WRFV3/main -I/global/scratch/azare/Josh/WRFV3/external/io_netcdf -I/global/scratch/azare/Josh/WRFV3/external/io_int -I/global/scratch/azare/Josh/WRFV3/frame -I/global/scratch/azare/Josh/WRFV3/share -I/global/scratch/azare/Josh/WRFV3/phys -I/global/scratch/azare/Josh/WRFV3/chem -I/global/scratch/azare/Josh/WRFV3/inc -I/global/software/sl-6.x86_64/modules/intel/2013_sp1.4.211/netcdf/4.3.2-intel-p/include  -i4  module_kpp_cri_mosaic_4bin_aq_Parameters.f90
rm -f module_kpp_cri_mosaic_4bin_aq_JacobianSP.o
/lib/cpp -C -P -I/global/scratch/azare/Josh/WRFV3/inc -DEM_CORE=1 -DNMM_CORE=0 -DNMM_MAX_DIM=2600 -DCOAMPS_CORE=0 -DDA_CORE=0 -DEXP_CORE=0 -DIWORDSIZE=4 -DDWORDSIZE=8 -DRWORDSIZE=4 -DLWORDSIZE=4 -DNONSTANDARD_SYSTEM_FUNC -DWRF_USE_CLM  -DDM_PARALLEL -DNETCDF -DUSE_ALLOCATABLES -DGRIB1 -DINTIO -DLIMIT_ARGS -DCONFIG_BUF_LEN=65536 -DMAX_DOMAINS_F=21 -DMAX_HISTORY=25 -DNMM_NEST=0 -DWRF_CHEM -DBUILD_CHEM=1 -DWRF_KPP -I. -traditional   module_kpp_cri_mosaic_4bin_aq_JacobianSP.F  > module_kpp_cri_mosaic_4bin_aq_JacobianSP.bb
/global/scratch/azare/Josh/WRFV3/tools/standard.exe module_kpp_cri_mosaic_4bin_aq_JacobianSP.bb | /lib/cpp -C -P > module_kpp_cri_mosaic_4bin_aq_JacobianSP.f90
rm -f module_kpp_cri_mosaic_4bin_aq_JacobianSP.b module_kpp_cri_mosaic_4bin_aq_JacobianSP.bb
mpif90 -f90=ifort -o module_kpp_cri_mosaic_4bin_aq_JacobianSP.o -c -O2 -ip -fp-model precise -w -ftz -align all -fno-alias -FR -convert big_endian    -I../dyn_em -I../dyn_nmm   -I/global/scratch/azare/Josh/WRFV3/external/esmf_time_f90  -I/global/scratch/azare/Josh/WRFV3/main -I/global/scratch/azare/Josh/WRFV3/external/io_netcdf -I/global/scratch/azare/Josh/WRFV3/external/io_int -I/global/scratch/azare/Josh/WRFV3/frame -I/global/scratch/azare/Josh/WRFV3/share -I/global/scratch/azare/Josh/WRFV3/phys -I/global/scratch/azare/Josh/WRFV3/chem -I/global/scratch/azare/Josh/WRFV3/inc -I/global/software/sl-6.x86_64/modules/intel/2013_sp1.4.211/netcdf/4.3.2-intel-p/include  -i4  module_kpp_cri_mosaic_4bin_aq_JacobianSP.f90
rm -f module_kpp_cri_mosaic_4bin_aq_Jacobian.o
/lib/cpp -C -P -I/global/scratch/azare/Josh/WRFV3/inc -DEM_CORE=1 -DNMM_CORE=0 -DNMM_MAX_DIM=2600 -DCOAMPS_CORE=0 -DDA_CORE=0 -DEXP_CORE=0 -DIWORDSIZE=4 -DDWORDSIZE=8 -DRWORDSIZE=4 -DLWORDSIZE=4 -DNONSTANDARD_SYSTEM_FUNC -DWRF_USE_CLM  -DDM_PARALLEL -DNETCDF -DUSE_ALLOCATABLES -DGRIB1 -DINTIO -DLIMIT_ARGS -DCONFIG_BUF_LEN=65536 -DMAX_DOMAINS_F=21 -DMAX_HISTORY=25 -DNMM_NEST=0 -DWRF_CHEM -DBUILD_CHEM=1 -DWRF_KPP -I. -traditional   module_kpp_cri_mosaic_4bin_aq_Jacobian.F  > module_kpp_cri_mosaic_4bin_aq_Jacobian.bb
/global/scratch/azare/Josh/WRFV3/tools/standard.exe module_kpp_cri_mosaic_4bin_aq_Jacobian.bb | /lib/cpp -C -P > module_kpp_cri_mosaic_4bin_aq_Jacobian.f90
rm -f module_kpp_cri_mosaic_4bin_aq_Jacobian.b module_kpp_cri_mosaic_4bin_aq_Jacobian.bb
mpif90 -f90=ifort -o module_kpp_cri_mosaic_4bin_aq_Jacobian.o -c -O2 -ip -fp-model precise -w -ftz -align all -fno-alias -FR -convert big_endian    -I../dyn_em -I../dyn_nmm   -I/global/scratch/azare/Josh/WRFV3/external/esmf_time_f90  -I/global/scratch/azare/Josh/WRFV3/main -I/global/scratch/azare/Josh/WRFV3/external/io_netcdf -I/global/scratch/azare/Josh/WRFV3/external/io_int -I/global/scratch/azare/Josh/WRFV3/frame -I/global/scratch/azare/Josh/WRFV3/share -I/global/scratch/azare/Josh/WRFV3/phys -I/global/scratch/azare/Josh/WRFV3/chem -I/global/scratch/azare/Josh/WRFV3/inc -I/global/software/sl-6.x86_64/modules/intel/2013_sp1.4.211/netcdf/4.3.2-intel-p/include  -i4  module_kpp_cri_mosaic_4bin_aq_Jacobian.f90
rm -f module_kpp_cri_mosaic_4bin_aq_Update_Rconst.o
/lib/cpp -C -P -I/global/scratch/azare/Josh/WRFV3/inc -DEM_CORE=1 -DNMM_CORE=0 -DNMM_MAX_DIM=2600 -DCOAMPS_CORE=0 -DDA_CORE=0 -DEXP_CORE=0 -DIWORDSIZE=4 -DDWORDSIZE=8 -DRWORDSIZE=4 -DLWORDSIZE=4 -DNONSTANDARD_SYSTEM_FUNC -DWRF_USE_CLM  -DDM_PARALLEL -DNETCDF -DUSE_ALLOCATABLES -DGRIB1 -DINTIO -DLIMIT_ARGS -DCONFIG_BUF_LEN=65536 -DMAX_DOMAINS_F=21 -DMAX_HISTORY=25 -DNMM_NEST=0 -DWRF_CHEM -DBUILD_CHEM=1 -DWRF_KPP -I. -traditional   module_kpp_cri_mosaic_4bin_aq_Update_Rconst.F  > module_kpp_cri_mosaic_4bin_aq_Update_Rconst.bb
/global/scratch/azare/Josh/WRFV3/tools/standard.exe module_kpp_cri_mosaic_4bin_aq_Update_Rconst.bb | /lib/cpp -C -P > module_kpp_cri_mosaic_4bin_aq_Update_Rconst.f90
rm -f module_kpp_cri_mosaic_4bin_aq_Update_Rconst.b module_kpp_cri_mosaic_4bin_aq_Update_Rconst.bb
mpif90 -f90=ifort -o module_kpp_cri_mosaic_4bin_aq_Update_Rconst.o -c -O2 -ip -fp-model precise -w -ftz -align all -fno-alias -FR -convert big_endian    -I../dyn_em -I../dyn_nmm   -I/global/scratch/azare/Josh/WRFV3/external/esmf_time_f90  -I/global/scratch/azare/Josh/WRFV3/main -I/global/scratch/azare/Josh/WRFV3/external/io_netcdf -I/global/scratch/azare/Josh/WRFV3/external/io_int -I/global/scratch/azare/Josh/WRFV3/frame -I/global/scratch/azare/Josh/WRFV3/share -I/global/scratch/azare/Josh/WRFV3/phys -I/global/scratch/azare/Josh/WRFV3/chem -I/global/scratch/azare/Josh/WRFV3/inc -I/global/software/sl-6.x86_64/modules/intel/2013_sp1.4.211/netcdf/4.3.2-intel-p/include  -i4  module_kpp_cri_mosaic_4bin_aq_Update_Rconst.f90
rm -f module_kpp_cri_mosaic_4bin_aq_Integr.o
/lib/cpp -C -P -I/global/scratch/azare/Josh/WRFV3/inc -DEM_CORE=1 -DNMM_CORE=0 -DNMM_MAX_DIM=2600 -DCOAMPS_CORE=0 -DDA_CORE=0 -DEXP_CORE=0 -DIWORDSIZE=4 -DDWORDSIZE=8 -DRWORDSIZE=4 -DLWORDSIZE=4 -DNONSTANDARD_SYSTEM_FUNC -DWRF_USE_CLM  -DDM_PARALLEL -DNETCDF -DUSE_ALLOCATABLES -DGRIB1 -DINTIO -DLIMIT_ARGS -DCONFIG_BUF_LEN=65536 -DMAX_DOMAINS_F=21 -DMAX_HISTORY=25 -DNMM_NEST=0 -DWRF_CHEM -DBUILD_CHEM=1 -DWRF_KPP -I. -traditional   module_kpp_cri_mosaic_4bin_aq_Integr.F  > module_kpp_cri_mosaic_4bin_aq_Integr.bb
/global/scratch/azare/Josh/WRFV3/tools/standard.exe module_kpp_cri_mosaic_4bin_aq_Integr.bb | /lib/cpp -C -P > module_kpp_cri_mosaic_4bin_aq_Integr.f90
rm -f module_kpp_cri_mosaic_4bin_aq_Integr.b module_kpp_cri_mosaic_4bin_aq_Integr.bb
mpif90 -f90=ifort -o module_kpp_cri_mosaic_4bin_aq_Integr.o -c -O2 -ip -fp-model precise -w -ftz -align all -fno-alias -FR -convert big_endian    -I../dyn_em -I../dyn_nmm   -I/global/scratch/azare/Josh/WRFV3/external/esmf_time_f90  -I/global/scratch/azare/Josh/WRFV3/main -I/global/scratch/azare/Josh/WRFV3/external/io_netcdf -I/global/scratch/azare/Josh/WRFV3/external/io_int -I/global/scratch/azare/Josh/WRFV3/frame -I/global/scratch/azare/Josh/WRFV3/share -I/global/scratch/azare/Josh/WRFV3/phys -I/global/scratch/azare/Josh/WRFV3/chem -I/global/scratch/azare/Josh/WRFV3/inc -I/global/software/sl-6.x86_64/modules/intel/2013_sp1.4.211/netcdf/4.3.2-intel-p/include  -i4  module_kpp_cri_mosaic_4bin_aq_Integr.f90
rm -f module_kpp_cri_mosaic_4bin_aq_interface.o
/lib/cpp -C -P -I/global/scratch/azare/Josh/WRFV3/inc -DEM_CORE=1 -DNMM_CORE=0 -DNMM_MAX_DIM=2600 -DCOAMPS_CORE=0 -DDA_CORE=0 -DEXP_CORE=0 -DIWORDSIZE=4 -DDWORDSIZE=8 -DRWORDSIZE=4 -DLWORDSIZE=4 -DNONSTANDARD_SYSTEM_FUNC -DWRF_USE_CLM  -DDM_PARALLEL -DNETCDF -DUSE_ALLOCATABLES -DGRIB1 -DINTIO -DLIMIT_ARGS -DCONFIG_BUF_LEN=65536 -DMAX_DOMAINS_F=21 -DMAX_HISTORY=25 -DNMM_NEST=0 -DWRF_CHEM -DBUILD_CHEM=1 -DWRF_KPP -I. -traditional   module_kpp_cri_mosaic_4bin_aq_interface.F  > module_kpp_cri_mosaic_4bin_aq_interface.bb
/global/scratch/azare/Josh/WRFV3/tools/standard.exe module_kpp_cri_mosaic_4bin_aq_interface.bb | /lib/cpp -C -P > module_kpp_cri_mosaic_4bin_aq_interface.f90
rm -f module_kpp_cri_mosaic_4bin_aq_interface.b module_kpp_cri_mosaic_4bin_aq_interface.bb
mpif90 -f90=ifort -o module_kpp_cri_mosaic_4bin_aq_interface.o -c -O2 -ip -fp-model precise -w -ftz -align all -fno-alias -FR -convert big_endian    -I../dyn_em -I../dyn_nmm   -I/global/scratch/azare/Josh/WRFV3/external/esmf_time_f90  -I/global/scratch/azare/Josh/WRFV3/main -I/global/scratch/azare/Josh/WRFV3/external/io_netcdf -I/global/scratch/azare/Josh/WRFV3/external/io_int -I/global/scratch/azare/Josh/WRFV3/frame -I/global/scratch/azare/Josh/WRFV3/share -I/global/scratch/azare/Josh/WRFV3/phys -I/global/scratch/azare/Josh/WRFV3/chem -I/global/scratch/azare/Josh/WRFV3/inc -I/global/software/sl-6.x86_64/modules/intel/2013_sp1.4.211/netcdf/4.3.2-intel-p/include  -i4  module_kpp_cri_mosaic_4bin_aq_interface.f90
rm -f module_kpp_r2smh_Precision.o
/lib/cpp -C -P -I/global/scratch/azare/Josh/WRFV3/inc -DEM_CORE=1 -DNMM_CORE=0 -DNMM_MAX_DIM=2600 -DCOAMPS_CORE=0 -DDA_CORE=0 -DEXP_CORE=0 -DIWORDSIZE=4 -DDWORDSIZE=8 -DRWORDSIZE=4 -DLWORDSIZE=4 -DNONSTANDARD_SYSTEM_FUNC -DWRF_USE_CLM  -DDM_PARALLEL -DNETCDF -DUSE_ALLOCATABLES -DGRIB1 -DINTIO -DLIMIT_ARGS -DCONFIG_BUF_LEN=65536 -DMAX_DOMAINS_F=21 -DMAX_HISTORY=25 -DNMM_NEST=0 -DWRF_CHEM -DBUILD_CHEM=1 -DWRF_KPP -I. -traditional   module_kpp_r2smh_Precision.F  > module_kpp_r2smh_Precision.bb
/global/scratch/azare/Josh/WRFV3/tools/standard.exe module_kpp_r2smh_Precision.bb | /lib/cpp -C -P > module_kpp_r2smh_Precision.f90
rm -f module_kpp_r2smh_Precision.b module_kpp_r2smh_Precision.bb
mpif90 -f90=ifort -o module_kpp_r2smh_Precision.o -c -O2 -ip -fp-model precise -w -ftz -align all -fno-alias -FR -convert big_endian    -I../dyn_em -I../dyn_nmm   -I/global/scratch/azare/Josh/WRFV3/external/esmf_time_f90  -I/global/scratch/azare/Josh/WRFV3/main -I/global/scratch/azare/Josh/WRFV3/external/io_netcdf -I/global/scratch/azare/Josh/WRFV3/external/io_int -I/global/scratch/azare/Josh/WRFV3/frame -I/global/scratch/azare/Josh/WRFV3/share -I/global/scratch/azare/Josh/WRFV3/phys -I/global/scratch/azare/Josh/WRFV3/chem -I/global/scratch/azare/Josh/WRFV3/inc -I/global/software/sl-6.x86_64/modules/intel/2013_sp1.4.211/netcdf/4.3.2-intel-p/include  -i4  module_kpp_r2smh_Precision.f90
rm -f module_kpp_r2smh_Parameters.o
/lib/cpp -C -P -I/global/scratch/azare/Josh/WRFV3/inc -DEM_CORE=1 -DNMM_CORE=0 -DNMM_MAX_DIM=2600 -DCOAMPS_CORE=0 -DDA_CORE=0 -DEXP_CORE=0 -DIWORDSIZE=4 -DDWORDSIZE=8 -DRWORDSIZE=4 -DLWORDSIZE=4 -DNONSTANDARD_SYSTEM_FUNC -DWRF_USE_CLM  -DDM_PARALLEL -DNETCDF -DUSE_ALLOCATABLES -DGRIB1 -DINTIO -DLIMIT_ARGS -DCONFIG_BUF_LEN=65536 -DMAX_DOMAINS_F=21 -DMAX_HISTORY=25 -DNMM_NEST=0 -DWRF_CHEM -DBUILD_CHEM=1 -DWRF_KPP -I. -traditional   module_kpp_r2smh_Parameters.F  > module_kpp_r2smh_Parameters.bb
/global/scratch/azare/Josh/WRFV3/tools/standard.exe module_kpp_r2smh_Parameters.bb | /lib/cpp -C -P > module_kpp_r2smh_Parameters.f90
rm -f module_kpp_r2smh_Parameters.b module_kpp_r2smh_Parameters.bb
mpif90 -f90=ifort -o module_kpp_r2smh_Parameters.o -c -O2 -ip -fp-model precise -w -ftz -align all -fno-alias -FR -convert big_endian    -I../dyn_em -I../dyn_nmm   -I/global/scratch/azare/Josh/WRFV3/external/esmf_time_f90  -I/global/scratch/azare/Josh/WRFV3/main -I/global/scratch/azare/Josh/WRFV3/external/io_netcdf -I/global/scratch/azare/Josh/WRFV3/external/io_int -I/global/scratch/azare/Josh/WRFV3/frame -I/global/scratch/azare/Josh/WRFV3/share -I/global/scratch/azare/Josh/WRFV3/phys -I/global/scratch/azare/Josh/WRFV3/chem -I/global/scratch/azare/Josh/WRFV3/inc -I/global/software/sl-6.x86_64/modules/intel/2013_sp1.4.211/netcdf/4.3.2-intel-p/include  -i4  module_kpp_r2smh_Parameters.f90
rm -f module_kpp_r2smh_JacobianSP.o
/lib/cpp -C -P -I/global/scratch/azare/Josh/WRFV3/inc -DEM_CORE=1 -DNMM_CORE=0 -DNMM_MAX_DIM=2600 -DCOAMPS_CORE=0 -DDA_CORE=0 -DEXP_CORE=0 -DIWORDSIZE=4 -DDWORDSIZE=8 -DRWORDSIZE=4 -DLWORDSIZE=4 -DNONSTANDARD_SYSTEM_FUNC -DWRF_USE_CLM  -DDM_PARALLEL -DNETCDF -DUSE_ALLOCATABLES -DGRIB1 -DINTIO -DLIMIT_ARGS -DCONFIG_BUF_LEN=65536 -DMAX_DOMAINS_F=21 -DMAX_HISTORY=25 -DNMM_NEST=0 -DWRF_CHEM -DBUILD_CHEM=1 -DWRF_KPP -I. -traditional   module_kpp_r2smh_JacobianSP.F  > module_kpp_r2smh_JacobianSP.bb
/global/scratch/azare/Josh/WRFV3/tools/standard.exe module_kpp_r2smh_JacobianSP.bb | /lib/cpp -C -P > module_kpp_r2smh_JacobianSP.f90
rm -f module_kpp_r2smh_JacobianSP.b module_kpp_r2smh_JacobianSP.bb
mpif90 -f90=ifort -o module_kpp_r2smh_JacobianSP.o -c -O2 -ip -fp-model precise -w -ftz -align all -fno-alias -FR -convert big_endian    -I../dyn_em -I../dyn_nmm   -I/global/scratch/azare/Josh/WRFV3/external/esmf_time_f90  -I/global/scratch/azare/Josh/WRFV3/main -I/global/scratch/azare/Josh/WRFV3/external/io_netcdf -I/global/scratch/azare/Josh/WRFV3/external/io_int -I/global/scratch/azare/Josh/WRFV3/frame -I/global/scratch/azare/Josh/WRFV3/share -I/global/scratch/azare/Josh/WRFV3/phys -I/global/scratch/azare/Josh/WRFV3/chem -I/global/scratch/azare/Josh/WRFV3/inc -I/global/software/sl-6.x86_64/modules/intel/2013_sp1.4.211/netcdf/4.3.2-intel-p/include  -i4  module_kpp_r2smh_JacobianSP.f90
rm -f module_kpp_r2smh_Jacobian.o
/lib/cpp -C -P -I/global/scratch/azare/Josh/WRFV3/inc -DEM_CORE=1 -DNMM_CORE=0 -DNMM_MAX_DIM=2600 -DCOAMPS_CORE=0 -DDA_CORE=0 -DEXP_CORE=0 -DIWORDSIZE=4 -DDWORDSIZE=8 -DRWORDSIZE=4 -DLWORDSIZE=4 -DNONSTANDARD_SYSTEM_FUNC -DWRF_USE_CLM  -DDM_PARALLEL -DNETCDF -DUSE_ALLOCATABLES -DGRIB1 -DINTIO -DLIMIT_ARGS -DCONFIG_BUF_LEN=65536 -DMAX_DOMAINS_F=21 -DMAX_HISTORY=25 -DNMM_NEST=0 -DWRF_CHEM -DBUILD_CHEM=1 -DWRF_KPP -I. -traditional   module_kpp_r2smh_Jacobian.F  > module_kpp_r2smh_Jacobian.bb
/global/scratch/azare/Josh/WRFV3/tools/standard.exe module_kpp_r2smh_Jacobian.bb | /lib/cpp -C -P > module_kpp_r2smh_Jacobian.f90
rm -f module_kpp_r2smh_Jacobian.b module_kpp_r2smh_Jacobian.bb
mpif90 -f90=ifort -o module_kpp_r2smh_Jacobian.o -c -O2 -ip -fp-model precise -w -ftz -align all -fno-alias -FR -convert big_endian    -I../dyn_em -I../dyn_nmm   -I/global/scratch/azare/Josh/WRFV3/external/esmf_time_f90  -I/global/scratch/azare/Josh/WRFV3/main -I/global/scratch/azare/Josh/WRFV3/external/io_netcdf -I/global/scratch/azare/Josh/WRFV3/external/io_int -I/global/scratch/azare/Josh/WRFV3/frame -I/global/scratch/azare/Josh/WRFV3/share -I/global/scratch/azare/Josh/WRFV3/phys -I/global/scratch/azare/Josh/WRFV3/chem -I/global/scratch/azare/Josh/WRFV3/inc -I/global/software/sl-6.x86_64/modules/intel/2013_sp1.4.211/netcdf/4.3.2-intel-p/include  -i4  module_kpp_r2smh_Jacobian.f90
rm -f module_kpp_r2smh_Update_Rconst.o
/lib/cpp -C -P -I/global/scratch/azare/Josh/WRFV3/inc -DEM_CORE=1 -DNMM_CORE=0 -DNMM_MAX_DIM=2600 -DCOAMPS_CORE=0 -DDA_CORE=0 -DEXP_CORE=0 -DIWORDSIZE=4 -DDWORDSIZE=8 -DRWORDSIZE=4 -DLWORDSIZE=4 -DNONSTANDARD_SYSTEM_FUNC -DWRF_USE_CLM  -DDM_PARALLEL -DNETCDF -DUSE_ALLOCATABLES -DGRIB1 -DINTIO -DLIMIT_ARGS -DCONFIG_BUF_LEN=65536 -DMAX_DOMAINS_F=21 -DMAX_HISTORY=25 -DNMM_NEST=0 -DWRF_CHEM -DBUILD_CHEM=1 -DWRF_KPP -I. -traditional   module_kpp_r2smh_Update_Rconst.F  > module_kpp_r2smh_Update_Rconst.bb
/global/scratch/azare/Josh/WRFV3/tools/standard.exe module_kpp_r2smh_Update_Rconst.bb | /lib/cpp -C -P > module_kpp_r2smh_Update_Rconst.f90
rm -f module_kpp_r2smh_Update_Rconst.b module_kpp_r2smh_Update_Rconst.bb
mpif90 -f90=ifort -o module_kpp_r2smh_Update_Rconst.o -c -O2 -ip -fp-model precise -w -ftz -align all -fno-alias -FR -convert big_endian    -I../dyn_em -I../dyn_nmm   -I/global/scratch/azare/Josh/WRFV3/external/esmf_time_f90  -I/global/scratch/azare/Josh/WRFV3/main -I/global/scratch/azare/Josh/WRFV3/external/io_netcdf -I/global/scratch/azare/Josh/WRFV3/external/io_int -I/global/scratch/azare/Josh/WRFV3/frame -I/global/scratch/azare/Josh/WRFV3/share -I/global/scratch/azare/Josh/WRFV3/phys -I/global/scratch/azare/Josh/WRFV3/chem -I/global/scratch/azare/Josh/WRFV3/inc -I/global/software/sl-6.x86_64/modules/intel/2013_sp1.4.211/netcdf/4.3.2-intel-p/include  -i4  module_kpp_r2smh_Update_Rconst.f90
rm -f module_kpp_r2smh_Integr.o
/lib/cpp -C -P -I/global/scratch/azare/Josh/WRFV3/inc -DEM_CORE=1 -DNMM_CORE=0 -DNMM_MAX_DIM=2600 -DCOAMPS_CORE=0 -DDA_CORE=0 -DEXP_CORE=0 -DIWORDSIZE=4 -DDWORDSIZE=8 -DRWORDSIZE=4 -DLWORDSIZE=4 -DNONSTANDARD_SYSTEM_FUNC -DWRF_USE_CLM  -DDM_PARALLEL -DNETCDF -DUSE_ALLOCATABLES -DGRIB1 -DINTIO -DLIMIT_ARGS -DCONFIG_BUF_LEN=65536 -DMAX_DOMAINS_F=21 -DMAX_HISTORY=25 -DNMM_NEST=0 -DWRF_CHEM -DBUILD_CHEM=1 -DWRF_KPP -I. -traditional   module_kpp_r2smh_Integr.F  > module_kpp_r2smh_Integr.bb
/global/scratch/azare/Josh/WRFV3/tools/standard.exe module_kpp_r2smh_Integr.bb | /lib/cpp -C -P > module_kpp_r2smh_Integr.f90
rm -f module_kpp_r2smh_Integr.b module_kpp_r2smh_Integr.bb
mpif90 -f90=ifort -o module_kpp_r2smh_Integr.o -c -O2 -ip -fp-model precise -w -ftz -align all -fno-alias -FR -convert big_endian    -I../dyn_em -I../dyn_nmm   -I/global/scratch/azare/Josh/WRFV3/external/esmf_time_f90  -I/global/scratch/azare/Josh/WRFV3/main -I/global/scratch/azare/Josh/WRFV3/external/io_netcdf -I/global/scratch/azare/Josh/WRFV3/external/io_int -I/global/scratch/azare/Josh/WRFV3/frame -I/global/scratch/azare/Josh/WRFV3/share -I/global/scratch/azare/Josh/WRFV3/phys -I/global/scratch/azare/Josh/WRFV3/chem -I/global/scratch/azare/Josh/WRFV3/inc -I/global/software/sl-6.x86_64/modules/intel/2013_sp1.4.211/netcdf/4.3.2-intel-p/include  -i4  module_kpp_r2smh_Integr.f90
rm -f module_kpp_r2smh_interface.o
/lib/cpp -C -P -I/global/scratch/azare/Josh/WRFV3/inc -DEM_CORE=1 -DNMM_CORE=0 -DNMM_MAX_DIM=2600 -DCOAMPS_CORE=0 -DDA_CORE=0 -DEXP_CORE=0 -DIWORDSIZE=4 -DDWORDSIZE=8 -DRWORDSIZE=4 -DLWORDSIZE=4 -DNONSTANDARD_SYSTEM_FUNC -DWRF_USE_CLM  -DDM_PARALLEL -DNETCDF -DUSE_ALLOCATABLES -DGRIB1 -DINTIO -DLIMIT_ARGS -DCONFIG_BUF_LEN=65536 -DMAX_DOMAINS_F=21 -DMAX_HISTORY=25 -DNMM_NEST=0 -DWRF_CHEM -DBUILD_CHEM=1 -DWRF_KPP -I. -traditional   module_kpp_r2smh_interface.F  > module_kpp_r2smh_interface.bb
/global/scratch/azare/Josh/WRFV3/tools/standard.exe module_kpp_r2smh_interface.bb | /lib/cpp -C -P > module_kpp_r2smh_interface.f90
rm -f module_kpp_r2smh_interface.b module_kpp_r2smh_interface.bb
mpif90 -f90=ifort -o module_kpp_r2smh_interface.o -c -O2 -ip -fp-model precise -w -ftz -align all -fno-alias -FR -convert big_endian    -I../dyn_em -I../dyn_nmm   -I/global/scratch/azare/Josh/WRFV3/external/esmf_time_f90  -I/global/scratch/azare/Josh/WRFV3/main -I/global/scratch/azare/Josh/WRFV3/external/io_netcdf -I/global/scratch/azare/Josh/WRFV3/external/io_int -I/global/scratch/azare/Josh/WRFV3/frame -I/global/scratch/azare/Josh/WRFV3/share -I/global/scratch/azare/Josh/WRFV3/phys -I/global/scratch/azare/Josh/WRFV3/chem -I/global/scratch/azare/Josh/WRFV3/inc -I/global/software/sl-6.x86_64/modules/intel/2013_sp1.4.211/netcdf/4.3.2-intel-p/include  -i4  module_kpp_r2smh_interface.f90
rm -f module_kpp_crimech_Precision.o
/lib/cpp -C -P -I/global/scratch/azare/Josh/WRFV3/inc -DEM_CORE=1 -DNMM_CORE=0 -DNMM_MAX_DIM=2600 -DCOAMPS_CORE=0 -DDA_CORE=0 -DEXP_CORE=0 -DIWORDSIZE=4 -DDWORDSIZE=8 -DRWORDSIZE=4 -DLWORDSIZE=4 -DNONSTANDARD_SYSTEM_FUNC -DWRF_USE_CLM  -DDM_PARALLEL -DNETCDF -DUSE_ALLOCATABLES -DGRIB1 -DINTIO -DLIMIT_ARGS -DCONFIG_BUF_LEN=65536 -DMAX_DOMAINS_F=21 -DMAX_HISTORY=25 -DNMM_NEST=0 -DWRF_CHEM -DBUILD_CHEM=1 -DWRF_KPP -I. -traditional   module_kpp_crimech_Precision.F  > module_kpp_crimech_Precision.bb
/global/scratch/azare/Josh/WRFV3/tools/standard.exe module_kpp_crimech_Precision.bb | /lib/cpp -C -P > module_kpp_crimech_Precision.f90
rm -f module_kpp_crimech_Precision.b module_kpp_crimech_Precision.bb
mpif90 -f90=ifort -o module_kpp_crimech_Precision.o -c -O2 -ip -fp-model precise -w -ftz -align all -fno-alias -FR -convert big_endian    -I../dyn_em -I../dyn_nmm   -I/global/scratch/azare/Josh/WRFV3/external/esmf_time_f90  -I/global/scratch/azare/Josh/WRFV3/main -I/global/scratch/azare/Josh/WRFV3/external/io_netcdf -I/global/scratch/azare/Josh/WRFV3/external/io_int -I/global/scratch/azare/Josh/WRFV3/frame -I/global/scratch/azare/Josh/WRFV3/share -I/global/scratch/azare/Josh/WRFV3/phys -I/global/scratch/azare/Josh/WRFV3/chem -I/global/scratch/azare/Josh/WRFV3/inc -I/global/software/sl-6.x86_64/modules/intel/2013_sp1.4.211/netcdf/4.3.2-intel-p/include  -i4  module_kpp_crimech_Precision.f90
rm -f module_kpp_crimech_Parameters.o
/lib/cpp -C -P -I/global/scratch/azare/Josh/WRFV3/inc -DEM_CORE=1 -DNMM_CORE=0 -DNMM_MAX_DIM=2600 -DCOAMPS_CORE=0 -DDA_CORE=0 -DEXP_CORE=0 -DIWORDSIZE=4 -DDWORDSIZE=8 -DRWORDSIZE=4 -DLWORDSIZE=4 -DNONSTANDARD_SYSTEM_FUNC -DWRF_USE_CLM  -DDM_PARALLEL -DNETCDF -DUSE_ALLOCATABLES -DGRIB1 -DINTIO -DLIMIT_ARGS -DCONFIG_BUF_LEN=65536 -DMAX_DOMAINS_F=21 -DMAX_HISTORY=25 -DNMM_NEST=0 -DWRF_CHEM -DBUILD_CHEM=1 -DWRF_KPP -I. -traditional   module_kpp_crimech_Parameters.F  > module_kpp_crimech_Parameters.bb
/global/scratch/azare/Josh/WRFV3/tools/standard.exe module_kpp_crimech_Parameters.bb | /lib/cpp -C -P > module_kpp_crimech_Parameters.f90
rm -f module_kpp_crimech_Parameters.b module_kpp_crimech_Parameters.bb
mpif90 -f90=ifort -o module_kpp_crimech_Parameters.o -c -O2 -ip -fp-model precise -w -ftz -align all -fno-alias -FR -convert big_endian    -I../dyn_em -I../dyn_nmm   -I/global/scratch/azare/Josh/WRFV3/external/esmf_time_f90  -I/global/scratch/azare/Josh/WRFV3/main -I/global/scratch/azare/Josh/WRFV3/external/io_netcdf -I/global/scratch/azare/Josh/WRFV3/external/io_int -I/global/scratch/azare/Josh/WRFV3/frame -I/global/scratch/azare/Josh/WRFV3/share -I/global/scratch/azare/Josh/WRFV3/phys -I/global/scratch/azare/Josh/WRFV3/chem -I/global/scratch/azare/Josh/WRFV3/inc -I/global/software/sl-6.x86_64/modules/intel/2013_sp1.4.211/netcdf/4.3.2-intel-p/include  -i4  module_kpp_crimech_Parameters.f90
rm -f module_kpp_crimech_JacobianSP.o
/lib/cpp -C -P -I/global/scratch/azare/Josh/WRFV3/inc -DEM_CORE=1 -DNMM_CORE=0 -DNMM_MAX_DIM=2600 -DCOAMPS_CORE=0 -DDA_CORE=0 -DEXP_CORE=0 -DIWORDSIZE=4 -DDWORDSIZE=8 -DRWORDSIZE=4 -DLWORDSIZE=4 -DNONSTANDARD_SYSTEM_FUNC -DWRF_USE_CLM  -DDM_PARALLEL -DNETCDF -DUSE_ALLOCATABLES -DGRIB1 -DINTIO -DLIMIT_ARGS -DCONFIG_BUF_LEN=65536 -DMAX_DOMAINS_F=21 -DMAX_HISTORY=25 -DNMM_NEST=0 -DWRF_CHEM -DBUILD_CHEM=1 -DWRF_KPP -I. -traditional   module_kpp_crimech_JacobianSP.F  > module_kpp_crimech_JacobianSP.bb
/global/scratch/azare/Josh/WRFV3/tools/standard.exe module_kpp_crimech_JacobianSP.bb | /lib/cpp -C -P > module_kpp_crimech_JacobianSP.f90
rm -f module_kpp_crimech_JacobianSP.b module_kpp_crimech_JacobianSP.bb
mpif90 -f90=ifort -o module_kpp_crimech_JacobianSP.o -c -O2 -ip -fp-model precise -w -ftz -align all -fno-alias -FR -convert big_endian    -I../dyn_em -I../dyn_nmm   -I/global/scratch/azare/Josh/WRFV3/external/esmf_time_f90  -I/global/scratch/azare/Josh/WRFV3/main -I/global/scratch/azare/Josh/WRFV3/external/io_netcdf -I/global/scratch/azare/Josh/WRFV3/external/io_int -I/global/scratch/azare/Josh/WRFV3/frame -I/global/scratch/azare/Josh/WRFV3/share -I/global/scratch/azare/Josh/WRFV3/phys -I/global/scratch/azare/Josh/WRFV3/chem -I/global/scratch/azare/Josh/WRFV3/inc -I/global/software/sl-6.x86_64/modules/intel/2013_sp1.4.211/netcdf/4.3.2-intel-p/include  -i4  module_kpp_crimech_JacobianSP.f90
rm -f module_kpp_crimech_Jacobian.o
/lib/cpp -C -P -I/global/scratch/azare/Josh/WRFV3/inc -DEM_CORE=1 -DNMM_CORE=0 -DNMM_MAX_DIM=2600 -DCOAMPS_CORE=0 -DDA_CORE=0 -DEXP_CORE=0 -DIWORDSIZE=4 -DDWORDSIZE=8 -DRWORDSIZE=4 -DLWORDSIZE=4 -DNONSTANDARD_SYSTEM_FUNC -DWRF_USE_CLM  -DDM_PARALLEL -DNETCDF -DUSE_ALLOCATABLES -DGRIB1 -DINTIO -DLIMIT_ARGS -DCONFIG_BUF_LEN=65536 -DMAX_DOMAINS_F=21 -DMAX_HISTORY=25 -DNMM_NEST=0 -DWRF_CHEM -DBUILD_CHEM=1 -DWRF_KPP -I. -traditional   module_kpp_crimech_Jacobian.F  > module_kpp_crimech_Jacobian.bb
/global/scratch/azare/Josh/WRFV3/tools/standard.exe module_kpp_crimech_Jacobian.bb | /lib/cpp -C -P > module_kpp_crimech_Jacobian.f90
rm -f module_kpp_crimech_Jacobian.b module_kpp_crimech_Jacobian.bb
mpif90 -f90=ifort -o module_kpp_crimech_Jacobian.o -c -O2 -ip -fp-model precise -w -ftz -align all -fno-alias -FR -convert big_endian    -I../dyn_em -I../dyn_nmm   -I/global/scratch/azare/Josh/WRFV3/external/esmf_time_f90  -I/global/scratch/azare/Josh/WRFV3/main -I/global/scratch/azare/Josh/WRFV3/external/io_netcdf -I/global/scratch/azare/Josh/WRFV3/external/io_int -I/global/scratch/azare/Josh/WRFV3/frame -I/global/scratch/azare/Josh/WRFV3/share -I/global/scratch/azare/Josh/WRFV3/phys -I/global/scratch/azare/Josh/WRFV3/chem -I/global/scratch/azare/Josh/WRFV3/inc -I/global/software/sl-6.x86_64/modules/intel/2013_sp1.4.211/netcdf/4.3.2-intel-p/include  -i4  module_kpp_crimech_Jacobian.f90
rm -f module_kpp_crimech_Update_Rconst.o
/lib/cpp -C -P -I/global/scratch/azare/Josh/WRFV3/inc -DEM_CORE=1 -DNMM_CORE=0 -DNMM_MAX_DIM=2600 -DCOAMPS_CORE=0 -DDA_CORE=0 -DEXP_CORE=0 -DIWORDSIZE=4 -DDWORDSIZE=8 -DRWORDSIZE=4 -DLWORDSIZE=4 -DNONSTANDARD_SYSTEM_FUNC -DWRF_USE_CLM  -DDM_PARALLEL -DNETCDF -DUSE_ALLOCATABLES -DGRIB1 -DINTIO -DLIMIT_ARGS -DCONFIG_BUF_LEN=65536 -DMAX_DOMAINS_F=21 -DMAX_HISTORY=25 -DNMM_NEST=0 -DWRF_CHEM -DBUILD_CHEM=1 -DWRF_KPP -I. -traditional   module_kpp_crimech_Update_Rconst.F  > module_kpp_crimech_Update_Rconst.bb
/global/scratch/azare/Josh/WRFV3/tools/standard.exe module_kpp_crimech_Update_Rconst.bb | /lib/cpp -C -P > module_kpp_crimech_Update_Rconst.f90
rm -f module_kpp_crimech_Update_Rconst.b module_kpp_crimech_Update_Rconst.bb
mpif90 -f90=ifort -o module_kpp_crimech_Update_Rconst.o -c -O2 -ip -fp-model precise -w -ftz -align all -fno-alias -FR -convert big_endian    -I../dyn_em -I../dyn_nmm   -I/global/scratch/azare/Josh/WRFV3/external/esmf_time_f90  -I/global/scratch/azare/Josh/WRFV3/main -I/global/scratch/azare/Josh/WRFV3/external/io_netcdf -I/global/scratch/azare/Josh/WRFV3/external/io_int -I/global/scratch/azare/Josh/WRFV3/frame -I/global/scratch/azare/Josh/WRFV3/share -I/global/scratch/azare/Josh/WRFV3/phys -I/global/scratch/azare/Josh/WRFV3/chem -I/global/scratch/azare/Josh/WRFV3/inc -I/global/software/sl-6.x86_64/modules/intel/2013_sp1.4.211/netcdf/4.3.2-intel-p/include  -i4  module_kpp_crimech_Update_Rconst.f90
rm -f module_kpp_crimech_Integr.o
/lib/cpp -C -P -I/global/scratch/azare/Josh/WRFV3/inc -DEM_CORE=1 -DNMM_CORE=0 -DNMM_MAX_DIM=2600 -DCOAMPS_CORE=0 -DDA_CORE=0 -DEXP_CORE=0 -DIWORDSIZE=4 -DDWORDSIZE=8 -DRWORDSIZE=4 -DLWORDSIZE=4 -DNONSTANDARD_SYSTEM_FUNC -DWRF_USE_CLM  -DDM_PARALLEL -DNETCDF -DUSE_ALLOCATABLES -DGRIB1 -DINTIO -DLIMIT_ARGS -DCONFIG_BUF_LEN=65536 -DMAX_DOMAINS_F=21 -DMAX_HISTORY=25 -DNMM_NEST=0 -DWRF_CHEM -DBUILD_CHEM=1 -DWRF_KPP -I. -traditional   module_kpp_crimech_Integr.F  > module_kpp_crimech_Integr.bb
/global/scratch/azare/Josh/WRFV3/tools/standard.exe module_kpp_crimech_Integr.bb | /lib/cpp -C -P > module_kpp_crimech_Integr.f90
rm -f module_kpp_crimech_Integr.b module_kpp_crimech_Integr.bb
mpif90 -f90=ifort -o module_kpp_crimech_Integr.o -c -O2 -ip -fp-model precise -w -ftz -align all -fno-alias -FR -convert big_endian    -I../dyn_em -I../dyn_nmm   -I/global/scratch/azare/Josh/WRFV3/external/esmf_time_f90  -I/global/scratch/azare/Josh/WRFV3/main -I/global/scratch/azare/Josh/WRFV3/external/io_netcdf -I/global/scratch/azare/Josh/WRFV3/external/io_int -I/global/scratch/azare/Josh/WRFV3/frame -I/global/scratch/azare/Josh/WRFV3/share -I/global/scratch/azare/Josh/WRFV3/phys -I/global/scratch/azare/Josh/WRFV3/chem -I/global/scratch/azare/Josh/WRFV3/inc -I/global/software/sl-6.x86_64/modules/intel/2013_sp1.4.211/netcdf/4.3.2-intel-p/include  -i4  module_kpp_crimech_Integr.f90
rm -f module_kpp_crimech_interface.o
/lib/cpp -C -P -I/global/scratch/azare/Josh/WRFV3/inc -DEM_CORE=1 -DNMM_CORE=0 -DNMM_MAX_DIM=2600 -DCOAMPS_CORE=0 -DDA_CORE=0 -DEXP_CORE=0 -DIWORDSIZE=4 -DDWORDSIZE=8 -DRWORDSIZE=4 -DLWORDSIZE=4 -DNONSTANDARD_SYSTEM_FUNC -DWRF_USE_CLM  -DDM_PARALLEL -DNETCDF -DUSE_ALLOCATABLES -DGRIB1 -DINTIO -DLIMIT_ARGS -DCONFIG_BUF_LEN=65536 -DMAX_DOMAINS_F=21 -DMAX_HISTORY=25 -DNMM_NEST=0 -DWRF_CHEM -DBUILD_CHEM=1 -DWRF_KPP -I. -traditional   module_kpp_crimech_interface.F  > module_kpp_crimech_interface.bb
/global/scratch/azare/Josh/WRFV3/tools/standard.exe module_kpp_crimech_interface.bb | /lib/cpp -C -P > module_kpp_crimech_interface.f90
rm -f module_kpp_crimech_interface.b module_kpp_crimech_interface.bb
mpif90 -f90=ifort -o module_kpp_crimech_interface.o -c -O2 -ip -fp-model precise -w -ftz -align all -fno-alias -FR -convert big_endian    -I../dyn_em -I../dyn_nmm   -I/global/scratch/azare/Josh/WRFV3/external/esmf_time_f90  -I/global/scratch/azare/Josh/WRFV3/main -I/global/scratch/azare/Josh/WRFV3/external/io_netcdf -I/global/scratch/azare/Josh/WRFV3/external/io_int -I/global/scratch/azare/Josh/WRFV3/frame -I/global/scratch/azare/Josh/WRFV3/share -I/global/scratch/azare/Josh/WRFV3/phys -I/global/scratch/azare/Josh/WRFV3/chem -I/global/scratch/azare/Josh/WRFV3/inc -I/global/software/sl-6.x86_64/modules/intel/2013_sp1.4.211/netcdf/4.3.2-intel-p/include  -i4  module_kpp_crimech_interface.f90
rm -f module_kpp_racm_soa_vbs_Precision.o
/lib/cpp -C -P -I/global/scratch/azare/Josh/WRFV3/inc -DEM_CORE=1 -DNMM_CORE=0 -DNMM_MAX_DIM=2600 -DCOAMPS_CORE=0 -DDA_CORE=0 -DEXP_CORE=0 -DIWORDSIZE=4 -DDWORDSIZE=8 -DRWORDSIZE=4 -DLWORDSIZE=4 -DNONSTANDARD_SYSTEM_FUNC -DWRF_USE_CLM  -DDM_PARALLEL -DNETCDF -DUSE_ALLOCATABLES -DGRIB1 -DINTIO -DLIMIT_ARGS -DCONFIG_BUF_LEN=65536 -DMAX_DOMAINS_F=21 -DMAX_HISTORY=25 -DNMM_NEST=0 -DWRF_CHEM -DBUILD_CHEM=1 -DWRF_KPP -I. -traditional   module_kpp_racm_soa_vbs_Precision.F  > module_kpp_racm_soa_vbs_Precision.bb
/global/scratch/azare/Josh/WRFV3/tools/standard.exe module_kpp_racm_soa_vbs_Precision.bb | /lib/cpp -C -P > module_kpp_racm_soa_vbs_Precision.f90
rm -f module_kpp_racm_soa_vbs_Precision.b module_kpp_racm_soa_vbs_Precision.bb
mpif90 -f90=ifort -o module_kpp_racm_soa_vbs_Precision.o -c -O2 -ip -fp-model precise -w -ftz -align all -fno-alias -FR -convert big_endian    -I../dyn_em -I../dyn_nmm   -I/global/scratch/azare/Josh/WRFV3/external/esmf_time_f90  -I/global/scratch/azare/Josh/WRFV3/main -I/global/scratch/azare/Josh/WRFV3/external/io_netcdf -I/global/scratch/azare/Josh/WRFV3/external/io_int -I/global/scratch/azare/Josh/WRFV3/frame -I/global/scratch/azare/Josh/WRFV3/share -I/global/scratch/azare/Josh/WRFV3/phys -I/global/scratch/azare/Josh/WRFV3/chem -I/global/scratch/azare/Josh/WRFV3/inc -I/global/software/sl-6.x86_64/modules/intel/2013_sp1.4.211/netcdf/4.3.2-intel-p/include  -i4  module_kpp_racm_soa_vbs_Precision.f90
rm -f module_kpp_racm_soa_vbs_Parameters.o
/lib/cpp -C -P -I/global/scratch/azare/Josh/WRFV3/inc -DEM_CORE=1 -DNMM_CORE=0 -DNMM_MAX_DIM=2600 -DCOAMPS_CORE=0 -DDA_CORE=0 -DEXP_CORE=0 -DIWORDSIZE=4 -DDWORDSIZE=8 -DRWORDSIZE=4 -DLWORDSIZE=4 -DNONSTANDARD_SYSTEM_FUNC -DWRF_USE_CLM  -DDM_PARALLEL -DNETCDF -DUSE_ALLOCATABLES -DGRIB1 -DINTIO -DLIMIT_ARGS -DCONFIG_BUF_LEN=65536 -DMAX_DOMAINS_F=21 -DMAX_HISTORY=25 -DNMM_NEST=0 -DWRF_CHEM -DBUILD_CHEM=1 -DWRF_KPP -I. -traditional   module_kpp_racm_soa_vbs_Parameters.F  > module_kpp_racm_soa_vbs_Parameters.bb
/global/scratch/azare/Josh/WRFV3/tools/standard.exe module_kpp_racm_soa_vbs_Parameters.bb | /lib/cpp -C -P > module_kpp_racm_soa_vbs_Parameters.f90
rm -f module_kpp_racm_soa_vbs_Parameters.b module_kpp_racm_soa_vbs_Parameters.bb
mpif90 -f90=ifort -o module_kpp_racm_soa_vbs_Parameters.o -c -O2 -ip -fp-model precise -w -ftz -align all -fno-alias -FR -convert big_endian    -I../dyn_em -I../dyn_nmm   -I/global/scratch/azare/Josh/WRFV3/external/esmf_time_f90  -I/global/scratch/azare/Josh/WRFV3/main -I/global/scratch/azare/Josh/WRFV3/external/io_netcdf -I/global/scratch/azare/Josh/WRFV3/external/io_int -I/global/scratch/azare/Josh/WRFV3/frame -I/global/scratch/azare/Josh/WRFV3/share -I/global/scratch/azare/Josh/WRFV3/phys -I/global/scratch/azare/Josh/WRFV3/chem -I/global/scratch/azare/Josh/WRFV3/inc -I/global/software/sl-6.x86_64/modules/intel/2013_sp1.4.211/netcdf/4.3.2-intel-p/include  -i4  module_kpp_racm_soa_vbs_Parameters.f90
rm -f module_kpp_racm_soa_vbs_JacobianSP.o
/lib/cpp -C -P -I/global/scratch/azare/Josh/WRFV3/inc -DEM_CORE=1 -DNMM_CORE=0 -DNMM_MAX_DIM=2600 -DCOAMPS_CORE=0 -DDA_CORE=0 -DEXP_CORE=0 -DIWORDSIZE=4 -DDWORDSIZE=8 -DRWORDSIZE=4 -DLWORDSIZE=4 -DNONSTANDARD_SYSTEM_FUNC -DWRF_USE_CLM  -DDM_PARALLEL -DNETCDF -DUSE_ALLOCATABLES -DGRIB1 -DINTIO -DLIMIT_ARGS -DCONFIG_BUF_LEN=65536 -DMAX_DOMAINS_F=21 -DMAX_HISTORY=25 -DNMM_NEST=0 -DWRF_CHEM -DBUILD_CHEM=1 -DWRF_KPP -I. -traditional   module_kpp_racm_soa_vbs_JacobianSP.F  > module_kpp_racm_soa_vbs_JacobianSP.bb
/global/scratch/azare/Josh/WRFV3/tools/standard.exe module_kpp_racm_soa_vbs_JacobianSP.bb | /lib/cpp -C -P > module_kpp_racm_soa_vbs_JacobianSP.f90
rm -f module_kpp_racm_soa_vbs_JacobianSP.b module_kpp_racm_soa_vbs_JacobianSP.bb
mpif90 -f90=ifort -o module_kpp_racm_soa_vbs_JacobianSP.o -c -O2 -ip -fp-model precise -w -ftz -align all -fno-alias -FR -convert big_endian    -I../dyn_em -I../dyn_nmm   -I/global/scratch/azare/Josh/WRFV3/external/esmf_time_f90  -I/global/scratch/azare/Josh/WRFV3/main -I/global/scratch/azare/Josh/WRFV3/external/io_netcdf -I/global/scratch/azare/Josh/WRFV3/external/io_int -I/global/scratch/azare/Josh/WRFV3/frame -I/global/scratch/azare/Josh/WRFV3/share -I/global/scratch/azare/Josh/WRFV3/phys -I/global/scratch/azare/Josh/WRFV3/chem -I/global/scratch/azare/Josh/WRFV3/inc -I/global/software/sl-6.x86_64/modules/intel/2013_sp1.4.211/netcdf/4.3.2-intel-p/include  -i4  module_kpp_racm_soa_vbs_JacobianSP.f90
rm -f module_kpp_racm_soa_vbs_Jacobian.o
/lib/cpp -C -P -I/global/scratch/azare/Josh/WRFV3/inc -DEM_CORE=1 -DNMM_CORE=0 -DNMM_MAX_DIM=2600 -DCOAMPS_CORE=0 -DDA_CORE=0 -DEXP_CORE=0 -DIWORDSIZE=4 -DDWORDSIZE=8 -DRWORDSIZE=4 -DLWORDSIZE=4 -DNONSTANDARD_SYSTEM_FUNC -DWRF_USE_CLM  -DDM_PARALLEL -DNETCDF -DUSE_ALLOCATABLES -DGRIB1 -DINTIO -DLIMIT_ARGS -DCONFIG_BUF_LEN=65536 -DMAX_DOMAINS_F=21 -DMAX_HISTORY=25 -DNMM_NEST=0 -DWRF_CHEM -DBUILD_CHEM=1 -DWRF_KPP -I. -traditional   module_kpp_racm_soa_vbs_Jacobian.F  > module_kpp_racm_soa_vbs_Jacobian.bb
/global/scratch/azare/Josh/WRFV3/tools/standard.exe module_kpp_racm_soa_vbs_Jacobian.bb | /lib/cpp -C -P > module_kpp_racm_soa_vbs_Jacobian.f90
rm -f module_kpp_racm_soa_vbs_Jacobian.b module_kpp_racm_soa_vbs_Jacobian.bb
mpif90 -f90=ifort -o module_kpp_racm_soa_vbs_Jacobian.o -c -O2 -ip -fp-model precise -w -ftz -align all -fno-alias -FR -convert big_endian    -I../dyn_em -I../dyn_nmm   -I/global/scratch/azare/Josh/WRFV3/external/esmf_time_f90  -I/global/scratch/azare/Josh/WRFV3/main -I/global/scratch/azare/Josh/WRFV3/external/io_netcdf -I/global/scratch/azare/Josh/WRFV3/external/io_int -I/global/scratch/azare/Josh/WRFV3/frame -I/global/scratch/azare/Josh/WRFV3/share -I/global/scratch/azare/Josh/WRFV3/phys -I/global/scratch/azare/Josh/WRFV3/chem -I/global/scratch/azare/Josh/WRFV3/inc -I/global/software/sl-6.x86_64/modules/intel/2013_sp1.4.211/netcdf/4.3.2-intel-p/include  -i4  module_kpp_racm_soa_vbs_Jacobian.f90
rm -f module_kpp_racm_soa_vbs_Update_Rconst.o
/lib/cpp -C -P -I/global/scratch/azare/Josh/WRFV3/inc -DEM_CORE=1 -DNMM_CORE=0 -DNMM_MAX_DIM=2600 -DCOAMPS_CORE=0 -DDA_CORE=0 -DEXP_CORE=0 -DIWORDSIZE=4 -DDWORDSIZE=8 -DRWORDSIZE=4 -DLWORDSIZE=4 -DNONSTANDARD_SYSTEM_FUNC -DWRF_USE_CLM  -DDM_PARALLEL -DNETCDF -DUSE_ALLOCATABLES -DGRIB1 -DINTIO -DLIMIT_ARGS -DCONFIG_BUF_LEN=65536 -DMAX_DOMAINS_F=21 -DMAX_HISTORY=25 -DNMM_NEST=0 -DWRF_CHEM -DBUILD_CHEM=1 -DWRF_KPP -I. -traditional   module_kpp_racm_soa_vbs_Update_Rconst.F  > module_kpp_racm_soa_vbs_Update_Rconst.bb
/global/scratch/azare/Josh/WRFV3/tools/standard.exe module_kpp_racm_soa_vbs_Update_Rconst.bb | /lib/cpp -C -P > module_kpp_racm_soa_vbs_Update_Rconst.f90
rm -f module_kpp_racm_soa_vbs_Update_Rconst.b module_kpp_racm_soa_vbs_Update_Rconst.bb
mpif90 -f90=ifort -o module_kpp_racm_soa_vbs_Update_Rconst.o -c -O2 -ip -fp-model precise -w -ftz -align all -fno-alias -FR -convert big_endian    -I../dyn_em -I../dyn_nmm   -I/global/scratch/azare/Josh/WRFV3/external/esmf_time_f90  -I/global/scratch/azare/Josh/WRFV3/main -I/global/scratch/azare/Josh/WRFV3/external/io_netcdf -I/global/scratch/azare/Josh/WRFV3/external/io_int -I/global/scratch/azare/Josh/WRFV3/frame -I/global/scratch/azare/Josh/WRFV3/share -I/global/scratch/azare/Josh/WRFV3/phys -I/global/scratch/azare/Josh/WRFV3/chem -I/global/scratch/azare/Josh/WRFV3/inc -I/global/software/sl-6.x86_64/modules/intel/2013_sp1.4.211/netcdf/4.3.2-intel-p/include  -i4  module_kpp_racm_soa_vbs_Update_Rconst.f90
rm -f module_kpp_racm_soa_vbs_Integr.o
/lib/cpp -C -P -I/global/scratch/azare/Josh/WRFV3/inc -DEM_CORE=1 -DNMM_CORE=0 -DNMM_MAX_DIM=2600 -DCOAMPS_CORE=0 -DDA_CORE=0 -DEXP_CORE=0 -DIWORDSIZE=4 -DDWORDSIZE=8 -DRWORDSIZE=4 -DLWORDSIZE=4 -DNONSTANDARD_SYSTEM_FUNC -DWRF_USE_CLM  -DDM_PARALLEL -DNETCDF -DUSE_ALLOCATABLES -DGRIB1 -DINTIO -DLIMIT_ARGS -DCONFIG_BUF_LEN=65536 -DMAX_DOMAINS_F=21 -DMAX_HISTORY=25 -DNMM_NEST=0 -DWRF_CHEM -DBUILD_CHEM=1 -DWRF_KPP -I. -traditional   module_kpp_racm_soa_vbs_Integr.F  > module_kpp_racm_soa_vbs_Integr.bb
/global/scratch/azare/Josh/WRFV3/tools/standard.exe module_kpp_racm_soa_vbs_Integr.bb | /lib/cpp -C -P > module_kpp_racm_soa_vbs_Integr.f90
rm -f module_kpp_racm_soa_vbs_Integr.b module_kpp_racm_soa_vbs_Integr.bb
mpif90 -f90=ifort -o module_kpp_racm_soa_vbs_Integr.o -c -O2 -ip -fp-model precise -w -ftz -align all -fno-alias -FR -convert big_endian    -I../dyn_em -I../dyn_nmm   -I/global/scratch/azare/Josh/WRFV3/external/esmf_time_f90  -I/global/scratch/azare/Josh/WRFV3/main -I/global/scratch/azare/Josh/WRFV3/external/io_netcdf -I/global/scratch/azare/Josh/WRFV3/external/io_int -I/global/scratch/azare/Josh/WRFV3/frame -I/global/scratch/azare/Josh/WRFV3/share -I/global/scratch/azare/Josh/WRFV3/phys -I/global/scratch/azare/Josh/WRFV3/chem -I/global/scratch/azare/Josh/WRFV3/inc -I/global/software/sl-6.x86_64/modules/intel/2013_sp1.4.211/netcdf/4.3.2-intel-p/include  -i4  module_kpp_racm_soa_vbs_Integr.f90
rm -f module_kpp_racm_soa_vbs_interface.o
/lib/cpp -C -P -I/global/scratch/azare/Josh/WRFV3/inc -DEM_CORE=1 -DNMM_CORE=0 -DNMM_MAX_DIM=2600 -DCOAMPS_CORE=0 -DDA_CORE=0 -DEXP_CORE=0 -DIWORDSIZE=4 -DDWORDSIZE=8 -DRWORDSIZE=4 -DLWORDSIZE=4 -DNONSTANDARD_SYSTEM_FUNC -DWRF_USE_CLM  -DDM_PARALLEL -DNETCDF -DUSE_ALLOCATABLES -DGRIB1 -DINTIO -DLIMIT_ARGS -DCONFIG_BUF_LEN=65536 -DMAX_DOMAINS_F=21 -DMAX_HISTORY=25 -DNMM_NEST=0 -DWRF_CHEM -DBUILD_CHEM=1 -DWRF_KPP -I. -traditional   module_kpp_racm_soa_vbs_interface.F  > module_kpp_racm_soa_vbs_interface.bb
/global/scratch/azare/Josh/WRFV3/tools/standard.exe module_kpp_racm_soa_vbs_interface.bb | /lib/cpp -C -P > module_kpp_racm_soa_vbs_interface.f90
rm -f module_kpp_racm_soa_vbs_interface.b module_kpp_racm_soa_vbs_interface.bb
mpif90 -f90=ifort -o module_kpp_racm_soa_vbs_interface.o -c -O2 -ip -fp-model precise -w -ftz -align all -fno-alias -FR -convert big_endian    -I../dyn_em -I../dyn_nmm   -I/global/scratch/azare/Josh/WRFV3/external/esmf_time_f90  -I/global/scratch/azare/Josh/WRFV3/main -I/global/scratch/azare/Josh/WRFV3/external/io_netcdf -I/global/scratch/azare/Josh/WRFV3/external/io_int -I/global/scratch/azare/Josh/WRFV3/frame -I/global/scratch/azare/Josh/WRFV3/share -I/global/scratch/azare/Josh/WRFV3/phys -I/global/scratch/azare/Josh/WRFV3/chem -I/global/scratch/azare/Josh/WRFV3/inc -I/global/software/sl-6.x86_64/modules/intel/2013_sp1.4.211/netcdf/4.3.2-intel-p/include  -i4  module_kpp_racm_soa_vbs_interface.f90
rm -f module_kpp_racmsorg_Precision.o
/lib/cpp -C -P -I/global/scratch/azare/Josh/WRFV3/inc -DEM_CORE=1 -DNMM_CORE=0 -DNMM_MAX_DIM=2600 -DCOAMPS_CORE=0 -DDA_CORE=0 -DEXP_CORE=0 -DIWORDSIZE=4 -DDWORDSIZE=8 -DRWORDSIZE=4 -DLWORDSIZE=4 -DNONSTANDARD_SYSTEM_FUNC -DWRF_USE_CLM  -DDM_PARALLEL -DNETCDF -DUSE_ALLOCATABLES -DGRIB1 -DINTIO -DLIMIT_ARGS -DCONFIG_BUF_LEN=65536 -DMAX_DOMAINS_F=21 -DMAX_HISTORY=25 -DNMM_NEST=0 -DWRF_CHEM -DBUILD_CHEM=1 -DWRF_KPP -I. -traditional   module_kpp_racmsorg_Precision.F  > module_kpp_racmsorg_Precision.bb
/global/scratch/azare/Josh/WRFV3/tools/standard.exe module_kpp_racmsorg_Precision.bb | /lib/cpp -C -P > module_kpp_racmsorg_Precision.f90
rm -f module_kpp_racmsorg_Precision.b module_kpp_racmsorg_Precision.bb
mpif90 -f90=ifort -o module_kpp_racmsorg_Precision.o -c -O2 -ip -fp-model precise -w -ftz -align all -fno-alias -FR -convert big_endian    -I../dyn_em -I../dyn_nmm   -I/global/scratch/azare/Josh/WRFV3/external/esmf_time_f90  -I/global/scratch/azare/Josh/WRFV3/main -I/global/scratch/azare/Josh/WRFV3/external/io_netcdf -I/global/scratch/azare/Josh/WRFV3/external/io_int -I/global/scratch/azare/Josh/WRFV3/frame -I/global/scratch/azare/Josh/WRFV3/share -I/global/scratch/azare/Josh/WRFV3/phys -I/global/scratch/azare/Josh/WRFV3/chem -I/global/scratch/azare/Josh/WRFV3/inc -I/global/software/sl-6.x86_64/modules/intel/2013_sp1.4.211/netcdf/4.3.2-intel-p/include  -i4  module_kpp_racmsorg_Precision.f90
rm -f module_kpp_racmsorg_Parameters.o
/lib/cpp -C -P -I/global/scratch/azare/Josh/WRFV3/inc -DEM_CORE=1 -DNMM_CORE=0 -DNMM_MAX_DIM=2600 -DCOAMPS_CORE=0 -DDA_CORE=0 -DEXP_CORE=0 -DIWORDSIZE=4 -DDWORDSIZE=8 -DRWORDSIZE=4 -DLWORDSIZE=4 -DNONSTANDARD_SYSTEM_FUNC -DWRF_USE_CLM  -DDM_PARALLEL -DNETCDF -DUSE_ALLOCATABLES -DGRIB1 -DINTIO -DLIMIT_ARGS -DCONFIG_BUF_LEN=65536 -DMAX_DOMAINS_F=21 -DMAX_HISTORY=25 -DNMM_NEST=0 -DWRF_CHEM -DBUILD_CHEM=1 -DWRF_KPP -I. -traditional   module_kpp_racmsorg_Parameters.F  > module_kpp_racmsorg_Parameters.bb
/global/scratch/azare/Josh/WRFV3/tools/standard.exe module_kpp_racmsorg_Parameters.bb | /lib/cpp -C -P > module_kpp_racmsorg_Parameters.f90
rm -f module_kpp_racmsorg_Parameters.b module_kpp_racmsorg_Parameters.bb
mpif90 -f90=ifort -o module_kpp_racmsorg_Parameters.o -c -O2 -ip -fp-model precise -w -ftz -align all -fno-alias -FR -convert big_endian    -I../dyn_em -I../dyn_nmm   -I/global/scratch/azare/Josh/WRFV3/external/esmf_time_f90  -I/global/scratch/azare/Josh/WRFV3/main -I/global/scratch/azare/Josh/WRFV3/external/io_netcdf -I/global/scratch/azare/Josh/WRFV3/external/io_int -I/global/scratch/azare/Josh/WRFV3/frame -I/global/scratch/azare/Josh/WRFV3/share -I/global/scratch/azare/Josh/WRFV3/phys -I/global/scratch/azare/Josh/WRFV3/chem -I/global/scratch/azare/Josh/WRFV3/inc -I/global/software/sl-6.x86_64/modules/intel/2013_sp1.4.211/netcdf/4.3.2-intel-p/include  -i4  module_kpp_racmsorg_Parameters.f90
rm -f module_kpp_racmsorg_JacobianSP.o
/lib/cpp -C -P -I/global/scratch/azare/Josh/WRFV3/inc -DEM_CORE=1 -DNMM_CORE=0 -DNMM_MAX_DIM=2600 -DCOAMPS_CORE=0 -DDA_CORE=0 -DEXP_CORE=0 -DIWORDSIZE=4 -DDWORDSIZE=8 -DRWORDSIZE=4 -DLWORDSIZE=4 -DNONSTANDARD_SYSTEM_FUNC -DWRF_USE_CLM  -DDM_PARALLEL -DNETCDF -DUSE_ALLOCATABLES -DGRIB1 -DINTIO -DLIMIT_ARGS -DCONFIG_BUF_LEN=65536 -DMAX_DOMAINS_F=21 -DMAX_HISTORY=25 -DNMM_NEST=0 -DWRF_CHEM -DBUILD_CHEM=1 -DWRF_KPP -I. -traditional   module_kpp_racmsorg_JacobianSP.F  > module_kpp_racmsorg_JacobianSP.bb
/global/scratch/azare/Josh/WRFV3/tools/standard.exe module_kpp_racmsorg_JacobianSP.bb | /lib/cpp -C -P > module_kpp_racmsorg_JacobianSP.f90
rm -f module_kpp_racmsorg_JacobianSP.b module_kpp_racmsorg_JacobianSP.bb
mpif90 -f90=ifort -o module_kpp_racmsorg_JacobianSP.o -c -O2 -ip -fp-model precise -w -ftz -align all -fno-alias -FR -convert big_endian    -I../dyn_em -I../dyn_nmm   -I/global/scratch/azare/Josh/WRFV3/external/esmf_time_f90  -I/global/scratch/azare/Josh/WRFV3/main -I/global/scratch/azare/Josh/WRFV3/external/io_netcdf -I/global/scratch/azare/Josh/WRFV3/external/io_int -I/global/scratch/azare/Josh/WRFV3/frame -I/global/scratch/azare/Josh/WRFV3/share -I/global/scratch/azare/Josh/WRFV3/phys -I/global/scratch/azare/Josh/WRFV3/chem -I/global/scratch/azare/Josh/WRFV3/inc -I/global/software/sl-6.x86_64/modules/intel/2013_sp1.4.211/netcdf/4.3.2-intel-p/include  -i4  module_kpp_racmsorg_JacobianSP.f90
rm -f module_kpp_racmsorg_Jacobian.o
/lib/cpp -C -P -I/global/scratch/azare/Josh/WRFV3/inc -DEM_CORE=1 -DNMM_CORE=0 -DNMM_MAX_DIM=2600 -DCOAMPS_CORE=0 -DDA_CORE=0 -DEXP_CORE=0 -DIWORDSIZE=4 -DDWORDSIZE=8 -DRWORDSIZE=4 -DLWORDSIZE=4 -DNONSTANDARD_SYSTEM_FUNC -DWRF_USE_CLM  -DDM_PARALLEL -DNETCDF -DUSE_ALLOCATABLES -DGRIB1 -DINTIO -DLIMIT_ARGS -DCONFIG_BUF_LEN=65536 -DMAX_DOMAINS_F=21 -DMAX_HISTORY=25 -DNMM_NEST=0 -DWRF_CHEM -DBUILD_CHEM=1 -DWRF_KPP -I. -traditional   module_kpp_racmsorg_Jacobian.F  > module_kpp_racmsorg_Jacobian.bb
/global/scratch/azare/Josh/WRFV3/tools/standard.exe module_kpp_racmsorg_Jacobian.bb | /lib/cpp -C -P > module_kpp_racmsorg_Jacobian.f90
rm -f module_kpp_racmsorg_Jacobian.b module_kpp_racmsorg_Jacobian.bb
mpif90 -f90=ifort -o module_kpp_racmsorg_Jacobian.o -c -O2 -ip -fp-model precise -w -ftz -align all -fno-alias -FR -convert big_endian    -I../dyn_em -I../dyn_nmm   -I/global/scratch/azare/Josh/WRFV3/external/esmf_time_f90  -I/global/scratch/azare/Josh/WRFV3/main -I/global/scratch/azare/Josh/WRFV3/external/io_netcdf -I/global/scratch/azare/Josh/WRFV3/external/io_int -I/global/scratch/azare/Josh/WRFV3/frame -I/global/scratch/azare/Josh/WRFV3/share -I/global/scratch/azare/Josh/WRFV3/phys -I/global/scratch/azare/Josh/WRFV3/chem -I/global/scratch/azare/Josh/WRFV3/inc -I/global/software/sl-6.x86_64/modules/intel/2013_sp1.4.211/netcdf/4.3.2-intel-p/include  -i4  module_kpp_racmsorg_Jacobian.f90
rm -f module_kpp_racmsorg_Update_Rconst.o
/lib/cpp -C -P -I/global/scratch/azare/Josh/WRFV3/inc -DEM_CORE=1 -DNMM_CORE=0 -DNMM_MAX_DIM=2600 -DCOAMPS_CORE=0 -DDA_CORE=0 -DEXP_CORE=0 -DIWORDSIZE=4 -DDWORDSIZE=8 -DRWORDSIZE=4 -DLWORDSIZE=4 -DNONSTANDARD_SYSTEM_FUNC -DWRF_USE_CLM  -DDM_PARALLEL -DNETCDF -DUSE_ALLOCATABLES -DGRIB1 -DINTIO -DLIMIT_ARGS -DCONFIG_BUF_LEN=65536 -DMAX_DOMAINS_F=21 -DMAX_HISTORY=25 -DNMM_NEST=0 -DWRF_CHEM -DBUILD_CHEM=1 -DWRF_KPP -I. -traditional   module_kpp_racmsorg_Update_Rconst.F  > module_kpp_racmsorg_Update_Rconst.bb
/global/scratch/azare/Josh/WRFV3/tools/standard.exe module_kpp_racmsorg_Update_Rconst.bb | /lib/cpp -C -P > module_kpp_racmsorg_Update_Rconst.f90
rm -f module_kpp_racmsorg_Update_Rconst.b module_kpp_racmsorg_Update_Rconst.bb
mpif90 -f90=ifort -o module_kpp_racmsorg_Update_Rconst.o -c -O2 -ip -fp-model precise -w -ftz -align all -fno-alias -FR -convert big_endian    -I../dyn_em -I../dyn_nmm   -I/global/scratch/azare/Josh/WRFV3/external/esmf_time_f90  -I/global/scratch/azare/Josh/WRFV3/main -I/global/scratch/azare/Josh/WRFV3/external/io_netcdf -I/global/scratch/azare/Josh/WRFV3/external/io_int -I/global/scratch/azare/Josh/WRFV3/frame -I/global/scratch/azare/Josh/WRFV3/share -I/global/scratch/azare/Josh/WRFV3/phys -I/global/scratch/azare/Josh/WRFV3/chem -I/global/scratch/azare/Josh/WRFV3/inc -I/global/software/sl-6.x86_64/modules/intel/2013_sp1.4.211/netcdf/4.3.2-intel-p/include  -i4  module_kpp_racmsorg_Update_Rconst.f90
rm -f module_kpp_racmsorg_Integr.o
/lib/cpp -C -P -I/global/scratch/azare/Josh/WRFV3/inc -DEM_CORE=1 -DNMM_CORE=0 -DNMM_MAX_DIM=2600 -DCOAMPS_CORE=0 -DDA_CORE=0 -DEXP_CORE=0 -DIWORDSIZE=4 -DDWORDSIZE=8 -DRWORDSIZE=4 -DLWORDSIZE=4 -DNONSTANDARD_SYSTEM_FUNC -DWRF_USE_CLM  -DDM_PARALLEL -DNETCDF -DUSE_ALLOCATABLES -DGRIB1 -DINTIO -DLIMIT_ARGS -DCONFIG_BUF_LEN=65536 -DMAX_DOMAINS_F=21 -DMAX_HISTORY=25 -DNMM_NEST=0 -DWRF_CHEM -DBUILD_CHEM=1 -DWRF_KPP -I. -traditional   module_kpp_racmsorg_Integr.F  > module_kpp_racmsorg_Integr.bb
/global/scratch/azare/Josh/WRFV3/tools/standard.exe module_kpp_racmsorg_Integr.bb | /lib/cpp -C -P > module_kpp_racmsorg_Integr.f90
rm -f module_kpp_racmsorg_Integr.b module_kpp_racmsorg_Integr.bb
mpif90 -f90=ifort -o module_kpp_racmsorg_Integr.o -c -O2 -ip -fp-model precise -w -ftz -align all -fno-alias -FR -convert big_endian    -I../dyn_em -I../dyn_nmm   -I/global/scratch/azare/Josh/WRFV3/external/esmf_time_f90  -I/global/scratch/azare/Josh/WRFV3/main -I/global/scratch/azare/Josh/WRFV3/external/io_netcdf -I/global/scratch/azare/Josh/WRFV3/external/io_int -I/global/scratch/azare/Josh/WRFV3/frame -I/global/scratch/azare/Josh/WRFV3/share -I/global/scratch/azare/Josh/WRFV3/phys -I/global/scratch/azare/Josh/WRFV3/chem -I/global/scratch/azare/Josh/WRFV3/inc -I/global/software/sl-6.x86_64/modules/intel/2013_sp1.4.211/netcdf/4.3.2-intel-p/include  -i4  module_kpp_racmsorg_Integr.f90
rm -f module_kpp_racmsorg_interface.o
/lib/cpp -C -P -I/global/scratch/azare/Josh/WRFV3/inc -DEM_CORE=1 -DNMM_CORE=0 -DNMM_MAX_DIM=2600 -DCOAMPS_CORE=0 -DDA_CORE=0 -DEXP_CORE=0 -DIWORDSIZE=4 -DDWORDSIZE=8 -DRWORDSIZE=4 -DLWORDSIZE=4 -DNONSTANDARD_SYSTEM_FUNC -DWRF_USE_CLM  -DDM_PARALLEL -DNETCDF -DUSE_ALLOCATABLES -DGRIB1 -DINTIO -DLIMIT_ARGS -DCONFIG_BUF_LEN=65536 -DMAX_DOMAINS_F=21 -DMAX_HISTORY=25 -DNMM_NEST=0 -DWRF_CHEM -DBUILD_CHEM=1 -DWRF_KPP -I. -traditional   module_kpp_racmsorg_interface.F  > module_kpp_racmsorg_interface.bb
/global/scratch/azare/Josh/WRFV3/tools/standard.exe module_kpp_racmsorg_interface.bb | /lib/cpp -C -P > module_kpp_racmsorg_interface.f90
rm -f module_kpp_racmsorg_interface.b module_kpp_racmsorg_interface.bb
mpif90 -f90=ifort -o module_kpp_racmsorg_interface.o -c -O2 -ip -fp-model precise -w -ftz -align all -fno-alias -FR -convert big_endian    -I../dyn_em -I../dyn_nmm   -I/global/scratch/azare/Josh/WRFV3/external/esmf_time_f90  -I/global/scratch/azare/Josh/WRFV3/main -I/global/scratch/azare/Josh/WRFV3/external/io_netcdf -I/global/scratch/azare/Josh/WRFV3/external/io_int -I/global/scratch/azare/Josh/WRFV3/frame -I/global/scratch/azare/Josh/WRFV3/share -I/global/scratch/azare/Josh/WRFV3/phys -I/global/scratch/azare/Josh/WRFV3/chem -I/global/scratch/azare/Josh/WRFV3/inc -I/global/software/sl-6.x86_64/modules/intel/2013_sp1.4.211/netcdf/4.3.2-intel-p/include  -i4  module_kpp_racmsorg_interface.f90
rm -f module_kpp_radm2sorg_Precision.o
/lib/cpp -C -P -I/global/scratch/azare/Josh/WRFV3/inc -DEM_CORE=1 -DNMM_CORE=0 -DNMM_MAX_DIM=2600 -DCOAMPS_CORE=0 -DDA_CORE=0 -DEXP_CORE=0 -DIWORDSIZE=4 -DDWORDSIZE=8 -DRWORDSIZE=4 -DLWORDSIZE=4 -DNONSTANDARD_SYSTEM_FUNC -DWRF_USE_CLM  -DDM_PARALLEL -DNETCDF -DUSE_ALLOCATABLES -DGRIB1 -DINTIO -DLIMIT_ARGS -DCONFIG_BUF_LEN=65536 -DMAX_DOMAINS_F=21 -DMAX_HISTORY=25 -DNMM_NEST=0 -DWRF_CHEM -DBUILD_CHEM=1 -DWRF_KPP -I. -traditional   module_kpp_radm2sorg_Precision.F  > module_kpp_radm2sorg_Precision.bb
/global/scratch/azare/Josh/WRFV3/tools/standard.exe module_kpp_radm2sorg_Precision.bb | /lib/cpp -C -P > module_kpp_radm2sorg_Precision.f90
rm -f module_kpp_radm2sorg_Precision.b module_kpp_radm2sorg_Precision.bb
mpif90 -f90=ifort -o module_kpp_radm2sorg_Precision.o -c -O2 -ip -fp-model precise -w -ftz -align all -fno-alias -FR -convert big_endian    -I../dyn_em -I../dyn_nmm   -I/global/scratch/azare/Josh/WRFV3/external/esmf_time_f90  -I/global/scratch/azare/Josh/WRFV3/main -I/global/scratch/azare/Josh/WRFV3/external/io_netcdf -I/global/scratch/azare/Josh/WRFV3/external/io_int -I/global/scratch/azare/Josh/WRFV3/frame -I/global/scratch/azare/Josh/WRFV3/share -I/global/scratch/azare/Josh/WRFV3/phys -I/global/scratch/azare/Josh/WRFV3/chem -I/global/scratch/azare/Josh/WRFV3/inc -I/global/software/sl-6.x86_64/modules/intel/2013_sp1.4.211/netcdf/4.3.2-intel-p/include  -i4  module_kpp_radm2sorg_Precision.f90
rm -f module_kpp_radm2sorg_Parameters.o
/lib/cpp -C -P -I/global/scratch/azare/Josh/WRFV3/inc -DEM_CORE=1 -DNMM_CORE=0 -DNMM_MAX_DIM=2600 -DCOAMPS_CORE=0 -DDA_CORE=0 -DEXP_CORE=0 -DIWORDSIZE=4 -DDWORDSIZE=8 -DRWORDSIZE=4 -DLWORDSIZE=4 -DNONSTANDARD_SYSTEM_FUNC -DWRF_USE_CLM  -DDM_PARALLEL -DNETCDF -DUSE_ALLOCATABLES -DGRIB1 -DINTIO -DLIMIT_ARGS -DCONFIG_BUF_LEN=65536 -DMAX_DOMAINS_F=21 -DMAX_HISTORY=25 -DNMM_NEST=0 -DWRF_CHEM -DBUILD_CHEM=1 -DWRF_KPP -I. -traditional   module_kpp_radm2sorg_Parameters.F  > module_kpp_radm2sorg_Parameters.bb
/global/scratch/azare/Josh/WRFV3/tools/standard.exe module_kpp_radm2sorg_Parameters.bb | /lib/cpp -C -P > module_kpp_radm2sorg_Parameters.f90
rm -f module_kpp_radm2sorg_Parameters.b module_kpp_radm2sorg_Parameters.bb
mpif90 -f90=ifort -o module_kpp_radm2sorg_Parameters.o -c -O2 -ip -fp-model precise -w -ftz -align all -fno-alias -FR -convert big_endian    -I../dyn_em -I../dyn_nmm   -I/global/scratch/azare/Josh/WRFV3/external/esmf_time_f90  -I/global/scratch/azare/Josh/WRFV3/main -I/global/scratch/azare/Josh/WRFV3/external/io_netcdf -I/global/scratch/azare/Josh/WRFV3/external/io_int -I/global/scratch/azare/Josh/WRFV3/frame -I/global/scratch/azare/Josh/WRFV3/share -I/global/scratch/azare/Josh/WRFV3/phys -I/global/scratch/azare/Josh/WRFV3/chem -I/global/scratch/azare/Josh/WRFV3/inc -I/global/software/sl-6.x86_64/modules/intel/2013_sp1.4.211/netcdf/4.3.2-intel-p/include  -i4  module_kpp_radm2sorg_Parameters.f90
rm -f module_kpp_radm2sorg_JacobianSP.o
/lib/cpp -C -P -I/global/scratch/azare/Josh/WRFV3/inc -DEM_CORE=1 -DNMM_CORE=0 -DNMM_MAX_DIM=2600 -DCOAMPS_CORE=0 -DDA_CORE=0 -DEXP_CORE=0 -DIWORDSIZE=4 -DDWORDSIZE=8 -DRWORDSIZE=4 -DLWORDSIZE=4 -DNONSTANDARD_SYSTEM_FUNC -DWRF_USE_CLM  -DDM_PARALLEL -DNETCDF -DUSE_ALLOCATABLES -DGRIB1 -DINTIO -DLIMIT_ARGS -DCONFIG_BUF_LEN=65536 -DMAX_DOMAINS_F=21 -DMAX_HISTORY=25 -DNMM_NEST=0 -DWRF_CHEM -DBUILD_CHEM=1 -DWRF_KPP -I. -traditional   module_kpp_radm2sorg_JacobianSP.F  > module_kpp_radm2sorg_JacobianSP.bb
/global/scratch/azare/Josh/WRFV3/tools/standard.exe module_kpp_radm2sorg_JacobianSP.bb | /lib/cpp -C -P > module_kpp_radm2sorg_JacobianSP.f90
rm -f module_kpp_radm2sorg_JacobianSP.b module_kpp_radm2sorg_JacobianSP.bb
mpif90 -f90=ifort -o module_kpp_radm2sorg_JacobianSP.o -c -O2 -ip -fp-model precise -w -ftz -align all -fno-alias -FR -convert big_endian    -I../dyn_em -I../dyn_nmm   -I/global/scratch/azare/Josh/WRFV3/external/esmf_time_f90  -I/global/scratch/azare/Josh/WRFV3/main -I/global/scratch/azare/Josh/WRFV3/external/io_netcdf -I/global/scratch/azare/Josh/WRFV3/external/io_int -I/global/scratch/azare/Josh/WRFV3/frame -I/global/scratch/azare/Josh/WRFV3/share -I/global/scratch/azare/Josh/WRFV3/phys -I/global/scratch/azare/Josh/WRFV3/chem -I/global/scratch/azare/Josh/WRFV3/inc -I/global/software/sl-6.x86_64/modules/intel/2013_sp1.4.211/netcdf/4.3.2-intel-p/include  -i4  module_kpp_radm2sorg_JacobianSP.f90
rm -f module_kpp_radm2sorg_Jacobian.o
/lib/cpp -C -P -I/global/scratch/azare/Josh/WRFV3/inc -DEM_CORE=1 -DNMM_CORE=0 -DNMM_MAX_DIM=2600 -DCOAMPS_CORE=0 -DDA_CORE=0 -DEXP_CORE=0 -DIWORDSIZE=4 -DDWORDSIZE=8 -DRWORDSIZE=4 -DLWORDSIZE=4 -DNONSTANDARD_SYSTEM_FUNC -DWRF_USE_CLM  -DDM_PARALLEL -DNETCDF -DUSE_ALLOCATABLES -DGRIB1 -DINTIO -DLIMIT_ARGS -DCONFIG_BUF_LEN=65536 -DMAX_DOMAINS_F=21 -DMAX_HISTORY=25 -DNMM_NEST=0 -DWRF_CHEM -DBUILD_CHEM=1 -DWRF_KPP -I. -traditional   module_kpp_radm2sorg_Jacobian.F  > module_kpp_radm2sorg_Jacobian.bb
/global/scratch/azare/Josh/WRFV3/tools/standard.exe module_kpp_radm2sorg_Jacobian.bb | /lib/cpp -C -P > module_kpp_radm2sorg_Jacobian.f90
rm -f module_kpp_radm2sorg_Jacobian.b module_kpp_radm2sorg_Jacobian.bb
mpif90 -f90=ifort -o module_kpp_radm2sorg_Jacobian.o -c -O2 -ip -fp-model precise -w -ftz -align all -fno-alias -FR -convert big_endian    -I../dyn_em -I../dyn_nmm   -I/global/scratch/azare/Josh/WRFV3/external/esmf_time_f90  -I/global/scratch/azare/Josh/WRFV3/main -I/global/scratch/azare/Josh/WRFV3/external/io_netcdf -I/global/scratch/azare/Josh/WRFV3/external/io_int -I/global/scratch/azare/Josh/WRFV3/frame -I/global/scratch/azare/Josh/WRFV3/share -I/global/scratch/azare/Josh/WRFV3/phys -I/global/scratch/azare/Josh/WRFV3/chem -I/global/scratch/azare/Josh/WRFV3/inc -I/global/software/sl-6.x86_64/modules/intel/2013_sp1.4.211/netcdf/4.3.2-intel-p/include  -i4  module_kpp_radm2sorg_Jacobian.f90
rm -f module_kpp_radm2sorg_Update_Rconst.o
/lib/cpp -C -P -I/global/scratch/azare/Josh/WRFV3/inc -DEM_CORE=1 -DNMM_CORE=0 -DNMM_MAX_DIM=2600 -DCOAMPS_CORE=0 -DDA_CORE=0 -DEXP_CORE=0 -DIWORDSIZE=4 -DDWORDSIZE=8 -DRWORDSIZE=4 -DLWORDSIZE=4 -DNONSTANDARD_SYSTEM_FUNC -DWRF_USE_CLM  -DDM_PARALLEL -DNETCDF -DUSE_ALLOCATABLES -DGRIB1 -DINTIO -DLIMIT_ARGS -DCONFIG_BUF_LEN=65536 -DMAX_DOMAINS_F=21 -DMAX_HISTORY=25 -DNMM_NEST=0 -DWRF_CHEM -DBUILD_CHEM=1 -DWRF_KPP -I. -traditional   module_kpp_radm2sorg_Update_Rconst.F  > module_kpp_radm2sorg_Update_Rconst.bb
/global/scratch/azare/Josh/WRFV3/tools/standard.exe module_kpp_radm2sorg_Update_Rconst.bb | /lib/cpp -C -P > module_kpp_radm2sorg_Update_Rconst.f90
rm -f module_kpp_radm2sorg_Update_Rconst.b module_kpp_radm2sorg_Update_Rconst.bb
mpif90 -f90=ifort -o module_kpp_radm2sorg_Update_Rconst.o -c -O2 -ip -fp-model precise -w -ftz -align all -fno-alias -FR -convert big_endian    -I../dyn_em -I../dyn_nmm   -I/global/scratch/azare/Josh/WRFV3/external/esmf_time_f90  -I/global/scratch/azare/Josh/WRFV3/main -I/global/scratch/azare/Josh/WRFV3/external/io_netcdf -I/global/scratch/azare/Josh/WRFV3/external/io_int -I/global/scratch/azare/Josh/WRFV3/frame -I/global/scratch/azare/Josh/WRFV3/share -I/global/scratch/azare/Josh/WRFV3/phys -I/global/scratch/azare/Josh/WRFV3/chem -I/global/scratch/azare/Josh/WRFV3/inc -I/global/software/sl-6.x86_64/modules/intel/2013_sp1.4.211/netcdf/4.3.2-intel-p/include  -i4  module_kpp_radm2sorg_Update_Rconst.f90
rm -f module_kpp_radm2sorg_Integr.o
/lib/cpp -C -P -I/global/scratch/azare/Josh/WRFV3/inc -DEM_CORE=1 -DNMM_CORE=0 -DNMM_MAX_DIM=2600 -DCOAMPS_CORE=0 -DDA_CORE=0 -DEXP_CORE=0 -DIWORDSIZE=4 -DDWORDSIZE=8 -DRWORDSIZE=4 -DLWORDSIZE=4 -DNONSTANDARD_SYSTEM_FUNC -DWRF_USE_CLM  -DDM_PARALLEL -DNETCDF -DUSE_ALLOCATABLES -DGRIB1 -DINTIO -DLIMIT_ARGS -DCONFIG_BUF_LEN=65536 -DMAX_DOMAINS_F=21 -DMAX_HISTORY=25 -DNMM_NEST=0 -DWRF_CHEM -DBUILD_CHEM=1 -DWRF_KPP -I. -traditional   module_kpp_radm2sorg_Integr.F  > module_kpp_radm2sorg_Integr.bb
/global/scratch/azare/Josh/WRFV3/tools/standard.exe module_kpp_radm2sorg_Integr.bb | /lib/cpp -C -P > module_kpp_radm2sorg_Integr.f90
rm -f module_kpp_radm2sorg_Integr.b module_kpp_radm2sorg_Integr.bb
mpif90 -f90=ifort -o module_kpp_radm2sorg_Integr.o -c -O2 -ip -fp-model precise -w -ftz -align all -fno-alias -FR -convert big_endian    -I../dyn_em -I../dyn_nmm   -I/global/scratch/azare/Josh/WRFV3/external/esmf_time_f90  -I/global/scratch/azare/Josh/WRFV3/main -I/global/scratch/azare/Josh/WRFV3/external/io_netcdf -I/global/scratch/azare/Josh/WRFV3/external/io_int -I/global/scratch/azare/Josh/WRFV3/frame -I/global/scratch/azare/Josh/WRFV3/share -I/global/scratch/azare/Josh/WRFV3/phys -I/global/scratch/azare/Josh/WRFV3/chem -I/global/scratch/azare/Josh/WRFV3/inc -I/global/software/sl-6.x86_64/modules/intel/2013_sp1.4.211/netcdf/4.3.2-intel-p/include  -i4  module_kpp_radm2sorg_Integr.f90
rm -f module_kpp_radm2sorg_interface.o
/lib/cpp -C -P -I/global/scratch/azare/Josh/WRFV3/inc -DEM_CORE=1 -DNMM_CORE=0 -DNMM_MAX_DIM=2600 -DCOAMPS_CORE=0 -DDA_CORE=0 -DEXP_CORE=0 -DIWORDSIZE=4 -DDWORDSIZE=8 -DRWORDSIZE=4 -DLWORDSIZE=4 -DNONSTANDARD_SYSTEM_FUNC -DWRF_USE_CLM  -DDM_PARALLEL -DNETCDF -DUSE_ALLOCATABLES -DGRIB1 -DINTIO -DLIMIT_ARGS -DCONFIG_BUF_LEN=65536 -DMAX_DOMAINS_F=21 -DMAX_HISTORY=25 -DNMM_NEST=0 -DWRF_CHEM -DBUILD_CHEM=1 -DWRF_KPP -I. -traditional   module_kpp_radm2sorg_interface.F  > module_kpp_radm2sorg_interface.bb
/global/scratch/azare/Josh/WRFV3/tools/standard.exe module_kpp_radm2sorg_interface.bb | /lib/cpp -C -P > module_kpp_radm2sorg_interface.f90
rm -f module_kpp_radm2sorg_interface.b module_kpp_radm2sorg_interface.bb
mpif90 -f90=ifort -o module_kpp_radm2sorg_interface.o -c -O2 -ip -fp-model precise -w -ftz -align all -fno-alias -FR -convert big_endian    -I../dyn_em -I../dyn_nmm   -I/global/scratch/azare/Josh/WRFV3/external/esmf_time_f90  -I/global/scratch/azare/Josh/WRFV3/main -I/global/scratch/azare/Josh/WRFV3/external/io_netcdf -I/global/scratch/azare/Josh/WRFV3/external/io_int -I/global/scratch/azare/Josh/WRFV3/frame -I/global/scratch/azare/Josh/WRFV3/share -I/global/scratch/azare/Josh/WRFV3/phys -I/global/scratch/azare/Josh/WRFV3/chem -I/global/scratch/azare/Josh/WRFV3/inc -I/global/software/sl-6.x86_64/modules/intel/2013_sp1.4.211/netcdf/4.3.2-intel-p/include  -i4  module_kpp_radm2sorg_interface.f90
rm -f module_kpp_saprc99_mosaic_4bin_vbs2_Precision.o
/lib/cpp -C -P -I/global/scratch/azare/Josh/WRFV3/inc -DEM_CORE=1 -DNMM_CORE=0 -DNMM_MAX_DIM=2600 -DCOAMPS_CORE=0 -DDA_CORE=0 -DEXP_CORE=0 -DIWORDSIZE=4 -DDWORDSIZE=8 -DRWORDSIZE=4 -DLWORDSIZE=4 -DNONSTANDARD_SYSTEM_FUNC -DWRF_USE_CLM  -DDM_PARALLEL -DNETCDF -DUSE_ALLOCATABLES -DGRIB1 -DINTIO -DLIMIT_ARGS -DCONFIG_BUF_LEN=65536 -DMAX_DOMAINS_F=21 -DMAX_HISTORY=25 -DNMM_NEST=0 -DWRF_CHEM -DBUILD_CHEM=1 -DWRF_KPP -I. -traditional   module_kpp_saprc99_mosaic_4bin_vbs2_Precision.F  > module_kpp_saprc99_mosaic_4bin_vbs2_Precision.bb
/global/scratch/azare/Josh/WRFV3/tools/standard.exe module_kpp_saprc99_mosaic_4bin_vbs2_Precision.bb | /lib/cpp -C -P > module_kpp_saprc99_mosaic_4bin_vbs2_Precision.f90
rm -f module_kpp_saprc99_mosaic_4bin_vbs2_Precision.b module_kpp_saprc99_mosaic_4bin_vbs2_Precision.bb
mpif90 -f90=ifort -o module_kpp_saprc99_mosaic_4bin_vbs2_Precision.o -c -O2 -ip -fp-model precise -w -ftz -align all -fno-alias -FR -convert big_endian    -I../dyn_em -I../dyn_nmm   -I/global/scratch/azare/Josh/WRFV3/external/esmf_time_f90  -I/global/scratch/azare/Josh/WRFV3/main -I/global/scratch/azare/Josh/WRFV3/external/io_netcdf -I/global/scratch/azare/Josh/WRFV3/external/io_int -I/global/scratch/azare/Josh/WRFV3/frame -I/global/scratch/azare/Josh/WRFV3/share -I/global/scratch/azare/Josh/WRFV3/phys -I/global/scratch/azare/Josh/WRFV3/chem -I/global/scratch/azare/Josh/WRFV3/inc -I/global/software/sl-6.x86_64/modules/intel/2013_sp1.4.211/netcdf/4.3.2-intel-p/include  -i4  module_kpp_saprc99_mosaic_4bin_vbs2_Precision.f90
rm -f module_kpp_saprc99_mosaic_4bin_vbs2_Parameters.o
/lib/cpp -C -P -I/global/scratch/azare/Josh/WRFV3/inc -DEM_CORE=1 -DNMM_CORE=0 -DNMM_MAX_DIM=2600 -DCOAMPS_CORE=0 -DDA_CORE=0 -DEXP_CORE=0 -DIWORDSIZE=4 -DDWORDSIZE=8 -DRWORDSIZE=4 -DLWORDSIZE=4 -DNONSTANDARD_SYSTEM_FUNC -DWRF_USE_CLM  -DDM_PARALLEL -DNETCDF -DUSE_ALLOCATABLES -DGRIB1 -DINTIO -DLIMIT_ARGS -DCONFIG_BUF_LEN=65536 -DMAX_DOMAINS_F=21 -DMAX_HISTORY=25 -DNMM_NEST=0 -DWRF_CHEM -DBUILD_CHEM=1 -DWRF_KPP -I. -traditional   module_kpp_saprc99_mosaic_4bin_vbs2_Parameters.F  > module_kpp_saprc99_mosaic_4bin_vbs2_Parameters.bb
/global/scratch/azare/Josh/WRFV3/tools/standard.exe module_kpp_saprc99_mosaic_4bin_vbs2_Parameters.bb | /lib/cpp -C -P > module_kpp_saprc99_mosaic_4bin_vbs2_Parameters.f90
rm -f module_kpp_saprc99_mosaic_4bin_vbs2_Parameters.b module_kpp_saprc99_mosaic_4bin_vbs2_Parameters.bb
mpif90 -f90=ifort -o module_kpp_saprc99_mosaic_4bin_vbs2_Parameters.o -c -O2 -ip -fp-model precise -w -ftz -align all -fno-alias -FR -convert big_endian    -I../dyn_em -I../dyn_nmm   -I/global/scratch/azare/Josh/WRFV3/external/esmf_time_f90  -I/global/scratch/azare/Josh/WRFV3/main -I/global/scratch/azare/Josh/WRFV3/external/io_netcdf -I/global/scratch/azare/Josh/WRFV3/external/io_int -I/global/scratch/azare/Josh/WRFV3/frame -I/global/scratch/azare/Josh/WRFV3/share -I/global/scratch/azare/Josh/WRFV3/phys -I/global/scratch/azare/Josh/WRFV3/chem -I/global/scratch/azare/Josh/WRFV3/inc -I/global/software/sl-6.x86_64/modules/intel/2013_sp1.4.211/netcdf/4.3.2-intel-p/include  -i4  module_kpp_saprc99_mosaic_4bin_vbs2_Parameters.f90
rm -f module_kpp_saprc99_mosaic_4bin_vbs2_JacobianSP.o
/lib/cpp -C -P -I/global/scratch/azare/Josh/WRFV3/inc -DEM_CORE=1 -DNMM_CORE=0 -DNMM_MAX_DIM=2600 -DCOAMPS_CORE=0 -DDA_CORE=0 -DEXP_CORE=0 -DIWORDSIZE=4 -DDWORDSIZE=8 -DRWORDSIZE=4 -DLWORDSIZE=4 -DNONSTANDARD_SYSTEM_FUNC -DWRF_USE_CLM  -DDM_PARALLEL -DNETCDF -DUSE_ALLOCATABLES -DGRIB1 -DINTIO -DLIMIT_ARGS -DCONFIG_BUF_LEN=65536 -DMAX_DOMAINS_F=21 -DMAX_HISTORY=25 -DNMM_NEST=0 -DWRF_CHEM -DBUILD_CHEM=1 -DWRF_KPP -I. -traditional   module_kpp_saprc99_mosaic_4bin_vbs2_JacobianSP.F  > module_kpp_saprc99_mosaic_4bin_vbs2_JacobianSP.bb
/global/scratch/azare/Josh/WRFV3/tools/standard.exe module_kpp_saprc99_mosaic_4bin_vbs2_JacobianSP.bb | /lib/cpp -C -P > module_kpp_saprc99_mosaic_4bin_vbs2_JacobianSP.f90
rm -f module_kpp_saprc99_mosaic_4bin_vbs2_JacobianSP.b module_kpp_saprc99_mosaic_4bin_vbs2_JacobianSP.bb
mpif90 -f90=ifort -o module_kpp_saprc99_mosaic_4bin_vbs2_JacobianSP.o -c -O2 -ip -fp-model precise -w -ftz -align all -fno-alias -FR -convert big_endian    -I../dyn_em -I../dyn_nmm   -I/global/scratch/azare/Josh/WRFV3/external/esmf_time_f90  -I/global/scratch/azare/Josh/WRFV3/main -I/global/scratch/azare/Josh/WRFV3/external/io_netcdf -I/global/scratch/azare/Josh/WRFV3/external/io_int -I/global/scratch/azare/Josh/WRFV3/frame -I/global/scratch/azare/Josh/WRFV3/share -I/global/scratch/azare/Josh/WRFV3/phys -I/global/scratch/azare/Josh/WRFV3/chem -I/global/scratch/azare/Josh/WRFV3/inc -I/global/software/sl-6.x86_64/modules/intel/2013_sp1.4.211/netcdf/4.3.2-intel-p/include  -i4  module_kpp_saprc99_mosaic_4bin_vbs2_JacobianSP.f90
rm -f module_kpp_saprc99_mosaic_4bin_vbs2_Jacobian.o
/lib/cpp -C -P -I/global/scratch/azare/Josh/WRFV3/inc -DEM_CORE=1 -DNMM_CORE=0 -DNMM_MAX_DIM=2600 -DCOAMPS_CORE=0 -DDA_CORE=0 -DEXP_CORE=0 -DIWORDSIZE=4 -DDWORDSIZE=8 -DRWORDSIZE=4 -DLWORDSIZE=4 -DNONSTANDARD_SYSTEM_FUNC -DWRF_USE_CLM  -DDM_PARALLEL -DNETCDF -DUSE_ALLOCATABLES -DGRIB1 -DINTIO -DLIMIT_ARGS -DCONFIG_BUF_LEN=65536 -DMAX_DOMAINS_F=21 -DMAX_HISTORY=25 -DNMM_NEST=0 -DWRF_CHEM -DBUILD_CHEM=1 -DWRF_KPP -I. -traditional   module_kpp_saprc99_mosaic_4bin_vbs2_Jacobian.F  > module_kpp_saprc99_mosaic_4bin_vbs2_Jacobian.bb
/global/scratch/azare/Josh/WRFV3/tools/standard.exe module_kpp_saprc99_mosaic_4bin_vbs2_Jacobian.bb | /lib/cpp -C -P > module_kpp_saprc99_mosaic_4bin_vbs2_Jacobian.f90
rm -f module_kpp_saprc99_mosaic_4bin_vbs2_Jacobian.b module_kpp_saprc99_mosaic_4bin_vbs2_Jacobian.bb
mpif90 -f90=ifort -o module_kpp_saprc99_mosaic_4bin_vbs2_Jacobian.o -c -O2 -ip -fp-model precise -w -ftz -align all -fno-alias -FR -convert big_endian    -I../dyn_em -I../dyn_nmm   -I/global/scratch/azare/Josh/WRFV3/external/esmf_time_f90  -I/global/scratch/azare/Josh/WRFV3/main -I/global/scratch/azare/Josh/WRFV3/external/io_netcdf -I/global/scratch/azare/Josh/WRFV3/external/io_int -I/global/scratch/azare/Josh/WRFV3/frame -I/global/scratch/azare/Josh/WRFV3/share -I/global/scratch/azare/Josh/WRFV3/phys -I/global/scratch/azare/Josh/WRFV3/chem -I/global/scratch/azare/Josh/WRFV3/inc -I/global/software/sl-6.x86_64/modules/intel/2013_sp1.4.211/netcdf/4.3.2-intel-p/include  -i4  module_kpp_saprc99_mosaic_4bin_vbs2_Jacobian.f90
rm -f module_kpp_saprc99_mosaic_4bin_vbs2_Update_Rconst.o
/lib/cpp -C -P -I/global/scratch/azare/Josh/WRFV3/inc -DEM_CORE=1 -DNMM_CORE=0 -DNMM_MAX_DIM=2600 -DCOAMPS_CORE=0 -DDA_CORE=0 -DEXP_CORE=0 -DIWORDSIZE=4 -DDWORDSIZE=8 -DRWORDSIZE=4 -DLWORDSIZE=4 -DNONSTANDARD_SYSTEM_FUNC -DWRF_USE_CLM  -DDM_PARALLEL -DNETCDF -DUSE_ALLOCATABLES -DGRIB1 -DINTIO -DLIMIT_ARGS -DCONFIG_BUF_LEN=65536 -DMAX_DOMAINS_F=21 -DMAX_HISTORY=25 -DNMM_NEST=0 -DWRF_CHEM -DBUILD_CHEM=1 -DWRF_KPP -I. -traditional   module_kpp_saprc99_mosaic_4bin_vbs2_Update_Rconst.F  > module_kpp_saprc99_mosaic_4bin_vbs2_Update_Rconst.bb
/global/scratch/azare/Josh/WRFV3/tools/standard.exe module_kpp_saprc99_mosaic_4bin_vbs2_Update_Rconst.bb | /lib/cpp -C -P > module_kpp_saprc99_mosaic_4bin_vbs2_Update_Rconst.f90
rm -f module_kpp_saprc99_mosaic_4bin_vbs2_Update_Rconst.b module_kpp_saprc99_mosaic_4bin_vbs2_Update_Rconst.bb
mpif90 -f90=ifort -o module_kpp_saprc99_mosaic_4bin_vbs2_Update_Rconst.o -c -O2 -ip -fp-model precise -w -ftz -align all -fno-alias -FR -convert big_endian    -I../dyn_em -I../dyn_nmm   -I/global/scratch/azare/Josh/WRFV3/external/esmf_time_f90  -I/global/scratch/azare/Josh/WRFV3/main -I/global/scratch/azare/Josh/WRFV3/external/io_netcdf -I/global/scratch/azare/Josh/WRFV3/external/io_int -I/global/scratch/azare/Josh/WRFV3/frame -I/global/scratch/azare/Josh/WRFV3/share -I/global/scratch/azare/Josh/WRFV3/phys -I/global/scratch/azare/Josh/WRFV3/chem -I/global/scratch/azare/Josh/WRFV3/inc -I/global/software/sl-6.x86_64/modules/intel/2013_sp1.4.211/netcdf/4.3.2-intel-p/include  -i4  module_kpp_saprc99_mosaic_4bin_vbs2_Update_Rconst.f90
rm -f module_kpp_saprc99_mosaic_4bin_vbs2_Integr.o
/lib/cpp -C -P -I/global/scratch/azare/Josh/WRFV3/inc -DEM_CORE=1 -DNMM_CORE=0 -DNMM_MAX_DIM=2600 -DCOAMPS_CORE=0 -DDA_CORE=0 -DEXP_CORE=0 -DIWORDSIZE=4 -DDWORDSIZE=8 -DRWORDSIZE=4 -DLWORDSIZE=4 -DNONSTANDARD_SYSTEM_FUNC -DWRF_USE_CLM  -DDM_PARALLEL -DNETCDF -DUSE_ALLOCATABLES -DGRIB1 -DINTIO -DLIMIT_ARGS -DCONFIG_BUF_LEN=65536 -DMAX_DOMAINS_F=21 -DMAX_HISTORY=25 -DNMM_NEST=0 -DWRF_CHEM -DBUILD_CHEM=1 -DWRF_KPP -I. -traditional   module_kpp_saprc99_mosaic_4bin_vbs2_Integr.F  > module_kpp_saprc99_mosaic_4bin_vbs2_Integr.bb
/global/scratch/azare/Josh/WRFV3/tools/standard.exe module_kpp_saprc99_mosaic_4bin_vbs2_Integr.bb | /lib/cpp -C -P > module_kpp_saprc99_mosaic_4bin_vbs2_Integr.f90
rm -f module_kpp_saprc99_mosaic_4bin_vbs2_Integr.b module_kpp_saprc99_mosaic_4bin_vbs2_Integr.bb
mpif90 -f90=ifort -o module_kpp_saprc99_mosaic_4bin_vbs2_Integr.o -c -O2 -ip -fp-model precise -w -ftz -align all -fno-alias -FR -convert big_endian    -I../dyn_em -I../dyn_nmm   -I/global/scratch/azare/Josh/WRFV3/external/esmf_time_f90  -I/global/scratch/azare/Josh/WRFV3/main -I/global/scratch/azare/Josh/WRFV3/external/io_netcdf -I/global/scratch/azare/Josh/WRFV3/external/io_int -I/global/scratch/azare/Josh/WRFV3/frame -I/global/scratch/azare/Josh/WRFV3/share -I/global/scratch/azare/Josh/WRFV3/phys -I/global/scratch/azare/Josh/WRFV3/chem -I/global/scratch/azare/Josh/WRFV3/inc -I/global/software/sl-6.x86_64/modules/intel/2013_sp1.4.211/netcdf/4.3.2-intel-p/include  -i4  module_kpp_saprc99_mosaic_4bin_vbs2_Integr.f90
rm -f module_kpp_saprc99_mosaic_4bin_vbs2_interface.o
/lib/cpp -C -P -I/global/scratch/azare/Josh/WRFV3/inc -DEM_CORE=1 -DNMM_CORE=0 -DNMM_MAX_DIM=2600 -DCOAMPS_CORE=0 -DDA_CORE=0 -DEXP_CORE=0 -DIWORDSIZE=4 -DDWORDSIZE=8 -DRWORDSIZE=4 -DLWORDSIZE=4 -DNONSTANDARD_SYSTEM_FUNC -DWRF_USE_CLM  -DDM_PARALLEL -DNETCDF -DUSE_ALLOCATABLES -DGRIB1 -DINTIO -DLIMIT_ARGS -DCONFIG_BUF_LEN=65536 -DMAX_DOMAINS_F=21 -DMAX_HISTORY=25 -DNMM_NEST=0 -DWRF_CHEM -DBUILD_CHEM=1 -DWRF_KPP -I. -traditional   module_kpp_saprc99_mosaic_4bin_vbs2_interface.F  > module_kpp_saprc99_mosaic_4bin_vbs2_interface.bb
/global/scratch/azare/Josh/WRFV3/tools/standard.exe module_kpp_saprc99_mosaic_4bin_vbs2_interface.bb | /lib/cpp -C -P > module_kpp_saprc99_mosaic_4bin_vbs2_interface.f90
rm -f module_kpp_saprc99_mosaic_4bin_vbs2_interface.b module_kpp_saprc99_mosaic_4bin_vbs2_interface.bb
mpif90 -f90=ifort -o module_kpp_saprc99_mosaic_4bin_vbs2_interface.o -c -O2 -ip -fp-model precise -w -ftz -align all -fno-alias -FR -convert big_endian    -I../dyn_em -I../dyn_nmm   -I/global/scratch/azare/Josh/WRFV3/external/esmf_time_f90  -I/global/scratch/azare/Josh/WRFV3/main -I/global/scratch/azare/Josh/WRFV3/external/io_netcdf -I/global/scratch/azare/Josh/WRFV3/external/io_int -I/global/scratch/azare/Josh/WRFV3/frame -I/global/scratch/azare/Josh/WRFV3/share -I/global/scratch/azare/Josh/WRFV3/phys -I/global/scratch/azare/Josh/WRFV3/chem -I/global/scratch/azare/Josh/WRFV3/inc -I/global/software/sl-6.x86_64/modules/intel/2013_sp1.4.211/netcdf/4.3.2-intel-p/include  -i4  module_kpp_saprc99_mosaic_4bin_vbs2_interface.f90
rm -f module_kpp_racm_mim_Precision.o
/lib/cpp -C -P -I/global/scratch/azare/Josh/WRFV3/inc -DEM_CORE=1 -DNMM_CORE=0 -DNMM_MAX_DIM=2600 -DCOAMPS_CORE=0 -DDA_CORE=0 -DEXP_CORE=0 -DIWORDSIZE=4 -DDWORDSIZE=8 -DRWORDSIZE=4 -DLWORDSIZE=4 -DNONSTANDARD_SYSTEM_FUNC -DWRF_USE_CLM  -DDM_PARALLEL -DNETCDF -DUSE_ALLOCATABLES -DGRIB1 -DINTIO -DLIMIT_ARGS -DCONFIG_BUF_LEN=65536 -DMAX_DOMAINS_F=21 -DMAX_HISTORY=25 -DNMM_NEST=0 -DWRF_CHEM -DBUILD_CHEM=1 -DWRF_KPP -I. -traditional   module_kpp_racm_mim_Precision.F  > module_kpp_racm_mim_Precision.bb
/global/scratch/azare/Josh/WRFV3/tools/standard.exe module_kpp_racm_mim_Precision.bb | /lib/cpp -C -P > module_kpp_racm_mim_Precision.f90
rm -f module_kpp_racm_mim_Precision.b module_kpp_racm_mim_Precision.bb
mpif90 -f90=ifort -o module_kpp_racm_mim_Precision.o -c -O2 -ip -fp-model precise -w -ftz -align all -fno-alias -FR -convert big_endian    -I../dyn_em -I../dyn_nmm   -I/global/scratch/azare/Josh/WRFV3/external/esmf_time_f90  -I/global/scratch/azare/Josh/WRFV3/main -I/global/scratch/azare/Josh/WRFV3/external/io_netcdf -I/global/scratch/azare/Josh/WRFV3/external/io_int -I/global/scratch/azare/Josh/WRFV3/frame -I/global/scratch/azare/Josh/WRFV3/share -I/global/scratch/azare/Josh/WRFV3/phys -I/global/scratch/azare/Josh/WRFV3/chem -I/global/scratch/azare/Josh/WRFV3/inc -I/global/software/sl-6.x86_64/modules/intel/2013_sp1.4.211/netcdf/4.3.2-intel-p/include  -i4  module_kpp_racm_mim_Precision.f90
rm -f module_kpp_racm_mim_Parameters.o
/lib/cpp -C -P -I/global/scratch/azare/Josh/WRFV3/inc -DEM_CORE=1 -DNMM_CORE=0 -DNMM_MAX_DIM=2600 -DCOAMPS_CORE=0 -DDA_CORE=0 -DEXP_CORE=0 -DIWORDSIZE=4 -DDWORDSIZE=8 -DRWORDSIZE=4 -DLWORDSIZE=4 -DNONSTANDARD_SYSTEM_FUNC -DWRF_USE_CLM  -DDM_PARALLEL -DNETCDF -DUSE_ALLOCATABLES -DGRIB1 -DINTIO -DLIMIT_ARGS -DCONFIG_BUF_LEN=65536 -DMAX_DOMAINS_F=21 -DMAX_HISTORY=25 -DNMM_NEST=0 -DWRF_CHEM -DBUILD_CHEM=1 -DWRF_KPP -I. -traditional   module_kpp_racm_mim_Parameters.F  > module_kpp_racm_mim_Parameters.bb
/global/scratch/azare/Josh/WRFV3/tools/standard.exe module_kpp_racm_mim_Parameters.bb | /lib/cpp -C -P > module_kpp_racm_mim_Parameters.f90
rm -f module_kpp_racm_mim_Parameters.b module_kpp_racm_mim_Parameters.bb
mpif90 -f90=ifort -o module_kpp_racm_mim_Parameters.o -c -O2 -ip -fp-model precise -w -ftz -align all -fno-alias -FR -convert big_endian    -I../dyn_em -I../dyn_nmm   -I/global/scratch/azare/Josh/WRFV3/external/esmf_time_f90  -I/global/scratch/azare/Josh/WRFV3/main -I/global/scratch/azare/Josh/WRFV3/external/io_netcdf -I/global/scratch/azare/Josh/WRFV3/external/io_int -I/global/scratch/azare/Josh/WRFV3/frame -I/global/scratch/azare/Josh/WRFV3/share -I/global/scratch/azare/Josh/WRFV3/phys -I/global/scratch/azare/Josh/WRFV3/chem -I/global/scratch/azare/Josh/WRFV3/inc -I/global/software/sl-6.x86_64/modules/intel/2013_sp1.4.211/netcdf/4.3.2-intel-p/include  -i4  module_kpp_racm_mim_Parameters.f90
rm -f module_kpp_racm_mim_JacobianSP.o
/lib/cpp -C -P -I/global/scratch/azare/Josh/WRFV3/inc -DEM_CORE=1 -DNMM_CORE=0 -DNMM_MAX_DIM=2600 -DCOAMPS_CORE=0 -DDA_CORE=0 -DEXP_CORE=0 -DIWORDSIZE=4 -DDWORDSIZE=8 -DRWORDSIZE=4 -DLWORDSIZE=4 -DNONSTANDARD_SYSTEM_FUNC -DWRF_USE_CLM  -DDM_PARALLEL -DNETCDF -DUSE_ALLOCATABLES -DGRIB1 -DINTIO -DLIMIT_ARGS -DCONFIG_BUF_LEN=65536 -DMAX_DOMAINS_F=21 -DMAX_HISTORY=25 -DNMM_NEST=0 -DWRF_CHEM -DBUILD_CHEM=1 -DWRF_KPP -I. -traditional   module_kpp_racm_mim_JacobianSP.F  > module_kpp_racm_mim_JacobianSP.bb
/global/scratch/azare/Josh/WRFV3/tools/standard.exe module_kpp_racm_mim_JacobianSP.bb | /lib/cpp -C -P > module_kpp_racm_mim_JacobianSP.f90
rm -f module_kpp_racm_mim_JacobianSP.b module_kpp_racm_mim_JacobianSP.bb
mpif90 -f90=ifort -o module_kpp_racm_mim_JacobianSP.o -c -O2 -ip -fp-model precise -w -ftz -align all -fno-alias -FR -convert big_endian    -I../dyn_em -I../dyn_nmm   -I/global/scratch/azare/Josh/WRFV3/external/esmf_time_f90  -I/global/scratch/azare/Josh/WRFV3/main -I/global/scratch/azare/Josh/WRFV3/external/io_netcdf -I/global/scratch/azare/Josh/WRFV3/external/io_int -I/global/scratch/azare/Josh/WRFV3/frame -I/global/scratch/azare/Josh/WRFV3/share -I/global/scratch/azare/Josh/WRFV3/phys -I/global/scratch/azare/Josh/WRFV3/chem -I/global/scratch/azare/Josh/WRFV3/inc -I/global/software/sl-6.x86_64/modules/intel/2013_sp1.4.211/netcdf/4.3.2-intel-p/include  -i4  module_kpp_racm_mim_JacobianSP.f90
rm -f module_kpp_racm_mim_Jacobian.o
/lib/cpp -C -P -I/global/scratch/azare/Josh/WRFV3/inc -DEM_CORE=1 -DNMM_CORE=0 -DNMM_MAX_DIM=2600 -DCOAMPS_CORE=0 -DDA_CORE=0 -DEXP_CORE=0 -DIWORDSIZE=4 -DDWORDSIZE=8 -DRWORDSIZE=4 -DLWORDSIZE=4 -DNONSTANDARD_SYSTEM_FUNC -DWRF_USE_CLM  -DDM_PARALLEL -DNETCDF -DUSE_ALLOCATABLES -DGRIB1 -DINTIO -DLIMIT_ARGS -DCONFIG_BUF_LEN=65536 -DMAX_DOMAINS_F=21 -DMAX_HISTORY=25 -DNMM_NEST=0 -DWRF_CHEM -DBUILD_CHEM=1 -DWRF_KPP -I. -traditional   module_kpp_racm_mim_Jacobian.F  > module_kpp_racm_mim_Jacobian.bb
/global/scratch/azare/Josh/WRFV3/tools/standard.exe module_kpp_racm_mim_Jacobian.bb | /lib/cpp -C -P > module_kpp_racm_mim_Jacobian.f90
rm -f module_kpp_racm_mim_Jacobian.b module_kpp_racm_mim_Jacobian.bb
mpif90 -f90=ifort -o module_kpp_racm_mim_Jacobian.o -c -O2 -ip -fp-model precise -w -ftz -align all -fno-alias -FR -convert big_endian    -I../dyn_em -I../dyn_nmm   -I/global/scratch/azare/Josh/WRFV3/external/esmf_time_f90  -I/global/scratch/azare/Josh/WRFV3/main -I/global/scratch/azare/Josh/WRFV3/external/io_netcdf -I/global/scratch/azare/Josh/WRFV3/external/io_int -I/global/scratch/azare/Josh/WRFV3/frame -I/global/scratch/azare/Josh/WRFV3/share -I/global/scratch/azare/Josh/WRFV3/phys -I/global/scratch/azare/Josh/WRFV3/chem -I/global/scratch/azare/Josh/WRFV3/inc -I/global/software/sl-6.x86_64/modules/intel/2013_sp1.4.211/netcdf/4.3.2-intel-p/include  -i4  module_kpp_racm_mim_Jacobian.f90
rm -f module_kpp_racm_mim_Update_Rconst.o
/lib/cpp -C -P -I/global/scratch/azare/Josh/WRFV3/inc -DEM_CORE=1 -DNMM_CORE=0 -DNMM_MAX_DIM=2600 -DCOAMPS_CORE=0 -DDA_CORE=0 -DEXP_CORE=0 -DIWORDSIZE=4 -DDWORDSIZE=8 -DRWORDSIZE=4 -DLWORDSIZE=4 -DNONSTANDARD_SYSTEM_FUNC -DWRF_USE_CLM  -DDM_PARALLEL -DNETCDF -DUSE_ALLOCATABLES -DGRIB1 -DINTIO -DLIMIT_ARGS -DCONFIG_BUF_LEN=65536 -DMAX_DOMAINS_F=21 -DMAX_HISTORY=25 -DNMM_NEST=0 -DWRF_CHEM -DBUILD_CHEM=1 -DWRF_KPP -I. -traditional   module_kpp_racm_mim_Update_Rconst.F  > module_kpp_racm_mim_Update_Rconst.bb
/global/scratch/azare/Josh/WRFV3/tools/standard.exe module_kpp_racm_mim_Update_Rconst.bb | /lib/cpp -C -P > module_kpp_racm_mim_Update_Rconst.f90
rm -f module_kpp_racm_mim_Update_Rconst.b module_kpp_racm_mim_Update_Rconst.bb
mpif90 -f90=ifort -o module_kpp_racm_mim_Update_Rconst.o -c -O2 -ip -fp-model precise -w -ftz -align all -fno-alias -FR -convert big_endian    -I../dyn_em -I../dyn_nmm   -I/global/scratch/azare/Josh/WRFV3/external/esmf_time_f90  -I/global/scratch/azare/Josh/WRFV3/main -I/global/scratch/azare/Josh/WRFV3/external/io_netcdf -I/global/scratch/azare/Josh/WRFV3/external/io_int -I/global/scratch/azare/Josh/WRFV3/frame -I/global/scratch/azare/Josh/WRFV3/share -I/global/scratch/azare/Josh/WRFV3/phys -I/global/scratch/azare/Josh/WRFV3/chem -I/global/scratch/azare/Josh/WRFV3/inc -I/global/software/sl-6.x86_64/modules/intel/2013_sp1.4.211/netcdf/4.3.2-intel-p/include  -i4  module_kpp_racm_mim_Update_Rconst.f90
rm -f module_kpp_racm_mim_Integr.o
/lib/cpp -C -P -I/global/scratch/azare/Josh/WRFV3/inc -DEM_CORE=1 -DNMM_CORE=0 -DNMM_MAX_DIM=2600 -DCOAMPS_CORE=0 -DDA_CORE=0 -DEXP_CORE=0 -DIWORDSIZE=4 -DDWORDSIZE=8 -DRWORDSIZE=4 -DLWORDSIZE=4 -DNONSTANDARD_SYSTEM_FUNC -DWRF_USE_CLM  -DDM_PARALLEL -DNETCDF -DUSE_ALLOCATABLES -DGRIB1 -DINTIO -DLIMIT_ARGS -DCONFIG_BUF_LEN=65536 -DMAX_DOMAINS_F=21 -DMAX_HISTORY=25 -DNMM_NEST=0 -DWRF_CHEM -DBUILD_CHEM=1 -DWRF_KPP -I. -traditional   module_kpp_racm_mim_Integr.F  > module_kpp_racm_mim_Integr.bb
/global/scratch/azare/Josh/WRFV3/tools/standard.exe module_kpp_racm_mim_Integr.bb | /lib/cpp -C -P > module_kpp_racm_mim_Integr.f90
rm -f module_kpp_racm_mim_Integr.b module_kpp_racm_mim_Integr.bb
mpif90 -f90=ifort -o module_kpp_racm_mim_Integr.o -c -O2 -ip -fp-model precise -w -ftz -align all -fno-alias -FR -convert big_endian    -I../dyn_em -I../dyn_nmm   -I/global/scratch/azare/Josh/WRFV3/external/esmf_time_f90  -I/global/scratch/azare/Josh/WRFV3/main -I/global/scratch/azare/Josh/WRFV3/external/io_netcdf -I/global/scratch/azare/Josh/WRFV3/external/io_int -I/global/scratch/azare/Josh/WRFV3/frame -I/global/scratch/azare/Josh/WRFV3/share -I/global/scratch/azare/Josh/WRFV3/phys -I/global/scratch/azare/Josh/WRFV3/chem -I/global/scratch/azare/Josh/WRFV3/inc -I/global/software/sl-6.x86_64/modules/intel/2013_sp1.4.211/netcdf/4.3.2-intel-p/include  -i4  module_kpp_racm_mim_Integr.f90
rm -f module_kpp_racm_mim_interface.o
/lib/cpp -C -P -I/global/scratch/azare/Josh/WRFV3/inc -DEM_CORE=1 -DNMM_CORE=0 -DNMM_MAX_DIM=2600 -DCOAMPS_CORE=0 -DDA_CORE=0 -DEXP_CORE=0 -DIWORDSIZE=4 -DDWORDSIZE=8 -DRWORDSIZE=4 -DLWORDSIZE=4 -DNONSTANDARD_SYSTEM_FUNC -DWRF_USE_CLM  -DDM_PARALLEL -DNETCDF -DUSE_ALLOCATABLES -DGRIB1 -DINTIO -DLIMIT_ARGS -DCONFIG_BUF_LEN=65536 -DMAX_DOMAINS_F=21 -DMAX_HISTORY=25 -DNMM_NEST=0 -DWRF_CHEM -DBUILD_CHEM=1 -DWRF_KPP -I. -traditional   module_kpp_racm_mim_interface.F  > module_kpp_racm_mim_interface.bb
/global/scratch/azare/Josh/WRFV3/tools/standard.exe module_kpp_racm_mim_interface.bb | /lib/cpp -C -P > module_kpp_racm_mim_interface.f90
rm -f module_kpp_racm_mim_interface.b module_kpp_racm_mim_interface.bb
mpif90 -f90=ifort -o module_kpp_racm_mim_interface.o -c -O2 -ip -fp-model precise -w -ftz -align all -fno-alias -FR -convert big_endian    -I../dyn_em -I../dyn_nmm   -I/global/scratch/azare/Josh/WRFV3/external/esmf_time_f90  -I/global/scratch/azare/Josh/WRFV3/main -I/global/scratch/azare/Josh/WRFV3/external/io_netcdf -I/global/scratch/azare/Josh/WRFV3/external/io_int -I/global/scratch/azare/Josh/WRFV3/frame -I/global/scratch/azare/Josh/WRFV3/share -I/global/scratch/azare/Josh/WRFV3/phys -I/global/scratch/azare/Josh/WRFV3/chem -I/global/scratch/azare/Josh/WRFV3/inc -I/global/software/sl-6.x86_64/modules/intel/2013_sp1.4.211/netcdf/4.3.2-intel-p/include  -i4  module_kpp_racm_mim_interface.f90
rm -f module_kpp_cbmz_bb_Precision.o
/lib/cpp -C -P -I/global/scratch/azare/Josh/WRFV3/inc -DEM_CORE=1 -DNMM_CORE=0 -DNMM_MAX_DIM=2600 -DCOAMPS_CORE=0 -DDA_CORE=0 -DEXP_CORE=0 -DIWORDSIZE=4 -DDWORDSIZE=8 -DRWORDSIZE=4 -DLWORDSIZE=4 -DNONSTANDARD_SYSTEM_FUNC -DWRF_USE_CLM  -DDM_PARALLEL -DNETCDF -DUSE_ALLOCATABLES -DGRIB1 -DINTIO -DLIMIT_ARGS -DCONFIG_BUF_LEN=65536 -DMAX_DOMAINS_F=21 -DMAX_HISTORY=25 -DNMM_NEST=0 -DWRF_CHEM -DBUILD_CHEM=1 -DWRF_KPP -I. -traditional   module_kpp_cbmz_bb_Precision.F  > module_kpp_cbmz_bb_Precision.bb
/global/scratch/azare/Josh/WRFV3/tools/standard.exe module_kpp_cbmz_bb_Precision.bb | /lib/cpp -C -P > module_kpp_cbmz_bb_Precision.f90
rm -f module_kpp_cbmz_bb_Precision.b module_kpp_cbmz_bb_Precision.bb
mpif90 -f90=ifort -o module_kpp_cbmz_bb_Precision.o -c -O2 -ip -fp-model precise -w -ftz -align all -fno-alias -FR -convert big_endian    -I../dyn_em -I../dyn_nmm   -I/global/scratch/azare/Josh/WRFV3/external/esmf_time_f90  -I/global/scratch/azare/Josh/WRFV3/main -I/global/scratch/azare/Josh/WRFV3/external/io_netcdf -I/global/scratch/azare/Josh/WRFV3/external/io_int -I/global/scratch/azare/Josh/WRFV3/frame -I/global/scratch/azare/Josh/WRFV3/share -I/global/scratch/azare/Josh/WRFV3/phys -I/global/scratch/azare/Josh/WRFV3/chem -I/global/scratch/azare/Josh/WRFV3/inc -I/global/software/sl-6.x86_64/modules/intel/2013_sp1.4.211/netcdf/4.3.2-intel-p/include  -i4  module_kpp_cbmz_bb_Precision.f90
rm -f module_kpp_cbmz_bb_Parameters.o
/lib/cpp -C -P -I/global/scratch/azare/Josh/WRFV3/inc -DEM_CORE=1 -DNMM_CORE=0 -DNMM_MAX_DIM=2600 -DCOAMPS_CORE=0 -DDA_CORE=0 -DEXP_CORE=0 -DIWORDSIZE=4 -DDWORDSIZE=8 -DRWORDSIZE=4 -DLWORDSIZE=4 -DNONSTANDARD_SYSTEM_FUNC -DWRF_USE_CLM  -DDM_PARALLEL -DNETCDF -DUSE_ALLOCATABLES -DGRIB1 -DINTIO -DLIMIT_ARGS -DCONFIG_BUF_LEN=65536 -DMAX_DOMAINS_F=21 -DMAX_HISTORY=25 -DNMM_NEST=0 -DWRF_CHEM -DBUILD_CHEM=1 -DWRF_KPP -I. -traditional   module_kpp_cbmz_bb_Parameters.F  > module_kpp_cbmz_bb_Parameters.bb
/global/scratch/azare/Josh/WRFV3/tools/standard.exe module_kpp_cbmz_bb_Parameters.bb | /lib/cpp -C -P > module_kpp_cbmz_bb_Parameters.f90
rm -f module_kpp_cbmz_bb_Parameters.b module_kpp_cbmz_bb_Parameters.bb
mpif90 -f90=ifort -o module_kpp_cbmz_bb_Parameters.o -c -O2 -ip -fp-model precise -w -ftz -align all -fno-alias -FR -convert big_endian    -I../dyn_em -I../dyn_nmm   -I/global/scratch/azare/Josh/WRFV3/external/esmf_time_f90  -I/global/scratch/azare/Josh/WRFV3/main -I/global/scratch/azare/Josh/WRFV3/external/io_netcdf -I/global/scratch/azare/Josh/WRFV3/external/io_int -I/global/scratch/azare/Josh/WRFV3/frame -I/global/scratch/azare/Josh/WRFV3/share -I/global/scratch/azare/Josh/WRFV3/phys -I/global/scratch/azare/Josh/WRFV3/chem -I/global/scratch/azare/Josh/WRFV3/inc -I/global/software/sl-6.x86_64/modules/intel/2013_sp1.4.211/netcdf/4.3.2-intel-p/include  -i4  module_kpp_cbmz_bb_Parameters.f90
rm -f module_kpp_cbmz_bb_JacobianSP.o
/lib/cpp -C -P -I/global/scratch/azare/Josh/WRFV3/inc -DEM_CORE=1 -DNMM_CORE=0 -DNMM_MAX_DIM=2600 -DCOAMPS_CORE=0 -DDA_CORE=0 -DEXP_CORE=0 -DIWORDSIZE=4 -DDWORDSIZE=8 -DRWORDSIZE=4 -DLWORDSIZE=4 -DNONSTANDARD_SYSTEM_FUNC -DWRF_USE_CLM  -DDM_PARALLEL -DNETCDF -DUSE_ALLOCATABLES -DGRIB1 -DINTIO -DLIMIT_ARGS -DCONFIG_BUF_LEN=65536 -DMAX_DOMAINS_F=21 -DMAX_HISTORY=25 -DNMM_NEST=0 -DWRF_CHEM -DBUILD_CHEM=1 -DWRF_KPP -I. -traditional   module_kpp_cbmz_bb_JacobianSP.F  > module_kpp_cbmz_bb_JacobianSP.bb
/global/scratch/azare/Josh/WRFV3/tools/standard.exe module_kpp_cbmz_bb_JacobianSP.bb | /lib/cpp -C -P > module_kpp_cbmz_bb_JacobianSP.f90
rm -f module_kpp_cbmz_bb_JacobianSP.b module_kpp_cbmz_bb_JacobianSP.bb
mpif90 -f90=ifort -o module_kpp_cbmz_bb_JacobianSP.o -c -O2 -ip -fp-model precise -w -ftz -align all -fno-alias -FR -convert big_endian    -I../dyn_em -I../dyn_nmm   -I/global/scratch/azare/Josh/WRFV3/external/esmf_time_f90  -I/global/scratch/azare/Josh/WRFV3/main -I/global/scratch/azare/Josh/WRFV3/external/io_netcdf -I/global/scratch/azare/Josh/WRFV3/external/io_int -I/global/scratch/azare/Josh/WRFV3/frame -I/global/scratch/azare/Josh/WRFV3/share -I/global/scratch/azare/Josh/WRFV3/phys -I/global/scratch/azare/Josh/WRFV3/chem -I/global/scratch/azare/Josh/WRFV3/inc -I/global/software/sl-6.x86_64/modules/intel/2013_sp1.4.211/netcdf/4.3.2-intel-p/include  -i4  module_kpp_cbmz_bb_JacobianSP.f90
rm -f module_kpp_cbmz_bb_Jacobian.o
/lib/cpp -C -P -I/global/scratch/azare/Josh/WRFV3/inc -DEM_CORE=1 -DNMM_CORE=0 -DNMM_MAX_DIM=2600 -DCOAMPS_CORE=0 -DDA_CORE=0 -DEXP_CORE=0 -DIWORDSIZE=4 -DDWORDSIZE=8 -DRWORDSIZE=4 -DLWORDSIZE=4 -DNONSTANDARD_SYSTEM_FUNC -DWRF_USE_CLM  -DDM_PARALLEL -DNETCDF -DUSE_ALLOCATABLES -DGRIB1 -DINTIO -DLIMIT_ARGS -DCONFIG_BUF_LEN=65536 -DMAX_DOMAINS_F=21 -DMAX_HISTORY=25 -DNMM_NEST=0 -DWRF_CHEM -DBUILD_CHEM=1 -DWRF_KPP -I. -traditional   module_kpp_cbmz_bb_Jacobian.F  > module_kpp_cbmz_bb_Jacobian.bb
/global/scratch/azare/Josh/WRFV3/tools/standard.exe module_kpp_cbmz_bb_Jacobian.bb | /lib/cpp -C -P > module_kpp_cbmz_bb_Jacobian.f90
rm -f module_kpp_cbmz_bb_Jacobian.b module_kpp_cbmz_bb_Jacobian.bb
mpif90 -f90=ifort -o module_kpp_cbmz_bb_Jacobian.o -c -O2 -ip -fp-model precise -w -ftz -align all -fno-alias -FR -convert big_endian    -I../dyn_em -I../dyn_nmm   -I/global/scratch/azare/Josh/WRFV3/external/esmf_time_f90  -I/global/scratch/azare/Josh/WRFV3/main -I/global/scratch/azare/Josh/WRFV3/external/io_netcdf -I/global/scratch/azare/Josh/WRFV3/external/io_int -I/global/scratch/azare/Josh/WRFV3/frame -I/global/scratch/azare/Josh/WRFV3/share -I/global/scratch/azare/Josh/WRFV3/phys -I/global/scratch/azare/Josh/WRFV3/chem -I/global/scratch/azare/Josh/WRFV3/inc -I/global/software/sl-6.x86_64/modules/intel/2013_sp1.4.211/netcdf/4.3.2-intel-p/include  -i4  module_kpp_cbmz_bb_Jacobian.f90
rm -f module_kpp_cbmz_bb_Update_Rconst.o
/lib/cpp -C -P -I/global/scratch/azare/Josh/WRFV3/inc -DEM_CORE=1 -DNMM_CORE=0 -DNMM_MAX_DIM=2600 -DCOAMPS_CORE=0 -DDA_CORE=0 -DEXP_CORE=0 -DIWORDSIZE=4 -DDWORDSIZE=8 -DRWORDSIZE=4 -DLWORDSIZE=4 -DNONSTANDARD_SYSTEM_FUNC -DWRF_USE_CLM  -DDM_PARALLEL -DNETCDF -DUSE_ALLOCATABLES -DGRIB1 -DINTIO -DLIMIT_ARGS -DCONFIG_BUF_LEN=65536 -DMAX_DOMAINS_F=21 -DMAX_HISTORY=25 -DNMM_NEST=0 -DWRF_CHEM -DBUILD_CHEM=1 -DWRF_KPP -I. -traditional   module_kpp_cbmz_bb_Update_Rconst.F  > module_kpp_cbmz_bb_Update_Rconst.bb
/global/scratch/azare/Josh/WRFV3/tools/standard.exe module_kpp_cbmz_bb_Update_Rconst.bb | /lib/cpp -C -P > module_kpp_cbmz_bb_Update_Rconst.f90
rm -f module_kpp_cbmz_bb_Update_Rconst.b module_kpp_cbmz_bb_Update_Rconst.bb
mpif90 -f90=ifort -o module_kpp_cbmz_bb_Update_Rconst.o -c -O2 -ip -fp-model precise -w -ftz -align all -fno-alias -FR -convert big_endian    -I../dyn_em -I../dyn_nmm   -I/global/scratch/azare/Josh/WRFV3/external/esmf_time_f90  -I/global/scratch/azare/Josh/WRFV3/main -I/global/scratch/azare/Josh/WRFV3/external/io_netcdf -I/global/scratch/azare/Josh/WRFV3/external/io_int -I/global/scratch/azare/Josh/WRFV3/frame -I/global/scratch/azare/Josh/WRFV3/share -I/global/scratch/azare/Josh/WRFV3/phys -I/global/scratch/azare/Josh/WRFV3/chem -I/global/scratch/azare/Josh/WRFV3/inc -I/global/software/sl-6.x86_64/modules/intel/2013_sp1.4.211/netcdf/4.3.2-intel-p/include  -i4  module_kpp_cbmz_bb_Update_Rconst.f90
rm -f module_kpp_cbmz_bb_Integr.o
/lib/cpp -C -P -I/global/scratch/azare/Josh/WRFV3/inc -DEM_CORE=1 -DNMM_CORE=0 -DNMM_MAX_DIM=2600 -DCOAMPS_CORE=0 -DDA_CORE=0 -DEXP_CORE=0 -DIWORDSIZE=4 -DDWORDSIZE=8 -DRWORDSIZE=4 -DLWORDSIZE=4 -DNONSTANDARD_SYSTEM_FUNC -DWRF_USE_CLM  -DDM_PARALLEL -DNETCDF -DUSE_ALLOCATABLES -DGRIB1 -DINTIO -DLIMIT_ARGS -DCONFIG_BUF_LEN=65536 -DMAX_DOMAINS_F=21 -DMAX_HISTORY=25 -DNMM_NEST=0 -DWRF_CHEM -DBUILD_CHEM=1 -DWRF_KPP -I. -traditional   module_kpp_cbmz_bb_Integr.F  > module_kpp_cbmz_bb_Integr.bb
/global/scratch/azare/Josh/WRFV3/tools/standard.exe module_kpp_cbmz_bb_Integr.bb | /lib/cpp -C -P > module_kpp_cbmz_bb_Integr.f90
rm -f module_kpp_cbmz_bb_Integr.b module_kpp_cbmz_bb_Integr.bb
mpif90 -f90=ifort -o module_kpp_cbmz_bb_Integr.o -c -O2 -ip -fp-model precise -w -ftz -align all -fno-alias -FR -convert big_endian    -I../dyn_em -I../dyn_nmm   -I/global/scratch/azare/Josh/WRFV3/external/esmf_time_f90  -I/global/scratch/azare/Josh/WRFV3/main -I/global/scratch/azare/Josh/WRFV3/external/io_netcdf -I/global/scratch/azare/Josh/WRFV3/external/io_int -I/global/scratch/azare/Josh/WRFV3/frame -I/global/scratch/azare/Josh/WRFV3/share -I/global/scratch/azare/Josh/WRFV3/phys -I/global/scratch/azare/Josh/WRFV3/chem -I/global/scratch/azare/Josh/WRFV3/inc -I/global/software/sl-6.x86_64/modules/intel/2013_sp1.4.211/netcdf/4.3.2-intel-p/include  -i4  module_kpp_cbmz_bb_Integr.f90
rm -f module_kpp_cbmz_bb_interface.o
/lib/cpp -C -P -I/global/scratch/azare/Josh/WRFV3/inc -DEM_CORE=1 -DNMM_CORE=0 -DNMM_MAX_DIM=2600 -DCOAMPS_CORE=0 -DDA_CORE=0 -DEXP_CORE=0 -DIWORDSIZE=4 -DDWORDSIZE=8 -DRWORDSIZE=4 -DLWORDSIZE=4 -DNONSTANDARD_SYSTEM_FUNC -DWRF_USE_CLM  -DDM_PARALLEL -DNETCDF -DUSE_ALLOCATABLES -DGRIB1 -DINTIO -DLIMIT_ARGS -DCONFIG_BUF_LEN=65536 -DMAX_DOMAINS_F=21 -DMAX_HISTORY=25 -DNMM_NEST=0 -DWRF_CHEM -DBUILD_CHEM=1 -DWRF_KPP -I. -traditional   module_kpp_cbmz_bb_interface.F  > module_kpp_cbmz_bb_interface.bb
/global/scratch/azare/Josh/WRFV3/tools/standard.exe module_kpp_cbmz_bb_interface.bb | /lib/cpp -C -P > module_kpp_cbmz_bb_interface.f90
rm -f module_kpp_cbmz_bb_interface.b module_kpp_cbmz_bb_interface.bb
mpif90 -f90=ifort -o module_kpp_cbmz_bb_interface.o -c -O2 -ip -fp-model precise -w -ftz -align all -fno-alias -FR -convert big_endian    -I../dyn_em -I../dyn_nmm   -I/global/scratch/azare/Josh/WRFV3/external/esmf_time_f90  -I/global/scratch/azare/Josh/WRFV3/main -I/global/scratch/azare/Josh/WRFV3/external/io_netcdf -I/global/scratch/azare/Josh/WRFV3/external/io_int -I/global/scratch/azare/Josh/WRFV3/frame -I/global/scratch/azare/Josh/WRFV3/share -I/global/scratch/azare/Josh/WRFV3/phys -I/global/scratch/azare/Josh/WRFV3/chem -I/global/scratch/azare/Josh/WRFV3/inc -I/global/software/sl-6.x86_64/modules/intel/2013_sp1.4.211/netcdf/4.3.2-intel-p/include  -i4  module_kpp_cbmz_bb_interface.f90
rm -f module_kpp_cbmz_mosaic_Precision.o
/lib/cpp -C -P -I/global/scratch/azare/Josh/WRFV3/inc -DEM_CORE=1 -DNMM_CORE=0 -DNMM_MAX_DIM=2600 -DCOAMPS_CORE=0 -DDA_CORE=0 -DEXP_CORE=0 -DIWORDSIZE=4 -DDWORDSIZE=8 -DRWORDSIZE=4 -DLWORDSIZE=4 -DNONSTANDARD_SYSTEM_FUNC -DWRF_USE_CLM  -DDM_PARALLEL -DNETCDF -DUSE_ALLOCATABLES -DGRIB1 -DINTIO -DLIMIT_ARGS -DCONFIG_BUF_LEN=65536 -DMAX_DOMAINS_F=21 -DMAX_HISTORY=25 -DNMM_NEST=0 -DWRF_CHEM -DBUILD_CHEM=1 -DWRF_KPP -I. -traditional   module_kpp_cbmz_mosaic_Precision.F  > module_kpp_cbmz_mosaic_Precision.bb
/global/scratch/azare/Josh/WRFV3/tools/standard.exe module_kpp_cbmz_mosaic_Precision.bb | /lib/cpp -C -P > module_kpp_cbmz_mosaic_Precision.f90
rm -f module_kpp_cbmz_mosaic_Precision.b module_kpp_cbmz_mosaic_Precision.bb
mpif90 -f90=ifort -o module_kpp_cbmz_mosaic_Precision.o -c -O2 -ip -fp-model precise -w -ftz -align all -fno-alias -FR -convert big_endian    -I../dyn_em -I../dyn_nmm   -I/global/scratch/azare/Josh/WRFV3/external/esmf_time_f90  -I/global/scratch/azare/Josh/WRFV3/main -I/global/scratch/azare/Josh/WRFV3/external/io_netcdf -I/global/scratch/azare/Josh/WRFV3/external/io_int -I/global/scratch/azare/Josh/WRFV3/frame -I/global/scratch/azare/Josh/WRFV3/share -I/global/scratch/azare/Josh/WRFV3/phys -I/global/scratch/azare/Josh/WRFV3/chem -I/global/scratch/azare/Josh/WRFV3/inc -I/global/software/sl-6.x86_64/modules/intel/2013_sp1.4.211/netcdf/4.3.2-intel-p/include  -i4  module_kpp_cbmz_mosaic_Precision.f90
rm -f module_kpp_cbmz_mosaic_Parameters.o
/lib/cpp -C -P -I/global/scratch/azare/Josh/WRFV3/inc -DEM_CORE=1 -DNMM_CORE=0 -DNMM_MAX_DIM=2600 -DCOAMPS_CORE=0 -DDA_CORE=0 -DEXP_CORE=0 -DIWORDSIZE=4 -DDWORDSIZE=8 -DRWORDSIZE=4 -DLWORDSIZE=4 -DNONSTANDARD_SYSTEM_FUNC -DWRF_USE_CLM  -DDM_PARALLEL -DNETCDF -DUSE_ALLOCATABLES -DGRIB1 -DINTIO -DLIMIT_ARGS -DCONFIG_BUF_LEN=65536 -DMAX_DOMAINS_F=21 -DMAX_HISTORY=25 -DNMM_NEST=0 -DWRF_CHEM -DBUILD_CHEM=1 -DWRF_KPP -I. -traditional   module_kpp_cbmz_mosaic_Parameters.F  > module_kpp_cbmz_mosaic_Parameters.bb
/global/scratch/azare/Josh/WRFV3/tools/standard.exe module_kpp_cbmz_mosaic_Parameters.bb | /lib/cpp -C -P > module_kpp_cbmz_mosaic_Parameters.f90
rm -f module_kpp_cbmz_mosaic_Parameters.b module_kpp_cbmz_mosaic_Parameters.bb
mpif90 -f90=ifort -o module_kpp_cbmz_mosaic_Parameters.o -c -O2 -ip -fp-model precise -w -ftz -align all -fno-alias -FR -convert big_endian    -I../dyn_em -I../dyn_nmm   -I/global/scratch/azare/Josh/WRFV3/external/esmf_time_f90  -I/global/scratch/azare/Josh/WRFV3/main -I/global/scratch/azare/Josh/WRFV3/external/io_netcdf -I/global/scratch/azare/Josh/WRFV3/external/io_int -I/global/scratch/azare/Josh/WRFV3/frame -I/global/scratch/azare/Josh/WRFV3/share -I/global/scratch/azare/Josh/WRFV3/phys -I/global/scratch/azare/Josh/WRFV3/chem -I/global/scratch/azare/Josh/WRFV3/inc -I/global/software/sl-6.x86_64/modules/intel/2013_sp1.4.211/netcdf/4.3.2-intel-p/include  -i4  module_kpp_cbmz_mosaic_Parameters.f90
rm -f module_kpp_cbmz_mosaic_JacobianSP.o
/lib/cpp -C -P -I/global/scratch/azare/Josh/WRFV3/inc -DEM_CORE=1 -DNMM_CORE=0 -DNMM_MAX_DIM=2600 -DCOAMPS_CORE=0 -DDA_CORE=0 -DEXP_CORE=0 -DIWORDSIZE=4 -DDWORDSIZE=8 -DRWORDSIZE=4 -DLWORDSIZE=4 -DNONSTANDARD_SYSTEM_FUNC -DWRF_USE_CLM  -DDM_PARALLEL -DNETCDF -DUSE_ALLOCATABLES -DGRIB1 -DINTIO -DLIMIT_ARGS -DCONFIG_BUF_LEN=65536 -DMAX_DOMAINS_F=21 -DMAX_HISTORY=25 -DNMM_NEST=0 -DWRF_CHEM -DBUILD_CHEM=1 -DWRF_KPP -I. -traditional   module_kpp_cbmz_mosaic_JacobianSP.F  > module_kpp_cbmz_mosaic_JacobianSP.bb
/global/scratch/azare/Josh/WRFV3/tools/standard.exe module_kpp_cbmz_mosaic_JacobianSP.bb | /lib/cpp -C -P > module_kpp_cbmz_mosaic_JacobianSP.f90
rm -f module_kpp_cbmz_mosaic_JacobianSP.b module_kpp_cbmz_mosaic_JacobianSP.bb
mpif90 -f90=ifort -o module_kpp_cbmz_mosaic_JacobianSP.o -c -O2 -ip -fp-model precise -w -ftz -align all -fno-alias -FR -convert big_endian    -I../dyn_em -I../dyn_nmm   -I/global/scratch/azare/Josh/WRFV3/external/esmf_time_f90  -I/global/scratch/azare/Josh/WRFV3/main -I/global/scratch/azare/Josh/WRFV3/external/io_netcdf -I/global/scratch/azare/Josh/WRFV3/external/io_int -I/global/scratch/azare/Josh/WRFV3/frame -I/global/scratch/azare/Josh/WRFV3/share -I/global/scratch/azare/Josh/WRFV3/phys -I/global/scratch/azare/Josh/WRFV3/chem -I/global/scratch/azare/Josh/WRFV3/inc -I/global/software/sl-6.x86_64/modules/intel/2013_sp1.4.211/netcdf/4.3.2-intel-p/include  -i4  module_kpp_cbmz_mosaic_JacobianSP.f90
rm -f module_kpp_cbmz_mosaic_Jacobian.o
/lib/cpp -C -P -I/global/scratch/azare/Josh/WRFV3/inc -DEM_CORE=1 -DNMM_CORE=0 -DNMM_MAX_DIM=2600 -DCOAMPS_CORE=0 -DDA_CORE=0 -DEXP_CORE=0 -DIWORDSIZE=4 -DDWORDSIZE=8 -DRWORDSIZE=4 -DLWORDSIZE=4 -DNONSTANDARD_SYSTEM_FUNC -DWRF_USE_CLM  -DDM_PARALLEL -DNETCDF -DUSE_ALLOCATABLES -DGRIB1 -DINTIO -DLIMIT_ARGS -DCONFIG_BUF_LEN=65536 -DMAX_DOMAINS_F=21 -DMAX_HISTORY=25 -DNMM_NEST=0 -DWRF_CHEM -DBUILD_CHEM=1 -DWRF_KPP -I. -traditional   module_kpp_cbmz_mosaic_Jacobian.F  > module_kpp_cbmz_mosaic_Jacobian.bb
/global/scratch/azare/Josh/WRFV3/tools/standard.exe module_kpp_cbmz_mosaic_Jacobian.bb | /lib/cpp -C -P > module_kpp_cbmz_mosaic_Jacobian.f90
rm -f module_kpp_cbmz_mosaic_Jacobian.b module_kpp_cbmz_mosaic_Jacobian.bb
mpif90 -f90=ifort -o module_kpp_cbmz_mosaic_Jacobian.o -c -O2 -ip -fp-model precise -w -ftz -align all -fno-alias -FR -convert big_endian    -I../dyn_em -I../dyn_nmm   -I/global/scratch/azare/Josh/WRFV3/external/esmf_time_f90  -I/global/scratch/azare/Josh/WRFV3/main -I/global/scratch/azare/Josh/WRFV3/external/io_netcdf -I/global/scratch/azare/Josh/WRFV3/external/io_int -I/global/scratch/azare/Josh/WRFV3/frame -I/global/scratch/azare/Josh/WRFV3/share -I/global/scratch/azare/Josh/WRFV3/phys -I/global/scratch/azare/Josh/WRFV3/chem -I/global/scratch/azare/Josh/WRFV3/inc -I/global/software/sl-6.x86_64/modules/intel/2013_sp1.4.211/netcdf/4.3.2-intel-p/include  -i4  module_kpp_cbmz_mosaic_Jacobian.f90
rm -f module_kpp_cbmz_mosaic_Update_Rconst.o
/lib/cpp -C -P -I/global/scratch/azare/Josh/WRFV3/inc -DEM_CORE=1 -DNMM_CORE=0 -DNMM_MAX_DIM=2600 -DCOAMPS_CORE=0 -DDA_CORE=0 -DEXP_CORE=0 -DIWORDSIZE=4 -DDWORDSIZE=8 -DRWORDSIZE=4 -DLWORDSIZE=4 -DNONSTANDARD_SYSTEM_FUNC -DWRF_USE_CLM  -DDM_PARALLEL -DNETCDF -DUSE_ALLOCATABLES -DGRIB1 -DINTIO -DLIMIT_ARGS -DCONFIG_BUF_LEN=65536 -DMAX_DOMAINS_F=21 -DMAX_HISTORY=25 -DNMM_NEST=0 -DWRF_CHEM -DBUILD_CHEM=1 -DWRF_KPP -I. -traditional   module_kpp_cbmz_mosaic_Update_Rconst.F  > module_kpp_cbmz_mosaic_Update_Rconst.bb
/global/scratch/azare/Josh/WRFV3/tools/standard.exe module_kpp_cbmz_mosaic_Update_Rconst.bb | /lib/cpp -C -P > module_kpp_cbmz_mosaic_Update_Rconst.f90
rm -f module_kpp_cbmz_mosaic_Update_Rconst.b module_kpp_cbmz_mosaic_Update_Rconst.bb
mpif90 -f90=ifort -o module_kpp_cbmz_mosaic_Update_Rconst.o -c -O2 -ip -fp-model precise -w -ftz -align all -fno-alias -FR -convert big_endian    -I../dyn_em -I../dyn_nmm   -I/global/scratch/azare/Josh/WRFV3/external/esmf_time_f90  -I/global/scratch/azare/Josh/WRFV3/main -I/global/scratch/azare/Josh/WRFV3/external/io_netcdf -I/global/scratch/azare/Josh/WRFV3/external/io_int -I/global/scratch/azare/Josh/WRFV3/frame -I/global/scratch/azare/Josh/WRFV3/share -I/global/scratch/azare/Josh/WRFV3/phys -I/global/scratch/azare/Josh/WRFV3/chem -I/global/scratch/azare/Josh/WRFV3/inc -I/global/software/sl-6.x86_64/modules/intel/2013_sp1.4.211/netcdf/4.3.2-intel-p/include  -i4  module_kpp_cbmz_mosaic_Update_Rconst.f90
rm -f module_kpp_cbmz_mosaic_Integr.o
/lib/cpp -C -P -I/global/scratch/azare/Josh/WRFV3/inc -DEM_CORE=1 -DNMM_CORE=0 -DNMM_MAX_DIM=2600 -DCOAMPS_CORE=0 -DDA_CORE=0 -DEXP_CORE=0 -DIWORDSIZE=4 -DDWORDSIZE=8 -DRWORDSIZE=4 -DLWORDSIZE=4 -DNONSTANDARD_SYSTEM_FUNC -DWRF_USE_CLM  -DDM_PARALLEL -DNETCDF -DUSE_ALLOCATABLES -DGRIB1 -DINTIO -DLIMIT_ARGS -DCONFIG_BUF_LEN=65536 -DMAX_DOMAINS_F=21 -DMAX_HISTORY=25 -DNMM_NEST=0 -DWRF_CHEM -DBUILD_CHEM=1 -DWRF_KPP -I. -traditional   module_kpp_cbmz_mosaic_Integr.F  > module_kpp_cbmz_mosaic_Integr.bb
/global/scratch/azare/Josh/WRFV3/tools/standard.exe module_kpp_cbmz_mosaic_Integr.bb | /lib/cpp -C -P > module_kpp_cbmz_mosaic_Integr.f90
rm -f module_kpp_cbmz_mosaic_Integr.b module_kpp_cbmz_mosaic_Integr.bb
mpif90 -f90=ifort -o module_kpp_cbmz_mosaic_Integr.o -c -O2 -ip -fp-model precise -w -ftz -align all -fno-alias -FR -convert big_endian    -I../dyn_em -I../dyn_nmm   -I/global/scratch/azare/Josh/WRFV3/external/esmf_time_f90  -I/global/scratch/azare/Josh/WRFV3/main -I/global/scratch/azare/Josh/WRFV3/external/io_netcdf -I/global/scratch/azare/Josh/WRFV3/external/io_int -I/global/scratch/azare/Josh/WRFV3/frame -I/global/scratch/azare/Josh/WRFV3/share -I/global/scratch/azare/Josh/WRFV3/phys -I/global/scratch/azare/Josh/WRFV3/chem -I/global/scratch/azare/Josh/WRFV3/inc -I/global/software/sl-6.x86_64/modules/intel/2013_sp1.4.211/netcdf/4.3.2-intel-p/include  -i4  module_kpp_cbmz_mosaic_Integr.f90
rm -f module_kpp_cbmz_mosaic_interface.o
/lib/cpp -C -P -I/global/scratch/azare/Josh/WRFV3/inc -DEM_CORE=1 -DNMM_CORE=0 -DNMM_MAX_DIM=2600 -DCOAMPS_CORE=0 -DDA_CORE=0 -DEXP_CORE=0 -DIWORDSIZE=4 -DDWORDSIZE=8 -DRWORDSIZE=4 -DLWORDSIZE=4 -DNONSTANDARD_SYSTEM_FUNC -DWRF_USE_CLM  -DDM_PARALLEL -DNETCDF -DUSE_ALLOCATABLES -DGRIB1 -DINTIO -DLIMIT_ARGS -DCONFIG_BUF_LEN=65536 -DMAX_DOMAINS_F=21 -DMAX_HISTORY=25 -DNMM_NEST=0 -DWRF_CHEM -DBUILD_CHEM=1 -DWRF_KPP -I. -traditional   module_kpp_cbmz_mosaic_interface.F  > module_kpp_cbmz_mosaic_interface.bb
/global/scratch/azare/Josh/WRFV3/tools/standard.exe module_kpp_cbmz_mosaic_interface.bb | /lib/cpp -C -P > module_kpp_cbmz_mosaic_interface.f90
rm -f module_kpp_cbmz_mosaic_interface.b module_kpp_cbmz_mosaic_interface.bb
mpif90 -f90=ifort -o module_kpp_cbmz_mosaic_interface.o -c -O2 -ip -fp-model precise -w -ftz -align all -fno-alias -FR -convert big_endian    -I../dyn_em -I../dyn_nmm   -I/global/scratch/azare/Josh/WRFV3/external/esmf_time_f90  -I/global/scratch/azare/Josh/WRFV3/main -I/global/scratch/azare/Josh/WRFV3/external/io_netcdf -I/global/scratch/azare/Josh/WRFV3/external/io_int -I/global/scratch/azare/Josh/WRFV3/frame -I/global/scratch/azare/Josh/WRFV3/share -I/global/scratch/azare/Josh/WRFV3/phys -I/global/scratch/azare/Josh/WRFV3/chem -I/global/scratch/azare/Josh/WRFV3/inc -I/global/software/sl-6.x86_64/modules/intel/2013_sp1.4.211/netcdf/4.3.2-intel-p/include  -i4  module_kpp_cbmz_mosaic_interface.f90
rm -f module_kpp_radm2_Precision.o
/lib/cpp -C -P -I/global/scratch/azare/Josh/WRFV3/inc -DEM_CORE=1 -DNMM_CORE=0 -DNMM_MAX_DIM=2600 -DCOAMPS_CORE=0 -DDA_CORE=0 -DEXP_CORE=0 -DIWORDSIZE=4 -DDWORDSIZE=8 -DRWORDSIZE=4 -DLWORDSIZE=4 -DNONSTANDARD_SYSTEM_FUNC -DWRF_USE_CLM  -DDM_PARALLEL -DNETCDF -DUSE_ALLOCATABLES -DGRIB1 -DINTIO -DLIMIT_ARGS -DCONFIG_BUF_LEN=65536 -DMAX_DOMAINS_F=21 -DMAX_HISTORY=25 -DNMM_NEST=0 -DWRF_CHEM -DBUILD_CHEM=1 -DWRF_KPP -I. -traditional   module_kpp_radm2_Precision.F  > module_kpp_radm2_Precision.bb
/global/scratch/azare/Josh/WRFV3/tools/standard.exe module_kpp_radm2_Precision.bb | /lib/cpp -C -P > module_kpp_radm2_Precision.f90
rm -f module_kpp_radm2_Precision.b module_kpp_radm2_Precision.bb
mpif90 -f90=ifort -o module_kpp_radm2_Precision.o -c -O2 -ip -fp-model precise -w -ftz -align all -fno-alias -FR -convert big_endian    -I../dyn_em -I../dyn_nmm   -I/global/scratch/azare/Josh/WRFV3/external/esmf_time_f90  -I/global/scratch/azare/Josh/WRFV3/main -I/global/scratch/azare/Josh/WRFV3/external/io_netcdf -I/global/scratch/azare/Josh/WRFV3/external/io_int -I/global/scratch/azare/Josh/WRFV3/frame -I/global/scratch/azare/Josh/WRFV3/share -I/global/scratch/azare/Josh/WRFV3/phys -I/global/scratch/azare/Josh/WRFV3/chem -I/global/scratch/azare/Josh/WRFV3/inc -I/global/software/sl-6.x86_64/modules/intel/2013_sp1.4.211/netcdf/4.3.2-intel-p/include  -i4  module_kpp_radm2_Precision.f90
rm -f module_kpp_radm2_Parameters.o
/lib/cpp -C -P -I/global/scratch/azare/Josh/WRFV3/inc -DEM_CORE=1 -DNMM_CORE=0 -DNMM_MAX_DIM=2600 -DCOAMPS_CORE=0 -DDA_CORE=0 -DEXP_CORE=0 -DIWORDSIZE=4 -DDWORDSIZE=8 -DRWORDSIZE=4 -DLWORDSIZE=4 -DNONSTANDARD_SYSTEM_FUNC -DWRF_USE_CLM  -DDM_PARALLEL -DNETCDF -DUSE_ALLOCATABLES -DGRIB1 -DINTIO -DLIMIT_ARGS -DCONFIG_BUF_LEN=65536 -DMAX_DOMAINS_F=21 -DMAX_HISTORY=25 -DNMM_NEST=0 -DWRF_CHEM -DBUILD_CHEM=1 -DWRF_KPP -I. -traditional   module_kpp_radm2_Parameters.F  > module_kpp_radm2_Parameters.bb
/global/scratch/azare/Josh/WRFV3/tools/standard.exe module_kpp_radm2_Parameters.bb | /lib/cpp -C -P > module_kpp_radm2_Parameters.f90
rm -f module_kpp_radm2_Parameters.b module_kpp_radm2_Parameters.bb
mpif90 -f90=ifort -o module_kpp_radm2_Parameters.o -c -O2 -ip -fp-model precise -w -ftz -align all -fno-alias -FR -convert big_endian    -I../dyn_em -I../dyn_nmm   -I/global/scratch/azare/Josh/WRFV3/external/esmf_time_f90  -I/global/scratch/azare/Josh/WRFV3/main -I/global/scratch/azare/Josh/WRFV3/external/io_netcdf -I/global/scratch/azare/Josh/WRFV3/external/io_int -I/global/scratch/azare/Josh/WRFV3/frame -I/global/scratch/azare/Josh/WRFV3/share -I/global/scratch/azare/Josh/WRFV3/phys -I/global/scratch/azare/Josh/WRFV3/chem -I/global/scratch/azare/Josh/WRFV3/inc -I/global/software/sl-6.x86_64/modules/intel/2013_sp1.4.211/netcdf/4.3.2-intel-p/include  -i4  module_kpp_radm2_Parameters.f90
rm -f module_kpp_radm2_JacobianSP.o
/lib/cpp -C -P -I/global/scratch/azare/Josh/WRFV3/inc -DEM_CORE=1 -DNMM_CORE=0 -DNMM_MAX_DIM=2600 -DCOAMPS_CORE=0 -DDA_CORE=0 -DEXP_CORE=0 -DIWORDSIZE=4 -DDWORDSIZE=8 -DRWORDSIZE=4 -DLWORDSIZE=4 -DNONSTANDARD_SYSTEM_FUNC -DWRF_USE_CLM  -DDM_PARALLEL -DNETCDF -DUSE_ALLOCATABLES -DGRIB1 -DINTIO -DLIMIT_ARGS -DCONFIG_BUF_LEN=65536 -DMAX_DOMAINS_F=21 -DMAX_HISTORY=25 -DNMM_NEST=0 -DWRF_CHEM -DBUILD_CHEM=1 -DWRF_KPP -I. -traditional   module_kpp_radm2_JacobianSP.F  > module_kpp_radm2_JacobianSP.bb
/global/scratch/azare/Josh/WRFV3/tools/standard.exe module_kpp_radm2_JacobianSP.bb | /lib/cpp -C -P > module_kpp_radm2_JacobianSP.f90
rm -f module_kpp_radm2_JacobianSP.b module_kpp_radm2_JacobianSP.bb
mpif90 -f90=ifort -o module_kpp_radm2_JacobianSP.o -c -O2 -ip -fp-model precise -w -ftz -align all -fno-alias -FR -convert big_endian    -I../dyn_em -I../dyn_nmm   -I/global/scratch/azare/Josh/WRFV3/external/esmf_time_f90  -I/global/scratch/azare/Josh/WRFV3/main -I/global/scratch/azare/Josh/WRFV3/external/io_netcdf -I/global/scratch/azare/Josh/WRFV3/external/io_int -I/global/scratch/azare/Josh/WRFV3/frame -I/global/scratch/azare/Josh/WRFV3/share -I/global/scratch/azare/Josh/WRFV3/phys -I/global/scratch/azare/Josh/WRFV3/chem -I/global/scratch/azare/Josh/WRFV3/inc -I/global/software/sl-6.x86_64/modules/intel/2013_sp1.4.211/netcdf/4.3.2-intel-p/include  -i4  module_kpp_radm2_JacobianSP.f90
rm -f module_kpp_radm2_Jacobian.o
/lib/cpp -C -P -I/global/scratch/azare/Josh/WRFV3/inc -DEM_CORE=1 -DNMM_CORE=0 -DNMM_MAX_DIM=2600 -DCOAMPS_CORE=0 -DDA_CORE=0 -DEXP_CORE=0 -DIWORDSIZE=4 -DDWORDSIZE=8 -DRWORDSIZE=4 -DLWORDSIZE=4 -DNONSTANDARD_SYSTEM_FUNC -DWRF_USE_CLM  -DDM_PARALLEL -DNETCDF -DUSE_ALLOCATABLES -DGRIB1 -DINTIO -DLIMIT_ARGS -DCONFIG_BUF_LEN=65536 -DMAX_DOMAINS_F=21 -DMAX_HISTORY=25 -DNMM_NEST=0 -DWRF_CHEM -DBUILD_CHEM=1 -DWRF_KPP -I. -traditional   module_kpp_radm2_Jacobian.F  > module_kpp_radm2_Jacobian.bb
/global/scratch/azare/Josh/WRFV3/tools/standard.exe module_kpp_radm2_Jacobian.bb | /lib/cpp -C -P > module_kpp_radm2_Jacobian.f90
rm -f module_kpp_radm2_Jacobian.b module_kpp_radm2_Jacobian.bb
mpif90 -f90=ifort -o module_kpp_radm2_Jacobian.o -c -O2 -ip -fp-model precise -w -ftz -align all -fno-alias -FR -convert big_endian    -I../dyn_em -I../dyn_nmm   -I/global/scratch/azare/Josh/WRFV3/external/esmf_time_f90  -I/global/scratch/azare/Josh/WRFV3/main -I/global/scratch/azare/Josh/WRFV3/external/io_netcdf -I/global/scratch/azare/Josh/WRFV3/external/io_int -I/global/scratch/azare/Josh/WRFV3/frame -I/global/scratch/azare/Josh/WRFV3/share -I/global/scratch/azare/Josh/WRFV3/phys -I/global/scratch/azare/Josh/WRFV3/chem -I/global/scratch/azare/Josh/WRFV3/inc -I/global/software/sl-6.x86_64/modules/intel/2013_sp1.4.211/netcdf/4.3.2-intel-p/include  -i4  module_kpp_radm2_Jacobian.f90
rm -f module_kpp_radm2_Update_Rconst.o
/lib/cpp -C -P -I/global/scratch/azare/Josh/WRFV3/inc -DEM_CORE=1 -DNMM_CORE=0 -DNMM_MAX_DIM=2600 -DCOAMPS_CORE=0 -DDA_CORE=0 -DEXP_CORE=0 -DIWORDSIZE=4 -DDWORDSIZE=8 -DRWORDSIZE=4 -DLWORDSIZE=4 -DNONSTANDARD_SYSTEM_FUNC -DWRF_USE_CLM  -DDM_PARALLEL -DNETCDF -DUSE_ALLOCATABLES -DGRIB1 -DINTIO -DLIMIT_ARGS -DCONFIG_BUF_LEN=65536 -DMAX_DOMAINS_F=21 -DMAX_HISTORY=25 -DNMM_NEST=0 -DWRF_CHEM -DBUILD_CHEM=1 -DWRF_KPP -I. -traditional   module_kpp_radm2_Update_Rconst.F  > module_kpp_radm2_Update_Rconst.bb
/global/scratch/azare/Josh/WRFV3/tools/standard.exe module_kpp_radm2_Update_Rconst.bb | /lib/cpp -C -P > module_kpp_radm2_Update_Rconst.f90
rm -f module_kpp_radm2_Update_Rconst.b module_kpp_radm2_Update_Rconst.bb
mpif90 -f90=ifort -o module_kpp_radm2_Update_Rconst.o -c -O2 -ip -fp-model precise -w -ftz -align all -fno-alias -FR -convert big_endian    -I../dyn_em -I../dyn_nmm   -I/global/scratch/azare/Josh/WRFV3/external/esmf_time_f90  -I/global/scratch/azare/Josh/WRFV3/main -I/global/scratch/azare/Josh/WRFV3/external/io_netcdf -I/global/scratch/azare/Josh/WRFV3/external/io_int -I/global/scratch/azare/Josh/WRFV3/frame -I/global/scratch/azare/Josh/WRFV3/share -I/global/scratch/azare/Josh/WRFV3/phys -I/global/scratch/azare/Josh/WRFV3/chem -I/global/scratch/azare/Josh/WRFV3/inc -I/global/software/sl-6.x86_64/modules/intel/2013_sp1.4.211/netcdf/4.3.2-intel-p/include  -i4  module_kpp_radm2_Update_Rconst.f90
rm -f module_kpp_radm2_Integr.o
/lib/cpp -C -P -I/global/scratch/azare/Josh/WRFV3/inc -DEM_CORE=1 -DNMM_CORE=0 -DNMM_MAX_DIM=2600 -DCOAMPS_CORE=0 -DDA_CORE=0 -DEXP_CORE=0 -DIWORDSIZE=4 -DDWORDSIZE=8 -DRWORDSIZE=4 -DLWORDSIZE=4 -DNONSTANDARD_SYSTEM_FUNC -DWRF_USE_CLM  -DDM_PARALLEL -DNETCDF -DUSE_ALLOCATABLES -DGRIB1 -DINTIO -DLIMIT_ARGS -DCONFIG_BUF_LEN=65536 -DMAX_DOMAINS_F=21 -DMAX_HISTORY=25 -DNMM_NEST=0 -DWRF_CHEM -DBUILD_CHEM=1 -DWRF_KPP -I. -traditional   module_kpp_radm2_Integr.F  > module_kpp_radm2_Integr.bb
/global/scratch/azare/Josh/WRFV3/tools/standard.exe module_kpp_radm2_Integr.bb | /lib/cpp -C -P > module_kpp_radm2_Integr.f90
rm -f module_kpp_radm2_Integr.b module_kpp_radm2_Integr.bb
mpif90 -f90=ifort -o module_kpp_radm2_Integr.o -c -O2 -ip -fp-model precise -w -ftz -align all -fno-alias -FR -convert big_endian    -I../dyn_em -I../dyn_nmm   -I/global/scratch/azare/Josh/WRFV3/external/esmf_time_f90  -I/global/scratch/azare/Josh/WRFV3/main -I/global/scratch/azare/Josh/WRFV3/external/io_netcdf -I/global/scratch/azare/Josh/WRFV3/external/io_int -I/global/scratch/azare/Josh/WRFV3/frame -I/global/scratch/azare/Josh/WRFV3/share -I/global/scratch/azare/Josh/WRFV3/phys -I/global/scratch/azare/Josh/WRFV3/chem -I/global/scratch/azare/Josh/WRFV3/inc -I/global/software/sl-6.x86_64/modules/intel/2013_sp1.4.211/netcdf/4.3.2-intel-p/include  -i4  module_kpp_radm2_Integr.f90
rm -f module_kpp_radm2_interface.o
/lib/cpp -C -P -I/global/scratch/azare/Josh/WRFV3/inc -DEM_CORE=1 -DNMM_CORE=0 -DNMM_MAX_DIM=2600 -DCOAMPS_CORE=0 -DDA_CORE=0 -DEXP_CORE=0 -DIWORDSIZE=4 -DDWORDSIZE=8 -DRWORDSIZE=4 -DLWORDSIZE=4 -DNONSTANDARD_SYSTEM_FUNC -DWRF_USE_CLM  -DDM_PARALLEL -DNETCDF -DUSE_ALLOCATABLES -DGRIB1 -DINTIO -DLIMIT_ARGS -DCONFIG_BUF_LEN=65536 -DMAX_DOMAINS_F=21 -DMAX_HISTORY=25 -DNMM_NEST=0 -DWRF_CHEM -DBUILD_CHEM=1 -DWRF_KPP -I. -traditional   module_kpp_radm2_interface.F  > module_kpp_radm2_interface.bb
/global/scratch/azare/Josh/WRFV3/tools/standard.exe module_kpp_radm2_interface.bb | /lib/cpp -C -P > module_kpp_radm2_interface.f90
rm -f module_kpp_radm2_interface.b module_kpp_radm2_interface.bb
mpif90 -f90=ifort -o module_kpp_radm2_interface.o -c -O2 -ip -fp-model precise -w -ftz -align all -fno-alias -FR -convert big_endian    -I../dyn_em -I../dyn_nmm   -I/global/scratch/azare/Josh/WRFV3/external/esmf_time_f90  -I/global/scratch/azare/Josh/WRFV3/main -I/global/scratch/azare/Josh/WRFV3/external/io_netcdf -I/global/scratch/azare/Josh/WRFV3/external/io_int -I/global/scratch/azare/Josh/WRFV3/frame -I/global/scratch/azare/Josh/WRFV3/share -I/global/scratch/azare/Josh/WRFV3/phys -I/global/scratch/azare/Josh/WRFV3/chem -I/global/scratch/azare/Josh/WRFV3/inc -I/global/software/sl-6.x86_64/modules/intel/2013_sp1.4.211/netcdf/4.3.2-intel-p/include  -i4  module_kpp_radm2_interface.f90
rm -f module_kpp_racmsorg_aqchem_Precision.o
/lib/cpp -C -P -I/global/scratch/azare/Josh/WRFV3/inc -DEM_CORE=1 -DNMM_CORE=0 -DNMM_MAX_DIM=2600 -DCOAMPS_CORE=0 -DDA_CORE=0 -DEXP_CORE=0 -DIWORDSIZE=4 -DDWORDSIZE=8 -DRWORDSIZE=4 -DLWORDSIZE=4 -DNONSTANDARD_SYSTEM_FUNC -DWRF_USE_CLM  -DDM_PARALLEL -DNETCDF -DUSE_ALLOCATABLES -DGRIB1 -DINTIO -DLIMIT_ARGS -DCONFIG_BUF_LEN=65536 -DMAX_DOMAINS_F=21 -DMAX_HISTORY=25 -DNMM_NEST=0 -DWRF_CHEM -DBUILD_CHEM=1 -DWRF_KPP -I. -traditional   module_kpp_racmsorg_aqchem_Precision.F  > module_kpp_racmsorg_aqchem_Precision.bb
/global/scratch/azare/Josh/WRFV3/tools/standard.exe module_kpp_racmsorg_aqchem_Precision.bb | /lib/cpp -C -P > module_kpp_racmsorg_aqchem_Precision.f90
rm -f module_kpp_racmsorg_aqchem_Precision.b module_kpp_racmsorg_aqchem_Precision.bb
mpif90 -f90=ifort -o module_kpp_racmsorg_aqchem_Precision.o -c -O2 -ip -fp-model precise -w -ftz -align all -fno-alias -FR -convert big_endian    -I../dyn_em -I../dyn_nmm   -I/global/scratch/azare/Josh/WRFV3/external/esmf_time_f90  -I/global/scratch/azare/Josh/WRFV3/main -I/global/scratch/azare/Josh/WRFV3/external/io_netcdf -I/global/scratch/azare/Josh/WRFV3/external/io_int -I/global/scratch/azare/Josh/WRFV3/frame -I/global/scratch/azare/Josh/WRFV3/share -I/global/scratch/azare/Josh/WRFV3/phys -I/global/scratch/azare/Josh/WRFV3/chem -I/global/scratch/azare/Josh/WRFV3/inc -I/global/software/sl-6.x86_64/modules/intel/2013_sp1.4.211/netcdf/4.3.2-intel-p/include  -i4  module_kpp_racmsorg_aqchem_Precision.f90
rm -f module_kpp_racmsorg_aqchem_Parameters.o
/lib/cpp -C -P -I/global/scratch/azare/Josh/WRFV3/inc -DEM_CORE=1 -DNMM_CORE=0 -DNMM_MAX_DIM=2600 -DCOAMPS_CORE=0 -DDA_CORE=0 -DEXP_CORE=0 -DIWORDSIZE=4 -DDWORDSIZE=8 -DRWORDSIZE=4 -DLWORDSIZE=4 -DNONSTANDARD_SYSTEM_FUNC -DWRF_USE_CLM  -DDM_PARALLEL -DNETCDF -DUSE_ALLOCATABLES -DGRIB1 -DINTIO -DLIMIT_ARGS -DCONFIG_BUF_LEN=65536 -DMAX_DOMAINS_F=21 -DMAX_HISTORY=25 -DNMM_NEST=0 -DWRF_CHEM -DBUILD_CHEM=1 -DWRF_KPP -I. -traditional   module_kpp_racmsorg_aqchem_Parameters.F  > module_kpp_racmsorg_aqchem_Parameters.bb
/global/scratch/azare/Josh/WRFV3/tools/standard.exe module_kpp_racmsorg_aqchem_Parameters.bb | /lib/cpp -C -P > module_kpp_racmsorg_aqchem_Parameters.f90
rm -f module_kpp_racmsorg_aqchem_Parameters.b module_kpp_racmsorg_aqchem_Parameters.bb
mpif90 -f90=ifort -o module_kpp_racmsorg_aqchem_Parameters.o -c -O2 -ip -fp-model precise -w -ftz -align all -fno-alias -FR -convert big_endian    -I../dyn_em -I../dyn_nmm   -I/global/scratch/azare/Josh/WRFV3/external/esmf_time_f90  -I/global/scratch/azare/Josh/WRFV3/main -I/global/scratch/azare/Josh/WRFV3/external/io_netcdf -I/global/scratch/azare/Josh/WRFV3/external/io_int -I/global/scratch/azare/Josh/WRFV3/frame -I/global/scratch/azare/Josh/WRFV3/share -I/global/scratch/azare/Josh/WRFV3/phys -I/global/scratch/azare/Josh/WRFV3/chem -I/global/scratch/azare/Josh/WRFV3/inc -I/global/software/sl-6.x86_64/modules/intel/2013_sp1.4.211/netcdf/4.3.2-intel-p/include  -i4  module_kpp_racmsorg_aqchem_Parameters.f90
rm -f module_kpp_racmsorg_aqchem_JacobianSP.o
/lib/cpp -C -P -I/global/scratch/azare/Josh/WRFV3/inc -DEM_CORE=1 -DNMM_CORE=0 -DNMM_MAX_DIM=2600 -DCOAMPS_CORE=0 -DDA_CORE=0 -DEXP_CORE=0 -DIWORDSIZE=4 -DDWORDSIZE=8 -DRWORDSIZE=4 -DLWORDSIZE=4 -DNONSTANDARD_SYSTEM_FUNC -DWRF_USE_CLM  -DDM_PARALLEL -DNETCDF -DUSE_ALLOCATABLES -DGRIB1 -DINTIO -DLIMIT_ARGS -DCONFIG_BUF_LEN=65536 -DMAX_DOMAINS_F=21 -DMAX_HISTORY=25 -DNMM_NEST=0 -DWRF_CHEM -DBUILD_CHEM=1 -DWRF_KPP -I. -traditional   module_kpp_racmsorg_aqchem_JacobianSP.F  > module_kpp_racmsorg_aqchem_JacobianSP.bb
/global/scratch/azare/Josh/WRFV3/tools/standard.exe module_kpp_racmsorg_aqchem_JacobianSP.bb | /lib/cpp -C -P > module_kpp_racmsorg_aqchem_JacobianSP.f90
rm -f module_kpp_racmsorg_aqchem_JacobianSP.b module_kpp_racmsorg_aqchem_JacobianSP.bb
mpif90 -f90=ifort -o module_kpp_racmsorg_aqchem_JacobianSP.o -c -O2 -ip -fp-model precise -w -ftz -align all -fno-alias -FR -convert big_endian    -I../dyn_em -I../dyn_nmm   -I/global/scratch/azare/Josh/WRFV3/external/esmf_time_f90  -I/global/scratch/azare/Josh/WRFV3/main -I/global/scratch/azare/Josh/WRFV3/external/io_netcdf -I/global/scratch/azare/Josh/WRFV3/external/io_int -I/global/scratch/azare/Josh/WRFV3/frame -I/global/scratch/azare/Josh/WRFV3/share -I/global/scratch/azare/Josh/WRFV3/phys -I/global/scratch/azare/Josh/WRFV3/chem -I/global/scratch/azare/Josh/WRFV3/inc -I/global/software/sl-6.x86_64/modules/intel/2013_sp1.4.211/netcdf/4.3.2-intel-p/include  -i4  module_kpp_racmsorg_aqchem_JacobianSP.f90
rm -f module_kpp_racmsorg_aqchem_Jacobian.o
/lib/cpp -C -P -I/global/scratch/azare/Josh/WRFV3/inc -DEM_CORE=1 -DNMM_CORE=0 -DNMM_MAX_DIM=2600 -DCOAMPS_CORE=0 -DDA_CORE=0 -DEXP_CORE=0 -DIWORDSIZE=4 -DDWORDSIZE=8 -DRWORDSIZE=4 -DLWORDSIZE=4 -DNONSTANDARD_SYSTEM_FUNC -DWRF_USE_CLM  -DDM_PARALLEL -DNETCDF -DUSE_ALLOCATABLES -DGRIB1 -DINTIO -DLIMIT_ARGS -DCONFIG_BUF_LEN=65536 -DMAX_DOMAINS_F=21 -DMAX_HISTORY=25 -DNMM_NEST=0 -DWRF_CHEM -DBUILD_CHEM=1 -DWRF_KPP -I. -traditional   module_kpp_racmsorg_aqchem_Jacobian.F  > module_kpp_racmsorg_aqchem_Jacobian.bb
/global/scratch/azare/Josh/WRFV3/tools/standard.exe module_kpp_racmsorg_aqchem_Jacobian.bb | /lib/cpp -C -P > module_kpp_racmsorg_aqchem_Jacobian.f90
rm -f module_kpp_racmsorg_aqchem_Jacobian.b module_kpp_racmsorg_aqchem_Jacobian.bb
mpif90 -f90=ifort -o module_kpp_racmsorg_aqchem_Jacobian.o -c -O2 -ip -fp-model precise -w -ftz -align all -fno-alias -FR -convert big_endian    -I../dyn_em -I../dyn_nmm   -I/global/scratch/azare/Josh/WRFV3/external/esmf_time_f90  -I/global/scratch/azare/Josh/WRFV3/main -I/global/scratch/azare/Josh/WRFV3/external/io_netcdf -I/global/scratch/azare/Josh/WRFV3/external/io_int -I/global/scratch/azare/Josh/WRFV3/frame -I/global/scratch/azare/Josh/WRFV3/share -I/global/scratch/azare/Josh/WRFV3/phys -I/global/scratch/azare/Josh/WRFV3/chem -I/global/scratch/azare/Josh/WRFV3/inc -I/global/software/sl-6.x86_64/modules/intel/2013_sp1.4.211/netcdf/4.3.2-intel-p/include  -i4  module_kpp_racmsorg_aqchem_Jacobian.f90
rm -f module_kpp_racmsorg_aqchem_Update_Rconst.o
/lib/cpp -C -P -I/global/scratch/azare/Josh/WRFV3/inc -DEM_CORE=1 -DNMM_CORE=0 -DNMM_MAX_DIM=2600 -DCOAMPS_CORE=0 -DDA_CORE=0 -DEXP_CORE=0 -DIWORDSIZE=4 -DDWORDSIZE=8 -DRWORDSIZE=4 -DLWORDSIZE=4 -DNONSTANDARD_SYSTEM_FUNC -DWRF_USE_CLM  -DDM_PARALLEL -DNETCDF -DUSE_ALLOCATABLES -DGRIB1 -DINTIO -DLIMIT_ARGS -DCONFIG_BUF_LEN=65536 -DMAX_DOMAINS_F=21 -DMAX_HISTORY=25 -DNMM_NEST=0 -DWRF_CHEM -DBUILD_CHEM=1 -DWRF_KPP -I. -traditional   module_kpp_racmsorg_aqchem_Update_Rconst.F  > module_kpp_racmsorg_aqchem_Update_Rconst.bb
/global/scratch/azare/Josh/WRFV3/tools/standard.exe module_kpp_racmsorg_aqchem_Update_Rconst.bb | /lib/cpp -C -P > module_kpp_racmsorg_aqchem_Update_Rconst.f90
rm -f module_kpp_racmsorg_aqchem_Update_Rconst.b module_kpp_racmsorg_aqchem_Update_Rconst.bb
mpif90 -f90=ifort -o module_kpp_racmsorg_aqchem_Update_Rconst.o -c -O2 -ip -fp-model precise -w -ftz -align all -fno-alias -FR -convert big_endian    -I../dyn_em -I../dyn_nmm   -I/global/scratch/azare/Josh/WRFV3/external/esmf_time_f90  -I/global/scratch/azare/Josh/WRFV3/main -I/global/scratch/azare/Josh/WRFV3/external/io_netcdf -I/global/scratch/azare/Josh/WRFV3/external/io_int -I/global/scratch/azare/Josh/WRFV3/frame -I/global/scratch/azare/Josh/WRFV3/share -I/global/scratch/azare/Josh/WRFV3/phys -I/global/scratch/azare/Josh/WRFV3/chem -I/global/scratch/azare/Josh/WRFV3/inc -I/global/software/sl-6.x86_64/modules/intel/2013_sp1.4.211/netcdf/4.3.2-intel-p/include  -i4  module_kpp_racmsorg_aqchem_Update_Rconst.f90
rm -f module_kpp_racmsorg_aqchem_Integr.o
/lib/cpp -C -P -I/global/scratch/azare/Josh/WRFV3/inc -DEM_CORE=1 -DNMM_CORE=0 -DNMM_MAX_DIM=2600 -DCOAMPS_CORE=0 -DDA_CORE=0 -DEXP_CORE=0 -DIWORDSIZE=4 -DDWORDSIZE=8 -DRWORDSIZE=4 -DLWORDSIZE=4 -DNONSTANDARD_SYSTEM_FUNC -DWRF_USE_CLM  -DDM_PARALLEL -DNETCDF -DUSE_ALLOCATABLES -DGRIB1 -DINTIO -DLIMIT_ARGS -DCONFIG_BUF_LEN=65536 -DMAX_DOMAINS_F=21 -DMAX_HISTORY=25 -DNMM_NEST=0 -DWRF_CHEM -DBUILD_CHEM=1 -DWRF_KPP -I. -traditional   module_kpp_racmsorg_aqchem_Integr.F  > module_kpp_racmsorg_aqchem_Integr.bb
/global/scratch/azare/Josh/WRFV3/tools/standard.exe module_kpp_racmsorg_aqchem_Integr.bb | /lib/cpp -C -P > module_kpp_racmsorg_aqchem_Integr.f90
rm -f module_kpp_racmsorg_aqchem_Integr.b module_kpp_racmsorg_aqchem_Integr.bb
mpif90 -f90=ifort -o module_kpp_racmsorg_aqchem_Integr.o -c -O2 -ip -fp-model precise -w -ftz -align all -fno-alias -FR -convert big_endian    -I../dyn_em -I../dyn_nmm   -I/global/scratch/azare/Josh/WRFV3/external/esmf_time_f90  -I/global/scratch/azare/Josh/WRFV3/main -I/global/scratch/azare/Josh/WRFV3/external/io_netcdf -I/global/scratch/azare/Josh/WRFV3/external/io_int -I/global/scratch/azare/Josh/WRFV3/frame -I/global/scratch/azare/Josh/WRFV3/share -I/global/scratch/azare/Josh/WRFV3/phys -I/global/scratch/azare/Josh/WRFV3/chem -I/global/scratch/azare/Josh/WRFV3/inc -I/global/software/sl-6.x86_64/modules/intel/2013_sp1.4.211/netcdf/4.3.2-intel-p/include  -i4  module_kpp_racmsorg_aqchem_Integr.f90
rm -f module_kpp_racmsorg_aqchem_interface.o
/lib/cpp -C -P -I/global/scratch/azare/Josh/WRFV3/inc -DEM_CORE=1 -DNMM_CORE=0 -DNMM_MAX_DIM=2600 -DCOAMPS_CORE=0 -DDA_CORE=0 -DEXP_CORE=0 -DIWORDSIZE=4 -DDWORDSIZE=8 -DRWORDSIZE=4 -DLWORDSIZE=4 -DNONSTANDARD_SYSTEM_FUNC -DWRF_USE_CLM  -DDM_PARALLEL -DNETCDF -DUSE_ALLOCATABLES -DGRIB1 -DINTIO -DLIMIT_ARGS -DCONFIG_BUF_LEN=65536 -DMAX_DOMAINS_F=21 -DMAX_HISTORY=25 -DNMM_NEST=0 -DWRF_CHEM -DBUILD_CHEM=1 -DWRF_KPP -I. -traditional   module_kpp_racmsorg_aqchem_interface.F  > module_kpp_racmsorg_aqchem_interface.bb
/global/scratch/azare/Josh/WRFV3/tools/standard.exe module_kpp_racmsorg_aqchem_interface.bb | /lib/cpp -C -P > module_kpp_racmsorg_aqchem_interface.f90
rm -f module_kpp_racmsorg_aqchem_interface.b module_kpp_racmsorg_aqchem_interface.bb
mpif90 -f90=ifort -o module_kpp_racmsorg_aqchem_interface.o -c -O2 -ip -fp-model precise -w -ftz -align all -fno-alias -FR -convert big_endian    -I../dyn_em -I../dyn_nmm   -I/global/scratch/azare/Josh/WRFV3/external/esmf_time_f90  -I/global/scratch/azare/Josh/WRFV3/main -I/global/scratch/azare/Josh/WRFV3/external/io_netcdf -I/global/scratch/azare/Josh/WRFV3/external/io_int -I/global/scratch/azare/Josh/WRFV3/frame -I/global/scratch/azare/Josh/WRFV3/share -I/global/scratch/azare/Josh/WRFV3/phys -I/global/scratch/azare/Josh/WRFV3/chem -I/global/scratch/azare/Josh/WRFV3/inc -I/global/software/sl-6.x86_64/modules/intel/2013_sp1.4.211/netcdf/4.3.2-intel-p/include  -i4  module_kpp_racmsorg_aqchem_interface.f90
rm -f module_kpp_cbm4_Precision.o
/lib/cpp -C -P -I/global/scratch/azare/Josh/WRFV3/inc -DEM_CORE=1 -DNMM_CORE=0 -DNMM_MAX_DIM=2600 -DCOAMPS_CORE=0 -DDA_CORE=0 -DEXP_CORE=0 -DIWORDSIZE=4 -DDWORDSIZE=8 -DRWORDSIZE=4 -DLWORDSIZE=4 -DNONSTANDARD_SYSTEM_FUNC -DWRF_USE_CLM  -DDM_PARALLEL -DNETCDF -DUSE_ALLOCATABLES -DGRIB1 -DINTIO -DLIMIT_ARGS -DCONFIG_BUF_LEN=65536 -DMAX_DOMAINS_F=21 -DMAX_HISTORY=25 -DNMM_NEST=0 -DWRF_CHEM -DBUILD_CHEM=1 -DWRF_KPP -I. -traditional   module_kpp_cbm4_Precision.F  > module_kpp_cbm4_Precision.bb
/global/scratch/azare/Josh/WRFV3/tools/standard.exe module_kpp_cbm4_Precision.bb | /lib/cpp -C -P > module_kpp_cbm4_Precision.f90
rm -f module_kpp_cbm4_Precision.b module_kpp_cbm4_Precision.bb
mpif90 -f90=ifort -o module_kpp_cbm4_Precision.o -c -O2 -ip -fp-model precise -w -ftz -align all -fno-alias -FR -convert big_endian    -I../dyn_em -I../dyn_nmm   -I/global/scratch/azare/Josh/WRFV3/external/esmf_time_f90  -I/global/scratch/azare/Josh/WRFV3/main -I/global/scratch/azare/Josh/WRFV3/external/io_netcdf -I/global/scratch/azare/Josh/WRFV3/external/io_int -I/global/scratch/azare/Josh/WRFV3/frame -I/global/scratch/azare/Josh/WRFV3/share -I/global/scratch/azare/Josh/WRFV3/phys -I/global/scratch/azare/Josh/WRFV3/chem -I/global/scratch/azare/Josh/WRFV3/inc -I/global/software/sl-6.x86_64/modules/intel/2013_sp1.4.211/netcdf/4.3.2-intel-p/include  -i4  module_kpp_cbm4_Precision.f90
rm -f module_kpp_cbm4_Parameters.o
/lib/cpp -C -P -I/global/scratch/azare/Josh/WRFV3/inc -DEM_CORE=1 -DNMM_CORE=0 -DNMM_MAX_DIM=2600 -DCOAMPS_CORE=0 -DDA_CORE=0 -DEXP_CORE=0 -DIWORDSIZE=4 -DDWORDSIZE=8 -DRWORDSIZE=4 -DLWORDSIZE=4 -DNONSTANDARD_SYSTEM_FUNC -DWRF_USE_CLM  -DDM_PARALLEL -DNETCDF -DUSE_ALLOCATABLES -DGRIB1 -DINTIO -DLIMIT_ARGS -DCONFIG_BUF_LEN=65536 -DMAX_DOMAINS_F=21 -DMAX_HISTORY=25 -DNMM_NEST=0 -DWRF_CHEM -DBUILD_CHEM=1 -DWRF_KPP -I. -traditional   module_kpp_cbm4_Parameters.F  > module_kpp_cbm4_Parameters.bb
/global/scratch/azare/Josh/WRFV3/tools/standard.exe module_kpp_cbm4_Parameters.bb | /lib/cpp -C -P > module_kpp_cbm4_Parameters.f90
rm -f module_kpp_cbm4_Parameters.b module_kpp_cbm4_Parameters.bb
mpif90 -f90=ifort -o module_kpp_cbm4_Parameters.o -c -O2 -ip -fp-model precise -w -ftz -align all -fno-alias -FR -convert big_endian    -I../dyn_em -I../dyn_nmm   -I/global/scratch/azare/Josh/WRFV3/external/esmf_time_f90  -I/global/scratch/azare/Josh/WRFV3/main -I/global/scratch/azare/Josh/WRFV3/external/io_netcdf -I/global/scratch/azare/Josh/WRFV3/external/io_int -I/global/scratch/azare/Josh/WRFV3/frame -I/global/scratch/azare/Josh/WRFV3/share -I/global/scratch/azare/Josh/WRFV3/phys -I/global/scratch/azare/Josh/WRFV3/chem -I/global/scratch/azare/Josh/WRFV3/inc -I/global/software/sl-6.x86_64/modules/intel/2013_sp1.4.211/netcdf/4.3.2-intel-p/include  -i4  module_kpp_cbm4_Parameters.f90
rm -f module_kpp_cbm4_JacobianSP.o
/lib/cpp -C -P -I/global/scratch/azare/Josh/WRFV3/inc -DEM_CORE=1 -DNMM_CORE=0 -DNMM_MAX_DIM=2600 -DCOAMPS_CORE=0 -DDA_CORE=0 -DEXP_CORE=0 -DIWORDSIZE=4 -DDWORDSIZE=8 -DRWORDSIZE=4 -DLWORDSIZE=4 -DNONSTANDARD_SYSTEM_FUNC -DWRF_USE_CLM  -DDM_PARALLEL -DNETCDF -DUSE_ALLOCATABLES -DGRIB1 -DINTIO -DLIMIT_ARGS -DCONFIG_BUF_LEN=65536 -DMAX_DOMAINS_F=21 -DMAX_HISTORY=25 -DNMM_NEST=0 -DWRF_CHEM -DBUILD_CHEM=1 -DWRF_KPP -I. -traditional   module_kpp_cbm4_JacobianSP.F  > module_kpp_cbm4_JacobianSP.bb
/global/scratch/azare/Josh/WRFV3/tools/standard.exe module_kpp_cbm4_JacobianSP.bb | /lib/cpp -C -P > module_kpp_cbm4_JacobianSP.f90
rm -f module_kpp_cbm4_JacobianSP.b module_kpp_cbm4_JacobianSP.bb
mpif90 -f90=ifort -o module_kpp_cbm4_JacobianSP.o -c -O2 -ip -fp-model precise -w -ftz -align all -fno-alias -FR -convert big_endian    -I../dyn_em -I../dyn_nmm   -I/global/scratch/azare/Josh/WRFV3/external/esmf_time_f90  -I/global/scratch/azare/Josh/WRFV3/main -I/global/scratch/azare/Josh/WRFV3/external/io_netcdf -I/global/scratch/azare/Josh/WRFV3/external/io_int -I/global/scratch/azare/Josh/WRFV3/frame -I/global/scratch/azare/Josh/WRFV3/share -I/global/scratch/azare/Josh/WRFV3/phys -I/global/scratch/azare/Josh/WRFV3/chem -I/global/scratch/azare/Josh/WRFV3/inc -I/global/software/sl-6.x86_64/modules/intel/2013_sp1.4.211/netcdf/4.3.2-intel-p/include  -i4  module_kpp_cbm4_JacobianSP.f90
rm -f module_kpp_cbm4_Jacobian.o
/lib/cpp -C -P -I/global/scratch/azare/Josh/WRFV3/inc -DEM_CORE=1 -DNMM_CORE=0 -DNMM_MAX_DIM=2600 -DCOAMPS_CORE=0 -DDA_CORE=0 -DEXP_CORE=0 -DIWORDSIZE=4 -DDWORDSIZE=8 -DRWORDSIZE=4 -DLWORDSIZE=4 -DNONSTANDARD_SYSTEM_FUNC -DWRF_USE_CLM  -DDM_PARALLEL -DNETCDF -DUSE_ALLOCATABLES -DGRIB1 -DINTIO -DLIMIT_ARGS -DCONFIG_BUF_LEN=65536 -DMAX_DOMAINS_F=21 -DMAX_HISTORY=25 -DNMM_NEST=0 -DWRF_CHEM -DBUILD_CHEM=1 -DWRF_KPP -I. -traditional   module_kpp_cbm4_Jacobian.F  > module_kpp_cbm4_Jacobian.bb
/global/scratch/azare/Josh/WRFV3/tools/standard.exe module_kpp_cbm4_Jacobian.bb | /lib/cpp -C -P > module_kpp_cbm4_Jacobian.f90
rm -f module_kpp_cbm4_Jacobian.b module_kpp_cbm4_Jacobian.bb
mpif90 -f90=ifort -o module_kpp_cbm4_Jacobian.o -c -O2 -ip -fp-model precise -w -ftz -align all -fno-alias -FR -convert big_endian    -I../dyn_em -I../dyn_nmm   -I/global/scratch/azare/Josh/WRFV3/external/esmf_time_f90  -I/global/scratch/azare/Josh/WRFV3/main -I/global/scratch/azare/Josh/WRFV3/external/io_netcdf -I/global/scratch/azare/Josh/WRFV3/external/io_int -I/global/scratch/azare/Josh/WRFV3/frame -I/global/scratch/azare/Josh/WRFV3/share -I/global/scratch/azare/Josh/WRFV3/phys -I/global/scratch/azare/Josh/WRFV3/chem -I/global/scratch/azare/Josh/WRFV3/inc -I/global/software/sl-6.x86_64/modules/intel/2013_sp1.4.211/netcdf/4.3.2-intel-p/include  -i4  module_kpp_cbm4_Jacobian.f90
rm -f module_kpp_cbm4_Update_Rconst.o
/lib/cpp -C -P -I/global/scratch/azare/Josh/WRFV3/inc -DEM_CORE=1 -DNMM_CORE=0 -DNMM_MAX_DIM=2600 -DCOAMPS_CORE=0 -DDA_CORE=0 -DEXP_CORE=0 -DIWORDSIZE=4 -DDWORDSIZE=8 -DRWORDSIZE=4 -DLWORDSIZE=4 -DNONSTANDARD_SYSTEM_FUNC -DWRF_USE_CLM  -DDM_PARALLEL -DNETCDF -DUSE_ALLOCATABLES -DGRIB1 -DINTIO -DLIMIT_ARGS -DCONFIG_BUF_LEN=65536 -DMAX_DOMAINS_F=21 -DMAX_HISTORY=25 -DNMM_NEST=0 -DWRF_CHEM -DBUILD_CHEM=1 -DWRF_KPP -I. -traditional   module_kpp_cbm4_Update_Rconst.F  > module_kpp_cbm4_Update_Rconst.bb
/global/scratch/azare/Josh/WRFV3/tools/standard.exe module_kpp_cbm4_Update_Rconst.bb | /lib/cpp -C -P > module_kpp_cbm4_Update_Rconst.f90
rm -f module_kpp_cbm4_Update_Rconst.b module_kpp_cbm4_Update_Rconst.bb
mpif90 -f90=ifort -o module_kpp_cbm4_Update_Rconst.o -c -O2 -ip -fp-model precise -w -ftz -align all -fno-alias -FR -convert big_endian    -I../dyn_em -I../dyn_nmm   -I/global/scratch/azare/Josh/WRFV3/external/esmf_time_f90  -I/global/scratch/azare/Josh/WRFV3/main -I/global/scratch/azare/Josh/WRFV3/external/io_netcdf -I/global/scratch/azare/Josh/WRFV3/external/io_int -I/global/scratch/azare/Josh/WRFV3/frame -I/global/scratch/azare/Josh/WRFV3/share -I/global/scratch/azare/Josh/WRFV3/phys -I/global/scratch/azare/Josh/WRFV3/chem -I/global/scratch/azare/Josh/WRFV3/inc -I/global/software/sl-6.x86_64/modules/intel/2013_sp1.4.211/netcdf/4.3.2-intel-p/include  -i4  module_kpp_cbm4_Update_Rconst.f90
rm -f module_kpp_cbm4_Integr.o
/lib/cpp -C -P -I/global/scratch/azare/Josh/WRFV3/inc -DEM_CORE=1 -DNMM_CORE=0 -DNMM_MAX_DIM=2600 -DCOAMPS_CORE=0 -DDA_CORE=0 -DEXP_CORE=0 -DIWORDSIZE=4 -DDWORDSIZE=8 -DRWORDSIZE=4 -DLWORDSIZE=4 -DNONSTANDARD_SYSTEM_FUNC -DWRF_USE_CLM  -DDM_PARALLEL -DNETCDF -DUSE_ALLOCATABLES -DGRIB1 -DINTIO -DLIMIT_ARGS -DCONFIG_BUF_LEN=65536 -DMAX_DOMAINS_F=21 -DMAX_HISTORY=25 -DNMM_NEST=0 -DWRF_CHEM -DBUILD_CHEM=1 -DWRF_KPP -I. -traditional   module_kpp_cbm4_Integr.F  > module_kpp_cbm4_Integr.bb
/global/scratch/azare/Josh/WRFV3/tools/standard.exe module_kpp_cbm4_Integr.bb | /lib/cpp -C -P > module_kpp_cbm4_Integr.f90
rm -f module_kpp_cbm4_Integr.b module_kpp_cbm4_Integr.bb
mpif90 -f90=ifort -o module_kpp_cbm4_Integr.o -c -O2 -ip -fp-model precise -w -ftz -align all -fno-alias -FR -convert big_endian    -I../dyn_em -I../dyn_nmm   -I/global/scratch/azare/Josh/WRFV3/external/esmf_time_f90  -I/global/scratch/azare/Josh/WRFV3/main -I/global/scratch/azare/Josh/WRFV3/external/io_netcdf -I/global/scratch/azare/Josh/WRFV3/external/io_int -I/global/scratch/azare/Josh/WRFV3/frame -I/global/scratch/azare/Josh/WRFV3/share -I/global/scratch/azare/Josh/WRFV3/phys -I/global/scratch/azare/Josh/WRFV3/chem -I/global/scratch/azare/Josh/WRFV3/inc -I/global/software/sl-6.x86_64/modules/intel/2013_sp1.4.211/netcdf/4.3.2-intel-p/include  -i4  module_kpp_cbm4_Integr.f90
rm -f module_kpp_cbm4_interface.o
/lib/cpp -C -P -I/global/scratch/azare/Josh/WRFV3/inc -DEM_CORE=1 -DNMM_CORE=0 -DNMM_MAX_DIM=2600 -DCOAMPS_CORE=0 -DDA_CORE=0 -DEXP_CORE=0 -DIWORDSIZE=4 -DDWORDSIZE=8 -DRWORDSIZE=4 -DLWORDSIZE=4 -DNONSTANDARD_SYSTEM_FUNC -DWRF_USE_CLM  -DDM_PARALLEL -DNETCDF -DUSE_ALLOCATABLES -DGRIB1 -DINTIO -DLIMIT_ARGS -DCONFIG_BUF_LEN=65536 -DMAX_DOMAINS_F=21 -DMAX_HISTORY=25 -DNMM_NEST=0 -DWRF_CHEM -DBUILD_CHEM=1 -DWRF_KPP -I. -traditional   module_kpp_cbm4_interface.F  > module_kpp_cbm4_interface.bb
/global/scratch/azare/Josh/WRFV3/tools/standard.exe module_kpp_cbm4_interface.bb | /lib/cpp -C -P > module_kpp_cbm4_interface.f90
rm -f module_kpp_cbm4_interface.b module_kpp_cbm4_interface.bb
mpif90 -f90=ifort -o module_kpp_cbm4_interface.o -c -O2 -ip -fp-model precise -w -ftz -align all -fno-alias -FR -convert big_endian    -I../dyn_em -I../dyn_nmm   -I/global/scratch/azare/Josh/WRFV3/external/esmf_time_f90  -I/global/scratch/azare/Josh/WRFV3/main -I/global/scratch/azare/Josh/WRFV3/external/io_netcdf -I/global/scratch/azare/Josh/WRFV3/external/io_int -I/global/scratch/azare/Josh/WRFV3/frame -I/global/scratch/azare/Josh/WRFV3/share -I/global/scratch/azare/Josh/WRFV3/phys -I/global/scratch/azare/Josh/WRFV3/chem -I/global/scratch/azare/Josh/WRFV3/inc -I/global/software/sl-6.x86_64/modules/intel/2013_sp1.4.211/netcdf/4.3.2-intel-p/include  -i4  module_kpp_cbm4_interface.f90
rm -f module_kpp_cri_mosaic_8bin_aq_Precision.o
/lib/cpp -C -P -I/global/scratch/azare/Josh/WRFV3/inc -DEM_CORE=1 -DNMM_CORE=0 -DNMM_MAX_DIM=2600 -DCOAMPS_CORE=0 -DDA_CORE=0 -DEXP_CORE=0 -DIWORDSIZE=4 -DDWORDSIZE=8 -DRWORDSIZE=4 -DLWORDSIZE=4 -DNONSTANDARD_SYSTEM_FUNC -DWRF_USE_CLM  -DDM_PARALLEL -DNETCDF -DUSE_ALLOCATABLES -DGRIB1 -DINTIO -DLIMIT_ARGS -DCONFIG_BUF_LEN=65536 -DMAX_DOMAINS_F=21 -DMAX_HISTORY=25 -DNMM_NEST=0 -DWRF_CHEM -DBUILD_CHEM=1 -DWRF_KPP -I. -traditional   module_kpp_cri_mosaic_8bin_aq_Precision.F  > module_kpp_cri_mosaic_8bin_aq_Precision.bb
/global/scratch/azare/Josh/WRFV3/tools/standard.exe module_kpp_cri_mosaic_8bin_aq_Precision.bb | /lib/cpp -C -P > module_kpp_cri_mosaic_8bin_aq_Precision.f90
rm -f module_kpp_cri_mosaic_8bin_aq_Precision.b module_kpp_cri_mosaic_8bin_aq_Precision.bb
mpif90 -f90=ifort -o module_kpp_cri_mosaic_8bin_aq_Precision.o -c -O2 -ip -fp-model precise -w -ftz -align all -fno-alias -FR -convert big_endian    -I../dyn_em -I../dyn_nmm   -I/global/scratch/azare/Josh/WRFV3/external/esmf_time_f90  -I/global/scratch/azare/Josh/WRFV3/main -I/global/scratch/azare/Josh/WRFV3/external/io_netcdf -I/global/scratch/azare/Josh/WRFV3/external/io_int -I/global/scratch/azare/Josh/WRFV3/frame -I/global/scratch/azare/Josh/WRFV3/share -I/global/scratch/azare/Josh/WRFV3/phys -I/global/scratch/azare/Josh/WRFV3/chem -I/global/scratch/azare/Josh/WRFV3/inc -I/global/software/sl-6.x86_64/modules/intel/2013_sp1.4.211/netcdf/4.3.2-intel-p/include  -i4  module_kpp_cri_mosaic_8bin_aq_Precision.f90
rm -f module_kpp_cri_mosaic_8bin_aq_Parameters.o
/lib/cpp -C -P -I/global/scratch/azare/Josh/WRFV3/inc -DEM_CORE=1 -DNMM_CORE=0 -DNMM_MAX_DIM=2600 -DCOAMPS_CORE=0 -DDA_CORE=0 -DEXP_CORE=0 -DIWORDSIZE=4 -DDWORDSIZE=8 -DRWORDSIZE=4 -DLWORDSIZE=4 -DNONSTANDARD_SYSTEM_FUNC -DWRF_USE_CLM  -DDM_PARALLEL -DNETCDF -DUSE_ALLOCATABLES -DGRIB1 -DINTIO -DLIMIT_ARGS -DCONFIG_BUF_LEN=65536 -DMAX_DOMAINS_F=21 -DMAX_HISTORY=25 -DNMM_NEST=0 -DWRF_CHEM -DBUILD_CHEM=1 -DWRF_KPP -I. -traditional   module_kpp_cri_mosaic_8bin_aq_Parameters.F  > module_kpp_cri_mosaic_8bin_aq_Parameters.bb
/global/scratch/azare/Josh/WRFV3/tools/standard.exe module_kpp_cri_mosaic_8bin_aq_Parameters.bb | /lib/cpp -C -P > module_kpp_cri_mosaic_8bin_aq_Parameters.f90
rm -f module_kpp_cri_mosaic_8bin_aq_Parameters.b module_kpp_cri_mosaic_8bin_aq_Parameters.bb
mpif90 -f90=ifort -o module_kpp_cri_mosaic_8bin_aq_Parameters.o -c -O2 -ip -fp-model precise -w -ftz -align all -fno-alias -FR -convert big_endian    -I../dyn_em -I../dyn_nmm   -I/global/scratch/azare/Josh/WRFV3/external/esmf_time_f90  -I/global/scratch/azare/Josh/WRFV3/main -I/global/scratch/azare/Josh/WRFV3/external/io_netcdf -I/global/scratch/azare/Josh/WRFV3/external/io_int -I/global/scratch/azare/Josh/WRFV3/frame -I/global/scratch/azare/Josh/WRFV3/share -I/global/scratch/azare/Josh/WRFV3/phys -I/global/scratch/azare/Josh/WRFV3/chem -I/global/scratch/azare/Josh/WRFV3/inc -I/global/software/sl-6.x86_64/modules/intel/2013_sp1.4.211/netcdf/4.3.2-intel-p/include  -i4  module_kpp_cri_mosaic_8bin_aq_Parameters.f90
rm -f module_kpp_cri_mosaic_8bin_aq_JacobianSP.o
/lib/cpp -C -P -I/global/scratch/azare/Josh/WRFV3/inc -DEM_CORE=1 -DNMM_CORE=0 -DNMM_MAX_DIM=2600 -DCOAMPS_CORE=0 -DDA_CORE=0 -DEXP_CORE=0 -DIWORDSIZE=4 -DDWORDSIZE=8 -DRWORDSIZE=4 -DLWORDSIZE=4 -DNONSTANDARD_SYSTEM_FUNC -DWRF_USE_CLM  -DDM_PARALLEL -DNETCDF -DUSE_ALLOCATABLES -DGRIB1 -DINTIO -DLIMIT_ARGS -DCONFIG_BUF_LEN=65536 -DMAX_DOMAINS_F=21 -DMAX_HISTORY=25 -DNMM_NEST=0 -DWRF_CHEM -DBUILD_CHEM=1 -DWRF_KPP -I. -traditional   module_kpp_cri_mosaic_8bin_aq_JacobianSP.F  > module_kpp_cri_mosaic_8bin_aq_JacobianSP.bb
/global/scratch/azare/Josh/WRFV3/tools/standard.exe module_kpp_cri_mosaic_8bin_aq_JacobianSP.bb | /lib/cpp -C -P > module_kpp_cri_mosaic_8bin_aq_JacobianSP.f90
rm -f module_kpp_cri_mosaic_8bin_aq_JacobianSP.b module_kpp_cri_mosaic_8bin_aq_JacobianSP.bb
mpif90 -f90=ifort -o module_kpp_cri_mosaic_8bin_aq_JacobianSP.o -c -O2 -ip -fp-model precise -w -ftz -align all -fno-alias -FR -convert big_endian    -I../dyn_em -I../dyn_nmm   -I/global/scratch/azare/Josh/WRFV3/external/esmf_time_f90  -I/global/scratch/azare/Josh/WRFV3/main -I/global/scratch/azare/Josh/WRFV3/external/io_netcdf -I/global/scratch/azare/Josh/WRFV3/external/io_int -I/global/scratch/azare/Josh/WRFV3/frame -I/global/scratch/azare/Josh/WRFV3/share -I/global/scratch/azare/Josh/WRFV3/phys -I/global/scratch/azare/Josh/WRFV3/chem -I/global/scratch/azare/Josh/WRFV3/inc -I/global/software/sl-6.x86_64/modules/intel/2013_sp1.4.211/netcdf/4.3.2-intel-p/include  -i4  module_kpp_cri_mosaic_8bin_aq_JacobianSP.f90
rm -f module_kpp_cri_mosaic_8bin_aq_Jacobian.o
/lib/cpp -C -P -I/global/scratch/azare/Josh/WRFV3/inc -DEM_CORE=1 -DNMM_CORE=0 -DNMM_MAX_DIM=2600 -DCOAMPS_CORE=0 -DDA_CORE=0 -DEXP_CORE=0 -DIWORDSIZE=4 -DDWORDSIZE=8 -DRWORDSIZE=4 -DLWORDSIZE=4 -DNONSTANDARD_SYSTEM_FUNC -DWRF_USE_CLM  -DDM_PARALLEL -DNETCDF -DUSE_ALLOCATABLES -DGRIB1 -DINTIO -DLIMIT_ARGS -DCONFIG_BUF_LEN=65536 -DMAX_DOMAINS_F=21 -DMAX_HISTORY=25 -DNMM_NEST=0 -DWRF_CHEM -DBUILD_CHEM=1 -DWRF_KPP -I. -traditional   module_kpp_cri_mosaic_8bin_aq_Jacobian.F  > module_kpp_cri_mosaic_8bin_aq_Jacobian.bb
/global/scratch/azare/Josh/WRFV3/tools/standard.exe module_kpp_cri_mosaic_8bin_aq_Jacobian.bb | /lib/cpp -C -P > module_kpp_cri_mosaic_8bin_aq_Jacobian.f90
rm -f module_kpp_cri_mosaic_8bin_aq_Jacobian.b module_kpp_cri_mosaic_8bin_aq_Jacobian.bb
mpif90 -f90=ifort -o module_kpp_cri_mosaic_8bin_aq_Jacobian.o -c -O2 -ip -fp-model precise -w -ftz -align all -fno-alias -FR -convert big_endian    -I../dyn_em -I../dyn_nmm   -I/global/scratch/azare/Josh/WRFV3/external/esmf_time_f90  -I/global/scratch/azare/Josh/WRFV3/main -I/global/scratch/azare/Josh/WRFV3/external/io_netcdf -I/global/scratch/azare/Josh/WRFV3/external/io_int -I/global/scratch/azare/Josh/WRFV3/frame -I/global/scratch/azare/Josh/WRFV3/share -I/global/scratch/azare/Josh/WRFV3/phys -I/global/scratch/azare/Josh/WRFV3/chem -I/global/scratch/azare/Josh/WRFV3/inc -I/global/software/sl-6.x86_64/modules/intel/2013_sp1.4.211/netcdf/4.3.2-intel-p/include  -i4  module_kpp_cri_mosaic_8bin_aq_Jacobian.f90
rm -f module_kpp_cri_mosaic_8bin_aq_Update_Rconst.o
/lib/cpp -C -P -I/global/scratch/azare/Josh/WRFV3/inc -DEM_CORE=1 -DNMM_CORE=0 -DNMM_MAX_DIM=2600 -DCOAMPS_CORE=0 -DDA_CORE=0 -DEXP_CORE=0 -DIWORDSIZE=4 -DDWORDSIZE=8 -DRWORDSIZE=4 -DLWORDSIZE=4 -DNONSTANDARD_SYSTEM_FUNC -DWRF_USE_CLM  -DDM_PARALLEL -DNETCDF -DUSE_ALLOCATABLES -DGRIB1 -DINTIO -DLIMIT_ARGS -DCONFIG_BUF_LEN=65536 -DMAX_DOMAINS_F=21 -DMAX_HISTORY=25 -DNMM_NEST=0 -DWRF_CHEM -DBUILD_CHEM=1 -DWRF_KPP -I. -traditional   module_kpp_cri_mosaic_8bin_aq_Update_Rconst.F  > module_kpp_cri_mosaic_8bin_aq_Update_Rconst.bb
/global/scratch/azare/Josh/WRFV3/tools/standard.exe module_kpp_cri_mosaic_8bin_aq_Update_Rconst.bb | /lib/cpp -C -P > module_kpp_cri_mosaic_8bin_aq_Update_Rconst.f90
rm -f module_kpp_cri_mosaic_8bin_aq_Update_Rconst.b module_kpp_cri_mosaic_8bin_aq_Update_Rconst.bb
mpif90 -f90=ifort -o module_kpp_cri_mosaic_8bin_aq_Update_Rconst.o -c -O2 -ip -fp-model precise -w -ftz -align all -fno-alias -FR -convert big_endian    -I../dyn_em -I../dyn_nmm   -I/global/scratch/azare/Josh/WRFV3/external/esmf_time_f90  -I/global/scratch/azare/Josh/WRFV3/main -I/global/scratch/azare/Josh/WRFV3/external/io_netcdf -I/global/scratch/azare/Josh/WRFV3/external/io_int -I/global/scratch/azare/Josh/WRFV3/frame -I/global/scratch/azare/Josh/WRFV3/share -I/global/scratch/azare/Josh/WRFV3/phys -I/global/scratch/azare/Josh/WRFV3/chem -I/global/scratch/azare/Josh/WRFV3/inc -I/global/software/sl-6.x86_64/modules/intel/2013_sp1.4.211/netcdf/4.3.2-intel-p/include  -i4  module_kpp_cri_mosaic_8bin_aq_Update_Rconst.f90
rm -f module_kpp_cri_mosaic_8bin_aq_Integr.o
/lib/cpp -C -P -I/global/scratch/azare/Josh/WRFV3/inc -DEM_CORE=1 -DNMM_CORE=0 -DNMM_MAX_DIM=2600 -DCOAMPS_CORE=0 -DDA_CORE=0 -DEXP_CORE=0 -DIWORDSIZE=4 -DDWORDSIZE=8 -DRWORDSIZE=4 -DLWORDSIZE=4 -DNONSTANDARD_SYSTEM_FUNC -DWRF_USE_CLM  -DDM_PARALLEL -DNETCDF -DUSE_ALLOCATABLES -DGRIB1 -DINTIO -DLIMIT_ARGS -DCONFIG_BUF_LEN=65536 -DMAX_DOMAINS_F=21 -DMAX_HISTORY=25 -DNMM_NEST=0 -DWRF_CHEM -DBUILD_CHEM=1 -DWRF_KPP -I. -traditional   module_kpp_cri_mosaic_8bin_aq_Integr.F  > module_kpp_cri_mosaic_8bin_aq_Integr.bb
/global/scratch/azare/Josh/WRFV3/tools/standard.exe module_kpp_cri_mosaic_8bin_aq_Integr.bb | /lib/cpp -C -P > module_kpp_cri_mosaic_8bin_aq_Integr.f90
rm -f module_kpp_cri_mosaic_8bin_aq_Integr.b module_kpp_cri_mosaic_8bin_aq_Integr.bb
mpif90 -f90=ifort -o module_kpp_cri_mosaic_8bin_aq_Integr.o -c -O2 -ip -fp-model precise -w -ftz -align all -fno-alias -FR -convert big_endian    -I../dyn_em -I../dyn_nmm   -I/global/scratch/azare/Josh/WRFV3/external/esmf_time_f90  -I/global/scratch/azare/Josh/WRFV3/main -I/global/scratch/azare/Josh/WRFV3/external/io_netcdf -I/global/scratch/azare/Josh/WRFV3/external/io_int -I/global/scratch/azare/Josh/WRFV3/frame -I/global/scratch/azare/Josh/WRFV3/share -I/global/scratch/azare/Josh/WRFV3/phys -I/global/scratch/azare/Josh/WRFV3/chem -I/global/scratch/azare/Josh/WRFV3/inc -I/global/software/sl-6.x86_64/modules/intel/2013_sp1.4.211/netcdf/4.3.2-intel-p/include  -i4  module_kpp_cri_mosaic_8bin_aq_Integr.f90
rm -f module_kpp_cri_mosaic_8bin_aq_interface.o
/lib/cpp -C -P -I/global/scratch/azare/Josh/WRFV3/inc -DEM_CORE=1 -DNMM_CORE=0 -DNMM_MAX_DIM=2600 -DCOAMPS_CORE=0 -DDA_CORE=0 -DEXP_CORE=0 -DIWORDSIZE=4 -DDWORDSIZE=8 -DRWORDSIZE=4 -DLWORDSIZE=4 -DNONSTANDARD_SYSTEM_FUNC -DWRF_USE_CLM  -DDM_PARALLEL -DNETCDF -DUSE_ALLOCATABLES -DGRIB1 -DINTIO -DLIMIT_ARGS -DCONFIG_BUF_LEN=65536 -DMAX_DOMAINS_F=21 -DMAX_HISTORY=25 -DNMM_NEST=0 -DWRF_CHEM -DBUILD_CHEM=1 -DWRF_KPP -I. -traditional   module_kpp_cri_mosaic_8bin_aq_interface.F  > module_kpp_cri_mosaic_8bin_aq_interface.bb
/global/scratch/azare/Josh/WRFV3/tools/standard.exe module_kpp_cri_mosaic_8bin_aq_interface.bb | /lib/cpp -C -P > module_kpp_cri_mosaic_8bin_aq_interface.f90
rm -f module_kpp_cri_mosaic_8bin_aq_interface.b module_kpp_cri_mosaic_8bin_aq_interface.bb
mpif90 -f90=ifort -o module_kpp_cri_mosaic_8bin_aq_interface.o -c -O2 -ip -fp-model precise -w -ftz -align all -fno-alias -FR -convert big_endian    -I../dyn_em -I../dyn_nmm   -I/global/scratch/azare/Josh/WRFV3/external/esmf_time_f90  -I/global/scratch/azare/Josh/WRFV3/main -I/global/scratch/azare/Josh/WRFV3/external/io_netcdf -I/global/scratch/azare/Josh/WRFV3/external/io_int -I/global/scratch/azare/Josh/WRFV3/frame -I/global/scratch/azare/Josh/WRFV3/share -I/global/scratch/azare/Josh/WRFV3/phys -I/global/scratch/azare/Josh/WRFV3/chem -I/global/scratch/azare/Josh/WRFV3/inc -I/global/software/sl-6.x86_64/modules/intel/2013_sp1.4.211/netcdf/4.3.2-intel-p/include  -i4  module_kpp_cri_mosaic_8bin_aq_interface.f90
rm -f module_wave_data.o
/lib/cpp -C -P -I/global/scratch/azare/Josh/WRFV3/inc -DEM_CORE=1 -DNMM_CORE=0 -DNMM_MAX_DIM=2600 -DCOAMPS_CORE=0 -DDA_CORE=0 -DEXP_CORE=0 -DIWORDSIZE=4 -DDWORDSIZE=8 -DRWORDSIZE=4 -DLWORDSIZE=4 -DNONSTANDARD_SYSTEM_FUNC -DWRF_USE_CLM  -DDM_PARALLEL -DNETCDF -DUSE_ALLOCATABLES -DGRIB1 -DINTIO -DLIMIT_ARGS -DCONFIG_BUF_LEN=65536 -DMAX_DOMAINS_F=21 -DMAX_HISTORY=25 -DNMM_NEST=0 -DWRF_CHEM -DBUILD_CHEM=1 -DWRF_KPP -I. -traditional   module_wave_data.F  > module_wave_data.bb
/global/scratch/azare/Josh/WRFV3/tools/standard.exe module_wave_data.bb | /lib/cpp -C -P > module_wave_data.f90
rm -f module_wave_data.b module_wave_data.bb
mpif90 -f90=ifort -o module_wave_data.o -c -O2 -ip -fp-model precise -w -ftz -align all -fno-alias -FR -convert big_endian    -I../dyn_em -I../dyn_nmm   -I/global/scratch/azare/Josh/WRFV3/external/esmf_time_f90  -I/global/scratch/azare/Josh/WRFV3/main -I/global/scratch/azare/Josh/WRFV3/external/io_netcdf -I/global/scratch/azare/Josh/WRFV3/external/io_int -I/global/scratch/azare/Josh/WRFV3/frame -I/global/scratch/azare/Josh/WRFV3/share -I/global/scratch/azare/Josh/WRFV3/phys -I/global/scratch/azare/Josh/WRFV3/chem -I/global/scratch/azare/Josh/WRFV3/inc -I/global/software/sl-6.x86_64/modules/intel/2013_sp1.4.211/netcdf/4.3.2-intel-p/include  -i4  module_wave_data.f90
rm -f module_ftuv_subs.o
/lib/cpp -C -P -I/global/scratch/azare/Josh/WRFV3/inc -DEM_CORE=1 -DNMM_CORE=0 -DNMM_MAX_DIM=2600 -DCOAMPS_CORE=0 -DDA_CORE=0 -DEXP_CORE=0 -DIWORDSIZE=4 -DDWORDSIZE=8 -DRWORDSIZE=4 -DLWORDSIZE=4 -DNONSTANDARD_SYSTEM_FUNC -DWRF_USE_CLM  -DDM_PARALLEL -DNETCDF -DUSE_ALLOCATABLES -DGRIB1 -DINTIO -DLIMIT_ARGS -DCONFIG_BUF_LEN=65536 -DMAX_DOMAINS_F=21 -DMAX_HISTORY=25 -DNMM_NEST=0 -DWRF_CHEM -DBUILD_CHEM=1 -DWRF_KPP -I. -traditional   module_ftuv_subs.F  > module_ftuv_subs.bb
/global/scratch/azare/Josh/WRFV3/tools/standard.exe module_ftuv_subs.bb | /lib/cpp -C -P > module_ftuv_subs.f90
rm -f module_ftuv_subs.b module_ftuv_subs.bb
mpif90 -f90=ifort -o module_ftuv_subs.o -c -O2 -ip -fp-model precise -w -ftz -align all -fno-alias -FR -convert big_endian    -I../dyn_em -I../dyn_nmm   -I/global/scratch/azare/Josh/WRFV3/external/esmf_time_f90  -I/global/scratch/azare/Josh/WRFV3/main -I/global/scratch/azare/Josh/WRFV3/external/io_netcdf -I/global/scratch/azare/Josh/WRFV3/external/io_int -I/global/scratch/azare/Josh/WRFV3/frame -I/global/scratch/azare/Josh/WRFV3/share -I/global/scratch/azare/Josh/WRFV3/phys -I/global/scratch/azare/Josh/WRFV3/chem -I/global/scratch/azare/Josh/WRFV3/inc -I/global/software/sl-6.x86_64/modules/intel/2013_sp1.4.211/netcdf/4.3.2-intel-p/include  -i4  module_ftuv_subs.f90
rm -f module_ghg_fluxes.o
/lib/cpp -C -P -I/global/scratch/azare/Josh/WRFV3/inc -DEM_CORE=1 -DNMM_CORE=0 -DNMM_MAX_DIM=2600 -DCOAMPS_CORE=0 -DDA_CORE=0 -DEXP_CORE=0 -DIWORDSIZE=4 -DDWORDSIZE=8 -DRWORDSIZE=4 -DLWORDSIZE=4 -DNONSTANDARD_SYSTEM_FUNC -DWRF_USE_CLM  -DDM_PARALLEL -DNETCDF -DUSE_ALLOCATABLES -DGRIB1 -DINTIO -DLIMIT_ARGS -DCONFIG_BUF_LEN=65536 -DMAX_DOMAINS_F=21 -DMAX_HISTORY=25 -DNMM_NEST=0 -DWRF_CHEM -DBUILD_CHEM=1 -DWRF_KPP -I. -traditional   module_ghg_fluxes.F  > module_ghg_fluxes.bb
/global/scratch/azare/Josh/WRFV3/tools/standard.exe module_ghg_fluxes.bb | /lib/cpp -C -P > module_ghg_fluxes.f90
rm -f module_ghg_fluxes.b module_ghg_fluxes.bb
mpif90 -f90=ifort -o module_ghg_fluxes.o -c -O2 -ip -fp-model precise -w -ftz -align all -fno-alias -FR -convert big_endian    -I../dyn_em -I../dyn_nmm   -I/global/scratch/azare/Josh/WRFV3/external/esmf_time_f90  -I/global/scratch/azare/Josh/WRFV3/main -I/global/scratch/azare/Josh/WRFV3/external/io_netcdf -I/global/scratch/azare/Josh/WRFV3/external/io_int -I/global/scratch/azare/Josh/WRFV3/frame -I/global/scratch/azare/Josh/WRFV3/share -I/global/scratch/azare/Josh/WRFV3/phys -I/global/scratch/azare/Josh/WRFV3/chem -I/global/scratch/azare/Josh/WRFV3/inc -I/global/software/sl-6.x86_64/modules/intel/2013_sp1.4.211/netcdf/4.3.2-intel-p/include  -i4  module_ghg_fluxes.f90
rm -f module_gocart_drydep.o
/lib/cpp -C -P -I/global/scratch/azare/Josh/WRFV3/inc -DEM_CORE=1 -DNMM_CORE=0 -DNMM_MAX_DIM=2600 -DCOAMPS_CORE=0 -DDA_CORE=0 -DEXP_CORE=0 -DIWORDSIZE=4 -DDWORDSIZE=8 -DRWORDSIZE=4 -DLWORDSIZE=4 -DNONSTANDARD_SYSTEM_FUNC -DWRF_USE_CLM  -DDM_PARALLEL -DNETCDF -DUSE_ALLOCATABLES -DGRIB1 -DINTIO -DLIMIT_ARGS -DCONFIG_BUF_LEN=65536 -DMAX_DOMAINS_F=21 -DMAX_HISTORY=25 -DNMM_NEST=0 -DWRF_CHEM -DBUILD_CHEM=1 -DWRF_KPP -I. -traditional   module_gocart_drydep.F  > module_gocart_drydep.bb
/global/scratch/azare/Josh/WRFV3/tools/standard.exe module_gocart_drydep.bb | /lib/cpp -C -P > module_gocart_drydep.f90
rm -f module_gocart_drydep.b module_gocart_drydep.bb
mpif90 -f90=ifort -o module_gocart_drydep.o -c -O2 -ip -fp-model precise -w -ftz -align all -fno-alias -FR -convert big_endian    -I../dyn_em -I../dyn_nmm   -I/global/scratch/azare/Josh/WRFV3/external/esmf_time_f90  -I/global/scratch/azare/Josh/WRFV3/main -I/global/scratch/azare/Josh/WRFV3/external/io_netcdf -I/global/scratch/azare/Josh/WRFV3/external/io_int -I/global/scratch/azare/Josh/WRFV3/frame -I/global/scratch/azare/Josh/WRFV3/share -I/global/scratch/azare/Josh/WRFV3/phys -I/global/scratch/azare/Josh/WRFV3/chem -I/global/scratch/azare/Josh/WRFV3/inc -I/global/software/sl-6.x86_64/modules/intel/2013_sp1.4.211/netcdf/4.3.2-intel-p/include  -i4  module_gocart_drydep.f90
rm -f module_gocart_settling.o
/lib/cpp -C -P -I/global/scratch/azare/Josh/WRFV3/inc -DEM_CORE=1 -DNMM_CORE=0 -DNMM_MAX_DIM=2600 -DCOAMPS_CORE=0 -DDA_CORE=0 -DEXP_CORE=0 -DIWORDSIZE=4 -DDWORDSIZE=8 -DRWORDSIZE=4 -DLWORDSIZE=4 -DNONSTANDARD_SYSTEM_FUNC -DWRF_USE_CLM  -DDM_PARALLEL -DNETCDF -DUSE_ALLOCATABLES -DGRIB1 -DINTIO -DLIMIT_ARGS -DCONFIG_BUF_LEN=65536 -DMAX_DOMAINS_F=21 -DMAX_HISTORY=25 -DNMM_NEST=0 -DWRF_CHEM -DBUILD_CHEM=1 -DWRF_KPP -I. -traditional   module_gocart_settling.F  > module_gocart_settling.bb
/global/scratch/azare/Josh/WRFV3/tools/standard.exe module_gocart_settling.bb | /lib/cpp -C -P > module_gocart_settling.f90
rm -f module_gocart_settling.b module_gocart_settling.bb
mpif90 -f90=ifort -o module_gocart_settling.o -c -O2 -ip -fp-model precise -w -ftz -align all -fno-alias -FR -convert big_endian    -I../dyn_em -I../dyn_nmm   -I/global/scratch/azare/Josh/WRFV3/external/esmf_time_f90  -I/global/scratch/azare/Josh/WRFV3/main -I/global/scratch/azare/Josh/WRFV3/external/io_netcdf -I/global/scratch/azare/Josh/WRFV3/external/io_int -I/global/scratch/azare/Josh/WRFV3/frame -I/global/scratch/azare/Josh/WRFV3/share -I/global/scratch/azare/Josh/WRFV3/phys -I/global/scratch/azare/Josh/WRFV3/chem -I/global/scratch/azare/Josh/WRFV3/inc -I/global/software/sl-6.x86_64/modules/intel/2013_sp1.4.211/netcdf/4.3.2-intel-p/include  -i4  module_gocart_settling.f90
rm -f module_gocart_so2so4.o
/lib/cpp -C -P -I/global/scratch/azare/Josh/WRFV3/inc -DEM_CORE=1 -DNMM_CORE=0 -DNMM_MAX_DIM=2600 -DCOAMPS_CORE=0 -DDA_CORE=0 -DEXP_CORE=0 -DIWORDSIZE=4 -DDWORDSIZE=8 -DRWORDSIZE=4 -DLWORDSIZE=4 -DNONSTANDARD_SYSTEM_FUNC -DWRF_USE_CLM  -DDM_PARALLEL -DNETCDF -DUSE_ALLOCATABLES -DGRIB1 -DINTIO -DLIMIT_ARGS -DCONFIG_BUF_LEN=65536 -DMAX_DOMAINS_F=21 -DMAX_HISTORY=25 -DNMM_NEST=0 -DWRF_CHEM -DBUILD_CHEM=1 -DWRF_KPP -I. -traditional   module_gocart_so2so4.F  > module_gocart_so2so4.bb
/global/scratch/azare/Josh/WRFV3/tools/standard.exe module_gocart_so2so4.bb | /lib/cpp -C -P > module_gocart_so2so4.f90
rm -f module_gocart_so2so4.b module_gocart_so2so4.bb
mpif90 -f90=ifort -o module_gocart_so2so4.o -c -O2 -ip -fp-model precise -w -ftz -align all -fno-alias -FR -convert big_endian    -I../dyn_em -I../dyn_nmm   -I/global/scratch/azare/Josh/WRFV3/external/esmf_time_f90  -I/global/scratch/azare/Josh/WRFV3/main -I/global/scratch/azare/Josh/WRFV3/external/io_netcdf -I/global/scratch/azare/Josh/WRFV3/external/io_int -I/global/scratch/azare/Josh/WRFV3/frame -I/global/scratch/azare/Josh/WRFV3/share -I/global/scratch/azare/Josh/WRFV3/phys -I/global/scratch/azare/Josh/WRFV3/chem -I/global/scratch/azare/Josh/WRFV3/inc -I/global/software/sl-6.x86_64/modules/intel/2013_sp1.4.211/netcdf/4.3.2-intel-p/include  -i4  module_gocart_so2so4.f90
rm -f module_input_tracer_data.o
/lib/cpp -C -P -I/global/scratch/azare/Josh/WRFV3/inc -DEM_CORE=1 -DNMM_CORE=0 -DNMM_MAX_DIM=2600 -DCOAMPS_CORE=0 -DDA_CORE=0 -DEXP_CORE=0 -DIWORDSIZE=4 -DDWORDSIZE=8 -DRWORDSIZE=4 -DLWORDSIZE=4 -DNONSTANDARD_SYSTEM_FUNC -DWRF_USE_CLM  -DDM_PARALLEL -DNETCDF -DUSE_ALLOCATABLES -DGRIB1 -DINTIO -DLIMIT_ARGS -DCONFIG_BUF_LEN=65536 -DMAX_DOMAINS_F=21 -DMAX_HISTORY=25 -DNMM_NEST=0 -DWRF_CHEM -DBUILD_CHEM=1 -DWRF_KPP -I. -traditional   module_input_tracer_data.F  > module_input_tracer_data.bb
/global/scratch/azare/Josh/WRFV3/tools/standard.exe module_input_tracer_data.bb | /lib/cpp -C -P > module_input_tracer_data.f90
rm -f module_input_tracer_data.b module_input_tracer_data.bb
mpif90 -f90=ifort -o module_input_tracer_data.o -c -O2 -ip -fp-model precise -w -ftz -align all -fno-alias -FR -convert big_endian    -I../dyn_em -I../dyn_nmm   -I/global/scratch/azare/Josh/WRFV3/external/esmf_time_f90  -I/global/scratch/azare/Josh/WRFV3/main -I/global/scratch/azare/Josh/WRFV3/external/io_netcdf -I/global/scratch/azare/Josh/WRFV3/external/io_int -I/global/scratch/azare/Josh/WRFV3/frame -I/global/scratch/azare/Josh/WRFV3/share -I/global/scratch/azare/Josh/WRFV3/phys -I/global/scratch/azare/Josh/WRFV3/chem -I/global/scratch/azare/Josh/WRFV3/inc -I/global/software/sl-6.x86_64/modules/intel/2013_sp1.4.211/netcdf/4.3.2-intel-p/include  -i4  module_input_tracer_data.f90
rm -f module_interpolate.o
/lib/cpp -C -P -I/global/scratch/azare/Josh/WRFV3/inc -DEM_CORE=1 -DNMM_CORE=0 -DNMM_MAX_DIM=2600 -DCOAMPS_CORE=0 -DDA_CORE=0 -DEXP_CORE=0 -DIWORDSIZE=4 -DDWORDSIZE=8 -DRWORDSIZE=4 -DLWORDSIZE=4 -DNONSTANDARD_SYSTEM_FUNC -DWRF_USE_CLM  -DDM_PARALLEL -DNETCDF -DUSE_ALLOCATABLES -DGRIB1 -DINTIO -DLIMIT_ARGS -DCONFIG_BUF_LEN=65536 -DMAX_DOMAINS_F=21 -DMAX_HISTORY=25 -DNMM_NEST=0 -DWRF_CHEM -DBUILD_CHEM=1 -DWRF_KPP -I. -traditional   module_interpolate.F  > module_interpolate.bb
/global/scratch/azare/Josh/WRFV3/tools/standard.exe module_interpolate.bb | /lib/cpp -C -P > module_interpolate.f90
rm -f module_interpolate.b module_interpolate.bb
mpif90 -f90=ifort -o module_interpolate.o -c -O2 -ip -fp-model precise -w -ftz -align all -fno-alias -FR -convert big_endian    -I../dyn_em -I../dyn_nmm   -I/global/scratch/azare/Josh/WRFV3/external/esmf_time_f90  -I/global/scratch/azare/Josh/WRFV3/main -I/global/scratch/azare/Josh/WRFV3/external/io_netcdf -I/global/scratch/azare/Josh/WRFV3/external/io_int -I/global/scratch/azare/Josh/WRFV3/frame -I/global/scratch/azare/Josh/WRFV3/share -I/global/scratch/azare/Josh/WRFV3/phys -I/global/scratch/azare/Josh/WRFV3/chem -I/global/scratch/azare/Josh/WRFV3/inc -I/global/software/sl-6.x86_64/modules/intel/2013_sp1.4.211/netcdf/4.3.2-intel-p/include  -i4  module_interpolate.f90
rm -f module_mosaic_csuesat.o
/lib/cpp -C -P -I/global/scratch/azare/Josh/WRFV3/inc -DEM_CORE=1 -DNMM_CORE=0 -DNMM_MAX_DIM=2600 -DCOAMPS_CORE=0 -DDA_CORE=0 -DEXP_CORE=0 -DIWORDSIZE=4 -DDWORDSIZE=8 -DRWORDSIZE=4 -DLWORDSIZE=4 -DNONSTANDARD_SYSTEM_FUNC -DWRF_USE_CLM  -DDM_PARALLEL -DNETCDF -DUSE_ALLOCATABLES -DGRIB1 -DINTIO -DLIMIT_ARGS -DCONFIG_BUF_LEN=65536 -DMAX_DOMAINS_F=21 -DMAX_HISTORY=25 -DNMM_NEST=0 -DWRF_CHEM -DBUILD_CHEM=1 -DWRF_KPP -I. -traditional   module_mosaic_csuesat.F  > module_mosaic_csuesat.bb
/global/scratch/azare/Josh/WRFV3/tools/standard.exe module_mosaic_csuesat.bb | /lib/cpp -C -P > module_mosaic_csuesat.f90
rm -f module_mosaic_csuesat.b module_mosaic_csuesat.bb
mpif90 -f90=ifort -o module_mosaic_csuesat.o -c -O2 -ip -fp-model precise -w -ftz -align all -fno-alias -FR -convert big_endian    -I../dyn_em -I../dyn_nmm   -I/global/scratch/azare/Josh/WRFV3/external/esmf_time_f90  -I/global/scratch/azare/Josh/WRFV3/main -I/global/scratch/azare/Josh/WRFV3/external/io_netcdf -I/global/scratch/azare/Josh/WRFV3/external/io_int -I/global/scratch/azare/Josh/WRFV3/frame -I/global/scratch/azare/Josh/WRFV3/share -I/global/scratch/azare/Josh/WRFV3/phys -I/global/scratch/azare/Josh/WRFV3/chem -I/global/scratch/azare/Josh/WRFV3/inc -I/global/software/sl-6.x86_64/modules/intel/2013_sp1.4.211/netcdf/4.3.2-intel-p/include  -i4  module_mosaic_csuesat.f90
rm -f module_mozcart_wetscav.o
/lib/cpp -C -P -I/global/scratch/azare/Josh/WRFV3/inc -DEM_CORE=1 -DNMM_CORE=0 -DNMM_MAX_DIM=2600 -DCOAMPS_CORE=0 -DDA_CORE=0 -DEXP_CORE=0 -DIWORDSIZE=4 -DDWORDSIZE=8 -DRWORDSIZE=4 -DLWORDSIZE=4 -DNONSTANDARD_SYSTEM_FUNC -DWRF_USE_CLM  -DDM_PARALLEL -DNETCDF -DUSE_ALLOCATABLES -DGRIB1 -DINTIO -DLIMIT_ARGS -DCONFIG_BUF_LEN=65536 -DMAX_DOMAINS_F=21 -DMAX_HISTORY=25 -DNMM_NEST=0 -DWRF_CHEM -DBUILD_CHEM=1 -DWRF_KPP -I. -traditional   module_mozcart_wetscav.F  > module_mozcart_wetscav.bb
/global/scratch/azare/Josh/WRFV3/tools/standard.exe module_mozcart_wetscav.bb | /lib/cpp -C -P > module_mozcart_wetscav.f90
rm -f module_mozcart_wetscav.b module_mozcart_wetscav.bb
mpif90 -f90=ifort -o module_mozcart_wetscav.o -c -O2 -ip -fp-model precise -w -ftz -align all -fno-alias -FR -convert big_endian    -I../dyn_em -I../dyn_nmm   -I/global/scratch/azare/Josh/WRFV3/external/esmf_time_f90  -I/global/scratch/azare/Josh/WRFV3/main -I/global/scratch/azare/Josh/WRFV3/external/io_netcdf -I/global/scratch/azare/Josh/WRFV3/external/io_int -I/global/scratch/azare/Josh/WRFV3/frame -I/global/scratch/azare/Josh/WRFV3/share -I/global/scratch/azare/Josh/WRFV3/phys -I/global/scratch/azare/Josh/WRFV3/chem -I/global/scratch/azare/Josh/WRFV3/inc -I/global/software/sl-6.x86_64/modules/intel/2013_sp1.4.211/netcdf/4.3.2-intel-p/include  -i4  module_mozcart_wetscav.f90
rm -f module_tropopause.o
/lib/cpp -C -P -I/global/scratch/azare/Josh/WRFV3/inc -DEM_CORE=1 -DNMM_CORE=0 -DNMM_MAX_DIM=2600 -DCOAMPS_CORE=0 -DDA_CORE=0 -DEXP_CORE=0 -DIWORDSIZE=4 -DDWORDSIZE=8 -DRWORDSIZE=4 -DLWORDSIZE=4 -DNONSTANDARD_SYSTEM_FUNC -DWRF_USE_CLM  -DDM_PARALLEL -DNETCDF -DUSE_ALLOCATABLES -DGRIB1 -DINTIO -DLIMIT_ARGS -DCONFIG_BUF_LEN=65536 -DMAX_DOMAINS_F=21 -DMAX_HISTORY=25 -DNMM_NEST=0 -DWRF_CHEM -DBUILD_CHEM=1 -DWRF_KPP -I. -traditional   module_tropopause.F  > module_tropopause.bb
/global/scratch/azare/Josh/WRFV3/tools/standard.exe module_tropopause.bb | /lib/cpp -C -P > module_tropopause.f90
rm -f module_tropopause.b module_tropopause.bb
mpif90 -f90=ifort -o module_tropopause.o -c -O2 -ip -fp-model precise -w -ftz -align all -fno-alias -FR -convert big_endian    -I../dyn_em -I../dyn_nmm   -I/global/scratch/azare/Josh/WRFV3/external/esmf_time_f90  -I/global/scratch/azare/Josh/WRFV3/main -I/global/scratch/azare/Josh/WRFV3/external/io_netcdf -I/global/scratch/azare/Josh/WRFV3/external/io_int -I/global/scratch/azare/Josh/WRFV3/frame -I/global/scratch/azare/Josh/WRFV3/share -I/global/scratch/azare/Josh/WRFV3/phys -I/global/scratch/azare/Josh/WRFV3/chem -I/global/scratch/azare/Josh/WRFV3/inc -I/global/software/sl-6.x86_64/modules/intel/2013_sp1.4.211/netcdf/4.3.2-intel-p/include  -i4  module_tropopause.f90
rm -f module_upper_bc_driver.o
/lib/cpp -C -P -I/global/scratch/azare/Josh/WRFV3/inc -DEM_CORE=1 -DNMM_CORE=0 -DNMM_MAX_DIM=2600 -DCOAMPS_CORE=0 -DDA_CORE=0 -DEXP_CORE=0 -DIWORDSIZE=4 -DDWORDSIZE=8 -DRWORDSIZE=4 -DLWORDSIZE=4 -DNONSTANDARD_SYSTEM_FUNC -DWRF_USE_CLM  -DDM_PARALLEL -DNETCDF -DUSE_ALLOCATABLES -DGRIB1 -DINTIO -DLIMIT_ARGS -DCONFIG_BUF_LEN=65536 -DMAX_DOMAINS_F=21 -DMAX_HISTORY=25 -DNMM_NEST=0 -DWRF_CHEM -DBUILD_CHEM=1 -DWRF_KPP -I. -traditional   module_upper_bc_driver.F  > module_upper_bc_driver.bb
/global/scratch/azare/Josh/WRFV3/tools/standard.exe module_upper_bc_driver.bb | /lib/cpp -C -P > module_upper_bc_driver.f90
rm -f module_upper_bc_driver.b module_upper_bc_driver.bb
mpif90 -f90=ifort -o module_upper_bc_driver.o -c -O2 -ip -fp-model precise -w -ftz -align all -fno-alias -FR -convert big_endian    -I../dyn_em -I../dyn_nmm   -I/global/scratch/azare/Josh/WRFV3/external/esmf_time_f90  -I/global/scratch/azare/Josh/WRFV3/main -I/global/scratch/azare/Josh/WRFV3/external/io_netcdf -I/global/scratch/azare/Josh/WRFV3/external/io_int -I/global/scratch/azare/Josh/WRFV3/frame -I/global/scratch/azare/Josh/WRFV3/share -I/global/scratch/azare/Josh/WRFV3/phys -I/global/scratch/azare/Josh/WRFV3/chem -I/global/scratch/azare/Josh/WRFV3/inc -I/global/software/sl-6.x86_64/modules/intel/2013_sp1.4.211/netcdf/4.3.2-intel-p/include  -i4  module_upper_bc_driver.f90
rm -f module_vertmx_wrf.o
/lib/cpp -C -P -I/global/scratch/azare/Josh/WRFV3/inc -DEM_CORE=1 -DNMM_CORE=0 -DNMM_MAX_DIM=2600 -DCOAMPS_CORE=0 -DDA_CORE=0 -DEXP_CORE=0 -DIWORDSIZE=4 -DDWORDSIZE=8 -DRWORDSIZE=4 -DLWORDSIZE=4 -DNONSTANDARD_SYSTEM_FUNC -DWRF_USE_CLM  -DDM_PARALLEL -DNETCDF -DUSE_ALLOCATABLES -DGRIB1 -DINTIO -DLIMIT_ARGS -DCONFIG_BUF_LEN=65536 -DMAX_DOMAINS_F=21 -DMAX_HISTORY=25 -DNMM_NEST=0 -DWRF_CHEM -DBUILD_CHEM=1 -DWRF_KPP -I. -traditional   module_vertmx_wrf.F  > module_vertmx_wrf.bb
/global/scratch/azare/Josh/WRFV3/tools/standard.exe module_vertmx_wrf.bb | /lib/cpp -C -P > module_vertmx_wrf.f90
rm -f module_vertmx_wrf.b module_vertmx_wrf.bb
mpif90 -f90=ifort -o module_vertmx_wrf.o -c -O2 -ip -fp-model precise -w -ftz -align all -fno-alias -FR -convert big_endian    -I../dyn_em -I../dyn_nmm   -I/global/scratch/azare/Josh/WRFV3/external/esmf_time_f90  -I/global/scratch/azare/Josh/WRFV3/main -I/global/scratch/azare/Josh/WRFV3/external/io_netcdf -I/global/scratch/azare/Josh/WRFV3/external/io_int -I/global/scratch/azare/Josh/WRFV3/frame -I/global/scratch/azare/Josh/WRFV3/share -I/global/scratch/azare/Josh/WRFV3/phys -I/global/scratch/azare/Josh/WRFV3/chem -I/global/scratch/azare/Josh/WRFV3/inc -I/global/software/sl-6.x86_64/modules/intel/2013_sp1.4.211/netcdf/4.3.2-intel-p/include  -i4  module_vertmx_wrf.f90
rm -f module_wetdep_ls.o
/lib/cpp -C -P -I/global/scratch/azare/Josh/WRFV3/inc -DEM_CORE=1 -DNMM_CORE=0 -DNMM_MAX_DIM=2600 -DCOAMPS_CORE=0 -DDA_CORE=0 -DEXP_CORE=0 -DIWORDSIZE=4 -DDWORDSIZE=8 -DRWORDSIZE=4 -DLWORDSIZE=4 -DNONSTANDARD_SYSTEM_FUNC -DWRF_USE_CLM  -DDM_PARALLEL -DNETCDF -DUSE_ALLOCATABLES -DGRIB1 -DINTIO -DLIMIT_ARGS -DCONFIG_BUF_LEN=65536 -DMAX_DOMAINS_F=21 -DMAX_HISTORY=25 -DNMM_NEST=0 -DWRF_CHEM -DBUILD_CHEM=1 -DWRF_KPP -I. -traditional   module_wetdep_ls.F  > module_wetdep_ls.bb
/global/scratch/azare/Josh/WRFV3/tools/standard.exe module_wetdep_ls.bb | /lib/cpp -C -P > module_wetdep_ls.f90
rm -f module_wetdep_ls.b module_wetdep_ls.bb
mpif90 -f90=ifort -o module_wetdep_ls.o -c -O2 -ip -fp-model precise -w -ftz -align all -fno-alias -FR -convert big_endian    -I../dyn_em -I../dyn_nmm   -I/global/scratch/azare/Josh/WRFV3/external/esmf_time_f90  -I/global/scratch/azare/Josh/WRFV3/main -I/global/scratch/azare/Josh/WRFV3/external/io_netcdf -I/global/scratch/azare/Josh/WRFV3/external/io_int -I/global/scratch/azare/Josh/WRFV3/frame -I/global/scratch/azare/Josh/WRFV3/share -I/global/scratch/azare/Josh/WRFV3/phys -I/global/scratch/azare/Josh/WRFV3/chem -I/global/scratch/azare/Josh/WRFV3/inc -I/global/software/sl-6.x86_64/modules/intel/2013_sp1.4.211/netcdf/4.3.2-intel-p/include  -i4  module_wetdep_ls.f90
rm -f module_zero_plumegen_coms.o
/lib/cpp -C -P -I/global/scratch/azare/Josh/WRFV3/inc -DEM_CORE=1 -DNMM_CORE=0 -DNMM_MAX_DIM=2600 -DCOAMPS_CORE=0 -DDA_CORE=0 -DEXP_CORE=0 -DIWORDSIZE=4 -DDWORDSIZE=8 -DRWORDSIZE=4 -DLWORDSIZE=4 -DNONSTANDARD_SYSTEM_FUNC -DWRF_USE_CLM  -DDM_PARALLEL -DNETCDF -DUSE_ALLOCATABLES -DGRIB1 -DINTIO -DLIMIT_ARGS -DCONFIG_BUF_LEN=65536 -DMAX_DOMAINS_F=21 -DMAX_HISTORY=25 -DNMM_NEST=0 -DWRF_CHEM -DBUILD_CHEM=1 -DWRF_KPP -I. -traditional   module_zero_plumegen_coms.F  > module_zero_plumegen_coms.bb
/global/scratch/azare/Josh/WRFV3/tools/standard.exe module_zero_plumegen_coms.bb | /lib/cpp -C -P > module_zero_plumegen_coms.f90
rm -f module_zero_plumegen_coms.b module_zero_plumegen_coms.bb
mpif90 -f90=ifort -o module_zero_plumegen_coms.o -c -O2 -ip -fp-model precise -w -ftz -align all -fno-alias -FR -convert big_endian    -I../dyn_em -I../dyn_nmm   -I/global/scratch/azare/Josh/WRFV3/external/esmf_time_f90  -I/global/scratch/azare/Josh/WRFV3/main -I/global/scratch/azare/Josh/WRFV3/external/io_netcdf -I/global/scratch/azare/Josh/WRFV3/external/io_int -I/global/scratch/azare/Josh/WRFV3/frame -I/global/scratch/azare/Josh/WRFV3/share -I/global/scratch/azare/Josh/WRFV3/phys -I/global/scratch/azare/Josh/WRFV3/chem -I/global/scratch/azare/Josh/WRFV3/inc -I/global/software/sl-6.x86_64/modules/intel/2013_sp1.4.211/netcdf/4.3.2-intel-p/include  -i4  module_zero_plumegen_coms.f90
rm -f module_vash_settling.o
/lib/cpp -C -P -I/global/scratch/azare/Josh/WRFV3/inc -DEM_CORE=1 -DNMM_CORE=0 -DNMM_MAX_DIM=2600 -DCOAMPS_CORE=0 -DDA_CORE=0 -DEXP_CORE=0 -DIWORDSIZE=4 -DDWORDSIZE=8 -DRWORDSIZE=4 -DLWORDSIZE=4 -DNONSTANDARD_SYSTEM_FUNC -DWRF_USE_CLM  -DDM_PARALLEL -DNETCDF -DUSE_ALLOCATABLES -DGRIB1 -DINTIO -DLIMIT_ARGS -DCONFIG_BUF_LEN=65536 -DMAX_DOMAINS_F=21 -DMAX_HISTORY=25 -DNMM_NEST=0 -DWRF_CHEM -DBUILD_CHEM=1 -DWRF_KPP -I. -traditional   module_vash_settling.F  > module_vash_settling.bb
/global/scratch/azare/Josh/WRFV3/tools/standard.exe module_vash_settling.bb | /lib/cpp -C -P > module_vash_settling.f90
rm -f module_vash_settling.b module_vash_settling.bb
mpif90 -f90=ifort -o module_vash_settling.o -c -O2 -ip -fp-model precise -w -ftz -align all -fno-alias -FR -convert big_endian    -I../dyn_em -I../dyn_nmm   -I/global/scratch/azare/Josh/WRFV3/external/esmf_time_f90  -I/global/scratch/azare/Josh/WRFV3/main -I/global/scratch/azare/Josh/WRFV3/external/io_netcdf -I/global/scratch/azare/Josh/WRFV3/external/io_int -I/global/scratch/azare/Josh/WRFV3/frame -I/global/scratch/azare/Josh/WRFV3/share -I/global/scratch/azare/Josh/WRFV3/phys -I/global/scratch/azare/Josh/WRFV3/chem -I/global/scratch/azare/Josh/WRFV3/inc -I/global/software/sl-6.x86_64/modules/intel/2013_sp1.4.211/netcdf/4.3.2-intel-p/include  -i4  module_vash_settling.f90
rm -f module_chem_plumerise_scalar.o
/lib/cpp -C -P -I/global/scratch/azare/Josh/WRFV3/inc -DEM_CORE=1 -DNMM_CORE=0 -DNMM_MAX_DIM=2600 -DCOAMPS_CORE=0 -DDA_CORE=0 -DEXP_CORE=0 -DIWORDSIZE=4 -DDWORDSIZE=8 -DRWORDSIZE=4 -DLWORDSIZE=4 -DNONSTANDARD_SYSTEM_FUNC -DWRF_USE_CLM  -DDM_PARALLEL -DNETCDF -DUSE_ALLOCATABLES -DGRIB1 -DINTIO -DLIMIT_ARGS -DCONFIG_BUF_LEN=65536 -DMAX_DOMAINS_F=21 -DMAX_HISTORY=25 -DNMM_NEST=0 -DWRF_CHEM -DBUILD_CHEM=1 -DWRF_KPP -I. -traditional   module_chem_plumerise_scalar.F  > module_chem_plumerise_scalar.bb
/global/scratch/azare/Josh/WRFV3/tools/standard.exe module_chem_plumerise_scalar.bb | /lib/cpp -C -P > module_chem_plumerise_scalar.f90
rm -f module_chem_plumerise_scalar.b module_chem_plumerise_scalar.bb
mpif90 -f90=ifort -o module_chem_plumerise_scalar.o -c -O2 -ip -fp-model precise -w -ftz -align all -fno-alias -FR -convert big_endian    -I../dyn_em -I../dyn_nmm   -I/global/scratch/azare/Josh/WRFV3/external/esmf_time_f90  -I/global/scratch/azare/Josh/WRFV3/main -I/global/scratch/azare/Josh/WRFV3/external/io_netcdf -I/global/scratch/azare/Josh/WRFV3/external/io_int -I/global/scratch/azare/Josh/WRFV3/frame -I/global/scratch/azare/Josh/WRFV3/share -I/global/scratch/azare/Josh/WRFV3/phys -I/global/scratch/azare/Josh/WRFV3/chem -I/global/scratch/azare/Josh/WRFV3/inc -I/global/software/sl-6.x86_64/modules/intel/2013_sp1.4.211/netcdf/4.3.2-intel-p/include  -i4  module_chem_plumerise_scalar.f90
rm -f module_radm.o
/lib/cpp -C -P -I/global/scratch/azare/Josh/WRFV3/inc -DEM_CORE=1 -DNMM_CORE=0 -DNMM_MAX_DIM=2600 -DCOAMPS_CORE=0 -DDA_CORE=0 -DEXP_CORE=0 -DIWORDSIZE=4 -DDWORDSIZE=8 -DRWORDSIZE=4 -DLWORDSIZE=4 -DNONSTANDARD_SYSTEM_FUNC -DWRF_USE_CLM  -DDM_PARALLEL -DNETCDF -DUSE_ALLOCATABLES -DGRIB1 -DINTIO -DLIMIT_ARGS -DCONFIG_BUF_LEN=65536 -DMAX_DOMAINS_F=21 -DMAX_HISTORY=25 -DNMM_NEST=0 -DWRF_CHEM -DBUILD_CHEM=1 -DWRF_KPP -I. -traditional   module_radm.F  > module_radm.bb
/global/scratch/azare/Josh/WRFV3/tools/standard.exe module_radm.bb | /lib/cpp -C -P > module_radm.f90
rm -f module_radm.b module_radm.bb
mpif90 -f90=ifort -o module_radm.o -c -O2 -ip -fp-model precise -w -ftz -align all -fno-alias -FR -convert big_endian    -I../dyn_em -I../dyn_nmm   -I/global/scratch/azare/Josh/WRFV3/external/esmf_time_f90  -I/global/scratch/azare/Josh/WRFV3/main -I/global/scratch/azare/Josh/WRFV3/external/io_netcdf -I/global/scratch/azare/Josh/WRFV3/external/io_int -I/global/scratch/azare/Josh/WRFV3/frame -I/global/scratch/azare/Josh/WRFV3/share -I/global/scratch/azare/Josh/WRFV3/phys -I/global/scratch/azare/Josh/WRFV3/chem -I/global/scratch/azare/Josh/WRFV3/inc -I/global/software/sl-6.x86_64/modules/intel/2013_sp1.4.211/netcdf/4.3.2-intel-p/include  -i4  module_radm.f90
rm -f module_mosaic_addemiss.o
/lib/cpp -C -P -I/global/scratch/azare/Josh/WRFV3/inc -DEM_CORE=1 -DNMM_CORE=0 -DNMM_MAX_DIM=2600 -DCOAMPS_CORE=0 -DDA_CORE=0 -DEXP_CORE=0 -DIWORDSIZE=4 -DDWORDSIZE=8 -DRWORDSIZE=4 -DLWORDSIZE=4 -DNONSTANDARD_SYSTEM_FUNC -DWRF_USE_CLM  -DDM_PARALLEL -DNETCDF -DUSE_ALLOCATABLES -DGRIB1 -DINTIO -DLIMIT_ARGS -DCONFIG_BUF_LEN=65536 -DMAX_DOMAINS_F=21 -DMAX_HISTORY=25 -DNMM_NEST=0 -DWRF_CHEM -DBUILD_CHEM=1 -DWRF_KPP -I. -traditional   module_mosaic_addemiss.F  > module_mosaic_addemiss.bb
/global/scratch/azare/Josh/WRFV3/tools/standard.exe module_mosaic_addemiss.bb | /lib/cpp -C -P > module_mosaic_addemiss.f90
rm -f module_mosaic_addemiss.b module_mosaic_addemiss.bb
mpif90 -f90=ifort -o module_mosaic_addemiss.o -c -O2 -ip -fp-model precise -w -ftz -align all -fno-alias -FR -convert big_endian    -I../dyn_em -I../dyn_nmm   -I/global/scratch/azare/Josh/WRFV3/external/esmf_time_f90  -I/global/scratch/azare/Josh/WRFV3/main -I/global/scratch/azare/Josh/WRFV3/external/io_netcdf -I/global/scratch/azare/Josh/WRFV3/external/io_int -I/global/scratch/azare/Josh/WRFV3/frame -I/global/scratch/azare/Josh/WRFV3/share -I/global/scratch/azare/Josh/WRFV3/phys -I/global/scratch/azare/Josh/WRFV3/chem -I/global/scratch/azare/Josh/WRFV3/inc -I/global/software/sl-6.x86_64/modules/intel/2013_sp1.4.211/netcdf/4.3.2-intel-p/include  -i4  module_mosaic_addemiss.f90
rm -f module_aerosols_soa_vbs.o
/lib/cpp -C -P -I/global/scratch/azare/Josh/WRFV3/inc -DEM_CORE=1 -DNMM_CORE=0 -DNMM_MAX_DIM=2600 -DCOAMPS_CORE=0 -DDA_CORE=0 -DEXP_CORE=0 -DIWORDSIZE=4 -DDWORDSIZE=8 -DRWORDSIZE=4 -DLWORDSIZE=4 -DNONSTANDARD_SYSTEM_FUNC -DWRF_USE_CLM  -DDM_PARALLEL -DNETCDF -DUSE_ALLOCATABLES -DGRIB1 -DINTIO -DLIMIT_ARGS -DCONFIG_BUF_LEN=65536 -DMAX_DOMAINS_F=21 -DMAX_HISTORY=25 -DNMM_NEST=0 -DWRF_CHEM -DBUILD_CHEM=1 -DWRF_KPP -I. -traditional   module_aerosols_soa_vbs.F  > module_aerosols_soa_vbs.bb
/global/scratch/azare/Josh/WRFV3/tools/standard.exe module_aerosols_soa_vbs.bb | /lib/cpp -C -P > module_aerosols_soa_vbs.f90
rm -f module_aerosols_soa_vbs.b module_aerosols_soa_vbs.bb
mpif90 -f90=ifort -o module_aerosols_soa_vbs.o -c -O2 -ip -fp-model precise -w -ftz -align all -fno-alias -FR -convert big_endian    -I../dyn_em -I../dyn_nmm   -I/global/scratch/azare/Josh/WRFV3/external/esmf_time_f90  -I/global/scratch/azare/Josh/WRFV3/main -I/global/scratch/azare/Josh/WRFV3/external/io_netcdf -I/global/scratch/azare/Josh/WRFV3/external/io_int -I/global/scratch/azare/Josh/WRFV3/frame -I/global/scratch/azare/Josh/WRFV3/share -I/global/scratch/azare/Josh/WRFV3/phys -I/global/scratch/azare/Josh/WRFV3/chem -I/global/scratch/azare/Josh/WRFV3/inc -I/global/software/sl-6.x86_64/modules/intel/2013_sp1.4.211/netcdf/4.3.2-intel-p/include  -i4  module_aerosols_soa_vbs.f90
rm -f module_dep_simple.o
/lib/cpp -C -P -I/global/scratch/azare/Josh/WRFV3/inc -DEM_CORE=1 -DNMM_CORE=0 -DNMM_MAX_DIM=2600 -DCOAMPS_CORE=0 -DDA_CORE=0 -DEXP_CORE=0 -DIWORDSIZE=4 -DDWORDSIZE=8 -DRWORDSIZE=4 -DLWORDSIZE=4 -DNONSTANDARD_SYSTEM_FUNC -DWRF_USE_CLM  -DDM_PARALLEL -DNETCDF -DUSE_ALLOCATABLES -DGRIB1 -DINTIO -DLIMIT_ARGS -DCONFIG_BUF_LEN=65536 -DMAX_DOMAINS_F=21 -DMAX_HISTORY=25 -DNMM_NEST=0 -DWRF_CHEM -DBUILD_CHEM=1 -DWRF_KPP -I. -traditional   module_dep_simple.F  > module_dep_simple.bb
/global/scratch/azare/Josh/WRFV3/tools/standard.exe module_dep_simple.bb | /lib/cpp -C -P > module_dep_simple.f90
rm -f module_dep_simple.b module_dep_simple.bb
mpif90 -f90=ifort -o module_dep_simple.o -c -O2 -ip -fp-model precise -w -ftz -align all -fno-alias -FR -convert big_endian    -I../dyn_em -I../dyn_nmm   -I/global/scratch/azare/Josh/WRFV3/external/esmf_time_f90  -I/global/scratch/azare/Josh/WRFV3/main -I/global/scratch/azare/Josh/WRFV3/external/io_netcdf -I/global/scratch/azare/Josh/WRFV3/external/io_int -I/global/scratch/azare/Josh/WRFV3/frame -I/global/scratch/azare/Josh/WRFV3/share -I/global/scratch/azare/Josh/WRFV3/phys -I/global/scratch/azare/Josh/WRFV3/chem -I/global/scratch/azare/Josh/WRFV3/inc -I/global/software/sl-6.x86_64/modules/intel/2013_sp1.4.211/netcdf/4.3.2-intel-p/include  -i4  module_dep_simple.f90
rm -f module_gocart_dmsemis.o
/lib/cpp -C -P -I/global/scratch/azare/Josh/WRFV3/inc -DEM_CORE=1 -DNMM_CORE=0 -DNMM_MAX_DIM=2600 -DCOAMPS_CORE=0 -DDA_CORE=0 -DEXP_CORE=0 -DIWORDSIZE=4 -DDWORDSIZE=8 -DRWORDSIZE=4 -DLWORDSIZE=4 -DNONSTANDARD_SYSTEM_FUNC -DWRF_USE_CLM  -DDM_PARALLEL -DNETCDF -DUSE_ALLOCATABLES -DGRIB1 -DINTIO -DLIMIT_ARGS -DCONFIG_BUF_LEN=65536 -DMAX_DOMAINS_F=21 -DMAX_HISTORY=25 -DNMM_NEST=0 -DWRF_CHEM -DBUILD_CHEM=1 -DWRF_KPP -I. -traditional   module_gocart_dmsemis.F  > module_gocart_dmsemis.bb
/global/scratch/azare/Josh/WRFV3/tools/standard.exe module_gocart_dmsemis.bb | /lib/cpp -C -P > module_gocart_dmsemis.f90
rm -f module_gocart_dmsemis.b module_gocart_dmsemis.bb
mpif90 -f90=ifort -o module_gocart_dmsemis.o -c -O2 -ip -fp-model precise -w -ftz -align all -fno-alias -FR -convert big_endian    -I../dyn_em -I../dyn_nmm   -I/global/scratch/azare/Josh/WRFV3/external/esmf_time_f90  -I/global/scratch/azare/Josh/WRFV3/main -I/global/scratch/azare/Josh/WRFV3/external/io_netcdf -I/global/scratch/azare/Josh/WRFV3/external/io_int -I/global/scratch/azare/Josh/WRFV3/frame -I/global/scratch/azare/Josh/WRFV3/share -I/global/scratch/azare/Josh/WRFV3/phys -I/global/scratch/azare/Josh/WRFV3/chem -I/global/scratch/azare/Josh/WRFV3/inc -I/global/software/sl-6.x86_64/modules/intel/2013_sp1.4.211/netcdf/4.3.2-intel-p/include  -i4  module_gocart_dmsemis.f90
rm -f module_gocart_aerosols.o
/lib/cpp -C -P -I/global/scratch/azare/Josh/WRFV3/inc -DEM_CORE=1 -DNMM_CORE=0 -DNMM_MAX_DIM=2600 -DCOAMPS_CORE=0 -DDA_CORE=0 -DEXP_CORE=0 -DIWORDSIZE=4 -DDWORDSIZE=8 -DRWORDSIZE=4 -DLWORDSIZE=4 -DNONSTANDARD_SYSTEM_FUNC -DWRF_USE_CLM  -DDM_PARALLEL -DNETCDF -DUSE_ALLOCATABLES -DGRIB1 -DINTIO -DLIMIT_ARGS -DCONFIG_BUF_LEN=65536 -DMAX_DOMAINS_F=21 -DMAX_HISTORY=25 -DNMM_NEST=0 -DWRF_CHEM -DBUILD_CHEM=1 -DWRF_KPP -I. -traditional   module_gocart_aerosols.F  > module_gocart_aerosols.bb
/global/scratch/azare/Josh/WRFV3/tools/standard.exe module_gocart_aerosols.bb | /lib/cpp -C -P > module_gocart_aerosols.f90
rm -f module_gocart_aerosols.b module_gocart_aerosols.bb
mpif90 -f90=ifort -o module_gocart_aerosols.o -c -O2 -ip -fp-model precise -w -ftz -align all -fno-alias -FR -convert big_endian    -I../dyn_em -I../dyn_nmm   -I/global/scratch/azare/Josh/WRFV3/external/esmf_time_f90  -I/global/scratch/azare/Josh/WRFV3/main -I/global/scratch/azare/Josh/WRFV3/external/io_netcdf -I/global/scratch/azare/Josh/WRFV3/external/io_int -I/global/scratch/azare/Josh/WRFV3/frame -I/global/scratch/azare/Josh/WRFV3/share -I/global/scratch/azare/Josh/WRFV3/phys -I/global/scratch/azare/Josh/WRFV3/chem -I/global/scratch/azare/Josh/WRFV3/inc -I/global/software/sl-6.x86_64/modules/intel/2013_sp1.4.211/netcdf/4.3.2-intel-p/include  -i4  module_gocart_aerosols.f90
rm -f module_gocart_dust.o
/lib/cpp -C -P -I/global/scratch/azare/Josh/WRFV3/inc -DEM_CORE=1 -DNMM_CORE=0 -DNMM_MAX_DIM=2600 -DCOAMPS_CORE=0 -DDA_CORE=0 -DEXP_CORE=0 -DIWORDSIZE=4 -DDWORDSIZE=8 -DRWORDSIZE=4 -DLWORDSIZE=4 -DNONSTANDARD_SYSTEM_FUNC -DWRF_USE_CLM  -DDM_PARALLEL -DNETCDF -DUSE_ALLOCATABLES -DGRIB1 -DINTIO -DLIMIT_ARGS -DCONFIG_BUF_LEN=65536 -DMAX_DOMAINS_F=21 -DMAX_HISTORY=25 -DNMM_NEST=0 -DWRF_CHEM -DBUILD_CHEM=1 -DWRF_KPP -I. -traditional   module_gocart_dust.F  > module_gocart_dust.bb
/global/scratch/azare/Josh/WRFV3/tools/standard.exe module_gocart_dust.bb | /lib/cpp -C -P > module_gocart_dust.f90
rm -f module_gocart_dust.b module_gocart_dust.bb
mpif90 -f90=ifort -o module_gocart_dust.o -c -O2 -ip -fp-model precise -w -ftz -align all -fno-alias -FR -convert big_endian    -I../dyn_em -I../dyn_nmm   -I/global/scratch/azare/Josh/WRFV3/external/esmf_time_f90  -I/global/scratch/azare/Josh/WRFV3/main -I/global/scratch/azare/Josh/WRFV3/external/io_netcdf -I/global/scratch/azare/Josh/WRFV3/external/io_int -I/global/scratch/azare/Josh/WRFV3/frame -I/global/scratch/azare/Josh/WRFV3/share -I/global/scratch/azare/Josh/WRFV3/phys -I/global/scratch/azare/Josh/WRFV3/chem -I/global/scratch/azare/Josh/WRFV3/inc -I/global/software/sl-6.x86_64/modules/intel/2013_sp1.4.211/netcdf/4.3.2-intel-p/include  -i4  module_gocart_dust.f90
rm -f module_gocart_dust_afwa.o
/lib/cpp -C -P -I/global/scratch/azare/Josh/WRFV3/inc -DEM_CORE=1 -DNMM_CORE=0 -DNMM_MAX_DIM=2600 -DCOAMPS_CORE=0 -DDA_CORE=0 -DEXP_CORE=0 -DIWORDSIZE=4 -DDWORDSIZE=8 -DRWORDSIZE=4 -DLWORDSIZE=4 -DNONSTANDARD_SYSTEM_FUNC -DWRF_USE_CLM  -DDM_PARALLEL -DNETCDF -DUSE_ALLOCATABLES -DGRIB1 -DINTIO -DLIMIT_ARGS -DCONFIG_BUF_LEN=65536 -DMAX_DOMAINS_F=21 -DMAX_HISTORY=25 -DNMM_NEST=0 -DWRF_CHEM -DBUILD_CHEM=1 -DWRF_KPP -I. -traditional   module_gocart_dust_afwa.F  > module_gocart_dust_afwa.bb
/global/scratch/azare/Josh/WRFV3/tools/standard.exe module_gocart_dust_afwa.bb | /lib/cpp -C -P > module_gocart_dust_afwa.f90
rm -f module_gocart_dust_afwa.b module_gocart_dust_afwa.bb
mpif90 -f90=ifort -o module_gocart_dust_afwa.o -c -O2 -ip -fp-model precise -w -ftz -align all -fno-alias -FR -convert big_endian    -I../dyn_em -I../dyn_nmm   -I/global/scratch/azare/Josh/WRFV3/external/esmf_time_f90  -I/global/scratch/azare/Josh/WRFV3/main -I/global/scratch/azare/Josh/WRFV3/external/io_netcdf -I/global/scratch/azare/Josh/WRFV3/external/io_int -I/global/scratch/azare/Josh/WRFV3/frame -I/global/scratch/azare/Josh/WRFV3/share -I/global/scratch/azare/Josh/WRFV3/phys -I/global/scratch/azare/Josh/WRFV3/chem -I/global/scratch/azare/Josh/WRFV3/inc -I/global/software/sl-6.x86_64/modules/intel/2013_sp1.4.211/netcdf/4.3.2-intel-p/include  -i4  module_gocart_dust_afwa.f90
rm -f module_gocart_seasalt.o
/lib/cpp -C -P -I/global/scratch/azare/Josh/WRFV3/inc -DEM_CORE=1 -DNMM_CORE=0 -DNMM_MAX_DIM=2600 -DCOAMPS_CORE=0 -DDA_CORE=0 -DEXP_CORE=0 -DIWORDSIZE=4 -DDWORDSIZE=8 -DRWORDSIZE=4 -DLWORDSIZE=4 -DNONSTANDARD_SYSTEM_FUNC -DWRF_USE_CLM  -DDM_PARALLEL -DNETCDF -DUSE_ALLOCATABLES -DGRIB1 -DINTIO -DLIMIT_ARGS -DCONFIG_BUF_LEN=65536 -DMAX_DOMAINS_F=21 -DMAX_HISTORY=25 -DNMM_NEST=0 -DWRF_CHEM -DBUILD_CHEM=1 -DWRF_KPP -I. -traditional   module_gocart_seasalt.F  > module_gocart_seasalt.bb
/global/scratch/azare/Josh/WRFV3/tools/standard.exe module_gocart_seasalt.bb | /lib/cpp -C -P > module_gocart_seasalt.f90
rm -f module_gocart_seasalt.b module_gocart_seasalt.bb
mpif90 -f90=ifort -o module_gocart_seasalt.o -c -O2 -ip -fp-model precise -w -ftz -align all -fno-alias -FR -convert big_endian    -I../dyn_em -I../dyn_nmm   -I/global/scratch/azare/Josh/WRFV3/external/esmf_time_f90  -I/global/scratch/azare/Josh/WRFV3/main -I/global/scratch/azare/Josh/WRFV3/external/io_netcdf -I/global/scratch/azare/Josh/WRFV3/external/io_int -I/global/scratch/azare/Josh/WRFV3/frame -I/global/scratch/azare/Josh/WRFV3/share -I/global/scratch/azare/Josh/WRFV3/phys -I/global/scratch/azare/Josh/WRFV3/chem -I/global/scratch/azare/Josh/WRFV3/inc -I/global/software/sl-6.x86_64/modules/intel/2013_sp1.4.211/netcdf/4.3.2-intel-p/include  -i4  module_gocart_seasalt.f90
rm -f module_mosaic_initmixrats.o
/lib/cpp -C -P -I/global/scratch/azare/Josh/WRFV3/inc -DEM_CORE=1 -DNMM_CORE=0 -DNMM_MAX_DIM=2600 -DCOAMPS_CORE=0 -DDA_CORE=0 -DEXP_CORE=0 -DIWORDSIZE=4 -DDWORDSIZE=8 -DRWORDSIZE=4 -DLWORDSIZE=4 -DNONSTANDARD_SYSTEM_FUNC -DWRF_USE_CLM  -DDM_PARALLEL -DNETCDF -DUSE_ALLOCATABLES -DGRIB1 -DINTIO -DLIMIT_ARGS -DCONFIG_BUF_LEN=65536 -DMAX_DOMAINS_F=21 -DMAX_HISTORY=25 -DNMM_NEST=0 -DWRF_CHEM -DBUILD_CHEM=1 -DWRF_KPP -I. -traditional   module_mosaic_initmixrats.F  > module_mosaic_initmixrats.bb
/global/scratch/azare/Josh/WRFV3/tools/standard.exe module_mosaic_initmixrats.bb | /lib/cpp -C -P > module_mosaic_initmixrats.f90
rm -f module_mosaic_initmixrats.b module_mosaic_initmixrats.bb
mpif90 -f90=ifort -o module_mosaic_initmixrats.o -c -O2 -ip -fp-model precise -w -ftz -align all -fno-alias -FR -convert big_endian    -I../dyn_em -I../dyn_nmm   -I/global/scratch/azare/Josh/WRFV3/external/esmf_time_f90  -I/global/scratch/azare/Josh/WRFV3/main -I/global/scratch/azare/Josh/WRFV3/external/io_netcdf -I/global/scratch/azare/Josh/WRFV3/external/io_int -I/global/scratch/azare/Josh/WRFV3/frame -I/global/scratch/azare/Josh/WRFV3/share -I/global/scratch/azare/Josh/WRFV3/phys -I/global/scratch/azare/Josh/WRFV3/chem -I/global/scratch/azare/Josh/WRFV3/inc -I/global/software/sl-6.x86_64/modules/intel/2013_sp1.4.211/netcdf/4.3.2-intel-p/include  -i4  module_mosaic_initmixrats.f90
rm -f module_mosaic_movesect.o
/lib/cpp -C -P -I/global/scratch/azare/Josh/WRFV3/inc -DEM_CORE=1 -DNMM_CORE=0 -DNMM_MAX_DIM=2600 -DCOAMPS_CORE=0 -DDA_CORE=0 -DEXP_CORE=0 -DIWORDSIZE=4 -DDWORDSIZE=8 -DRWORDSIZE=4 -DLWORDSIZE=4 -DNONSTANDARD_SYSTEM_FUNC -DWRF_USE_CLM  -DDM_PARALLEL -DNETCDF -DUSE_ALLOCATABLES -DGRIB1 -DINTIO -DLIMIT_ARGS -DCONFIG_BUF_LEN=65536 -DMAX_DOMAINS_F=21 -DMAX_HISTORY=25 -DNMM_NEST=0 -DWRF_CHEM -DBUILD_CHEM=1 -DWRF_KPP -I. -traditional   module_mosaic_movesect.F  > module_mosaic_movesect.bb
/global/scratch/azare/Josh/WRFV3/tools/standard.exe module_mosaic_movesect.bb | /lib/cpp -C -P > module_mosaic_movesect.f90
rm -f module_mosaic_movesect.b module_mosaic_movesect.bb
mpif90 -f90=ifort -o module_mosaic_movesect.o -c -O2 -ip -fp-model precise -w -ftz -align all -fno-alias -FR -convert big_endian    -I../dyn_em -I../dyn_nmm   -I/global/scratch/azare/Josh/WRFV3/external/esmf_time_f90  -I/global/scratch/azare/Josh/WRFV3/main -I/global/scratch/azare/Josh/WRFV3/external/io_netcdf -I/global/scratch/azare/Josh/WRFV3/external/io_int -I/global/scratch/azare/Josh/WRFV3/frame -I/global/scratch/azare/Josh/WRFV3/share -I/global/scratch/azare/Josh/WRFV3/phys -I/global/scratch/azare/Josh/WRFV3/chem -I/global/scratch/azare/Josh/WRFV3/inc -I/global/software/sl-6.x86_64/modules/intel/2013_sp1.4.211/netcdf/4.3.2-intel-p/include  -i4  module_mosaic_movesect.f90
rm -f module_mosaic_newnuc.o
/lib/cpp -C -P -I/global/scratch/azare/Josh/WRFV3/inc -DEM_CORE=1 -DNMM_CORE=0 -DNMM_MAX_DIM=2600 -DCOAMPS_CORE=0 -DDA_CORE=0 -DEXP_CORE=0 -DIWORDSIZE=4 -DDWORDSIZE=8 -DRWORDSIZE=4 -DLWORDSIZE=4 -DNONSTANDARD_SYSTEM_FUNC -DWRF_USE_CLM  -DDM_PARALLEL -DNETCDF -DUSE_ALLOCATABLES -DGRIB1 -DINTIO -DLIMIT_ARGS -DCONFIG_BUF_LEN=65536 -DMAX_DOMAINS_F=21 -DMAX_HISTORY=25 -DNMM_NEST=0 -DWRF_CHEM -DBUILD_CHEM=1 -DWRF_KPP -I. -traditional   module_mosaic_newnuc.F  > module_mosaic_newnuc.bb
/global/scratch/azare/Josh/WRFV3/tools/standard.exe module_mosaic_newnuc.bb | /lib/cpp -C -P > module_mosaic_newnuc.f90
rm -f module_mosaic_newnuc.b module_mosaic_newnuc.bb
mpif90 -f90=ifort -o module_mosaic_newnuc.o -c -O2 -ip -fp-model precise -w -ftz -align all -fno-alias -FR -convert big_endian    -I../dyn_em -I../dyn_nmm   -I/global/scratch/azare/Josh/WRFV3/external/esmf_time_f90  -I/global/scratch/azare/Josh/WRFV3/main -I/global/scratch/azare/Josh/WRFV3/external/io_netcdf -I/global/scratch/azare/Josh/WRFV3/external/io_int -I/global/scratch/azare/Josh/WRFV3/frame -I/global/scratch/azare/Josh/WRFV3/share -I/global/scratch/azare/Josh/WRFV3/phys -I/global/scratch/azare/Josh/WRFV3/chem -I/global/scratch/azare/Josh/WRFV3/inc -I/global/software/sl-6.x86_64/modules/intel/2013_sp1.4.211/netcdf/4.3.2-intel-p/include  -i4  module_mosaic_newnuc.f90
rm -f module_cbmz_lsodes_solver.o
/lib/cpp -C -P -I/global/scratch/azare/Josh/WRFV3/inc -DEM_CORE=1 -DNMM_CORE=0 -DNMM_MAX_DIM=2600 -DCOAMPS_CORE=0 -DDA_CORE=0 -DEXP_CORE=0 -DIWORDSIZE=4 -DDWORDSIZE=8 -DRWORDSIZE=4 -DLWORDSIZE=4 -DNONSTANDARD_SYSTEM_FUNC -DWRF_USE_CLM  -DDM_PARALLEL -DNETCDF -DUSE_ALLOCATABLES -DGRIB1 -DINTIO -DLIMIT_ARGS -DCONFIG_BUF_LEN=65536 -DMAX_DOMAINS_F=21 -DMAX_HISTORY=25 -DNMM_NEST=0 -DWRF_CHEM -DBUILD_CHEM=1 -DWRF_KPP -I. -traditional   module_cbmz_lsodes_solver.F  > module_cbmz_lsodes_solver.bb
/global/scratch/azare/Josh/WRFV3/tools/standard.exe module_cbmz_lsodes_solver.bb | /lib/cpp -C -P > module_cbmz_lsodes_solver.f90
rm -f module_cbmz_lsodes_solver.b module_cbmz_lsodes_solver.bb
mpif90 -f90=ifort -o module_cbmz_lsodes_solver.o -c -O2 -ip -fp-model precise -w -ftz -align all -fno-alias -FR -convert big_endian    -I../dyn_em -I../dyn_nmm   -I/global/scratch/azare/Josh/WRFV3/external/esmf_time_f90  -I/global/scratch/azare/Josh/WRFV3/main -I/global/scratch/azare/Josh/WRFV3/external/io_netcdf -I/global/scratch/azare/Josh/WRFV3/external/io_int -I/global/scratch/azare/Josh/WRFV3/frame -I/global/scratch/azare/Josh/WRFV3/share -I/global/scratch/azare/Josh/WRFV3/phys -I/global/scratch/azare/Josh/WRFV3/chem -I/global/scratch/azare/Josh/WRFV3/inc -I/global/software/sl-6.x86_64/modules/intel/2013_sp1.4.211/netcdf/4.3.2-intel-p/include  -i4  module_cbmz_lsodes_solver.f90
rm -f module_cbmz_rodas3_solver.o
/lib/cpp -C -P -I/global/scratch/azare/Josh/WRFV3/inc -DEM_CORE=1 -DNMM_CORE=0 -DNMM_MAX_DIM=2600 -DCOAMPS_CORE=0 -DDA_CORE=0 -DEXP_CORE=0 -DIWORDSIZE=4 -DDWORDSIZE=8 -DRWORDSIZE=4 -DLWORDSIZE=4 -DNONSTANDARD_SYSTEM_FUNC -DWRF_USE_CLM  -DDM_PARALLEL -DNETCDF -DUSE_ALLOCATABLES -DGRIB1 -DINTIO -DLIMIT_ARGS -DCONFIG_BUF_LEN=65536 -DMAX_DOMAINS_F=21 -DMAX_HISTORY=25 -DNMM_NEST=0 -DWRF_CHEM -DBUILD_CHEM=1 -DWRF_KPP -I. -traditional   module_cbmz_rodas3_solver.F  > module_cbmz_rodas3_solver.bb
/global/scratch/azare/Josh/WRFV3/tools/standard.exe module_cbmz_rodas3_solver.bb | /lib/cpp -C -P > module_cbmz_rodas3_solver.f90
rm -f module_cbmz_rodas3_solver.b module_cbmz_rodas3_solver.bb
mpif90 -f90=ifort -o module_cbmz_rodas3_solver.o -c -O2 -ip -fp-model precise -w -ftz -align all -fno-alias -FR -convert big_endian    -I../dyn_em -I../dyn_nmm   -I/global/scratch/azare/Josh/WRFV3/external/esmf_time_f90  -I/global/scratch/azare/Josh/WRFV3/main -I/global/scratch/azare/Josh/WRFV3/external/io_netcdf -I/global/scratch/azare/Josh/WRFV3/external/io_int -I/global/scratch/azare/Josh/WRFV3/frame -I/global/scratch/azare/Josh/WRFV3/share -I/global/scratch/azare/Josh/WRFV3/phys -I/global/scratch/azare/Josh/WRFV3/chem -I/global/scratch/azare/Josh/WRFV3/inc -I/global/software/sl-6.x86_64/modules/intel/2013_sp1.4.211/netcdf/4.3.2-intel-p/include  -i4  module_cbmz_rodas3_solver.f90
rm -f module_cmu_bulkaqchem.o
/lib/cpp -C -P -I/global/scratch/azare/Josh/WRFV3/inc -DEM_CORE=1 -DNMM_CORE=0 -DNMM_MAX_DIM=2600 -DCOAMPS_CORE=0 -DDA_CORE=0 -DEXP_CORE=0 -DIWORDSIZE=4 -DDWORDSIZE=8 -DRWORDSIZE=4 -DLWORDSIZE=4 -DNONSTANDARD_SYSTEM_FUNC -DWRF_USE_CLM  -DDM_PARALLEL -DNETCDF -DUSE_ALLOCATABLES -DGRIB1 -DINTIO -DLIMIT_ARGS -DCONFIG_BUF_LEN=65536 -DMAX_DOMAINS_F=21 -DMAX_HISTORY=25 -DNMM_NEST=0 -DWRF_CHEM -DBUILD_CHEM=1 -DWRF_KPP -I. -traditional   module_cmu_bulkaqchem.F  > module_cmu_bulkaqchem.bb
/global/scratch/azare/Josh/WRFV3/tools/standard.exe module_cmu_bulkaqchem.bb | /lib/cpp -C -P > module_cmu_bulkaqchem.f90
rm -f module_cmu_bulkaqchem.b module_cmu_bulkaqchem.bb
mpif90 -f90=ifort -o module_cmu_bulkaqchem.o -c -O2 -ip -fp-model precise -w -ftz -align all -fno-alias -FR -convert big_endian    -I../dyn_em -I../dyn_nmm   -I/global/scratch/azare/Josh/WRFV3/external/esmf_time_f90  -I/global/scratch/azare/Josh/WRFV3/main -I/global/scratch/azare/Josh/WRFV3/external/io_netcdf -I/global/scratch/azare/Josh/WRFV3/external/io_int -I/global/scratch/azare/Josh/WRFV3/frame -I/global/scratch/azare/Josh/WRFV3/share -I/global/scratch/azare/Josh/WRFV3/phys -I/global/scratch/azare/Josh/WRFV3/chem -I/global/scratch/azare/Josh/WRFV3/inc -I/global/software/sl-6.x86_64/modules/intel/2013_sp1.4.211/netcdf/4.3.2-intel-p/include  -i4  module_cmu_bulkaqchem.f90
rm -f module_data_mgn2mech.o
/lib/cpp -C -P -I/global/scratch/azare/Josh/WRFV3/inc -DEM_CORE=1 -DNMM_CORE=0 -DNMM_MAX_DIM=2600 -DCOAMPS_CORE=0 -DDA_CORE=0 -DEXP_CORE=0 -DIWORDSIZE=4 -DDWORDSIZE=8 -DRWORDSIZE=4 -DLWORDSIZE=4 -DNONSTANDARD_SYSTEM_FUNC -DWRF_USE_CLM  -DDM_PARALLEL -DNETCDF -DUSE_ALLOCATABLES -DGRIB1 -DINTIO -DLIMIT_ARGS -DCONFIG_BUF_LEN=65536 -DMAX_DOMAINS_F=21 -DMAX_HISTORY=25 -DNMM_NEST=0 -DWRF_CHEM -DBUILD_CHEM=1 -DWRF_KPP -I. -traditional   module_data_mgn2mech.F  > module_data_mgn2mech.bb
/global/scratch/azare/Josh/WRFV3/tools/standard.exe module_data_mgn2mech.bb | /lib/cpp -C -P > module_data_mgn2mech.f90
rm -f module_data_mgn2mech.b module_data_mgn2mech.bb
mpif90 -f90=ifort -o module_data_mgn2mech.o -c -O2 -ip -fp-model precise -w -ftz -align all -fno-alias -FR -convert big_endian    -I../dyn_em -I../dyn_nmm   -I/global/scratch/azare/Josh/WRFV3/external/esmf_time_f90  -I/global/scratch/azare/Josh/WRFV3/main -I/global/scratch/azare/Josh/WRFV3/external/io_netcdf -I/global/scratch/azare/Josh/WRFV3/external/io_int -I/global/scratch/azare/Josh/WRFV3/frame -I/global/scratch/azare/Josh/WRFV3/share -I/global/scratch/azare/Josh/WRFV3/phys -I/global/scratch/azare/Josh/WRFV3/chem -I/global/scratch/azare/Josh/WRFV3/inc -I/global/software/sl-6.x86_64/modules/intel/2013_sp1.4.211/netcdf/4.3.2-intel-p/include  -i4  module_data_mgn2mech.f90
rm -f module_ftuv_driver.o
/lib/cpp -C -P -I/global/scratch/azare/Josh/WRFV3/inc -DEM_CORE=1 -DNMM_CORE=0 -DNMM_MAX_DIM=2600 -DCOAMPS_CORE=0 -DDA_CORE=0 -DEXP_CORE=0 -DIWORDSIZE=4 -DDWORDSIZE=8 -DRWORDSIZE=4 -DLWORDSIZE=4 -DNONSTANDARD_SYSTEM_FUNC -DWRF_USE_CLM  -DDM_PARALLEL -DNETCDF -DUSE_ALLOCATABLES -DGRIB1 -DINTIO -DLIMIT_ARGS -DCONFIG_BUF_LEN=65536 -DMAX_DOMAINS_F=21 -DMAX_HISTORY=25 -DNMM_NEST=0 -DWRF_CHEM -DBUILD_CHEM=1 -DWRF_KPP -I. -traditional   module_ftuv_driver.F  > module_ftuv_driver.bb
/global/scratch/azare/Josh/WRFV3/tools/standard.exe module_ftuv_driver.bb | /lib/cpp -C -P > module_ftuv_driver.f90
rm -f module_ftuv_driver.b module_ftuv_driver.bb
mpif90 -f90=ifort -o module_ftuv_driver.o -c -O2 -ip -fp-model precise -w -ftz -align all -fno-alias -FR -convert big_endian    -I../dyn_em -I../dyn_nmm   -I/global/scratch/azare/Josh/WRFV3/external/esmf_time_f90  -I/global/scratch/azare/Josh/WRFV3/main -I/global/scratch/azare/Josh/WRFV3/external/io_netcdf -I/global/scratch/azare/Josh/WRFV3/external/io_int -I/global/scratch/azare/Josh/WRFV3/frame -I/global/scratch/azare/Josh/WRFV3/share -I/global/scratch/azare/Josh/WRFV3/phys -I/global/scratch/azare/Josh/WRFV3/chem -I/global/scratch/azare/Josh/WRFV3/inc -I/global/software/sl-6.x86_64/modules/intel/2013_sp1.4.211/netcdf/4.3.2-intel-p/include  -i4  module_ftuv_driver.f90
rm -f module_fastj_data.o
/lib/cpp -C -P -I/global/scratch/azare/Josh/WRFV3/inc -DEM_CORE=1 -DNMM_CORE=0 -DNMM_MAX_DIM=2600 -DCOAMPS_CORE=0 -DDA_CORE=0 -DEXP_CORE=0 -DIWORDSIZE=4 -DDWORDSIZE=8 -DRWORDSIZE=4 -DLWORDSIZE=4 -DNONSTANDARD_SYSTEM_FUNC -DWRF_USE_CLM  -DDM_PARALLEL -DNETCDF -DUSE_ALLOCATABLES -DGRIB1 -DINTIO -DLIMIT_ARGS -DCONFIG_BUF_LEN=65536 -DMAX_DOMAINS_F=21 -DMAX_HISTORY=25 -DNMM_NEST=0 -DWRF_CHEM -DBUILD_CHEM=1 -DWRF_KPP -I. -traditional   module_fastj_data.F  > module_fastj_data.bb
/global/scratch/azare/Josh/WRFV3/tools/standard.exe module_fastj_data.bb | /lib/cpp -C -P > module_fastj_data.f90
rm -f module_fastj_data.b module_fastj_data.bb
mpif90 -f90=ifort -o module_fastj_data.o -c -O2 -ip -fp-model precise -w -ftz -align all -fno-alias -FR -convert big_endian    -I../dyn_em -I../dyn_nmm   -I/global/scratch/azare/Josh/WRFV3/external/esmf_time_f90  -I/global/scratch/azare/Josh/WRFV3/main -I/global/scratch/azare/Josh/WRFV3/external/io_netcdf -I/global/scratch/azare/Josh/WRFV3/external/io_int -I/global/scratch/azare/Josh/WRFV3/frame -I/global/scratch/azare/Josh/WRFV3/share -I/global/scratch/azare/Josh/WRFV3/phys -I/global/scratch/azare/Josh/WRFV3/chem -I/global/scratch/azare/Josh/WRFV3/inc -I/global/software/sl-6.x86_64/modules/intel/2013_sp1.4.211/netcdf/4.3.2-intel-p/include  -i4  module_fastj_data.f90
rm -f module_fastj_mie.o
/lib/cpp -C -P -I/global/scratch/azare/Josh/WRFV3/inc -DEM_CORE=1 -DNMM_CORE=0 -DNMM_MAX_DIM=2600 -DCOAMPS_CORE=0 -DDA_CORE=0 -DEXP_CORE=0 -DIWORDSIZE=4 -DDWORDSIZE=8 -DRWORDSIZE=4 -DLWORDSIZE=4 -DNONSTANDARD_SYSTEM_FUNC -DWRF_USE_CLM  -DDM_PARALLEL -DNETCDF -DUSE_ALLOCATABLES -DGRIB1 -DINTIO -DLIMIT_ARGS -DCONFIG_BUF_LEN=65536 -DMAX_DOMAINS_F=21 -DMAX_HISTORY=25 -DNMM_NEST=0 -DWRF_CHEM -DBUILD_CHEM=1 -DWRF_KPP -I. -traditional   module_fastj_mie.F  > module_fastj_mie.bb
/global/scratch/azare/Josh/WRFV3/tools/standard.exe module_fastj_mie.bb | /lib/cpp -C -P > module_fastj_mie.f90
rm -f module_fastj_mie.b module_fastj_mie.bb
mpif90 -f90=ifort -o module_fastj_mie.o -c -O2 -ip -fp-model precise -w -ftz -align all -fno-alias -FR -convert big_endian    -I../dyn_em -I../dyn_nmm   -I/global/scratch/azare/Josh/WRFV3/external/esmf_time_f90  -I/global/scratch/azare/Josh/WRFV3/main -I/global/scratch/azare/Josh/WRFV3/external/io_netcdf -I/global/scratch/azare/Josh/WRFV3/external/io_int -I/global/scratch/azare/Josh/WRFV3/frame -I/global/scratch/azare/Josh/WRFV3/share -I/global/scratch/azare/Josh/WRFV3/phys -I/global/scratch/azare/Josh/WRFV3/chem -I/global/scratch/azare/Josh/WRFV3/inc -I/global/software/sl-6.x86_64/modules/intel/2013_sp1.4.211/netcdf/4.3.2-intel-p/include  -i4  module_fastj_mie.f90
rm -f module_mosaic_wetscav.o
/lib/cpp -C -P -I/global/scratch/azare/Josh/WRFV3/inc -DEM_CORE=1 -DNMM_CORE=0 -DNMM_MAX_DIM=2600 -DCOAMPS_CORE=0 -DDA_CORE=0 -DEXP_CORE=0 -DIWORDSIZE=4 -DDWORDSIZE=8 -DRWORDSIZE=4 -DLWORDSIZE=4 -DNONSTANDARD_SYSTEM_FUNC -DWRF_USE_CLM  -DDM_PARALLEL -DNETCDF -DUSE_ALLOCATABLES -DGRIB1 -DINTIO -DLIMIT_ARGS -DCONFIG_BUF_LEN=65536 -DMAX_DOMAINS_F=21 -DMAX_HISTORY=25 -DNMM_NEST=0 -DWRF_CHEM -DBUILD_CHEM=1 -DWRF_KPP -I. -traditional   module_mosaic_wetscav.F  > module_mosaic_wetscav.bb
/global/scratch/azare/Josh/WRFV3/tools/standard.exe module_mosaic_wetscav.bb | /lib/cpp -C -P > module_mosaic_wetscav.f90
rm -f module_mosaic_wetscav.b module_mosaic_wetscav.bb
mpif90 -f90=ifort -o module_mosaic_wetscav.o -c -O2 -ip -fp-model precise -w -ftz -align all -fno-alias -FR -convert big_endian    -I../dyn_em -I../dyn_nmm   -I/global/scratch/azare/Josh/WRFV3/external/esmf_time_f90  -I/global/scratch/azare/Josh/WRFV3/main -I/global/scratch/azare/Josh/WRFV3/external/io_netcdf -I/global/scratch/azare/Josh/WRFV3/external/io_int -I/global/scratch/azare/Josh/WRFV3/frame -I/global/scratch/azare/Josh/WRFV3/share -I/global/scratch/azare/Josh/WRFV3/phys -I/global/scratch/azare/Josh/WRFV3/chem -I/global/scratch/azare/Josh/WRFV3/inc -I/global/software/sl-6.x86_64/modules/intel/2013_sp1.4.211/netcdf/4.3.2-intel-p/include  -i4  module_mosaic_wetscav.f90
rm -f module_aerosols_sorgam.o
/lib/cpp -C -P -I/global/scratch/azare/Josh/WRFV3/inc -DEM_CORE=1 -DNMM_CORE=0 -DNMM_MAX_DIM=2600 -DCOAMPS_CORE=0 -DDA_CORE=0 -DEXP_CORE=0 -DIWORDSIZE=4 -DDWORDSIZE=8 -DRWORDSIZE=4 -DLWORDSIZE=4 -DNONSTANDARD_SYSTEM_FUNC -DWRF_USE_CLM  -DDM_PARALLEL -DNETCDF -DUSE_ALLOCATABLES -DGRIB1 -DINTIO -DLIMIT_ARGS -DCONFIG_BUF_LEN=65536 -DMAX_DOMAINS_F=21 -DMAX_HISTORY=25 -DNMM_NEST=0 -DWRF_CHEM -DBUILD_CHEM=1 -DWRF_KPP -I. -traditional   module_aerosols_sorgam.F  > module_aerosols_sorgam.bb
/global/scratch/azare/Josh/WRFV3/tools/standard.exe module_aerosols_sorgam.bb | /lib/cpp -C -P > module_aerosols_sorgam.f90
rm -f module_aerosols_sorgam.b module_aerosols_sorgam.bb
mpif90 -f90=ifort -o module_aerosols_sorgam.o -c -O2 -ip -fp-model precise -w -ftz -align all -fno-alias -FR -convert big_endian    -I../dyn_em -I../dyn_nmm   -I/global/scratch/azare/Josh/WRFV3/external/esmf_time_f90  -I/global/scratch/azare/Josh/WRFV3/main -I/global/scratch/azare/Josh/WRFV3/external/io_netcdf -I/global/scratch/azare/Josh/WRFV3/external/io_int -I/global/scratch/azare/Josh/WRFV3/frame -I/global/scratch/azare/Josh/WRFV3/share -I/global/scratch/azare/Josh/WRFV3/phys -I/global/scratch/azare/Josh/WRFV3/chem -I/global/scratch/azare/Josh/WRFV3/inc -I/global/software/sl-6.x86_64/modules/intel/2013_sp1.4.211/netcdf/4.3.2-intel-p/include  -i4  module_aerosols_sorgam.f90
rm -f module_cam_mam_rename.o
/lib/cpp -C -P -I/global/scratch/azare/Josh/WRFV3/inc -DEM_CORE=1 -DNMM_CORE=0 -DNMM_MAX_DIM=2600 -DCOAMPS_CORE=0 -DDA_CORE=0 -DEXP_CORE=0 -DIWORDSIZE=4 -DDWORDSIZE=8 -DRWORDSIZE=4 -DLWORDSIZE=4 -DNONSTANDARD_SYSTEM_FUNC -DWRF_USE_CLM  -DDM_PARALLEL -DNETCDF -DUSE_ALLOCATABLES -DGRIB1 -DINTIO -DLIMIT_ARGS -DCONFIG_BUF_LEN=65536 -DMAX_DOMAINS_F=21 -DMAX_HISTORY=25 -DNMM_NEST=0 -DWRF_CHEM -DBUILD_CHEM=1 -DWRF_KPP -I. -traditional   module_cam_mam_rename.F  > module_cam_mam_rename.bb
/global/scratch/azare/Josh/WRFV3/tools/standard.exe module_cam_mam_rename.bb | /lib/cpp -C -P > module_cam_mam_rename.f90
rm -f module_cam_mam_rename.b module_cam_mam_rename.bb
mpif90 -f90=ifort -o module_cam_mam_rename.o -c -O2 -ip -fp-model precise -w -ftz -align all -fno-alias -FR -convert big_endian    -I../dyn_em -I../dyn_nmm   -I/global/scratch/azare/Josh/WRFV3/external/esmf_time_f90  -I/global/scratch/azare/Josh/WRFV3/main -I/global/scratch/azare/Josh/WRFV3/external/io_netcdf -I/global/scratch/azare/Josh/WRFV3/external/io_int -I/global/scratch/azare/Josh/WRFV3/frame -I/global/scratch/azare/Josh/WRFV3/share -I/global/scratch/azare/Josh/WRFV3/phys -I/global/scratch/azare/Josh/WRFV3/chem -I/global/scratch/azare/Josh/WRFV3/inc -I/global/software/sl-6.x86_64/modules/intel/2013_sp1.4.211/netcdf/4.3.2-intel-p/include  -i4  module_cam_mam_rename.f90
rm -f module_cam_mam_calcsize.o
/lib/cpp -C -P -I/global/scratch/azare/Josh/WRFV3/inc -DEM_CORE=1 -DNMM_CORE=0 -DNMM_MAX_DIM=2600 -DCOAMPS_CORE=0 -DDA_CORE=0 -DEXP_CORE=0 -DIWORDSIZE=4 -DDWORDSIZE=8 -DRWORDSIZE=4 -DLWORDSIZE=4 -DNONSTANDARD_SYSTEM_FUNC -DWRF_USE_CLM  -DDM_PARALLEL -DNETCDF -DUSE_ALLOCATABLES -DGRIB1 -DINTIO -DLIMIT_ARGS -DCONFIG_BUF_LEN=65536 -DMAX_DOMAINS_F=21 -DMAX_HISTORY=25 -DNMM_NEST=0 -DWRF_CHEM -DBUILD_CHEM=1 -DWRF_KPP -I. -traditional   module_cam_mam_calcsize.F  > module_cam_mam_calcsize.bb
/global/scratch/azare/Josh/WRFV3/tools/standard.exe module_cam_mam_calcsize.bb | /lib/cpp -C -P > module_cam_mam_calcsize.f90
rm -f module_cam_mam_calcsize.b module_cam_mam_calcsize.bb
mpif90 -f90=ifort -o module_cam_mam_calcsize.o -c -O2 -ip -fp-model precise -w -ftz -align all -fno-alias -FR -convert big_endian    -I../dyn_em -I../dyn_nmm   -I/global/scratch/azare/Josh/WRFV3/external/esmf_time_f90  -I/global/scratch/azare/Josh/WRFV3/main -I/global/scratch/azare/Josh/WRFV3/external/io_netcdf -I/global/scratch/azare/Josh/WRFV3/external/io_int -I/global/scratch/azare/Josh/WRFV3/frame -I/global/scratch/azare/Josh/WRFV3/share -I/global/scratch/azare/Josh/WRFV3/phys -I/global/scratch/azare/Josh/WRFV3/chem -I/global/scratch/azare/Josh/WRFV3/inc -I/global/software/sl-6.x86_64/modules/intel/2013_sp1.4.211/netcdf/4.3.2-intel-p/include  -i4  module_cam_mam_calcsize.f90
rm -f module_cam_mam_gasaerexch.o
/lib/cpp -C -P -I/global/scratch/azare/Josh/WRFV3/inc -DEM_CORE=1 -DNMM_CORE=0 -DNMM_MAX_DIM=2600 -DCOAMPS_CORE=0 -DDA_CORE=0 -DEXP_CORE=0 -DIWORDSIZE=4 -DDWORDSIZE=8 -DRWORDSIZE=4 -DLWORDSIZE=4 -DNONSTANDARD_SYSTEM_FUNC -DWRF_USE_CLM  -DDM_PARALLEL -DNETCDF -DUSE_ALLOCATABLES -DGRIB1 -DINTIO -DLIMIT_ARGS -DCONFIG_BUF_LEN=65536 -DMAX_DOMAINS_F=21 -DMAX_HISTORY=25 -DNMM_NEST=0 -DWRF_CHEM -DBUILD_CHEM=1 -DWRF_KPP -I. -traditional   module_cam_mam_gasaerexch.F  > module_cam_mam_gasaerexch.bb
/global/scratch/azare/Josh/WRFV3/tools/standard.exe module_cam_mam_gasaerexch.bb | /lib/cpp -C -P > module_cam_mam_gasaerexch.f90
rm -f module_cam_mam_gasaerexch.b module_cam_mam_gasaerexch.bb
mpif90 -f90=ifort -o module_cam_mam_gasaerexch.o -c -O2 -ip -fp-model precise -w -ftz -align all -fno-alias -FR -convert big_endian    -I../dyn_em -I../dyn_nmm   -I/global/scratch/azare/Josh/WRFV3/external/esmf_time_f90  -I/global/scratch/azare/Josh/WRFV3/main -I/global/scratch/azare/Josh/WRFV3/external/io_netcdf -I/global/scratch/azare/Josh/WRFV3/external/io_int -I/global/scratch/azare/Josh/WRFV3/frame -I/global/scratch/azare/Josh/WRFV3/share -I/global/scratch/azare/Josh/WRFV3/phys -I/global/scratch/azare/Josh/WRFV3/chem -I/global/scratch/azare/Josh/WRFV3/inc -I/global/software/sl-6.x86_64/modules/intel/2013_sp1.4.211/netcdf/4.3.2-intel-p/include  -i4  module_cam_mam_gasaerexch.f90
rm -f module_cam_mam_coag.o
/lib/cpp -C -P -I/global/scratch/azare/Josh/WRFV3/inc -DEM_CORE=1 -DNMM_CORE=0 -DNMM_MAX_DIM=2600 -DCOAMPS_CORE=0 -DDA_CORE=0 -DEXP_CORE=0 -DIWORDSIZE=4 -DDWORDSIZE=8 -DRWORDSIZE=4 -DLWORDSIZE=4 -DNONSTANDARD_SYSTEM_FUNC -DWRF_USE_CLM  -DDM_PARALLEL -DNETCDF -DUSE_ALLOCATABLES -DGRIB1 -DINTIO -DLIMIT_ARGS -DCONFIG_BUF_LEN=65536 -DMAX_DOMAINS_F=21 -DMAX_HISTORY=25 -DNMM_NEST=0 -DWRF_CHEM -DBUILD_CHEM=1 -DWRF_KPP -I. -traditional   module_cam_mam_coag.F  > module_cam_mam_coag.bb
/global/scratch/azare/Josh/WRFV3/tools/standard.exe module_cam_mam_coag.bb | /lib/cpp -C -P > module_cam_mam_coag.f90
rm -f module_cam_mam_coag.b module_cam_mam_coag.bb
mpif90 -f90=ifort -o module_cam_mam_coag.o -c -O2 -ip -fp-model precise -w -ftz -align all -fno-alias -FR -convert big_endian    -I../dyn_em -I../dyn_nmm   -I/global/scratch/azare/Josh/WRFV3/external/esmf_time_f90  -I/global/scratch/azare/Josh/WRFV3/main -I/global/scratch/azare/Josh/WRFV3/external/io_netcdf -I/global/scratch/azare/Josh/WRFV3/external/io_int -I/global/scratch/azare/Josh/WRFV3/frame -I/global/scratch/azare/Josh/WRFV3/share -I/global/scratch/azare/Josh/WRFV3/phys -I/global/scratch/azare/Josh/WRFV3/chem -I/global/scratch/azare/Josh/WRFV3/inc -I/global/software/sl-6.x86_64/modules/intel/2013_sp1.4.211/netcdf/4.3.2-intel-p/include  -i4  module_cam_mam_coag.f90
rm -f module_cam_mam_newnuc.o
/lib/cpp -C -P -I/global/scratch/azare/Josh/WRFV3/inc -DEM_CORE=1 -DNMM_CORE=0 -DNMM_MAX_DIM=2600 -DCOAMPS_CORE=0 -DDA_CORE=0 -DEXP_CORE=0 -DIWORDSIZE=4 -DDWORDSIZE=8 -DRWORDSIZE=4 -DLWORDSIZE=4 -DNONSTANDARD_SYSTEM_FUNC -DWRF_USE_CLM  -DDM_PARALLEL -DNETCDF -DUSE_ALLOCATABLES -DGRIB1 -DINTIO -DLIMIT_ARGS -DCONFIG_BUF_LEN=65536 -DMAX_DOMAINS_F=21 -DMAX_HISTORY=25 -DNMM_NEST=0 -DWRF_CHEM -DBUILD_CHEM=1 -DWRF_KPP -I. -traditional   module_cam_mam_newnuc.F  > module_cam_mam_newnuc.bb
module_cam_mam_newnuc.F:1750: warning: extra tokens at end of #endif directive
/global/scratch/azare/Josh/WRFV3/tools/standard.exe module_cam_mam_newnuc.bb | /lib/cpp -C -P > module_cam_mam_newnuc.f90
rm -f module_cam_mam_newnuc.b module_cam_mam_newnuc.bb
mpif90 -f90=ifort -o module_cam_mam_newnuc.o -c -O2 -ip -fp-model precise -w -ftz -align all -fno-alias -FR -convert big_endian    -I../dyn_em -I../dyn_nmm   -I/global/scratch/azare/Josh/WRFV3/external/esmf_time_f90  -I/global/scratch/azare/Josh/WRFV3/main -I/global/scratch/azare/Josh/WRFV3/external/io_netcdf -I/global/scratch/azare/Josh/WRFV3/external/io_int -I/global/scratch/azare/Josh/WRFV3/frame -I/global/scratch/azare/Josh/WRFV3/share -I/global/scratch/azare/Josh/WRFV3/phys -I/global/scratch/azare/Josh/WRFV3/chem -I/global/scratch/azare/Josh/WRFV3/inc -I/global/software/sl-6.x86_64/modules/intel/2013_sp1.4.211/netcdf/4.3.2-intel-p/include  -i4  module_cam_mam_newnuc.f90
rm -f module_cam_mam_wetdep.o
/lib/cpp -C -P -I/global/scratch/azare/Josh/WRFV3/inc -DEM_CORE=1 -DNMM_CORE=0 -DNMM_MAX_DIM=2600 -DCOAMPS_CORE=0 -DDA_CORE=0 -DEXP_CORE=0 -DIWORDSIZE=4 -DDWORDSIZE=8 -DRWORDSIZE=4 -DLWORDSIZE=4 -DNONSTANDARD_SYSTEM_FUNC -DWRF_USE_CLM  -DDM_PARALLEL -DNETCDF -DUSE_ALLOCATABLES -DGRIB1 -DINTIO -DLIMIT_ARGS -DCONFIG_BUF_LEN=65536 -DMAX_DOMAINS_F=21 -DMAX_HISTORY=25 -DNMM_NEST=0 -DWRF_CHEM -DBUILD_CHEM=1 -DWRF_KPP -I. -traditional   module_cam_mam_wetdep.F  > module_cam_mam_wetdep.bb
/global/scratch/azare/Josh/WRFV3/tools/standard.exe module_cam_mam_wetdep.bb | /lib/cpp -C -P > module_cam_mam_wetdep.f90
rm -f module_cam_mam_wetdep.b module_cam_mam_wetdep.bb
mpif90 -f90=ifort -o module_cam_mam_wetdep.o -c -O2 -ip -fp-model precise -w -ftz -align all -fno-alias -FR -convert big_endian    -I../dyn_em -I../dyn_nmm   -I/global/scratch/azare/Josh/WRFV3/external/esmf_time_f90  -I/global/scratch/azare/Josh/WRFV3/main -I/global/scratch/azare/Josh/WRFV3/external/io_netcdf -I/global/scratch/azare/Josh/WRFV3/external/io_int -I/global/scratch/azare/Josh/WRFV3/frame -I/global/scratch/azare/Josh/WRFV3/share -I/global/scratch/azare/Josh/WRFV3/phys -I/global/scratch/azare/Josh/WRFV3/chem -I/global/scratch/azare/Josh/WRFV3/inc -I/global/software/sl-6.x86_64/modules/intel/2013_sp1.4.211/netcdf/4.3.2-intel-p/include  -i4  module_cam_mam_wetdep.f90
rm -f module_cam_mam_mz_aerosols_intr.o
/lib/cpp -C -P -I/global/scratch/azare/Josh/WRFV3/inc -DEM_CORE=1 -DNMM_CORE=0 -DNMM_MAX_DIM=2600 -DCOAMPS_CORE=0 -DDA_CORE=0 -DEXP_CORE=0 -DIWORDSIZE=4 -DDWORDSIZE=8 -DRWORDSIZE=4 -DLWORDSIZE=4 -DNONSTANDARD_SYSTEM_FUNC -DWRF_USE_CLM  -DDM_PARALLEL -DNETCDF -DUSE_ALLOCATABLES -DGRIB1 -DINTIO -DLIMIT_ARGS -DCONFIG_BUF_LEN=65536 -DMAX_DOMAINS_F=21 -DMAX_HISTORY=25 -DNMM_NEST=0 -DWRF_CHEM -DBUILD_CHEM=1 -DWRF_KPP -I. -traditional   module_cam_mam_mz_aerosols_intr.F  > module_cam_mam_mz_aerosols_intr.bb
/global/scratch/azare/Josh/WRFV3/tools/standard.exe module_cam_mam_mz_aerosols_intr.bb | /lib/cpp -C -P > module_cam_mam_mz_aerosols_intr.f90
rm -f module_cam_mam_mz_aerosols_intr.b module_cam_mam_mz_aerosols_intr.bb
mpif90 -f90=ifort -o module_cam_mam_mz_aerosols_intr.o -c -O2 -ip -fp-model precise -w -ftz -align all -fno-alias -FR -convert big_endian    -I../dyn_em -I../dyn_nmm   -I/global/scratch/azare/Josh/WRFV3/external/esmf_time_f90  -I/global/scratch/azare/Josh/WRFV3/main -I/global/scratch/azare/Josh/WRFV3/external/io_netcdf -I/global/scratch/azare/Josh/WRFV3/external/io_int -I/global/scratch/azare/Josh/WRFV3/frame -I/global/scratch/azare/Josh/WRFV3/share -I/global/scratch/azare/Josh/WRFV3/phys -I/global/scratch/azare/Josh/WRFV3/chem -I/global/scratch/azare/Josh/WRFV3/inc -I/global/software/sl-6.x86_64/modules/intel/2013_sp1.4.211/netcdf/4.3.2-intel-p/include  -i4  module_cam_mam_mz_aerosols_intr.f90
rm -f module_cam_mam_initaerodata.o
/lib/cpp -C -P -I/global/scratch/azare/Josh/WRFV3/inc -DEM_CORE=1 -DNMM_CORE=0 -DNMM_MAX_DIM=2600 -DCOAMPS_CORE=0 -DDA_CORE=0 -DEXP_CORE=0 -DIWORDSIZE=4 -DDWORDSIZE=8 -DRWORDSIZE=4 -DLWORDSIZE=4 -DNONSTANDARD_SYSTEM_FUNC -DWRF_USE_CLM  -DDM_PARALLEL -DNETCDF -DUSE_ALLOCATABLES -DGRIB1 -DINTIO -DLIMIT_ARGS -DCONFIG_BUF_LEN=65536 -DMAX_DOMAINS_F=21 -DMAX_HISTORY=25 -DNMM_NEST=0 -DWRF_CHEM -DBUILD_CHEM=1 -DWRF_KPP -I. -traditional   module_cam_mam_initaerodata.F  > module_cam_mam_initaerodata.bb
/global/scratch/azare/Josh/WRFV3/tools/standard.exe module_cam_mam_initaerodata.bb | /lib/cpp -C -P > module_cam_mam_initaerodata.f90
rm -f module_cam_mam_initaerodata.b module_cam_mam_initaerodata.bb
mpif90 -f90=ifort -o module_cam_mam_initaerodata.o -c -O2 -ip -fp-model precise -w -ftz -align all -fno-alias -FR -convert big_endian    -I../dyn_em -I../dyn_nmm   -I/global/scratch/azare/Josh/WRFV3/external/esmf_time_f90  -I/global/scratch/azare/Josh/WRFV3/main -I/global/scratch/azare/Josh/WRFV3/external/io_netcdf -I/global/scratch/azare/Josh/WRFV3/external/io_int -I/global/scratch/azare/Josh/WRFV3/frame -I/global/scratch/azare/Josh/WRFV3/share -I/global/scratch/azare/Josh/WRFV3/phys -I/global/scratch/azare/Josh/WRFV3/chem -I/global/scratch/azare/Josh/WRFV3/inc -I/global/software/sl-6.x86_64/modules/intel/2013_sp1.4.211/netcdf/4.3.2-intel-p/include  -i4  module_cam_mam_initaerodata.f90
make[2]: Circular module_cam_mam_init.o <- module_cam_mam_initmixrats.o dependency dropped.
rm -f module_cam_mam_mo_chem_utls.o
/lib/cpp -C -P -I/global/scratch/azare/Josh/WRFV3/inc -DEM_CORE=1 -DNMM_CORE=0 -DNMM_MAX_DIM=2600 -DCOAMPS_CORE=0 -DDA_CORE=0 -DEXP_CORE=0 -DIWORDSIZE=4 -DDWORDSIZE=8 -DRWORDSIZE=4 -DLWORDSIZE=4 -DNONSTANDARD_SYSTEM_FUNC -DWRF_USE_CLM  -DDM_PARALLEL -DNETCDF -DUSE_ALLOCATABLES -DGRIB1 -DINTIO -DLIMIT_ARGS -DCONFIG_BUF_LEN=65536 -DMAX_DOMAINS_F=21 -DMAX_HISTORY=25 -DNMM_NEST=0 -DWRF_CHEM -DBUILD_CHEM=1 -DWRF_KPP -I. -traditional   module_cam_mam_mo_chem_utls.F  > module_cam_mam_mo_chem_utls.bb
/global/scratch/azare/Josh/WRFV3/tools/standard.exe module_cam_mam_mo_chem_utls.bb | /lib/cpp -C -P > module_cam_mam_mo_chem_utls.f90
rm -f module_cam_mam_mo_chem_utls.b module_cam_mam_mo_chem_utls.bb
mpif90 -f90=ifort -o module_cam_mam_mo_chem_utls.o -c -O2 -ip -fp-model precise -w -ftz -align all -fno-alias -FR -convert big_endian    -I../dyn_em -I../dyn_nmm   -I/global/scratch/azare/Josh/WRFV3/external/esmf_time_f90  -I/global/scratch/azare/Josh/WRFV3/main -I/global/scratch/azare/Josh/WRFV3/external/io_netcdf -I/global/scratch/azare/Josh/WRFV3/external/io_int -I/global/scratch/azare/Josh/WRFV3/frame -I/global/scratch/azare/Josh/WRFV3/share -I/global/scratch/azare/Josh/WRFV3/phys -I/global/scratch/azare/Josh/WRFV3/chem -I/global/scratch/azare/Josh/WRFV3/inc -I/global/software/sl-6.x86_64/modules/intel/2013_sp1.4.211/netcdf/4.3.2-intel-p/include  -i4  module_cam_mam_mo_chem_utls.f90
rm -f module_cam_mam_setsox.o
/lib/cpp -C -P -I/global/scratch/azare/Josh/WRFV3/inc -DEM_CORE=1 -DNMM_CORE=0 -DNMM_MAX_DIM=2600 -DCOAMPS_CORE=0 -DDA_CORE=0 -DEXP_CORE=0 -DIWORDSIZE=4 -DDWORDSIZE=8 -DRWORDSIZE=4 -DLWORDSIZE=4 -DNONSTANDARD_SYSTEM_FUNC -DWRF_USE_CLM  -DDM_PARALLEL -DNETCDF -DUSE_ALLOCATABLES -DGRIB1 -DINTIO -DLIMIT_ARGS -DCONFIG_BUF_LEN=65536 -DMAX_DOMAINS_F=21 -DMAX_HISTORY=25 -DNMM_NEST=0 -DWRF_CHEM -DBUILD_CHEM=1 -DWRF_KPP -I. -traditional   module_cam_mam_setsox.F  > module_cam_mam_setsox.bb
/global/scratch/azare/Josh/WRFV3/tools/standard.exe module_cam_mam_setsox.bb | /lib/cpp -C -P > module_cam_mam_setsox.f90
rm -f module_cam_mam_setsox.b module_cam_mam_setsox.bb
mpif90 -f90=ifort -o module_cam_mam_setsox.o -c -O2 -ip -fp-model precise -w -ftz -align all -fno-alias -FR -convert big_endian    -I../dyn_em -I../dyn_nmm   -I/global/scratch/azare/Josh/WRFV3/external/esmf_time_f90  -I/global/scratch/azare/Josh/WRFV3/main -I/global/scratch/azare/Josh/WRFV3/external/io_netcdf -I/global/scratch/azare/Josh/WRFV3/external/io_int -I/global/scratch/azare/Josh/WRFV3/frame -I/global/scratch/azare/Josh/WRFV3/share -I/global/scratch/azare/Josh/WRFV3/phys -I/global/scratch/azare/Josh/WRFV3/chem -I/global/scratch/azare/Josh/WRFV3/inc -I/global/software/sl-6.x86_64/modules/intel/2013_sp1.4.211/netcdf/4.3.2-intel-p/include  -i4  module_cam_mam_setsox.f90
rm -f module_cam_mam_cloudchem.o
/lib/cpp -C -P -I/global/scratch/azare/Josh/WRFV3/inc -DEM_CORE=1 -DNMM_CORE=0 -DNMM_MAX_DIM=2600 -DCOAMPS_CORE=0 -DDA_CORE=0 -DEXP_CORE=0 -DIWORDSIZE=4 -DDWORDSIZE=8 -DRWORDSIZE=4 -DLWORDSIZE=4 -DNONSTANDARD_SYSTEM_FUNC -DWRF_USE_CLM  -DDM_PARALLEL -DNETCDF -DUSE_ALLOCATABLES -DGRIB1 -DINTIO -DLIMIT_ARGS -DCONFIG_BUF_LEN=65536 -DMAX_DOMAINS_F=21 -DMAX_HISTORY=25 -DNMM_NEST=0 -DWRF_CHEM -DBUILD_CHEM=1 -DWRF_KPP -I. -traditional   module_cam_mam_cloudchem.F  > module_cam_mam_cloudchem.bb
/global/scratch/azare/Josh/WRFV3/tools/standard.exe module_cam_mam_cloudchem.bb | /lib/cpp -C -P > module_cam_mam_cloudchem.f90
rm -f module_cam_mam_cloudchem.b module_cam_mam_cloudchem.bb
mpif90 -f90=ifort -o module_cam_mam_cloudchem.o -c -O2 -ip -fp-model precise -w -ftz -align all -fno-alias -FR -convert big_endian    -I../dyn_em -I../dyn_nmm   -I/global/scratch/azare/Josh/WRFV3/external/esmf_time_f90  -I/global/scratch/azare/Josh/WRFV3/main -I/global/scratch/azare/Josh/WRFV3/external/io_netcdf -I/global/scratch/azare/Josh/WRFV3/external/io_int -I/global/scratch/azare/Josh/WRFV3/frame -I/global/scratch/azare/Josh/WRFV3/share -I/global/scratch/azare/Josh/WRFV3/phys -I/global/scratch/azare/Josh/WRFV3/chem -I/global/scratch/azare/Josh/WRFV3/inc -I/global/software/sl-6.x86_64/modules/intel/2013_sp1.4.211/netcdf/4.3.2-intel-p/include  -i4  module_cam_mam_cloudchem.f90
make[2]: Circular module_cam_mam_mo_sethet.o <- module_cam_mam_init.o dependency dropped.
rm -f module_cam_mam_mo_sethet.o
/lib/cpp -C -P -I/global/scratch/azare/Josh/WRFV3/inc -DEM_CORE=1 -DNMM_CORE=0 -DNMM_MAX_DIM=2600 -DCOAMPS_CORE=0 -DDA_CORE=0 -DEXP_CORE=0 -DIWORDSIZE=4 -DDWORDSIZE=8 -DRWORDSIZE=4 -DLWORDSIZE=4 -DNONSTANDARD_SYSTEM_FUNC -DWRF_USE_CLM  -DDM_PARALLEL -DNETCDF -DUSE_ALLOCATABLES -DGRIB1 -DINTIO -DLIMIT_ARGS -DCONFIG_BUF_LEN=65536 -DMAX_DOMAINS_F=21 -DMAX_HISTORY=25 -DNMM_NEST=0 -DWRF_CHEM -DBUILD_CHEM=1 -DWRF_KPP -I. -traditional   module_cam_mam_mo_sethet.F  > module_cam_mam_mo_sethet.bb
/global/scratch/azare/Josh/WRFV3/tools/standard.exe module_cam_mam_mo_sethet.bb | /lib/cpp -C -P > module_cam_mam_mo_sethet.f90
rm -f module_cam_mam_mo_sethet.b module_cam_mam_mo_sethet.bb
mpif90 -f90=ifort -o module_cam_mam_mo_sethet.o -c -O2 -ip -fp-model precise -w -ftz -align all -fno-alias -FR -convert big_endian    -I../dyn_em -I../dyn_nmm   -I/global/scratch/azare/Josh/WRFV3/external/esmf_time_f90  -I/global/scratch/azare/Josh/WRFV3/main -I/global/scratch/azare/Josh/WRFV3/external/io_netcdf -I/global/scratch/azare/Josh/WRFV3/external/io_int -I/global/scratch/azare/Josh/WRFV3/frame -I/global/scratch/azare/Josh/WRFV3/share -I/global/scratch/azare/Josh/WRFV3/phys -I/global/scratch/azare/Josh/WRFV3/chem -I/global/scratch/azare/Josh/WRFV3/inc -I/global/software/sl-6.x86_64/modules/intel/2013_sp1.4.211/netcdf/4.3.2-intel-p/include  -i4  module_cam_mam_mo_sethet.f90
rm -f module_cam_mam_gas_wetdep_driver.o
/lib/cpp -C -P -I/global/scratch/azare/Josh/WRFV3/inc -DEM_CORE=1 -DNMM_CORE=0 -DNMM_MAX_DIM=2600 -DCOAMPS_CORE=0 -DDA_CORE=0 -DEXP_CORE=0 -DIWORDSIZE=4 -DDWORDSIZE=8 -DRWORDSIZE=4 -DLWORDSIZE=4 -DNONSTANDARD_SYSTEM_FUNC -DWRF_USE_CLM  -DDM_PARALLEL -DNETCDF -DUSE_ALLOCATABLES -DGRIB1 -DINTIO -DLIMIT_ARGS -DCONFIG_BUF_LEN=65536 -DMAX_DOMAINS_F=21 -DMAX_HISTORY=25 -DNMM_NEST=0 -DWRF_CHEM -DBUILD_CHEM=1 -DWRF_KPP -I. -traditional   module_cam_mam_gas_wetdep_driver.F  > module_cam_mam_gas_wetdep_driver.bb
/global/scratch/azare/Josh/WRFV3/tools/standard.exe module_cam_mam_gas_wetdep_driver.bb | /lib/cpp -C -P > module_cam_mam_gas_wetdep_driver.f90
rm -f module_cam_mam_gas_wetdep_driver.b module_cam_mam_gas_wetdep_driver.bb
mpif90 -f90=ifort -o module_cam_mam_gas_wetdep_driver.o -c -O2 -ip -fp-model precise -w -ftz -align all -fno-alias -FR -convert big_endian    -I../dyn_em -I../dyn_nmm   -I/global/scratch/azare/Josh/WRFV3/external/esmf_time_f90  -I/global/scratch/azare/Josh/WRFV3/main -I/global/scratch/azare/Josh/WRFV3/external/io_netcdf -I/global/scratch/azare/Josh/WRFV3/external/io_int -I/global/scratch/azare/Josh/WRFV3/frame -I/global/scratch/azare/Josh/WRFV3/share -I/global/scratch/azare/Josh/WRFV3/phys -I/global/scratch/azare/Josh/WRFV3/chem -I/global/scratch/azare/Josh/WRFV3/inc -I/global/software/sl-6.x86_64/modules/intel/2013_sp1.4.211/netcdf/4.3.2-intel-p/include  -i4  module_cam_mam_gas_wetdep_driver.f90
rm -f module_cam_mam_init.o
/lib/cpp -C -P -I/global/scratch/azare/Josh/WRFV3/inc -DEM_CORE=1 -DNMM_CORE=0 -DNMM_MAX_DIM=2600 -DCOAMPS_CORE=0 -DDA_CORE=0 -DEXP_CORE=0 -DIWORDSIZE=4 -DDWORDSIZE=8 -DRWORDSIZE=4 -DLWORDSIZE=4 -DNONSTANDARD_SYSTEM_FUNC -DWRF_USE_CLM  -DDM_PARALLEL -DNETCDF -DUSE_ALLOCATABLES -DGRIB1 -DINTIO -DLIMIT_ARGS -DCONFIG_BUF_LEN=65536 -DMAX_DOMAINS_F=21 -DMAX_HISTORY=25 -DNMM_NEST=0 -DWRF_CHEM -DBUILD_CHEM=1 -DWRF_KPP -I. -traditional   module_cam_mam_init.F  > module_cam_mam_init.bb
/global/scratch/azare/Josh/WRFV3/tools/standard.exe module_cam_mam_init.bb | /lib/cpp -C -P > module_cam_mam_init.f90
rm -f module_cam_mam_init.b module_cam_mam_init.bb
mpif90 -f90=ifort -o module_cam_mam_init.o -c -O2 -ip -fp-model precise -w -ftz -align all -fno-alias -FR -convert big_endian    -I../dyn_em -I../dyn_nmm   -I/global/scratch/azare/Josh/WRFV3/external/esmf_time_f90  -I/global/scratch/azare/Josh/WRFV3/main -I/global/scratch/azare/Josh/WRFV3/external/io_netcdf -I/global/scratch/azare/Josh/WRFV3/external/io_int -I/global/scratch/azare/Josh/WRFV3/frame -I/global/scratch/azare/Josh/WRFV3/share -I/global/scratch/azare/Josh/WRFV3/phys -I/global/scratch/azare/Josh/WRFV3/chem -I/global/scratch/azare/Josh/WRFV3/inc -I/global/software/sl-6.x86_64/modules/intel/2013_sp1.4.211/netcdf/4.3.2-intel-p/include  -i4  module_cam_mam_init.f90
rm -f module_cam_mam_initmixrats.o
/lib/cpp -C -P -I/global/scratch/azare/Josh/WRFV3/inc -DEM_CORE=1 -DNMM_CORE=0 -DNMM_MAX_DIM=2600 -DCOAMPS_CORE=0 -DDA_CORE=0 -DEXP_CORE=0 -DIWORDSIZE=4 -DDWORDSIZE=8 -DRWORDSIZE=4 -DLWORDSIZE=4 -DNONSTANDARD_SYSTEM_FUNC -DWRF_USE_CLM  -DDM_PARALLEL -DNETCDF -DUSE_ALLOCATABLES -DGRIB1 -DINTIO -DLIMIT_ARGS -DCONFIG_BUF_LEN=65536 -DMAX_DOMAINS_F=21 -DMAX_HISTORY=25 -DNMM_NEST=0 -DWRF_CHEM -DBUILD_CHEM=1 -DWRF_KPP -I. -traditional   module_cam_mam_initmixrats.F  > module_cam_mam_initmixrats.bb
/global/scratch/azare/Josh/WRFV3/tools/standard.exe module_cam_mam_initmixrats.bb | /lib/cpp -C -P > module_cam_mam_initmixrats.f90
rm -f module_cam_mam_initmixrats.b module_cam_mam_initmixrats.bb
mpif90 -f90=ifort -o module_cam_mam_initmixrats.o -c -O2 -ip -fp-model precise -w -ftz -align all -fno-alias -FR -convert big_endian    -I../dyn_em -I../dyn_nmm   -I/global/scratch/azare/Josh/WRFV3/external/esmf_time_f90  -I/global/scratch/azare/Josh/WRFV3/main -I/global/scratch/azare/Josh/WRFV3/external/io_netcdf -I/global/scratch/azare/Josh/WRFV3/external/io_int -I/global/scratch/azare/Josh/WRFV3/frame -I/global/scratch/azare/Josh/WRFV3/share -I/global/scratch/azare/Josh/WRFV3/phys -I/global/scratch/azare/Josh/WRFV3/chem -I/global/scratch/azare/Josh/WRFV3/inc -I/global/software/sl-6.x86_64/modules/intel/2013_sp1.4.211/netcdf/4.3.2-intel-p/include  -i4  module_cam_mam_initmixrats.f90
rm -f module_input_chem_data.o
/lib/cpp -C -P -I/global/scratch/azare/Josh/WRFV3/inc -DEM_CORE=1 -DNMM_CORE=0 -DNMM_MAX_DIM=2600 -DCOAMPS_CORE=0 -DDA_CORE=0 -DEXP_CORE=0 -DIWORDSIZE=4 -DDWORDSIZE=8 -DRWORDSIZE=4 -DLWORDSIZE=4 -DNONSTANDARD_SYSTEM_FUNC -DWRF_USE_CLM  -DDM_PARALLEL -DNETCDF -DUSE_ALLOCATABLES -DGRIB1 -DINTIO -DLIMIT_ARGS -DCONFIG_BUF_LEN=65536 -DMAX_DOMAINS_F=21 -DMAX_HISTORY=25 -DNMM_NEST=0 -DWRF_CHEM -DBUILD_CHEM=1 -DWRF_KPP -I. -traditional   module_input_chem_data.F  > module_input_chem_data.bb
/global/scratch/azare/Josh/WRFV3/tools/standard.exe module_input_chem_data.bb | /lib/cpp -C -P > module_input_chem_data.f90
rm -f module_input_chem_data.b module_input_chem_data.bb
mpif90 -f90=ifort -o module_input_chem_data.o -c -O2 -ip -fp-model precise -w -ftz -align all -fno-alias -FR -convert big_endian    -I../dyn_em -I../dyn_nmm   -I/global/scratch/azare/Josh/WRFV3/external/esmf_time_f90  -I/global/scratch/azare/Josh/WRFV3/main -I/global/scratch/azare/Josh/WRFV3/external/io_netcdf -I/global/scratch/azare/Josh/WRFV3/external/io_int -I/global/scratch/azare/Josh/WRFV3/frame -I/global/scratch/azare/Josh/WRFV3/share -I/global/scratch/azare/Josh/WRFV3/phys -I/global/scratch/azare/Josh/WRFV3/chem -I/global/scratch/azare/Josh/WRFV3/inc -I/global/software/sl-6.x86_64/modules/intel/2013_sp1.4.211/netcdf/4.3.2-intel-p/include  -i4  module_input_chem_data.f90
rm -f module_mosaic_coag.o
/lib/cpp -C -P -I/global/scratch/azare/Josh/WRFV3/inc -DEM_CORE=1 -DNMM_CORE=0 -DNMM_MAX_DIM=2600 -DCOAMPS_CORE=0 -DDA_CORE=0 -DEXP_CORE=0 -DIWORDSIZE=4 -DDWORDSIZE=8 -DRWORDSIZE=4 -DLWORDSIZE=4 -DNONSTANDARD_SYSTEM_FUNC -DWRF_USE_CLM  -DDM_PARALLEL -DNETCDF -DUSE_ALLOCATABLES -DGRIB1 -DINTIO -DLIMIT_ARGS -DCONFIG_BUF_LEN=65536 -DMAX_DOMAINS_F=21 -DMAX_HISTORY=25 -DNMM_NEST=0 -DWRF_CHEM -DBUILD_CHEM=1 -DWRF_KPP -I. -traditional   module_mosaic_coag.F  > module_mosaic_coag.bb
/global/scratch/azare/Josh/WRFV3/tools/standard.exe module_mosaic_coag.bb | /lib/cpp -C -P > module_mosaic_coag.f90
rm -f module_mosaic_coag.b module_mosaic_coag.bb
mpif90 -f90=ifort -o module_mosaic_coag.o -c -O2 -ip -fp-model precise -w -ftz -align all -fno-alias -FR -convert big_endian    -I../dyn_em -I../dyn_nmm   -I/global/scratch/azare/Josh/WRFV3/external/esmf_time_f90  -I/global/scratch/azare/Josh/WRFV3/main -I/global/scratch/azare/Josh/WRFV3/external/io_netcdf -I/global/scratch/azare/Josh/WRFV3/external/io_int -I/global/scratch/azare/Josh/WRFV3/frame -I/global/scratch/azare/Josh/WRFV3/share -I/global/scratch/azare/Josh/WRFV3/phys -I/global/scratch/azare/Josh/WRFV3/chem -I/global/scratch/azare/Josh/WRFV3/inc -I/global/software/sl-6.x86_64/modules/intel/2013_sp1.4.211/netcdf/4.3.2-intel-p/include  -i4  module_mosaic_coag.f90
rm -f module_mosaic_therm.o
/lib/cpp -C -P -I/global/scratch/azare/Josh/WRFV3/inc -DEM_CORE=1 -DNMM_CORE=0 -DNMM_MAX_DIM=2600 -DCOAMPS_CORE=0 -DDA_CORE=0 -DEXP_CORE=0 -DIWORDSIZE=4 -DDWORDSIZE=8 -DRWORDSIZE=4 -DLWORDSIZE=4 -DNONSTANDARD_SYSTEM_FUNC -DWRF_USE_CLM  -DDM_PARALLEL -DNETCDF -DUSE_ALLOCATABLES -DGRIB1 -DINTIO -DLIMIT_ARGS -DCONFIG_BUF_LEN=65536 -DMAX_DOMAINS_F=21 -DMAX_HISTORY=25 -DNMM_NEST=0 -DWRF_CHEM -DBUILD_CHEM=1 -DWRF_KPP -I. -traditional   module_mosaic_therm.F  > module_mosaic_therm.bb
/global/scratch/azare/Josh/WRFV3/tools/standard.exe module_mosaic_therm.bb | /lib/cpp -C -P > module_mosaic_therm.f90
rm -f module_mosaic_therm.b module_mosaic_therm.bb
mpif90 -f90=ifort -o module_mosaic_therm.o -c -O2 -ip -fp-model precise -w -ftz -align all -fno-alias -FR -convert big_endian    -I../dyn_em -I../dyn_nmm   -I/global/scratch/azare/Josh/WRFV3/external/esmf_time_f90  -I/global/scratch/azare/Josh/WRFV3/main -I/global/scratch/azare/Josh/WRFV3/external/io_netcdf -I/global/scratch/azare/Josh/WRFV3/external/io_int -I/global/scratch/azare/Josh/WRFV3/frame -I/global/scratch/azare/Josh/WRFV3/share -I/global/scratch/azare/Josh/WRFV3/phys -I/global/scratch/azare/Josh/WRFV3/chem -I/global/scratch/azare/Josh/WRFV3/inc -I/global/software/sl-6.x86_64/modules/intel/2013_sp1.4.211/netcdf/4.3.2-intel-p/include  -i4  module_mosaic_therm.f90
rm -f module_phot_mad.o
/lib/cpp -C -P -I/global/scratch/azare/Josh/WRFV3/inc -DEM_CORE=1 -DNMM_CORE=0 -DNMM_MAX_DIM=2600 -DCOAMPS_CORE=0 -DDA_CORE=0 -DEXP_CORE=0 -DIWORDSIZE=4 -DDWORDSIZE=8 -DRWORDSIZE=4 -DLWORDSIZE=4 -DNONSTANDARD_SYSTEM_FUNC -DWRF_USE_CLM  -DDM_PARALLEL -DNETCDF -DUSE_ALLOCATABLES -DGRIB1 -DINTIO -DLIMIT_ARGS -DCONFIG_BUF_LEN=65536 -DMAX_DOMAINS_F=21 -DMAX_HISTORY=25 -DNMM_NEST=0 -DWRF_CHEM -DBUILD_CHEM=1 -DWRF_KPP -I. -traditional   module_phot_mad.F  > module_phot_mad.bb
/global/scratch/azare/Josh/WRFV3/tools/standard.exe module_phot_mad.bb | /lib/cpp -C -P > module_phot_mad.f90
rm -f module_phot_mad.b module_phot_mad.bb
mpif90 -f90=ifort -o module_phot_mad.o -c -O2 -ip -fp-model precise -w -ftz -align all -fno-alias -FR -convert big_endian    -I../dyn_em -I../dyn_nmm   -I/global/scratch/azare/Josh/WRFV3/external/esmf_time_f90  -I/global/scratch/azare/Josh/WRFV3/main -I/global/scratch/azare/Josh/WRFV3/external/io_netcdf -I/global/scratch/azare/Josh/WRFV3/external/io_int -I/global/scratch/azare/Josh/WRFV3/frame -I/global/scratch/azare/Josh/WRFV3/share -I/global/scratch/azare/Josh/WRFV3/phys -I/global/scratch/azare/Josh/WRFV3/chem -I/global/scratch/azare/Josh/WRFV3/inc -I/global/software/sl-6.x86_64/modules/intel/2013_sp1.4.211/netcdf/4.3.2-intel-p/include  -i4  module_phot_mad.f90
rm -f module_sorgam_aqchem.o
/lib/cpp -C -P -I/global/scratch/azare/Josh/WRFV3/inc -DEM_CORE=1 -DNMM_CORE=0 -DNMM_MAX_DIM=2600 -DCOAMPS_CORE=0 -DDA_CORE=0 -DEXP_CORE=0 -DIWORDSIZE=4 -DDWORDSIZE=8 -DRWORDSIZE=4 -DLWORDSIZE=4 -DNONSTANDARD_SYSTEM_FUNC -DWRF_USE_CLM  -DDM_PARALLEL -DNETCDF -DUSE_ALLOCATABLES -DGRIB1 -DINTIO -DLIMIT_ARGS -DCONFIG_BUF_LEN=65536 -DMAX_DOMAINS_F=21 -DMAX_HISTORY=25 -DNMM_NEST=0 -DWRF_CHEM -DBUILD_CHEM=1 -DWRF_KPP -I. -traditional   module_sorgam_aqchem.F  > module_sorgam_aqchem.bb
/global/scratch/azare/Josh/WRFV3/tools/standard.exe module_sorgam_aqchem.bb | /lib/cpp -C -P > module_sorgam_aqchem.f90
rm -f module_sorgam_aqchem.b module_sorgam_aqchem.bb
mpif90 -f90=ifort -o module_sorgam_aqchem.o -c -O2 -ip -fp-model precise -w -ftz -align all -fno-alias -FR -convert big_endian    -I../dyn_em -I../dyn_nmm   -I/global/scratch/azare/Josh/WRFV3/external/esmf_time_f90  -I/global/scratch/azare/Josh/WRFV3/main -I/global/scratch/azare/Josh/WRFV3/external/io_netcdf -I/global/scratch/azare/Josh/WRFV3/external/io_int -I/global/scratch/azare/Josh/WRFV3/frame -I/global/scratch/azare/Josh/WRFV3/share -I/global/scratch/azare/Josh/WRFV3/phys -I/global/scratch/azare/Josh/WRFV3/chem -I/global/scratch/azare/Josh/WRFV3/inc -I/global/software/sl-6.x86_64/modules/intel/2013_sp1.4.211/netcdf/4.3.2-intel-p/include  -i4  module_sorgam_aqchem.f90
rm -f module_bioemi_megan2.o
/lib/cpp -C -P -I/global/scratch/azare/Josh/WRFV3/inc -DEM_CORE=1 -DNMM_CORE=0 -DNMM_MAX_DIM=2600 -DCOAMPS_CORE=0 -DDA_CORE=0 -DEXP_CORE=0 -DIWORDSIZE=4 -DDWORDSIZE=8 -DRWORDSIZE=4 -DLWORDSIZE=4 -DNONSTANDARD_SYSTEM_FUNC -DWRF_USE_CLM  -DDM_PARALLEL -DNETCDF -DUSE_ALLOCATABLES -DGRIB1 -DINTIO -DLIMIT_ARGS -DCONFIG_BUF_LEN=65536 -DMAX_DOMAINS_F=21 -DMAX_HISTORY=25 -DNMM_NEST=0 -DWRF_CHEM -DBUILD_CHEM=1 -DWRF_KPP -I. -traditional   module_bioemi_megan2.F  > module_bioemi_megan2.bb
/global/scratch/azare/Josh/WRFV3/tools/standard.exe module_bioemi_megan2.bb | /lib/cpp -C -P > module_bioemi_megan2.f90
rm -f module_bioemi_megan2.b module_bioemi_megan2.bb
mpif90 -f90=ifort -o module_bioemi_megan2.o -c -O2 -ip -fp-model precise -w -ftz -align all -fno-alias -FR -convert big_endian    -I../dyn_em -I../dyn_nmm   -I/global/scratch/azare/Josh/WRFV3/external/esmf_time_f90  -I/global/scratch/azare/Josh/WRFV3/main -I/global/scratch/azare/Josh/WRFV3/external/io_netcdf -I/global/scratch/azare/Josh/WRFV3/external/io_int -I/global/scratch/azare/Josh/WRFV3/frame -I/global/scratch/azare/Josh/WRFV3/share -I/global/scratch/azare/Josh/WRFV3/phys -I/global/scratch/azare/Josh/WRFV3/chem -I/global/scratch/azare/Josh/WRFV3/inc -I/global/software/sl-6.x86_64/modules/intel/2013_sp1.4.211/netcdf/4.3.2-intel-p/include  -i4  module_bioemi_megan2.f90
rm -f module_bioemi_simple.o
/lib/cpp -C -P -I/global/scratch/azare/Josh/WRFV3/inc -DEM_CORE=1 -DNMM_CORE=0 -DNMM_MAX_DIM=2600 -DCOAMPS_CORE=0 -DDA_CORE=0 -DEXP_CORE=0 -DIWORDSIZE=4 -DDWORDSIZE=8 -DRWORDSIZE=4 -DLWORDSIZE=4 -DNONSTANDARD_SYSTEM_FUNC -DWRF_USE_CLM  -DDM_PARALLEL -DNETCDF -DUSE_ALLOCATABLES -DGRIB1 -DINTIO -DLIMIT_ARGS -DCONFIG_BUF_LEN=65536 -DMAX_DOMAINS_F=21 -DMAX_HISTORY=25 -DNMM_NEST=0 -DWRF_CHEM -DBUILD_CHEM=1 -DWRF_KPP -I. -traditional   module_bioemi_simple.F  > module_bioemi_simple.bb
/global/scratch/azare/Josh/WRFV3/tools/standard.exe module_bioemi_simple.bb | /lib/cpp -C -P > module_bioemi_simple.f90
rm -f module_bioemi_simple.b module_bioemi_simple.bb
mpif90 -f90=ifort -o module_bioemi_simple.o -c -O2 -ip -fp-model precise -w -ftz -align all -fno-alias -FR -convert big_endian    -I../dyn_em -I../dyn_nmm   -I/global/scratch/azare/Josh/WRFV3/external/esmf_time_f90  -I/global/scratch/azare/Josh/WRFV3/main -I/global/scratch/azare/Josh/WRFV3/external/io_netcdf -I/global/scratch/azare/Josh/WRFV3/external/io_int -I/global/scratch/azare/Josh/WRFV3/frame -I/global/scratch/azare/Josh/WRFV3/share -I/global/scratch/azare/Josh/WRFV3/phys -I/global/scratch/azare/Josh/WRFV3/chem -I/global/scratch/azare/Josh/WRFV3/inc -I/global/software/sl-6.x86_64/modules/intel/2013_sp1.4.211/netcdf/4.3.2-intel-p/include  -i4  module_bioemi_simple.f90
rm -f module_cbm4_initmixrats.o
/lib/cpp -C -P -I/global/scratch/azare/Josh/WRFV3/inc -DEM_CORE=1 -DNMM_CORE=0 -DNMM_MAX_DIM=2600 -DCOAMPS_CORE=0 -DDA_CORE=0 -DEXP_CORE=0 -DIWORDSIZE=4 -DDWORDSIZE=8 -DRWORDSIZE=4 -DLWORDSIZE=4 -DNONSTANDARD_SYSTEM_FUNC -DWRF_USE_CLM  -DDM_PARALLEL -DNETCDF -DUSE_ALLOCATABLES -DGRIB1 -DINTIO -DLIMIT_ARGS -DCONFIG_BUF_LEN=65536 -DMAX_DOMAINS_F=21 -DMAX_HISTORY=25 -DNMM_NEST=0 -DWRF_CHEM -DBUILD_CHEM=1 -DWRF_KPP -I. -traditional   module_cbm4_initmixrats.F  > module_cbm4_initmixrats.bb
/global/scratch/azare/Josh/WRFV3/tools/standard.exe module_cbm4_initmixrats.bb | /lib/cpp -C -P > module_cbm4_initmixrats.f90
rm -f module_cbm4_initmixrats.b module_cbm4_initmixrats.bb
mpif90 -f90=ifort -o module_cbm4_initmixrats.o -c -O2 -ip -fp-model precise -w -ftz -align all -fno-alias -FR -convert big_endian    -I../dyn_em -I../dyn_nmm   -I/global/scratch/azare/Josh/WRFV3/external/esmf_time_f90  -I/global/scratch/azare/Josh/WRFV3/main -I/global/scratch/azare/Josh/WRFV3/external/io_netcdf -I/global/scratch/azare/Josh/WRFV3/external/io_int -I/global/scratch/azare/Josh/WRFV3/frame -I/global/scratch/azare/Josh/WRFV3/share -I/global/scratch/azare/Josh/WRFV3/phys -I/global/scratch/azare/Josh/WRFV3/chem -I/global/scratch/azare/Josh/WRFV3/inc -I/global/software/sl-6.x86_64/modules/intel/2013_sp1.4.211/netcdf/4.3.2-intel-p/include  -i4  module_cbm4_initmixrats.f90
rm -f module_cbmz_rodas_prep.o
/lib/cpp -C -P -I/global/scratch/azare/Josh/WRFV3/inc -DEM_CORE=1 -DNMM_CORE=0 -DNMM_MAX_DIM=2600 -DCOAMPS_CORE=0 -DDA_CORE=0 -DEXP_CORE=0 -DIWORDSIZE=4 -DDWORDSIZE=8 -DRWORDSIZE=4 -DLWORDSIZE=4 -DNONSTANDARD_SYSTEM_FUNC -DWRF_USE_CLM  -DDM_PARALLEL -DNETCDF -DUSE_ALLOCATABLES -DGRIB1 -DINTIO -DLIMIT_ARGS -DCONFIG_BUF_LEN=65536 -DMAX_DOMAINS_F=21 -DMAX_HISTORY=25 -DNMM_NEST=0 -DWRF_CHEM -DBUILD_CHEM=1 -DWRF_KPP -I. -traditional   module_cbmz_rodas_prep.F  > module_cbmz_rodas_prep.bb
/global/scratch/azare/Josh/WRFV3/tools/standard.exe module_cbmz_rodas_prep.bb | /lib/cpp -C -P > module_cbmz_rodas_prep.f90
rm -f module_cbmz_rodas_prep.b module_cbmz_rodas_prep.bb
mpif90 -f90=ifort -o module_cbmz_rodas_prep.o -c -O2 -ip -fp-model precise -w -ftz -align all -fno-alias -FR -convert big_endian    -I../dyn_em -I../dyn_nmm   -I/global/scratch/azare/Josh/WRFV3/external/esmf_time_f90  -I/global/scratch/azare/Josh/WRFV3/main -I/global/scratch/azare/Josh/WRFV3/external/io_netcdf -I/global/scratch/azare/Josh/WRFV3/external/io_int -I/global/scratch/azare/Josh/WRFV3/frame -I/global/scratch/azare/Josh/WRFV3/share -I/global/scratch/azare/Josh/WRFV3/phys -I/global/scratch/azare/Josh/WRFV3/chem -I/global/scratch/azare/Josh/WRFV3/inc -I/global/software/sl-6.x86_64/modules/intel/2013_sp1.4.211/netcdf/4.3.2-intel-p/include  -i4  module_cbmz_rodas_prep.f90
rm -f module_cbmz.o
/lib/cpp -C -P -I/global/scratch/azare/Josh/WRFV3/inc -DEM_CORE=1 -DNMM_CORE=0 -DNMM_MAX_DIM=2600 -DCOAMPS_CORE=0 -DDA_CORE=0 -DEXP_CORE=0 -DIWORDSIZE=4 -DDWORDSIZE=8 -DRWORDSIZE=4 -DLWORDSIZE=4 -DNONSTANDARD_SYSTEM_FUNC -DWRF_USE_CLM  -DDM_PARALLEL -DNETCDF -DUSE_ALLOCATABLES -DGRIB1 -DINTIO -DLIMIT_ARGS -DCONFIG_BUF_LEN=65536 -DMAX_DOMAINS_F=21 -DMAX_HISTORY=25 -DNMM_NEST=0 -DWRF_CHEM -DBUILD_CHEM=1 -DWRF_KPP -I. -traditional   module_cbmz.F  > module_cbmz.bb
/global/scratch/azare/Josh/WRFV3/tools/standard.exe module_cbmz.bb | /lib/cpp -C -P > module_cbmz.f90
rm -f module_cbmz.b module_cbmz.bb
mpif90 -f90=ifort -o module_cbmz.o -c -O2 -ip -fp-model precise -w -ftz -align all -fno-alias -FR -convert big_endian    -I../dyn_em -I../dyn_nmm   -I/global/scratch/azare/Josh/WRFV3/external/esmf_time_f90  -I/global/scratch/azare/Josh/WRFV3/main -I/global/scratch/azare/Josh/WRFV3/external/io_netcdf -I/global/scratch/azare/Josh/WRFV3/external/io_int -I/global/scratch/azare/Josh/WRFV3/frame -I/global/scratch/azare/Josh/WRFV3/share -I/global/scratch/azare/Josh/WRFV3/phys -I/global/scratch/azare/Josh/WRFV3/chem -I/global/scratch/azare/Josh/WRFV3/inc -I/global/software/sl-6.x86_64/modules/intel/2013_sp1.4.211/netcdf/4.3.2-intel-p/include  -i4  module_cbmz.f90
rm -f module_cbmz_initmixrats.o
/lib/cpp -C -P -I/global/scratch/azare/Josh/WRFV3/inc -DEM_CORE=1 -DNMM_CORE=0 -DNMM_MAX_DIM=2600 -DCOAMPS_CORE=0 -DDA_CORE=0 -DEXP_CORE=0 -DIWORDSIZE=4 -DDWORDSIZE=8 -DRWORDSIZE=4 -DLWORDSIZE=4 -DNONSTANDARD_SYSTEM_FUNC -DWRF_USE_CLM  -DDM_PARALLEL -DNETCDF -DUSE_ALLOCATABLES -DGRIB1 -DINTIO -DLIMIT_ARGS -DCONFIG_BUF_LEN=65536 -DMAX_DOMAINS_F=21 -DMAX_HISTORY=25 -DNMM_NEST=0 -DWRF_CHEM -DBUILD_CHEM=1 -DWRF_KPP -I. -traditional   module_cbmz_initmixrats.F  > module_cbmz_initmixrats.bb
/global/scratch/azare/Josh/WRFV3/tools/standard.exe module_cbmz_initmixrats.bb | /lib/cpp -C -P > module_cbmz_initmixrats.f90
rm -f module_cbmz_initmixrats.b module_cbmz_initmixrats.bb
mpif90 -f90=ifort -o module_cbmz_initmixrats.o -c -O2 -ip -fp-model precise -w -ftz -align all -fno-alias -FR -convert big_endian    -I../dyn_em -I../dyn_nmm   -I/global/scratch/azare/Josh/WRFV3/external/esmf_time_f90  -I/global/scratch/azare/Josh/WRFV3/main -I/global/scratch/azare/Josh/WRFV3/external/io_netcdf -I/global/scratch/azare/Josh/WRFV3/external/io_int -I/global/scratch/azare/Josh/WRFV3/frame -I/global/scratch/azare/Josh/WRFV3/share -I/global/scratch/azare/Josh/WRFV3/phys -I/global/scratch/azare/Josh/WRFV3/chem -I/global/scratch/azare/Josh/WRFV3/inc -I/global/software/sl-6.x86_64/modules/intel/2013_sp1.4.211/netcdf/4.3.2-intel-p/include  -i4  module_cbmz_initmixrats.f90
rm -f module_ctrans_grell.o
/lib/cpp -C -P -I/global/scratch/azare/Josh/WRFV3/inc -DEM_CORE=1 -DNMM_CORE=0 -DNMM_MAX_DIM=2600 -DCOAMPS_CORE=0 -DDA_CORE=0 -DEXP_CORE=0 -DIWORDSIZE=4 -DDWORDSIZE=8 -DRWORDSIZE=4 -DLWORDSIZE=4 -DNONSTANDARD_SYSTEM_FUNC -DWRF_USE_CLM  -DDM_PARALLEL -DNETCDF -DUSE_ALLOCATABLES -DGRIB1 -DINTIO -DLIMIT_ARGS -DCONFIG_BUF_LEN=65536 -DMAX_DOMAINS_F=21 -DMAX_HISTORY=25 -DNMM_NEST=0 -DWRF_CHEM -DBUILD_CHEM=1 -DWRF_KPP -I. -traditional   module_ctrans_grell.F  > module_ctrans_grell.bb
/global/scratch/azare/Josh/WRFV3/tools/standard.exe module_ctrans_grell.bb | /lib/cpp -C -P > module_ctrans_grell.f90
rm -f module_ctrans_grell.b module_ctrans_grell.bb
mpif90 -f90=ifort -o module_ctrans_grell.o -c -O2 -ip -fp-model precise -w -ftz -align all -fno-alias -FR -convert big_endian    -I../dyn_em -I../dyn_nmm   -I/global/scratch/azare/Josh/WRFV3/external/esmf_time_f90  -I/global/scratch/azare/Josh/WRFV3/main -I/global/scratch/azare/Josh/WRFV3/external/io_netcdf -I/global/scratch/azare/Josh/WRFV3/external/io_int -I/global/scratch/azare/Josh/WRFV3/frame -I/global/scratch/azare/Josh/WRFV3/share -I/global/scratch/azare/Josh/WRFV3/phys -I/global/scratch/azare/Josh/WRFV3/chem -I/global/scratch/azare/Josh/WRFV3/inc -I/global/software/sl-6.x86_64/modules/intel/2013_sp1.4.211/netcdf/4.3.2-intel-p/include  -i4  module_ctrans_grell.f90
rm -f module_gocart_chem.o
/lib/cpp -C -P -I/global/scratch/azare/Josh/WRFV3/inc -DEM_CORE=1 -DNMM_CORE=0 -DNMM_MAX_DIM=2600 -DCOAMPS_CORE=0 -DDA_CORE=0 -DEXP_CORE=0 -DIWORDSIZE=4 -DDWORDSIZE=8 -DRWORDSIZE=4 -DLWORDSIZE=4 -DNONSTANDARD_SYSTEM_FUNC -DWRF_USE_CLM  -DDM_PARALLEL -DNETCDF -DUSE_ALLOCATABLES -DGRIB1 -DINTIO -DLIMIT_ARGS -DCONFIG_BUF_LEN=65536 -DMAX_DOMAINS_F=21 -DMAX_HISTORY=25 -DNMM_NEST=0 -DWRF_CHEM -DBUILD_CHEM=1 -DWRF_KPP -I. -traditional   module_gocart_chem.F  > module_gocart_chem.bb
/global/scratch/azare/Josh/WRFV3/tools/standard.exe module_gocart_chem.bb | /lib/cpp -C -P > module_gocart_chem.f90
rm -f module_gocart_chem.b module_gocart_chem.bb
mpif90 -f90=ifort -o module_gocart_chem.o -c -O2 -ip -fp-model precise -w -ftz -align all -fno-alias -FR -convert big_endian    -I../dyn_em -I../dyn_nmm   -I/global/scratch/azare/Josh/WRFV3/external/esmf_time_f90  -I/global/scratch/azare/Josh/WRFV3/main -I/global/scratch/azare/Josh/WRFV3/external/io_netcdf -I/global/scratch/azare/Josh/WRFV3/external/io_int -I/global/scratch/azare/Josh/WRFV3/frame -I/global/scratch/azare/Josh/WRFV3/share -I/global/scratch/azare/Josh/WRFV3/phys -I/global/scratch/azare/Josh/WRFV3/chem -I/global/scratch/azare/Josh/WRFV3/inc -I/global/software/sl-6.x86_64/modules/intel/2013_sp1.4.211/netcdf/4.3.2-intel-p/include  -i4  module_gocart_chem.f90
rm -f module_input_tracer.o
/lib/cpp -C -P -I/global/scratch/azare/Josh/WRFV3/inc -DEM_CORE=1 -DNMM_CORE=0 -DNMM_MAX_DIM=2600 -DCOAMPS_CORE=0 -DDA_CORE=0 -DEXP_CORE=0 -DIWORDSIZE=4 -DDWORDSIZE=8 -DRWORDSIZE=4 -DLWORDSIZE=4 -DNONSTANDARD_SYSTEM_FUNC -DWRF_USE_CLM  -DDM_PARALLEL -DNETCDF -DUSE_ALLOCATABLES -DGRIB1 -DINTIO -DLIMIT_ARGS -DCONFIG_BUF_LEN=65536 -DMAX_DOMAINS_F=21 -DMAX_HISTORY=25 -DNMM_NEST=0 -DWRF_CHEM -DBUILD_CHEM=1 -DWRF_KPP -I. -traditional   module_input_tracer.F  > module_input_tracer.bb
/global/scratch/azare/Josh/WRFV3/tools/standard.exe module_input_tracer.bb | /lib/cpp -C -P > module_input_tracer.f90
rm -f module_input_tracer.b module_input_tracer.bb
mpif90 -f90=ifort -o module_input_tracer.o -c -O2 -ip -fp-model precise -w -ftz -align all -fno-alias -FR -convert big_endian    -I../dyn_em -I../dyn_nmm   -I/global/scratch/azare/Josh/WRFV3/external/esmf_time_f90  -I/global/scratch/azare/Josh/WRFV3/main -I/global/scratch/azare/Josh/WRFV3/external/io_netcdf -I/global/scratch/azare/Josh/WRFV3/external/io_int -I/global/scratch/azare/Josh/WRFV3/frame -I/global/scratch/azare/Josh/WRFV3/share -I/global/scratch/azare/Josh/WRFV3/phys -I/global/scratch/azare/Josh/WRFV3/chem -I/global/scratch/azare/Josh/WRFV3/inc -I/global/software/sl-6.x86_64/modules/intel/2013_sp1.4.211/netcdf/4.3.2-intel-p/include  -i4  module_input_tracer.f90
rm -f module_lightning_nox_ott.o
/lib/cpp -C -P -I/global/scratch/azare/Josh/WRFV3/inc -DEM_CORE=1 -DNMM_CORE=0 -DNMM_MAX_DIM=2600 -DCOAMPS_CORE=0 -DDA_CORE=0 -DEXP_CORE=0 -DIWORDSIZE=4 -DDWORDSIZE=8 -DRWORDSIZE=4 -DLWORDSIZE=4 -DNONSTANDARD_SYSTEM_FUNC -DWRF_USE_CLM  -DDM_PARALLEL -DNETCDF -DUSE_ALLOCATABLES -DGRIB1 -DINTIO -DLIMIT_ARGS -DCONFIG_BUF_LEN=65536 -DMAX_DOMAINS_F=21 -DMAX_HISTORY=25 -DNMM_NEST=0 -DWRF_CHEM -DBUILD_CHEM=1 -DWRF_KPP -I. -traditional   module_lightning_nox_ott.F  > module_lightning_nox_ott.bb
/global/scratch/azare/Josh/WRFV3/tools/standard.exe module_lightning_nox_ott.bb | /lib/cpp -C -P > module_lightning_nox_ott.f90
rm -f module_lightning_nox_ott.b module_lightning_nox_ott.bb
mpif90 -f90=ifort -o module_lightning_nox_ott.o -c -O2 -ip -fp-model precise -w -ftz -align all -fno-alias -FR -convert big_endian    -I../dyn_em -I../dyn_nmm   -I/global/scratch/azare/Josh/WRFV3/external/esmf_time_f90  -I/global/scratch/azare/Josh/WRFV3/main -I/global/scratch/azare/Josh/WRFV3/external/io_netcdf -I/global/scratch/azare/Josh/WRFV3/external/io_int -I/global/scratch/azare/Josh/WRFV3/frame -I/global/scratch/azare/Josh/WRFV3/share -I/global/scratch/azare/Josh/WRFV3/phys -I/global/scratch/azare/Josh/WRFV3/chem -I/global/scratch/azare/Josh/WRFV3/inc -I/global/software/sl-6.x86_64/modules/intel/2013_sp1.4.211/netcdf/4.3.2-intel-p/include  -i4  module_lightning_nox_ott.f90
rm -f module_lightning_nox_decaria.o
/lib/cpp -C -P -I/global/scratch/azare/Josh/WRFV3/inc -DEM_CORE=1 -DNMM_CORE=0 -DNMM_MAX_DIM=2600 -DCOAMPS_CORE=0 -DDA_CORE=0 -DEXP_CORE=0 -DIWORDSIZE=4 -DDWORDSIZE=8 -DRWORDSIZE=4 -DLWORDSIZE=4 -DNONSTANDARD_SYSTEM_FUNC -DWRF_USE_CLM  -DDM_PARALLEL -DNETCDF -DUSE_ALLOCATABLES -DGRIB1 -DINTIO -DLIMIT_ARGS -DCONFIG_BUF_LEN=65536 -DMAX_DOMAINS_F=21 -DMAX_HISTORY=25 -DNMM_NEST=0 -DWRF_CHEM -DBUILD_CHEM=1 -DWRF_KPP -I. -traditional   module_lightning_nox_decaria.F  > module_lightning_nox_decaria.bb
/global/scratch/azare/Josh/WRFV3/tools/standard.exe module_lightning_nox_decaria.bb | /lib/cpp -C -P > module_lightning_nox_decaria.f90
rm -f module_lightning_nox_decaria.b module_lightning_nox_decaria.bb
mpif90 -f90=ifort -o module_lightning_nox_decaria.o -c -O2 -ip -fp-model precise -w -ftz -align all -fno-alias -FR -convert big_endian    -I../dyn_em -I../dyn_nmm   -I/global/scratch/azare/Josh/WRFV3/external/esmf_time_f90  -I/global/scratch/azare/Josh/WRFV3/main -I/global/scratch/azare/Josh/WRFV3/external/io_netcdf -I/global/scratch/azare/Josh/WRFV3/external/io_int -I/global/scratch/azare/Josh/WRFV3/frame -I/global/scratch/azare/Josh/WRFV3/share -I/global/scratch/azare/Josh/WRFV3/phys -I/global/scratch/azare/Josh/WRFV3/chem -I/global/scratch/azare/Josh/WRFV3/inc -I/global/software/sl-6.x86_64/modules/intel/2013_sp1.4.211/netcdf/4.3.2-intel-p/include  -i4  module_lightning_nox_decaria.f90
rm -f module_lightning_nox_driver.o
/lib/cpp -C -P -I/global/scratch/azare/Josh/WRFV3/inc -DEM_CORE=1 -DNMM_CORE=0 -DNMM_MAX_DIM=2600 -DCOAMPS_CORE=0 -DDA_CORE=0 -DEXP_CORE=0 -DIWORDSIZE=4 -DDWORDSIZE=8 -DRWORDSIZE=4 -DLWORDSIZE=4 -DNONSTANDARD_SYSTEM_FUNC -DWRF_USE_CLM  -DDM_PARALLEL -DNETCDF -DUSE_ALLOCATABLES -DGRIB1 -DINTIO -DLIMIT_ARGS -DCONFIG_BUF_LEN=65536 -DMAX_DOMAINS_F=21 -DMAX_HISTORY=25 -DNMM_NEST=0 -DWRF_CHEM -DBUILD_CHEM=1 -DWRF_KPP -I. -traditional   module_lightning_nox_driver.F  > module_lightning_nox_driver.bb
/global/scratch/azare/Josh/WRFV3/tools/standard.exe module_lightning_nox_driver.bb | /lib/cpp -C -P > module_lightning_nox_driver.f90
rm -f module_lightning_nox_driver.b module_lightning_nox_driver.bb
mpif90 -f90=ifort -o module_lightning_nox_driver.o -c -O2 -ip -fp-model precise -w -ftz -align all -fno-alias -FR -convert big_endian    -I../dyn_em -I../dyn_nmm   -I/global/scratch/azare/Josh/WRFV3/external/esmf_time_f90  -I/global/scratch/azare/Josh/WRFV3/main -I/global/scratch/azare/Josh/WRFV3/external/io_netcdf -I/global/scratch/azare/Josh/WRFV3/external/io_int -I/global/scratch/azare/Josh/WRFV3/frame -I/global/scratch/azare/Josh/WRFV3/share -I/global/scratch/azare/Josh/WRFV3/phys -I/global/scratch/azare/Josh/WRFV3/chem -I/global/scratch/azare/Josh/WRFV3/inc -I/global/software/sl-6.x86_64/modules/intel/2013_sp1.4.211/netcdf/4.3.2-intel-p/include  -i4  module_lightning_nox_driver.f90
rm -f module_mixactivate_wrappers.o
/lib/cpp -C -P -I/global/scratch/azare/Josh/WRFV3/inc -DEM_CORE=1 -DNMM_CORE=0 -DNMM_MAX_DIM=2600 -DCOAMPS_CORE=0 -DDA_CORE=0 -DEXP_CORE=0 -DIWORDSIZE=4 -DDWORDSIZE=8 -DRWORDSIZE=4 -DLWORDSIZE=4 -DNONSTANDARD_SYSTEM_FUNC -DWRF_USE_CLM  -DDM_PARALLEL -DNETCDF -DUSE_ALLOCATABLES -DGRIB1 -DINTIO -DLIMIT_ARGS -DCONFIG_BUF_LEN=65536 -DMAX_DOMAINS_F=21 -DMAX_HISTORY=25 -DNMM_NEST=0 -DWRF_CHEM -DBUILD_CHEM=1 -DWRF_KPP -I. -traditional   module_mixactivate_wrappers.F  > module_mixactivate_wrappers.bb
/global/scratch/azare/Josh/WRFV3/tools/standard.exe module_mixactivate_wrappers.bb | /lib/cpp -C -P > module_mixactivate_wrappers.f90
rm -f module_mixactivate_wrappers.b module_mixactivate_wrappers.bb
mpif90 -f90=ifort -o module_mixactivate_wrappers.o -c -O2 -ip -fp-model precise -w -ftz -align all -fno-alias -FR -convert big_endian    -I../dyn_em -I../dyn_nmm   -I/global/scratch/azare/Josh/WRFV3/external/esmf_time_f90  -I/global/scratch/azare/Josh/WRFV3/main -I/global/scratch/azare/Josh/WRFV3/external/io_netcdf -I/global/scratch/azare/Josh/WRFV3/external/io_int -I/global/scratch/azare/Josh/WRFV3/frame -I/global/scratch/azare/Josh/WRFV3/share -I/global/scratch/azare/Josh/WRFV3/phys -I/global/scratch/azare/Josh/WRFV3/chem -I/global/scratch/azare/Josh/WRFV3/inc -I/global/software/sl-6.x86_64/modules/intel/2013_sp1.4.211/netcdf/4.3.2-intel-p/include  -i4  module_mixactivate_wrappers.f90
rm -f module_mosaic_driver.o
/lib/cpp -C -P -I/global/scratch/azare/Josh/WRFV3/inc -DEM_CORE=1 -DNMM_CORE=0 -DNMM_MAX_DIM=2600 -DCOAMPS_CORE=0 -DDA_CORE=0 -DEXP_CORE=0 -DIWORDSIZE=4 -DDWORDSIZE=8 -DRWORDSIZE=4 -DLWORDSIZE=4 -DNONSTANDARD_SYSTEM_FUNC -DWRF_USE_CLM  -DDM_PARALLEL -DNETCDF -DUSE_ALLOCATABLES -DGRIB1 -DINTIO -DLIMIT_ARGS -DCONFIG_BUF_LEN=65536 -DMAX_DOMAINS_F=21 -DMAX_HISTORY=25 -DNMM_NEST=0 -DWRF_CHEM -DBUILD_CHEM=1 -DWRF_KPP -I. -traditional   module_mosaic_driver.F  > module_mosaic_driver.bb
/global/scratch/azare/Josh/WRFV3/tools/standard.exe module_mosaic_driver.bb | /lib/cpp -C -P > module_mosaic_driver.f90
rm -f module_mosaic_driver.b module_mosaic_driver.bb
mpif90 -f90=ifort -o module_mosaic_driver.o -c -O2 -ip -fp-model precise -w -ftz -align all -fno-alias -FR -convert big_endian    -I../dyn_em -I../dyn_nmm   -I/global/scratch/azare/Josh/WRFV3/external/esmf_time_f90  -I/global/scratch/azare/Josh/WRFV3/main -I/global/scratch/azare/Josh/WRFV3/external/io_netcdf -I/global/scratch/azare/Josh/WRFV3/external/io_int -I/global/scratch/azare/Josh/WRFV3/frame -I/global/scratch/azare/Josh/WRFV3/share -I/global/scratch/azare/Josh/WRFV3/phys -I/global/scratch/azare/Josh/WRFV3/chem -I/global/scratch/azare/Josh/WRFV3/inc -I/global/software/sl-6.x86_64/modules/intel/2013_sp1.4.211/netcdf/4.3.2-intel-p/include  -i4  module_mosaic_driver.f90
rm -f module_optical_averaging.o
/lib/cpp -C -P -I/global/scratch/azare/Josh/WRFV3/inc -DEM_CORE=1 -DNMM_CORE=0 -DNMM_MAX_DIM=2600 -DCOAMPS_CORE=0 -DDA_CORE=0 -DEXP_CORE=0 -DIWORDSIZE=4 -DDWORDSIZE=8 -DRWORDSIZE=4 -DLWORDSIZE=4 -DNONSTANDARD_SYSTEM_FUNC -DWRF_USE_CLM  -DDM_PARALLEL -DNETCDF -DUSE_ALLOCATABLES -DGRIB1 -DINTIO -DLIMIT_ARGS -DCONFIG_BUF_LEN=65536 -DMAX_DOMAINS_F=21 -DMAX_HISTORY=25 -DNMM_NEST=0 -DWRF_CHEM -DBUILD_CHEM=1 -DWRF_KPP -I. -traditional   module_optical_averaging.F  > module_optical_averaging.bb
/global/scratch/azare/Josh/WRFV3/tools/standard.exe module_optical_averaging.bb | /lib/cpp -C -P > module_optical_averaging.f90
rm -f module_optical_averaging.b module_optical_averaging.bb
mpif90 -f90=ifort -o module_optical_averaging.o -c -O2 -ip -fp-model precise -w -ftz -align all -fno-alias -FR -convert big_endian    -I../dyn_em -I../dyn_nmm   -I/global/scratch/azare/Josh/WRFV3/external/esmf_time_f90  -I/global/scratch/azare/Josh/WRFV3/main -I/global/scratch/azare/Josh/WRFV3/external/io_netcdf -I/global/scratch/azare/Josh/WRFV3/external/io_int -I/global/scratch/azare/Josh/WRFV3/frame -I/global/scratch/azare/Josh/WRFV3/share -I/global/scratch/azare/Josh/WRFV3/phys -I/global/scratch/azare/Josh/WRFV3/chem -I/global/scratch/azare/Josh/WRFV3/inc -I/global/software/sl-6.x86_64/modules/intel/2013_sp1.4.211/netcdf/4.3.2-intel-p/include  -i4  module_optical_averaging.f90
rm -f module_plumerise1.o
/lib/cpp -C -P -I/global/scratch/azare/Josh/WRFV3/inc -DEM_CORE=1 -DNMM_CORE=0 -DNMM_MAX_DIM=2600 -DCOAMPS_CORE=0 -DDA_CORE=0 -DEXP_CORE=0 -DIWORDSIZE=4 -DDWORDSIZE=8 -DRWORDSIZE=4 -DLWORDSIZE=4 -DNONSTANDARD_SYSTEM_FUNC -DWRF_USE_CLM  -DDM_PARALLEL -DNETCDF -DUSE_ALLOCATABLES -DGRIB1 -DINTIO -DLIMIT_ARGS -DCONFIG_BUF_LEN=65536 -DMAX_DOMAINS_F=21 -DMAX_HISTORY=25 -DNMM_NEST=0 -DWRF_CHEM -DBUILD_CHEM=1 -DWRF_KPP -I. -traditional   module_plumerise1.F  > module_plumerise1.bb
/global/scratch/azare/Josh/WRFV3/tools/standard.exe module_plumerise1.bb | /lib/cpp -C -P > module_plumerise1.f90
rm -f module_plumerise1.b module_plumerise1.bb
mpif90 -f90=ifort -o module_plumerise1.o -c -O2 -ip -fp-model precise -w -ftz -align all -fno-alias -FR -convert big_endian    -I../dyn_em -I../dyn_nmm   -I/global/scratch/azare/Josh/WRFV3/external/esmf_time_f90  -I/global/scratch/azare/Josh/WRFV3/main -I/global/scratch/azare/Josh/WRFV3/external/io_netcdf -I/global/scratch/azare/Josh/WRFV3/external/io_int -I/global/scratch/azare/Josh/WRFV3/frame -I/global/scratch/azare/Josh/WRFV3/share -I/global/scratch/azare/Josh/WRFV3/phys -I/global/scratch/azare/Josh/WRFV3/chem -I/global/scratch/azare/Josh/WRFV3/inc -I/global/software/sl-6.x86_64/modules/intel/2013_sp1.4.211/netcdf/4.3.2-intel-p/include  -i4  module_plumerise1.f90
rm -f module_mosaic_drydep.o
/lib/cpp -C -P -I/global/scratch/azare/Josh/WRFV3/inc -DEM_CORE=1 -DNMM_CORE=0 -DNMM_MAX_DIM=2600 -DCOAMPS_CORE=0 -DDA_CORE=0 -DEXP_CORE=0 -DIWORDSIZE=4 -DDWORDSIZE=8 -DRWORDSIZE=4 -DLWORDSIZE=4 -DNONSTANDARD_SYSTEM_FUNC -DWRF_USE_CLM  -DDM_PARALLEL -DNETCDF -DUSE_ALLOCATABLES -DGRIB1 -DINTIO -DLIMIT_ARGS -DCONFIG_BUF_LEN=65536 -DMAX_DOMAINS_F=21 -DMAX_HISTORY=25 -DNMM_NEST=0 -DWRF_CHEM -DBUILD_CHEM=1 -DWRF_KPP -I. -traditional   module_mosaic_drydep.F  > module_mosaic_drydep.bb
/global/scratch/azare/Josh/WRFV3/tools/standard.exe module_mosaic_drydep.bb | /lib/cpp -C -P > module_mosaic_drydep.f90
rm -f module_mosaic_drydep.b module_mosaic_drydep.bb
mpif90 -f90=ifort -o module_mosaic_drydep.o -c -O2 -ip -fp-model precise -w -ftz -align all -fno-alias -FR -convert big_endian    -I../dyn_em -I../dyn_nmm   -I/global/scratch/azare/Josh/WRFV3/external/esmf_time_f90  -I/global/scratch/azare/Josh/WRFV3/main -I/global/scratch/azare/Josh/WRFV3/external/io_netcdf -I/global/scratch/azare/Josh/WRFV3/external/io_int -I/global/scratch/azare/Josh/WRFV3/frame -I/global/scratch/azare/Josh/WRFV3/share -I/global/scratch/azare/Josh/WRFV3/phys -I/global/scratch/azare/Josh/WRFV3/chem -I/global/scratch/azare/Josh/WRFV3/inc -I/global/software/sl-6.x86_64/modules/intel/2013_sp1.4.211/netcdf/4.3.2-intel-p/include  -i4  module_mosaic_drydep.f90
rm -f module_cam_mam_wetscav.o
/lib/cpp -C -P -I/global/scratch/azare/Josh/WRFV3/inc -DEM_CORE=1 -DNMM_CORE=0 -DNMM_MAX_DIM=2600 -DCOAMPS_CORE=0 -DDA_CORE=0 -DEXP_CORE=0 -DIWORDSIZE=4 -DDWORDSIZE=8 -DRWORDSIZE=4 -DLWORDSIZE=4 -DNONSTANDARD_SYSTEM_FUNC -DWRF_USE_CLM  -DDM_PARALLEL -DNETCDF -DUSE_ALLOCATABLES -DGRIB1 -DINTIO -DLIMIT_ARGS -DCONFIG_BUF_LEN=65536 -DMAX_DOMAINS_F=21 -DMAX_HISTORY=25 -DNMM_NEST=0 -DWRF_CHEM -DBUILD_CHEM=1 -DWRF_KPP -I. -traditional   module_cam_mam_wetscav.F  > module_cam_mam_wetscav.bb
/global/scratch/azare/Josh/WRFV3/tools/standard.exe module_cam_mam_wetscav.bb | /lib/cpp -C -P > module_cam_mam_wetscav.f90
rm -f module_cam_mam_wetscav.b module_cam_mam_wetscav.bb
mpif90 -f90=ifort -o module_cam_mam_wetscav.o -c -O2 -ip -fp-model precise -w -ftz -align all -fno-alias -FR -convert big_endian    -I../dyn_em -I../dyn_nmm   -I/global/scratch/azare/Josh/WRFV3/external/esmf_time_f90  -I/global/scratch/azare/Josh/WRFV3/main -I/global/scratch/azare/Josh/WRFV3/external/io_netcdf -I/global/scratch/azare/Josh/WRFV3/external/io_int -I/global/scratch/azare/Josh/WRFV3/frame -I/global/scratch/azare/Josh/WRFV3/share -I/global/scratch/azare/Josh/WRFV3/phys -I/global/scratch/azare/Josh/WRFV3/chem -I/global/scratch/azare/Josh/WRFV3/inc -I/global/software/sl-6.x86_64/modules/intel/2013_sp1.4.211/netcdf/4.3.2-intel-p/include  -i4  module_cam_mam_wetscav.f90
rm -f module_wetscav_driver.o
/lib/cpp -C -P -I/global/scratch/azare/Josh/WRFV3/inc -DEM_CORE=1 -DNMM_CORE=0 -DNMM_MAX_DIM=2600 -DCOAMPS_CORE=0 -DDA_CORE=0 -DEXP_CORE=0 -DIWORDSIZE=4 -DDWORDSIZE=8 -DRWORDSIZE=4 -DLWORDSIZE=4 -DNONSTANDARD_SYSTEM_FUNC -DWRF_USE_CLM  -DDM_PARALLEL -DNETCDF -DUSE_ALLOCATABLES -DGRIB1 -DINTIO -DLIMIT_ARGS -DCONFIG_BUF_LEN=65536 -DMAX_DOMAINS_F=21 -DMAX_HISTORY=25 -DNMM_NEST=0 -DWRF_CHEM -DBUILD_CHEM=1 -DWRF_KPP -I. -traditional   module_wetscav_driver.F  > module_wetscav_driver.bb
/global/scratch/azare/Josh/WRFV3/tools/standard.exe module_wetscav_driver.bb | /lib/cpp -C -P > module_wetscav_driver.f90
rm -f module_wetscav_driver.b module_wetscav_driver.bb
mpif90 -f90=ifort -o module_wetscav_driver.o -c -O2 -ip -fp-model precise -w -ftz -align all -fno-alias -FR -convert big_endian    -I../dyn_em -I../dyn_nmm   -I/global/scratch/azare/Josh/WRFV3/external/esmf_time_f90  -I/global/scratch/azare/Josh/WRFV3/main -I/global/scratch/azare/Josh/WRFV3/external/io_netcdf -I/global/scratch/azare/Josh/WRFV3/external/io_int -I/global/scratch/azare/Josh/WRFV3/frame -I/global/scratch/azare/Josh/WRFV3/share -I/global/scratch/azare/Josh/WRFV3/phys -I/global/scratch/azare/Josh/WRFV3/chem -I/global/scratch/azare/Josh/WRFV3/inc -I/global/software/sl-6.x86_64/modules/intel/2013_sp1.4.211/netcdf/4.3.2-intel-p/include  -i4  module_wetscav_driver.f90
rm -f module_input_chem_bioemiss.o
/lib/cpp -C -P -I/global/scratch/azare/Josh/WRFV3/inc -DEM_CORE=1 -DNMM_CORE=0 -DNMM_MAX_DIM=2600 -DCOAMPS_CORE=0 -DDA_CORE=0 -DEXP_CORE=0 -DIWORDSIZE=4 -DDWORDSIZE=8 -DRWORDSIZE=4 -DLWORDSIZE=4 -DNONSTANDARD_SYSTEM_FUNC -DWRF_USE_CLM  -DDM_PARALLEL -DNETCDF -DUSE_ALLOCATABLES -DGRIB1 -DINTIO -DLIMIT_ARGS -DCONFIG_BUF_LEN=65536 -DMAX_DOMAINS_F=21 -DMAX_HISTORY=25 -DNMM_NEST=0 -DWRF_CHEM -DBUILD_CHEM=1 -DWRF_KPP -I. -traditional   module_input_chem_bioemiss.F  > module_input_chem_bioemiss.bb
/global/scratch/azare/Josh/WRFV3/tools/standard.exe module_input_chem_bioemiss.bb | /lib/cpp -C -P > module_input_chem_bioemiss.f90
rm -f module_input_chem_bioemiss.b module_input_chem_bioemiss.bb
mpif90 -f90=ifort -o module_input_chem_bioemiss.o -c -O2 -ip -fp-model precise -w -ftz -align all -fno-alias -FR -convert big_endian    -I../dyn_em -I../dyn_nmm   -I/global/scratch/azare/Josh/WRFV3/external/esmf_time_f90  -I/global/scratch/azare/Josh/WRFV3/main -I/global/scratch/azare/Josh/WRFV3/external/io_netcdf -I/global/scratch/azare/Josh/WRFV3/external/io_int -I/global/scratch/azare/Josh/WRFV3/frame -I/global/scratch/azare/Josh/WRFV3/share -I/global/scratch/azare/Josh/WRFV3/phys -I/global/scratch/azare/Josh/WRFV3/chem -I/global/scratch/azare/Josh/WRFV3/inc -I/global/software/sl-6.x86_64/modules/intel/2013_sp1.4.211/netcdf/4.3.2-intel-p/include  -i4  module_input_chem_bioemiss.f90
rm -f module_input_dust_errosion.o
/lib/cpp -C -P -I/global/scratch/azare/Josh/WRFV3/inc -DEM_CORE=1 -DNMM_CORE=0 -DNMM_MAX_DIM=2600 -DCOAMPS_CORE=0 -DDA_CORE=0 -DEXP_CORE=0 -DIWORDSIZE=4 -DDWORDSIZE=8 -DRWORDSIZE=4 -DLWORDSIZE=4 -DNONSTANDARD_SYSTEM_FUNC -DWRF_USE_CLM  -DDM_PARALLEL -DNETCDF -DUSE_ALLOCATABLES -DGRIB1 -DINTIO -DLIMIT_ARGS -DCONFIG_BUF_LEN=65536 -DMAX_DOMAINS_F=21 -DMAX_HISTORY=25 -DNMM_NEST=0 -DWRF_CHEM -DBUILD_CHEM=1 -DWRF_KPP -I. -traditional   module_input_dust_errosion.F  > module_input_dust_errosion.bb
/global/scratch/azare/Josh/WRFV3/tools/standard.exe module_input_dust_errosion.bb | /lib/cpp -C -P > module_input_dust_errosion.f90
rm -f module_input_dust_errosion.b module_input_dust_errosion.bb
mpif90 -f90=ifort -o module_input_dust_errosion.o -c -O2 -ip -fp-model precise -w -ftz -align all -fno-alias -FR -convert big_endian    -I../dyn_em -I../dyn_nmm   -I/global/scratch/azare/Josh/WRFV3/external/esmf_time_f90  -I/global/scratch/azare/Josh/WRFV3/main -I/global/scratch/azare/Josh/WRFV3/external/io_netcdf -I/global/scratch/azare/Josh/WRFV3/external/io_int -I/global/scratch/azare/Josh/WRFV3/frame -I/global/scratch/azare/Josh/WRFV3/share -I/global/scratch/azare/Josh/WRFV3/phys -I/global/scratch/azare/Josh/WRFV3/chem -I/global/scratch/azare/Josh/WRFV3/inc -I/global/software/sl-6.x86_64/modules/intel/2013_sp1.4.211/netcdf/4.3.2-intel-p/include  -i4  module_input_dust_errosion.f90
rm -f module_input_gocart_dms.o
/lib/cpp -C -P -I/global/scratch/azare/Josh/WRFV3/inc -DEM_CORE=1 -DNMM_CORE=0 -DNMM_MAX_DIM=2600 -DCOAMPS_CORE=0 -DDA_CORE=0 -DEXP_CORE=0 -DIWORDSIZE=4 -DDWORDSIZE=8 -DRWORDSIZE=4 -DLWORDSIZE=4 -DNONSTANDARD_SYSTEM_FUNC -DWRF_USE_CLM  -DDM_PARALLEL -DNETCDF -DUSE_ALLOCATABLES -DGRIB1 -DINTIO -DLIMIT_ARGS -DCONFIG_BUF_LEN=65536 -DMAX_DOMAINS_F=21 -DMAX_HISTORY=25 -DNMM_NEST=0 -DWRF_CHEM -DBUILD_CHEM=1 -DWRF_KPP -I. -traditional   module_input_gocart_dms.F  > module_input_gocart_dms.bb
/global/scratch/azare/Josh/WRFV3/tools/standard.exe module_input_gocart_dms.bb | /lib/cpp -C -P > module_input_gocart_dms.f90
rm -f module_input_gocart_dms.b module_input_gocart_dms.bb
mpif90 -f90=ifort -o module_input_gocart_dms.o -c -O2 -ip -fp-model precise -w -ftz -align all -fno-alias -FR -convert big_endian    -I../dyn_em -I../dyn_nmm   -I/global/scratch/azare/Josh/WRFV3/external/esmf_time_f90  -I/global/scratch/azare/Josh/WRFV3/main -I/global/scratch/azare/Josh/WRFV3/external/io_netcdf -I/global/scratch/azare/Josh/WRFV3/external/io_int -I/global/scratch/azare/Josh/WRFV3/frame -I/global/scratch/azare/Josh/WRFV3/share -I/global/scratch/azare/Josh/WRFV3/phys -I/global/scratch/azare/Josh/WRFV3/chem -I/global/scratch/azare/Josh/WRFV3/inc -I/global/software/sl-6.x86_64/modules/intel/2013_sp1.4.211/netcdf/4.3.2-intel-p/include  -i4  module_input_gocart_dms.f90
rm -f module_cbmz_addemiss.o
/lib/cpp -C -P -I/global/scratch/azare/Josh/WRFV3/inc -DEM_CORE=1 -DNMM_CORE=0 -DNMM_MAX_DIM=2600 -DCOAMPS_CORE=0 -DDA_CORE=0 -DEXP_CORE=0 -DIWORDSIZE=4 -DDWORDSIZE=8 -DRWORDSIZE=4 -DLWORDSIZE=4 -DNONSTANDARD_SYSTEM_FUNC -DWRF_USE_CLM  -DDM_PARALLEL -DNETCDF -DUSE_ALLOCATABLES -DGRIB1 -DINTIO -DLIMIT_ARGS -DCONFIG_BUF_LEN=65536 -DMAX_DOMAINS_F=21 -DMAX_HISTORY=25 -DNMM_NEST=0 -DWRF_CHEM -DBUILD_CHEM=1 -DWRF_KPP -I. -traditional   module_cbmz_addemiss.F  > module_cbmz_addemiss.bb
/global/scratch/azare/Josh/WRFV3/tools/standard.exe module_cbmz_addemiss.bb | /lib/cpp -C -P > module_cbmz_addemiss.f90
rm -f module_cbmz_addemiss.b module_cbmz_addemiss.bb
mpif90 -f90=ifort -o module_cbmz_addemiss.o -c -O2 -ip -fp-model precise -w -ftz -align all -fno-alias -FR -convert big_endian    -I../dyn_em -I../dyn_nmm   -I/global/scratch/azare/Josh/WRFV3/external/esmf_time_f90  -I/global/scratch/azare/Josh/WRFV3/main -I/global/scratch/azare/Josh/WRFV3/external/io_netcdf -I/global/scratch/azare/Josh/WRFV3/external/io_int -I/global/scratch/azare/Josh/WRFV3/frame -I/global/scratch/azare/Josh/WRFV3/share -I/global/scratch/azare/Josh/WRFV3/phys -I/global/scratch/azare/Josh/WRFV3/chem -I/global/scratch/azare/Josh/WRFV3/inc -I/global/software/sl-6.x86_64/modules/intel/2013_sp1.4.211/netcdf/4.3.2-intel-p/include  -i4  module_cbmz_addemiss.f90
rm -f module_cbm4_addemiss.o
/lib/cpp -C -P -I/global/scratch/azare/Josh/WRFV3/inc -DEM_CORE=1 -DNMM_CORE=0 -DNMM_MAX_DIM=2600 -DCOAMPS_CORE=0 -DDA_CORE=0 -DEXP_CORE=0 -DIWORDSIZE=4 -DDWORDSIZE=8 -DRWORDSIZE=4 -DLWORDSIZE=4 -DNONSTANDARD_SYSTEM_FUNC -DWRF_USE_CLM  -DDM_PARALLEL -DNETCDF -DUSE_ALLOCATABLES -DGRIB1 -DINTIO -DLIMIT_ARGS -DCONFIG_BUF_LEN=65536 -DMAX_DOMAINS_F=21 -DMAX_HISTORY=25 -DNMM_NEST=0 -DWRF_CHEM -DBUILD_CHEM=1 -DWRF_KPP -I. -traditional   module_cbm4_addemiss.F  > module_cbm4_addemiss.bb
/global/scratch/azare/Josh/WRFV3/tools/standard.exe module_cbm4_addemiss.bb | /lib/cpp -C -P > module_cbm4_addemiss.f90
rm -f module_cbm4_addemiss.b module_cbm4_addemiss.bb
mpif90 -f90=ifort -o module_cbm4_addemiss.o -c -O2 -ip -fp-model precise -w -ftz -align all -fno-alias -FR -convert big_endian    -I../dyn_em -I../dyn_nmm   -I/global/scratch/azare/Josh/WRFV3/external/esmf_time_f90  -I/global/scratch/azare/Josh/WRFV3/main -I/global/scratch/azare/Josh/WRFV3/external/io_netcdf -I/global/scratch/azare/Josh/WRFV3/external/io_int -I/global/scratch/azare/Josh/WRFV3/frame -I/global/scratch/azare/Josh/WRFV3/share -I/global/scratch/azare/Josh/WRFV3/phys -I/global/scratch/azare/Josh/WRFV3/chem -I/global/scratch/azare/Josh/WRFV3/inc -I/global/software/sl-6.x86_64/modules/intel/2013_sp1.4.211/netcdf/4.3.2-intel-p/include  -i4  module_cbm4_addemiss.f90
rm -f module_emissions_anthropogenics.o
/lib/cpp -C -P -I/global/scratch/azare/Josh/WRFV3/inc -DEM_CORE=1 -DNMM_CORE=0 -DNMM_MAX_DIM=2600 -DCOAMPS_CORE=0 -DDA_CORE=0 -DEXP_CORE=0 -DIWORDSIZE=4 -DDWORDSIZE=8 -DRWORDSIZE=4 -DLWORDSIZE=4 -DNONSTANDARD_SYSTEM_FUNC -DWRF_USE_CLM  -DDM_PARALLEL -DNETCDF -DUSE_ALLOCATABLES -DGRIB1 -DINTIO -DLIMIT_ARGS -DCONFIG_BUF_LEN=65536 -DMAX_DOMAINS_F=21 -DMAX_HISTORY=25 -DNMM_NEST=0 -DWRF_CHEM -DBUILD_CHEM=1 -DWRF_KPP -I. -traditional   module_emissions_anthropogenics.F  > module_emissions_anthropogenics.bb
/global/scratch/azare/Josh/WRFV3/tools/standard.exe module_emissions_anthropogenics.bb | /lib/cpp -C -P > module_emissions_anthropogenics.f90
rm -f module_emissions_anthropogenics.b module_emissions_anthropogenics.bb
mpif90 -f90=ifort -o module_emissions_anthropogenics.o -c -O2 -ip -fp-model precise -w -ftz -align all -fno-alias -FR -convert big_endian    -I../dyn_em -I../dyn_nmm   -I/global/scratch/azare/Josh/WRFV3/external/esmf_time_f90  -I/global/scratch/azare/Josh/WRFV3/main -I/global/scratch/azare/Josh/WRFV3/external/io_netcdf -I/global/scratch/azare/Josh/WRFV3/external/io_int -I/global/scratch/azare/Josh/WRFV3/frame -I/global/scratch/azare/Josh/WRFV3/share -I/global/scratch/azare/Josh/WRFV3/phys -I/global/scratch/azare/Josh/WRFV3/chem -I/global/scratch/azare/Josh/WRFV3/inc -I/global/software/sl-6.x86_64/modules/intel/2013_sp1.4.211/netcdf/4.3.2-intel-p/include  -i4  module_emissions_anthropogenics.f90
rm -f module_cam_mam_wateruptake.o
/lib/cpp -C -P -I/global/scratch/azare/Josh/WRFV3/inc -DEM_CORE=1 -DNMM_CORE=0 -DNMM_MAX_DIM=2600 -DCOAMPS_CORE=0 -DDA_CORE=0 -DEXP_CORE=0 -DIWORDSIZE=4 -DDWORDSIZE=8 -DRWORDSIZE=4 -DLWORDSIZE=4 -DNONSTANDARD_SYSTEM_FUNC -DWRF_USE_CLM  -DDM_PARALLEL -DNETCDF -DUSE_ALLOCATABLES -DGRIB1 -DINTIO -DLIMIT_ARGS -DCONFIG_BUF_LEN=65536 -DMAX_DOMAINS_F=21 -DMAX_HISTORY=25 -DNMM_NEST=0 -DWRF_CHEM -DBUILD_CHEM=1 -DWRF_KPP -I. -traditional   module_cam_mam_wateruptake.F  > module_cam_mam_wateruptake.bb
/global/scratch/azare/Josh/WRFV3/tools/standard.exe module_cam_mam_wateruptake.bb | /lib/cpp -C -P > module_cam_mam_wateruptake.f90
rm -f module_cam_mam_wateruptake.b module_cam_mam_wateruptake.bb
mpif90 -f90=ifort -o module_cam_mam_wateruptake.o -c -O2 -ip -fp-model precise -w -ftz -align all -fno-alias -FR -convert big_endian    -I../dyn_em -I../dyn_nmm   -I/global/scratch/azare/Josh/WRFV3/external/esmf_time_f90  -I/global/scratch/azare/Josh/WRFV3/main -I/global/scratch/azare/Josh/WRFV3/external/io_netcdf -I/global/scratch/azare/Josh/WRFV3/external/io_int -I/global/scratch/azare/Josh/WRFV3/frame -I/global/scratch/azare/Josh/WRFV3/share -I/global/scratch/azare/Josh/WRFV3/phys -I/global/scratch/azare/Josh/WRFV3/chem -I/global/scratch/azare/Josh/WRFV3/inc -I/global/software/sl-6.x86_64/modules/intel/2013_sp1.4.211/netcdf/4.3.2-intel-p/include  -i4  module_cam_mam_wateruptake.f90
rm -f module_cam_mam_aerchem_driver.o
/lib/cpp -C -P -I/global/scratch/azare/Josh/WRFV3/inc -DEM_CORE=1 -DNMM_CORE=0 -DNMM_MAX_DIM=2600 -DCOAMPS_CORE=0 -DDA_CORE=0 -DEXP_CORE=0 -DIWORDSIZE=4 -DDWORDSIZE=8 -DRWORDSIZE=4 -DLWORDSIZE=4 -DNONSTANDARD_SYSTEM_FUNC -DWRF_USE_CLM  -DDM_PARALLEL -DNETCDF -DUSE_ALLOCATABLES -DGRIB1 -DINTIO -DLIMIT_ARGS -DCONFIG_BUF_LEN=65536 -DMAX_DOMAINS_F=21 -DMAX_HISTORY=25 -DNMM_NEST=0 -DWRF_CHEM -DBUILD_CHEM=1 -DWRF_KPP -I. -traditional   module_cam_mam_aerchem_driver.F  > module_cam_mam_aerchem_driver.bb
/global/scratch/azare/Josh/WRFV3/tools/standard.exe module_cam_mam_aerchem_driver.bb | /lib/cpp -C -P > module_cam_mam_aerchem_driver.f90
rm -f module_cam_mam_aerchem_driver.b module_cam_mam_aerchem_driver.bb
mpif90 -f90=ifort -o module_cam_mam_aerchem_driver.o -c -O2 -ip -fp-model precise -w -ftz -align all -fno-alias -FR -convert big_endian    -I../dyn_em -I../dyn_nmm   -I/global/scratch/azare/Josh/WRFV3/external/esmf_time_f90  -I/global/scratch/azare/Josh/WRFV3/main -I/global/scratch/azare/Josh/WRFV3/external/io_netcdf -I/global/scratch/azare/Josh/WRFV3/external/io_int -I/global/scratch/azare/Josh/WRFV3/frame -I/global/scratch/azare/Josh/WRFV3/share -I/global/scratch/azare/Josh/WRFV3/phys -I/global/scratch/azare/Josh/WRFV3/chem -I/global/scratch/azare/Josh/WRFV3/inc -I/global/software/sl-6.x86_64/modules/intel/2013_sp1.4.211/netcdf/4.3.2-intel-p/include  -i4  module_cam_mam_aerchem_driver.f90
rm -f module_aer_drydep.o
/lib/cpp -C -P -I/global/scratch/azare/Josh/WRFV3/inc -DEM_CORE=1 -DNMM_CORE=0 -DNMM_MAX_DIM=2600 -DCOAMPS_CORE=0 -DDA_CORE=0 -DEXP_CORE=0 -DIWORDSIZE=4 -DDWORDSIZE=8 -DRWORDSIZE=4 -DLWORDSIZE=4 -DNONSTANDARD_SYSTEM_FUNC -DWRF_USE_CLM  -DDM_PARALLEL -DNETCDF -DUSE_ALLOCATABLES -DGRIB1 -DINTIO -DLIMIT_ARGS -DCONFIG_BUF_LEN=65536 -DMAX_DOMAINS_F=21 -DMAX_HISTORY=25 -DNMM_NEST=0 -DWRF_CHEM -DBUILD_CHEM=1 -DWRF_KPP -I. -traditional   module_aer_drydep.F  > module_aer_drydep.bb
/global/scratch/azare/Josh/WRFV3/tools/standard.exe module_aer_drydep.bb | /lib/cpp -C -P > module_aer_drydep.f90
rm -f module_aer_drydep.b module_aer_drydep.bb
mpif90 -f90=ifort -o module_aer_drydep.o -c -O2 -ip -fp-model precise -w -ftz -align all -fno-alias -FR -convert big_endian    -I../dyn_em -I../dyn_nmm   -I/global/scratch/azare/Josh/WRFV3/external/esmf_time_f90  -I/global/scratch/azare/Josh/WRFV3/main -I/global/scratch/azare/Josh/WRFV3/external/io_netcdf -I/global/scratch/azare/Josh/WRFV3/external/io_int -I/global/scratch/azare/Josh/WRFV3/frame -I/global/scratch/azare/Josh/WRFV3/share -I/global/scratch/azare/Josh/WRFV3/phys -I/global/scratch/azare/Josh/WRFV3/chem -I/global/scratch/azare/Josh/WRFV3/inc -I/global/software/sl-6.x86_64/modules/intel/2013_sp1.4.211/netcdf/4.3.2-intel-p/include  -i4  module_aer_drydep.f90
rm -f module_cam_mam_dust_sediment.o
/lib/cpp -C -P -I/global/scratch/azare/Josh/WRFV3/inc -DEM_CORE=1 -DNMM_CORE=0 -DNMM_MAX_DIM=2600 -DCOAMPS_CORE=0 -DDA_CORE=0 -DEXP_CORE=0 -DIWORDSIZE=4 -DDWORDSIZE=8 -DRWORDSIZE=4 -DLWORDSIZE=4 -DNONSTANDARD_SYSTEM_FUNC -DWRF_USE_CLM  -DDM_PARALLEL -DNETCDF -DUSE_ALLOCATABLES -DGRIB1 -DINTIO -DLIMIT_ARGS -DCONFIG_BUF_LEN=65536 -DMAX_DOMAINS_F=21 -DMAX_HISTORY=25 -DNMM_NEST=0 -DWRF_CHEM -DBUILD_CHEM=1 -DWRF_KPP -I. -traditional   module_cam_mam_dust_sediment.F  > module_cam_mam_dust_sediment.bb
/global/scratch/azare/Josh/WRFV3/tools/standard.exe module_cam_mam_dust_sediment.bb | /lib/cpp -C -P > module_cam_mam_dust_sediment.f90
rm -f module_cam_mam_dust_sediment.b module_cam_mam_dust_sediment.bb
mpif90 -f90=ifort -o module_cam_mam_dust_sediment.o -c -O2 -ip -fp-model precise -w -ftz -align all -fno-alias -FR -convert big_endian    -I../dyn_em -I../dyn_nmm   -I/global/scratch/azare/Josh/WRFV3/external/esmf_time_f90  -I/global/scratch/azare/Josh/WRFV3/main -I/global/scratch/azare/Josh/WRFV3/external/io_netcdf -I/global/scratch/azare/Josh/WRFV3/external/io_int -I/global/scratch/azare/Josh/WRFV3/frame -I/global/scratch/azare/Josh/WRFV3/share -I/global/scratch/azare/Josh/WRFV3/phys -I/global/scratch/azare/Josh/WRFV3/chem -I/global/scratch/azare/Josh/WRFV3/inc -I/global/software/sl-6.x86_64/modules/intel/2013_sp1.4.211/netcdf/4.3.2-intel-p/include  -i4  module_cam_mam_dust_sediment.f90
rm -f module_cam_mam_drydep.o
/lib/cpp -C -P -I/global/scratch/azare/Josh/WRFV3/inc -DEM_CORE=1 -DNMM_CORE=0 -DNMM_MAX_DIM=2600 -DCOAMPS_CORE=0 -DDA_CORE=0 -DEXP_CORE=0 -DIWORDSIZE=4 -DDWORDSIZE=8 -DRWORDSIZE=4 -DLWORDSIZE=4 -DNONSTANDARD_SYSTEM_FUNC -DWRF_USE_CLM  -DDM_PARALLEL -DNETCDF -DUSE_ALLOCATABLES -DGRIB1 -DINTIO -DLIMIT_ARGS -DCONFIG_BUF_LEN=65536 -DMAX_DOMAINS_F=21 -DMAX_HISTORY=25 -DNMM_NEST=0 -DWRF_CHEM -DBUILD_CHEM=1 -DWRF_KPP -I. -traditional   module_cam_mam_drydep.F  > module_cam_mam_drydep.bb
/global/scratch/azare/Josh/WRFV3/tools/standard.exe module_cam_mam_drydep.bb | /lib/cpp -C -P > module_cam_mam_drydep.f90
rm -f module_cam_mam_drydep.b module_cam_mam_drydep.bb
mpif90 -f90=ifort -o module_cam_mam_drydep.o -c -O2 -ip -fp-model precise -w -ftz -align all -fno-alias -FR -convert big_endian    -I../dyn_em -I../dyn_nmm   -I/global/scratch/azare/Josh/WRFV3/external/esmf_time_f90  -I/global/scratch/azare/Josh/WRFV3/main -I/global/scratch/azare/Josh/WRFV3/external/io_netcdf -I/global/scratch/azare/Josh/WRFV3/external/io_int -I/global/scratch/azare/Josh/WRFV3/frame -I/global/scratch/azare/Josh/WRFV3/share -I/global/scratch/azare/Josh/WRFV3/phys -I/global/scratch/azare/Josh/WRFV3/chem -I/global/scratch/azare/Josh/WRFV3/inc -I/global/software/sl-6.x86_64/modules/intel/2013_sp1.4.211/netcdf/4.3.2-intel-p/include  -i4  module_cam_mam_drydep.f90
rm -f module_cam_mam_addemiss.o
/lib/cpp -C -P -I/global/scratch/azare/Josh/WRFV3/inc -DEM_CORE=1 -DNMM_CORE=0 -DNMM_MAX_DIM=2600 -DCOAMPS_CORE=0 -DDA_CORE=0 -DEXP_CORE=0 -DIWORDSIZE=4 -DDWORDSIZE=8 -DRWORDSIZE=4 -DLWORDSIZE=4 -DNONSTANDARD_SYSTEM_FUNC -DWRF_USE_CLM  -DDM_PARALLEL -DNETCDF -DUSE_ALLOCATABLES -DGRIB1 -DINTIO -DLIMIT_ARGS -DCONFIG_BUF_LEN=65536 -DMAX_DOMAINS_F=21 -DMAX_HISTORY=25 -DNMM_NEST=0 -DWRF_CHEM -DBUILD_CHEM=1 -DWRF_KPP -I. -traditional   module_cam_mam_addemiss.F  > module_cam_mam_addemiss.bb
/global/scratch/azare/Josh/WRFV3/tools/standard.exe module_cam_mam_addemiss.bb | /lib/cpp -C -P > module_cam_mam_addemiss.f90
rm -f module_cam_mam_addemiss.b module_cam_mam_addemiss.bb
mpif90 -f90=ifort -o module_cam_mam_addemiss.o -c -O2 -ip -fp-model precise -w -ftz -align all -fno-alias -FR -convert big_endian    -I../dyn_em -I../dyn_nmm   -I/global/scratch/azare/Josh/WRFV3/external/esmf_time_f90  -I/global/scratch/azare/Josh/WRFV3/main -I/global/scratch/azare/Josh/WRFV3/external/io_netcdf -I/global/scratch/azare/Josh/WRFV3/external/io_int -I/global/scratch/azare/Josh/WRFV3/frame -I/global/scratch/azare/Josh/WRFV3/share -I/global/scratch/azare/Josh/WRFV3/phys -I/global/scratch/azare/Josh/WRFV3/chem -I/global/scratch/azare/Josh/WRFV3/inc -I/global/software/sl-6.x86_64/modules/intel/2013_sp1.4.211/netcdf/4.3.2-intel-p/include  -i4  module_cam_mam_addemiss.f90
rm -f module_mosaic_cloudchem.o
/lib/cpp -C -P -I/global/scratch/azare/Josh/WRFV3/inc -DEM_CORE=1 -DNMM_CORE=0 -DNMM_MAX_DIM=2600 -DCOAMPS_CORE=0 -DDA_CORE=0 -DEXP_CORE=0 -DIWORDSIZE=4 -DDWORDSIZE=8 -DRWORDSIZE=4 -DLWORDSIZE=4 -DNONSTANDARD_SYSTEM_FUNC -DWRF_USE_CLM  -DDM_PARALLEL -DNETCDF -DUSE_ALLOCATABLES -DGRIB1 -DINTIO -DLIMIT_ARGS -DCONFIG_BUF_LEN=65536 -DMAX_DOMAINS_F=21 -DMAX_HISTORY=25 -DNMM_NEST=0 -DWRF_CHEM -DBUILD_CHEM=1 -DWRF_KPP -I. -traditional   module_mosaic_cloudchem.F  > module_mosaic_cloudchem.bb
/global/scratch/azare/Josh/WRFV3/tools/standard.exe module_mosaic_cloudchem.bb | /lib/cpp -C -P > module_mosaic_cloudchem.f90
rm -f module_mosaic_cloudchem.b module_mosaic_cloudchem.bb
mpif90 -f90=ifort -o module_mosaic_cloudchem.o -c -O2 -ip -fp-model precise -w -ftz -align all -fno-alias -FR -convert big_endian    -I../dyn_em -I../dyn_nmm   -I/global/scratch/azare/Josh/WRFV3/external/esmf_time_f90  -I/global/scratch/azare/Josh/WRFV3/main -I/global/scratch/azare/Josh/WRFV3/external/io_netcdf -I/global/scratch/azare/Josh/WRFV3/external/io_int -I/global/scratch/azare/Josh/WRFV3/frame -I/global/scratch/azare/Josh/WRFV3/share -I/global/scratch/azare/Josh/WRFV3/phys -I/global/scratch/azare/Josh/WRFV3/chem -I/global/scratch/azare/Josh/WRFV3/inc -I/global/software/sl-6.x86_64/modules/intel/2013_sp1.4.211/netcdf/4.3.2-intel-p/include  -i4  module_mosaic_cloudchem.f90
rm -f module_sorgam_cloudchem.o
/lib/cpp -C -P -I/global/scratch/azare/Josh/WRFV3/inc -DEM_CORE=1 -DNMM_CORE=0 -DNMM_MAX_DIM=2600 -DCOAMPS_CORE=0 -DDA_CORE=0 -DEXP_CORE=0 -DIWORDSIZE=4 -DDWORDSIZE=8 -DRWORDSIZE=4 -DLWORDSIZE=4 -DNONSTANDARD_SYSTEM_FUNC -DWRF_USE_CLM  -DDM_PARALLEL -DNETCDF -DUSE_ALLOCATABLES -DGRIB1 -DINTIO -DLIMIT_ARGS -DCONFIG_BUF_LEN=65536 -DMAX_DOMAINS_F=21 -DMAX_HISTORY=25 -DNMM_NEST=0 -DWRF_CHEM -DBUILD_CHEM=1 -DWRF_KPP -I. -traditional   module_sorgam_cloudchem.F  > module_sorgam_cloudchem.bb
/global/scratch/azare/Josh/WRFV3/tools/standard.exe module_sorgam_cloudchem.bb | /lib/cpp -C -P > module_sorgam_cloudchem.f90
rm -f module_sorgam_cloudchem.b module_sorgam_cloudchem.bb
mpif90 -f90=ifort -o module_sorgam_cloudchem.o -c -O2 -ip -fp-model precise -w -ftz -align all -fno-alias -FR -convert big_endian    -I../dyn_em -I../dyn_nmm   -I/global/scratch/azare/Josh/WRFV3/external/esmf_time_f90  -I/global/scratch/azare/Josh/WRFV3/main -I/global/scratch/azare/Josh/WRFV3/external/io_netcdf -I/global/scratch/azare/Josh/WRFV3/external/io_int -I/global/scratch/azare/Josh/WRFV3/frame -I/global/scratch/azare/Josh/WRFV3/share -I/global/scratch/azare/Josh/WRFV3/phys -I/global/scratch/azare/Josh/WRFV3/chem -I/global/scratch/azare/Josh/WRFV3/inc -I/global/software/sl-6.x86_64/modules/intel/2013_sp1.4.211/netcdf/4.3.2-intel-p/include  -i4  module_sorgam_cloudchem.f90
rm -f module_phot_fastj.o
/lib/cpp -C -P -I/global/scratch/azare/Josh/WRFV3/inc -DEM_CORE=1 -DNMM_CORE=0 -DNMM_MAX_DIM=2600 -DCOAMPS_CORE=0 -DDA_CORE=0 -DEXP_CORE=0 -DIWORDSIZE=4 -DDWORDSIZE=8 -DRWORDSIZE=4 -DLWORDSIZE=4 -DNONSTANDARD_SYSTEM_FUNC -DWRF_USE_CLM  -DDM_PARALLEL -DNETCDF -DUSE_ALLOCATABLES -DGRIB1 -DINTIO -DLIMIT_ARGS -DCONFIG_BUF_LEN=65536 -DMAX_DOMAINS_F=21 -DMAX_HISTORY=25 -DNMM_NEST=0 -DWRF_CHEM -DBUILD_CHEM=1 -DWRF_KPP -I. -traditional   module_phot_fastj.F  > module_phot_fastj.bb
/global/scratch/azare/Josh/WRFV3/tools/standard.exe module_phot_fastj.bb | /lib/cpp -C -P > module_phot_fastj.f90
rm -f module_phot_fastj.b module_phot_fastj.bb
mpif90 -f90=ifort -o module_phot_fastj.o -c -O2 -ip -fp-model precise -w -ftz -align all -fno-alias -FR -convert big_endian    -I../dyn_em -I../dyn_nmm   -I/global/scratch/azare/Josh/WRFV3/external/esmf_time_f90  -I/global/scratch/azare/Josh/WRFV3/main -I/global/scratch/azare/Josh/WRFV3/external/io_netcdf -I/global/scratch/azare/Josh/WRFV3/external/io_int -I/global/scratch/azare/Josh/WRFV3/frame -I/global/scratch/azare/Josh/WRFV3/share -I/global/scratch/azare/Josh/WRFV3/phys -I/global/scratch/azare/Josh/WRFV3/chem -I/global/scratch/azare/Josh/WRFV3/inc -I/global/software/sl-6.x86_64/modules/intel/2013_sp1.4.211/netcdf/4.3.2-intel-p/include  -i4  module_phot_fastj.f90
rm -f kpp_mechanism_driver.o
/lib/cpp -C -P -I/global/scratch/azare/Josh/WRFV3/inc -DEM_CORE=1 -DNMM_CORE=0 -DNMM_MAX_DIM=2600 -DCOAMPS_CORE=0 -DDA_CORE=0 -DEXP_CORE=0 -DIWORDSIZE=4 -DDWORDSIZE=8 -DRWORDSIZE=4 -DLWORDSIZE=4 -DNONSTANDARD_SYSTEM_FUNC -DWRF_USE_CLM  -DDM_PARALLEL -DNETCDF -DUSE_ALLOCATABLES -DGRIB1 -DINTIO -DLIMIT_ARGS -DCONFIG_BUF_LEN=65536 -DMAX_DOMAINS_F=21 -DMAX_HISTORY=25 -DNMM_NEST=0 -DWRF_CHEM -DBUILD_CHEM=1 -DWRF_KPP -I. -traditional   kpp_mechanism_driver.F  > kpp_mechanism_driver.bb
/global/scratch/azare/Josh/WRFV3/tools/standard.exe kpp_mechanism_driver.bb | /lib/cpp -C -P > kpp_mechanism_driver.f90
rm -f kpp_mechanism_driver.b kpp_mechanism_driver.bb
mpif90 -f90=ifort -o kpp_mechanism_driver.o -c -O2 -ip -fp-model precise -w -ftz -align all -fno-alias -FR -convert big_endian    -I../dyn_em -I../dyn_nmm   -I/global/scratch/azare/Josh/WRFV3/external/esmf_time_f90  -I/global/scratch/azare/Josh/WRFV3/main -I/global/scratch/azare/Josh/WRFV3/external/io_netcdf -I/global/scratch/azare/Josh/WRFV3/external/io_int -I/global/scratch/azare/Josh/WRFV3/frame -I/global/scratch/azare/Josh/WRFV3/share -I/global/scratch/azare/Josh/WRFV3/phys -I/global/scratch/azare/Josh/WRFV3/chem -I/global/scratch/azare/Josh/WRFV3/inc -I/global/software/sl-6.x86_64/modules/intel/2013_sp1.4.211/netcdf/4.3.2-intel-p/include  -i4  kpp_mechanism_driver.f90
rm -f chemics_init.o
/lib/cpp -C -P -I/global/scratch/azare/Josh/WRFV3/inc -DEM_CORE=1 -DNMM_CORE=0 -DNMM_MAX_DIM=2600 -DCOAMPS_CORE=0 -DDA_CORE=0 -DEXP_CORE=0 -DIWORDSIZE=4 -DDWORDSIZE=8 -DRWORDSIZE=4 -DLWORDSIZE=4 -DNONSTANDARD_SYSTEM_FUNC -DWRF_USE_CLM  -DDM_PARALLEL -DNETCDF -DUSE_ALLOCATABLES -DGRIB1 -DINTIO -DLIMIT_ARGS -DCONFIG_BUF_LEN=65536 -DMAX_DOMAINS_F=21 -DMAX_HISTORY=25 -DNMM_NEST=0 -DWRF_CHEM -DBUILD_CHEM=1 -DWRF_KPP -I. -traditional   chemics_init.F  > chemics_init.bb
/global/scratch/azare/Josh/WRFV3/tools/standard.exe chemics_init.bb | /lib/cpp -C -P > chemics_init.f90
rm -f chemics_init.b chemics_init.bb
mpif90 -f90=ifort -o chemics_init.o -c -O2 -ip -fp-model precise -w -ftz -align all -fno-alias -FR -convert big_endian    -I../dyn_em -I../dyn_nmm   -I/global/scratch/azare/Josh/WRFV3/external/esmf_time_f90  -I/global/scratch/azare/Josh/WRFV3/main -I/global/scratch/azare/Josh/WRFV3/external/io_netcdf -I/global/scratch/azare/Josh/WRFV3/external/io_int -I/global/scratch/azare/Josh/WRFV3/frame -I/global/scratch/azare/Josh/WRFV3/share -I/global/scratch/azare/Josh/WRFV3/phys -I/global/scratch/azare/Josh/WRFV3/chem -I/global/scratch/azare/Josh/WRFV3/inc -I/global/software/sl-6.x86_64/modules/intel/2013_sp1.4.211/netcdf/4.3.2-intel-p/include  -i4  chemics_init.f90
rm -f ../dyn_em/module_convtrans_prep.o
/lib/cpp -C -P -I/global/scratch/azare/Josh/WRFV3/inc -DEM_CORE=1 -DNMM_CORE=0 -DNMM_MAX_DIM=2600 -DCOAMPS_CORE=0 -DDA_CORE=0 -DEXP_CORE=0 -DIWORDSIZE=4 -DDWORDSIZE=8 -DRWORDSIZE=4 -DLWORDSIZE=4 -DNONSTANDARD_SYSTEM_FUNC -DWRF_USE_CLM  -DDM_PARALLEL -DNETCDF -DUSE_ALLOCATABLES -DGRIB1 -DINTIO -DLIMIT_ARGS -DCONFIG_BUF_LEN=65536 -DMAX_DOMAINS_F=21 -DMAX_HISTORY=25 -DNMM_NEST=0 -DWRF_CHEM -DBUILD_CHEM=1 -DWRF_KPP -I. -traditional   ../dyn_em/module_convtrans_prep.F  > ../dyn_em/module_convtrans_prep.bb
/global/scratch/azare/Josh/WRFV3/tools/standard.exe ../dyn_em/module_convtrans_prep.bb | /lib/cpp -C -P > ../dyn_em/module_convtrans_prep.f90
rm -f ../dyn_em/module_convtrans_prep.b ../dyn_em/module_convtrans_prep.bb
mpif90 -f90=ifort -o ../dyn_em/module_convtrans_prep.o -c -O2 -ip -fp-model precise -w -ftz -align all -fno-alias -FR -convert big_endian    -I../dyn_em -I../dyn_nmm   -I/global/scratch/azare/Josh/WRFV3/external/esmf_time_f90  -I/global/scratch/azare/Josh/WRFV3/main -I/global/scratch/azare/Josh/WRFV3/external/io_netcdf -I/global/scratch/azare/Josh/WRFV3/external/io_int -I/global/scratch/azare/Josh/WRFV3/frame -I/global/scratch/azare/Josh/WRFV3/share -I/global/scratch/azare/Josh/WRFV3/phys -I/global/scratch/azare/Josh/WRFV3/chem -I/global/scratch/azare/Josh/WRFV3/inc -I/global/software/sl-6.x86_64/modules/intel/2013_sp1.4.211/netcdf/4.3.2-intel-p/include  -i4  ../dyn_em/module_convtrans_prep.f90
rm -f dry_dep_driver.o
/lib/cpp -C -P -I/global/scratch/azare/Josh/WRFV3/inc -DEM_CORE=1 -DNMM_CORE=0 -DNMM_MAX_DIM=2600 -DCOAMPS_CORE=0 -DDA_CORE=0 -DEXP_CORE=0 -DIWORDSIZE=4 -DDWORDSIZE=8 -DRWORDSIZE=4 -DLWORDSIZE=4 -DNONSTANDARD_SYSTEM_FUNC -DWRF_USE_CLM  -DDM_PARALLEL -DNETCDF -DUSE_ALLOCATABLES -DGRIB1 -DINTIO -DLIMIT_ARGS -DCONFIG_BUF_LEN=65536 -DMAX_DOMAINS_F=21 -DMAX_HISTORY=25 -DNMM_NEST=0 -DWRF_CHEM -DBUILD_CHEM=1 -DWRF_KPP -I. -traditional   dry_dep_driver.F  > dry_dep_driver.bb
/global/scratch/azare/Josh/WRFV3/tools/standard.exe dry_dep_driver.bb | /lib/cpp -C -P > dry_dep_driver.f90
rm -f dry_dep_driver.b dry_dep_driver.bb
mpif90 -f90=ifort -o dry_dep_driver.o -c -O2 -ip -fp-model precise -w -ftz -align all -fno-alias -FR -convert big_endian    -I../dyn_em -I../dyn_nmm   -I/global/scratch/azare/Josh/WRFV3/external/esmf_time_f90  -I/global/scratch/azare/Josh/WRFV3/main -I/global/scratch/azare/Josh/WRFV3/external/io_netcdf -I/global/scratch/azare/Josh/WRFV3/external/io_int -I/global/scratch/azare/Josh/WRFV3/frame -I/global/scratch/azare/Josh/WRFV3/share -I/global/scratch/azare/Josh/WRFV3/phys -I/global/scratch/azare/Josh/WRFV3/chem -I/global/scratch/azare/Josh/WRFV3/inc -I/global/software/sl-6.x86_64/modules/intel/2013_sp1.4.211/netcdf/4.3.2-intel-p/include  -i4  dry_dep_driver.f90
rm -f emissions_driver.o
/lib/cpp -C -P -I/global/scratch/azare/Josh/WRFV3/inc -DEM_CORE=1 -DNMM_CORE=0 -DNMM_MAX_DIM=2600 -DCOAMPS_CORE=0 -DDA_CORE=0 -DEXP_CORE=0 -DIWORDSIZE=4 -DDWORDSIZE=8 -DRWORDSIZE=4 -DLWORDSIZE=4 -DNONSTANDARD_SYSTEM_FUNC -DWRF_USE_CLM  -DDM_PARALLEL -DNETCDF -DUSE_ALLOCATABLES -DGRIB1 -DINTIO -DLIMIT_ARGS -DCONFIG_BUF_LEN=65536 -DMAX_DOMAINS_F=21 -DMAX_HISTORY=25 -DNMM_NEST=0 -DWRF_CHEM -DBUILD_CHEM=1 -DWRF_KPP -I. -traditional   emissions_driver.F  > emissions_driver.bb
/global/scratch/azare/Josh/WRFV3/tools/standard.exe emissions_driver.bb | /lib/cpp -C -P > emissions_driver.f90
rm -f emissions_driver.b emissions_driver.bb
mpif90 -f90=ifort -o emissions_driver.o -c -O2 -ip -fp-model precise -w -ftz -align all -fno-alias -FR -convert big_endian    -I../dyn_em -I../dyn_nmm   -I/global/scratch/azare/Josh/WRFV3/external/esmf_time_f90  -I/global/scratch/azare/Josh/WRFV3/main -I/global/scratch/azare/Josh/WRFV3/external/io_netcdf -I/global/scratch/azare/Josh/WRFV3/external/io_int -I/global/scratch/azare/Josh/WRFV3/frame -I/global/scratch/azare/Josh/WRFV3/share -I/global/scratch/azare/Josh/WRFV3/phys -I/global/scratch/azare/Josh/WRFV3/chem -I/global/scratch/azare/Josh/WRFV3/inc -I/global/software/sl-6.x86_64/modules/intel/2013_sp1.4.211/netcdf/4.3.2-intel-p/include  -i4  emissions_driver.f90
rm -f chem_driver.o
/lib/cpp -C -P -I/global/scratch/azare/Josh/WRFV3/inc -DEM_CORE=1 -DNMM_CORE=0 -DNMM_MAX_DIM=2600 -DCOAMPS_CORE=0 -DDA_CORE=0 -DEXP_CORE=0 -DIWORDSIZE=4 -DDWORDSIZE=8 -DRWORDSIZE=4 -DLWORDSIZE=4 -DNONSTANDARD_SYSTEM_FUNC -DWRF_USE_CLM  -DDM_PARALLEL -DNETCDF -DUSE_ALLOCATABLES -DGRIB1 -DINTIO -DLIMIT_ARGS -DCONFIG_BUF_LEN=65536 -DMAX_DOMAINS_F=21 -DMAX_HISTORY=25 -DNMM_NEST=0 -DWRF_CHEM -DBUILD_CHEM=1 -DWRF_KPP -I. -traditional   chem_driver.F  > chem_driver.bb
/global/scratch/azare/Josh/WRFV3/tools/standard.exe chem_driver.bb | /lib/cpp -C -P > chem_driver.f90
rm -f chem_driver.b chem_driver.bb
mpif90 -f90=ifort -o chem_driver.o -c -O2 -ip -fp-model precise -w -ftz -align all -fno-alias -FR -convert big_endian    -I../dyn_em -I../dyn_nmm   -I/global/scratch/azare/Josh/WRFV3/external/esmf_time_f90  -I/global/scratch/azare/Josh/WRFV3/main -I/global/scratch/azare/Josh/WRFV3/external/io_netcdf -I/global/scratch/azare/Josh/WRFV3/external/io_int -I/global/scratch/azare/Josh/WRFV3/frame -I/global/scratch/azare/Josh/WRFV3/share -I/global/scratch/azare/Josh/WRFV3/phys -I/global/scratch/azare/Josh/WRFV3/chem -I/global/scratch/azare/Josh/WRFV3/inc -I/global/software/sl-6.x86_64/modules/intel/2013_sp1.4.211/netcdf/4.3.2-intel-p/include  -i4  chem_driver.f90
rm -f cloudchem_driver.o
/lib/cpp -C -P -I/global/scratch/azare/Josh/WRFV3/inc -DEM_CORE=1 -DNMM_CORE=0 -DNMM_MAX_DIM=2600 -DCOAMPS_CORE=0 -DDA_CORE=0 -DEXP_CORE=0 -DIWORDSIZE=4 -DDWORDSIZE=8 -DRWORDSIZE=4 -DLWORDSIZE=4 -DNONSTANDARD_SYSTEM_FUNC -DWRF_USE_CLM  -DDM_PARALLEL -DNETCDF -DUSE_ALLOCATABLES -DGRIB1 -DINTIO -DLIMIT_ARGS -DCONFIG_BUF_LEN=65536 -DMAX_DOMAINS_F=21 -DMAX_HISTORY=25 -DNMM_NEST=0 -DWRF_CHEM -DBUILD_CHEM=1 -DWRF_KPP -I. -traditional   cloudchem_driver.F  > cloudchem_driver.bb
/global/scratch/azare/Josh/WRFV3/tools/standard.exe cloudchem_driver.bb | /lib/cpp -C -P > cloudchem_driver.f90
rm -f cloudchem_driver.b cloudchem_driver.bb
mpif90 -f90=ifort -o cloudchem_driver.o -c -O2 -ip -fp-model precise -w -ftz -align all -fno-alias -FR -convert big_endian    -I../dyn_em -I../dyn_nmm   -I/global/scratch/azare/Josh/WRFV3/external/esmf_time_f90  -I/global/scratch/azare/Josh/WRFV3/main -I/global/scratch/azare/Josh/WRFV3/external/io_netcdf -I/global/scratch/azare/Josh/WRFV3/external/io_int -I/global/scratch/azare/Josh/WRFV3/frame -I/global/scratch/azare/Josh/WRFV3/share -I/global/scratch/azare/Josh/WRFV3/phys -I/global/scratch/azare/Josh/WRFV3/chem -I/global/scratch/azare/Josh/WRFV3/inc -I/global/software/sl-6.x86_64/modules/intel/2013_sp1.4.211/netcdf/4.3.2-intel-p/include  -i4  cloudchem_driver.f90
rm -f photolysis_driver.o
/lib/cpp -C -P -I/global/scratch/azare/Josh/WRFV3/inc -DEM_CORE=1 -DNMM_CORE=0 -DNMM_MAX_DIM=2600 -DCOAMPS_CORE=0 -DDA_CORE=0 -DEXP_CORE=0 -DIWORDSIZE=4 -DDWORDSIZE=8 -DRWORDSIZE=4 -DLWORDSIZE=4 -DNONSTANDARD_SYSTEM_FUNC -DWRF_USE_CLM  -DDM_PARALLEL -DNETCDF -DUSE_ALLOCATABLES -DGRIB1 -DINTIO -DLIMIT_ARGS -DCONFIG_BUF_LEN=65536 -DMAX_DOMAINS_F=21 -DMAX_HISTORY=25 -DNMM_NEST=0 -DWRF_CHEM -DBUILD_CHEM=1 -DWRF_KPP -I. -traditional   photolysis_driver.F  > photolysis_driver.bb
/global/scratch/azare/Josh/WRFV3/tools/standard.exe photolysis_driver.bb | /lib/cpp -C -P > photolysis_driver.f90
rm -f photolysis_driver.b photolysis_driver.bb
mpif90 -f90=ifort -o photolysis_driver.o -c -O2 -ip -fp-model precise -w -ftz -align all -fno-alias -FR -convert big_endian    -I../dyn_em -I../dyn_nmm   -I/global/scratch/azare/Josh/WRFV3/external/esmf_time_f90  -I/global/scratch/azare/Josh/WRFV3/main -I/global/scratch/azare/Josh/WRFV3/external/io_netcdf -I/global/scratch/azare/Josh/WRFV3/external/io_int -I/global/scratch/azare/Josh/WRFV3/frame -I/global/scratch/azare/Josh/WRFV3/share -I/global/scratch/azare/Josh/WRFV3/phys -I/global/scratch/azare/Josh/WRFV3/chem -I/global/scratch/azare/Josh/WRFV3/inc -I/global/software/sl-6.x86_64/modules/intel/2013_sp1.4.211/netcdf/4.3.2-intel-p/include  -i4  photolysis_driver.f90
rm -f optical_driver.o
/lib/cpp -C -P -I/global/scratch/azare/Josh/WRFV3/inc -DEM_CORE=1 -DNMM_CORE=0 -DNMM_MAX_DIM=2600 -DCOAMPS_CORE=0 -DDA_CORE=0 -DEXP_CORE=0 -DIWORDSIZE=4 -DDWORDSIZE=8 -DRWORDSIZE=4 -DLWORDSIZE=4 -DNONSTANDARD_SYSTEM_FUNC -DWRF_USE_CLM  -DDM_PARALLEL -DNETCDF -DUSE_ALLOCATABLES -DGRIB1 -DINTIO -DLIMIT_ARGS -DCONFIG_BUF_LEN=65536 -DMAX_DOMAINS_F=21 -DMAX_HISTORY=25 -DNMM_NEST=0 -DWRF_CHEM -DBUILD_CHEM=1 -DWRF_KPP -I. -traditional   optical_driver.F  > optical_driver.bb
/global/scratch/azare/Josh/WRFV3/tools/standard.exe optical_driver.bb | /lib/cpp -C -P > optical_driver.f90
rm -f optical_driver.b optical_driver.bb
mpif90 -f90=ifort -o optical_driver.o -c -O2 -ip -fp-model precise -w -ftz -align all -fno-alias -FR -convert big_endian    -I../dyn_em -I../dyn_nmm   -I/global/scratch/azare/Josh/WRFV3/external/esmf_time_f90  -I/global/scratch/azare/Josh/WRFV3/main -I/global/scratch/azare/Josh/WRFV3/external/io_netcdf -I/global/scratch/azare/Josh/WRFV3/external/io_int -I/global/scratch/azare/Josh/WRFV3/frame -I/global/scratch/azare/Josh/WRFV3/share -I/global/scratch/azare/Josh/WRFV3/phys -I/global/scratch/azare/Josh/WRFV3/chem -I/global/scratch/azare/Josh/WRFV3/inc -I/global/software/sl-6.x86_64/modules/intel/2013_sp1.4.211/netcdf/4.3.2-intel-p/include  -i4  optical_driver.f90
rm -f mechanism_driver.o
/lib/cpp -C -P -I/global/scratch/azare/Josh/WRFV3/inc -DEM_CORE=1 -DNMM_CORE=0 -DNMM_MAX_DIM=2600 -DCOAMPS_CORE=0 -DDA_CORE=0 -DEXP_CORE=0 -DIWORDSIZE=4 -DDWORDSIZE=8 -DRWORDSIZE=4 -DLWORDSIZE=4 -DNONSTANDARD_SYSTEM_FUNC -DWRF_USE_CLM  -DDM_PARALLEL -DNETCDF -DUSE_ALLOCATABLES -DGRIB1 -DINTIO -DLIMIT_ARGS -DCONFIG_BUF_LEN=65536 -DMAX_DOMAINS_F=21 -DMAX_HISTORY=25 -DNMM_NEST=0 -DWRF_CHEM -DBUILD_CHEM=1 -DWRF_KPP -I. -traditional   mechanism_driver.F  > mechanism_driver.bb
/global/scratch/azare/Josh/WRFV3/tools/standard.exe mechanism_driver.bb | /lib/cpp -C -P > mechanism_driver.f90
rm -f mechanism_driver.b mechanism_driver.bb
mpif90 -f90=ifort -o mechanism_driver.o -c -O2 -ip -fp-model precise -w -ftz -align all -fno-alias -FR -convert big_endian    -I../dyn_em -I../dyn_nmm   -I/global/scratch/azare/Josh/WRFV3/external/esmf_time_f90  -I/global/scratch/azare/Josh/WRFV3/main -I/global/scratch/azare/Josh/WRFV3/external/io_netcdf -I/global/scratch/azare/Josh/WRFV3/external/io_int -I/global/scratch/azare/Josh/WRFV3/frame -I/global/scratch/azare/Josh/WRFV3/share -I/global/scratch/azare/Josh/WRFV3/phys -I/global/scratch/azare/Josh/WRFV3/chem -I/global/scratch/azare/Josh/WRFV3/inc -I/global/software/sl-6.x86_64/modules/intel/2013_sp1.4.211/netcdf/4.3.2-intel-p/include  -i4  mechanism_driver.f90
rm -f aerosol_driver.o
/lib/cpp -C -P -I/global/scratch/azare/Josh/WRFV3/inc -DEM_CORE=1 -DNMM_CORE=0 -DNMM_MAX_DIM=2600 -DCOAMPS_CORE=0 -DDA_CORE=0 -DEXP_CORE=0 -DIWORDSIZE=4 -DDWORDSIZE=8 -DRWORDSIZE=4 -DLWORDSIZE=4 -DNONSTANDARD_SYSTEM_FUNC -DWRF_USE_CLM  -DDM_PARALLEL -DNETCDF -DUSE_ALLOCATABLES -DGRIB1 -DINTIO -DLIMIT_ARGS -DCONFIG_BUF_LEN=65536 -DMAX_DOMAINS_F=21 -DMAX_HISTORY=25 -DNMM_NEST=0 -DWRF_CHEM -DBUILD_CHEM=1 -DWRF_KPP -I. -traditional   aerosol_driver.F  > aerosol_driver.bb
/global/scratch/azare/Josh/WRFV3/tools/standard.exe aerosol_driver.bb | /lib/cpp -C -P > aerosol_driver.f90
rm -f aerosol_driver.b aerosol_driver.bb
mpif90 -f90=ifort -o aerosol_driver.o -c -O2 -ip -fp-model precise -w -ftz -align all -fno-alias -FR -convert big_endian    -I../dyn_em -I../dyn_nmm   -I/global/scratch/azare/Josh/WRFV3/external/esmf_time_f90  -I/global/scratch/azare/Josh/WRFV3/main -I/global/scratch/azare/Josh/WRFV3/external/io_netcdf -I/global/scratch/azare/Josh/WRFV3/external/io_int -I/global/scratch/azare/Josh/WRFV3/frame -I/global/scratch/azare/Josh/WRFV3/share -I/global/scratch/azare/Josh/WRFV3/phys -I/global/scratch/azare/Josh/WRFV3/chem -I/global/scratch/azare/Josh/WRFV3/inc -I/global/software/sl-6.x86_64/modules/intel/2013_sp1.4.211/netcdf/4.3.2-intel-p/include  -i4  aerosol_driver.f90
ar ru ../main/libwrflib.a module_aer_opt_out.o module_add_emiss_burn.o module_add_emis_cptec.o module_bioemi_beis314.o module_chem_utilities.o module_cmu_dvode_solver.o module_ctrans_aqchem.o module_data_cbmz.o module_data_cmu_bulkaqchem.o module_data_gocartchem.o module_data_gocart_seas.o module_data_mosaic_asect.o module_data_mosaic_other.o module_data_mosaic_therm.o module_data_radm2.o module_data_rrtmgaeropt.o module_data_megan2.o module_data_soa_vbs.o module_data_sorgam.o module_kpp_racm_esrlsorg_aqchem_Integr.o module_kpp_racm_esrlsorg_aqchem_Precision.o module_kpp_racm_esrlsorg_aqchem_Parameters.o module_kpp_racm_esrlsorg_aqchem_Jacobian.o module_kpp_racm_esrlsorg_aqchem_JacobianSP.o module_kpp_racm_esrlsorg_aqchem_Update_Rconst.o module_kpp_racm_esrlsorg_aqchem_interface.o module_kpp_mozart_mosaic_4bin_vbs0_Integr.o module_kpp_mozart_mosaic_4bin_vbs0_Precision.o module_kpp_mozart_mosaic_4bin_vbs0_Parameters.o module_kpp_mozart_mosaic_4bin_vbs0_Jacobian.o module_kpp_mozart_mosaic_4bin_vbs0_JacobianSP.o module_kpp_mozart_mosaic_4bin_vbs0_Update_Rconst.o module_kpp_mozart_mosaic_4bin_vbs0_interface.o module_kpp_saprc99_Integr.o module_kpp_saprc99_Precision.o module_kpp_saprc99_Parameters.o module_kpp_saprc99_Jacobian.o module_kpp_saprc99_JacobianSP.o module_kpp_saprc99_Update_Rconst.o module_kpp_saprc99_interface.o module_kpp_nmhc9_Integr.o module_kpp_nmhc9_Precision.o module_kpp_nmhc9_Parameters.o module_kpp_nmhc9_Jacobian.o module_kpp_nmhc9_JacobianSP.o module_kpp_nmhc9_Update_Rconst.o module_kpp_nmhc9_interface.o module_kpp_mozcart_Integr.o module_kpp_mozcart_Precision.o module_kpp_mozcart_Parameters.o module_kpp_mozcart_Jacobian.o module_kpp_mozcart_JacobianSP.o module_kpp_mozcart_Update_Rconst.o module_kpp_mozcart_interface.o module_kpp_gocartracm_Integr.o module_kpp_gocartracm_Precision.o module_kpp_gocartracm_Parameters.o module_kpp_gocartracm_Jacobian.o module_kpp_gocartracm_JacobianSP.o module_kpp_gocartracm_Update_Rconst.o module_kpp_gocartracm_interface.o module_kpp_racm_esrlsorg_Integr.o module_kpp_racm_esrlsorg_Precision.o module_kpp_racm_esrlsorg_Parameters.o module_kpp_racm_esrlsorg_Jacobian.o module_kpp_racm_esrlsorg_JacobianSP.o module_kpp_racm_esrlsorg_Update_Rconst.o module_kpp_racm_esrlsorg_interface.o module_kpp_mozart_Integr.o module_kpp_mozart_Precision.o module_kpp_mozart_Parameters.o module_kpp_mozart_Jacobian.o module_kpp_mozart_JacobianSP.o module_kpp_mozart_Update_Rconst.o module_kpp_mozart_interface.o module_kpp_racm_Integr.o module_kpp_racm_Precision.o module_kpp_racm_Parameters.o module_kpp_racm_Jacobian.o module_kpp_racm_JacobianSP.o module_kpp_racm_Update_Rconst.o module_kpp_racm_interface.o module_kpp_racmpm_Integr.o module_kpp_racmpm_Precision.o module_kpp_racmpm_Parameters.o module_kpp_racmpm_Jacobian.o module_kpp_racmpm_JacobianSP.o module_kpp_racmpm_Update_Rconst.o module_kpp_racmpm_interface.o module_kpp_cri_mosaic_4bin_aq_Integr.o module_kpp_cri_mosaic_4bin_aq_Precision.o module_kpp_cri_mosaic_4bin_aq_Parameters.o module_kpp_cri_mosaic_4bin_aq_Jacobian.o module_kpp_cri_mosaic_4bin_aq_JacobianSP.o module_kpp_cri_mosaic_4bin_aq_Update_Rconst.o module_kpp_cri_mosaic_4bin_aq_interface.o module_kpp_r2smh_Integr.o module_kpp_r2smh_Precision.o module_kpp_r2smh_Parameters.o module_kpp_r2smh_Jacobian.o module_kpp_r2smh_JacobianSP.o module_kpp_r2smh_Update_Rconst.o module_kpp_r2smh_interface.o module_kpp_crimech_Integr.o module_kpp_crimech_Precision.o module_kpp_crimech_Parameters.o module_kpp_crimech_Jacobian.o module_kpp_crimech_JacobianSP.o module_kpp_crimech_Update_Rconst.o module_kpp_crimech_interface.o module_kpp_racm_soa_vbs_Integr.o module_kpp_racm_soa_vbs_Precision.o module_kpp_racm_soa_vbs_Parameters.o module_kpp_racm_soa_vbs_Jacobian.o module_kpp_racm_soa_vbs_JacobianSP.o module_kpp_racm_soa_vbs_Update_Rconst.o module_kpp_racm_soa_vbs_interface.o module_kpp_racmsorg_Integr.o module_kpp_racmsorg_Precision.o module_kpp_racmsorg_Parameters.o module_kpp_racmsorg_Jacobian.o module_kpp_racmsorg_JacobianSP.o module_kpp_racmsorg_Update_Rconst.o module_kpp_racmsorg_interface.o module_kpp_radm2sorg_Integr.o module_kpp_radm2sorg_Precision.o module_kpp_radm2sorg_Parameters.o module_kpp_radm2sorg_Jacobian.o module_kpp_radm2sorg_JacobianSP.o module_kpp_radm2sorg_Update_Rconst.o module_kpp_radm2sorg_interface.o module_kpp_saprc99_mosaic_4bin_vbs2_Integr.o module_kpp_saprc99_mosaic_4bin_vbs2_Precision.o module_kpp_saprc99_mosaic_4bin_vbs2_Parameters.o module_kpp_saprc99_mosaic_4bin_vbs2_Jacobian.o module_kpp_saprc99_mosaic_4bin_vbs2_JacobianSP.o module_kpp_saprc99_mosaic_4bin_vbs2_Update_Rconst.o module_kpp_saprc99_mosaic_4bin_vbs2_interface.o module_kpp_racm_mim_Integr.o module_kpp_racm_mim_Precision.o module_kpp_racm_mim_Parameters.o module_kpp_racm_mim_Jacobian.o module_kpp_racm_mim_JacobianSP.o module_kpp_racm_mim_Update_Rconst.o module_kpp_racm_mim_interface.o module_kpp_cbmz_bb_Integr.o module_kpp_cbmz_bb_Precision.o module_kpp_cbmz_bb_Parameters.o module_kpp_cbmz_bb_Jacobian.o module_kpp_cbmz_bb_JacobianSP.o module_kpp_cbmz_bb_Update_Rconst.o module_kpp_cbmz_bb_interface.o module_kpp_cbmz_mosaic_Integr.o module_kpp_cbmz_mosaic_Precision.o module_kpp_cbmz_mosaic_Parameters.o module_kpp_cbmz_mosaic_Jacobian.o module_kpp_cbmz_mosaic_JacobianSP.o module_kpp_cbmz_mosaic_Update_Rconst.o module_kpp_cbmz_mosaic_interface.o module_kpp_radm2_Integr.o module_kpp_radm2_Precision.o module_kpp_radm2_Parameters.o module_kpp_radm2_Jacobian.o module_kpp_radm2_JacobianSP.o module_kpp_radm2_Update_Rconst.o module_kpp_radm2_interface.o module_kpp_racmsorg_aqchem_Integr.o module_kpp_racmsorg_aqchem_Precision.o module_kpp_racmsorg_aqchem_Parameters.o module_kpp_racmsorg_aqchem_Jacobian.o module_kpp_racmsorg_aqchem_JacobianSP.o module_kpp_racmsorg_aqchem_Update_Rconst.o module_kpp_racmsorg_aqchem_interface.o module_kpp_cbm4_Integr.o module_kpp_cbm4_Precision.o module_kpp_cbm4_Parameters.o module_kpp_cbm4_Jacobian.o module_kpp_cbm4_JacobianSP.o module_kpp_cbm4_Update_Rconst.o module_kpp_cbm4_interface.o module_kpp_cri_mosaic_8bin_aq_Integr.o module_kpp_cri_mosaic_8bin_aq_Precision.o module_kpp_cri_mosaic_8bin_aq_Parameters.o module_kpp_cri_mosaic_8bin_aq_Jacobian.o module_kpp_cri_mosaic_8bin_aq_JacobianSP.o module_kpp_cri_mosaic_8bin_aq_Update_Rconst.o module_kpp_cri_mosaic_8bin_aq_interface.o module_wkppc_constants.o module_ftuv_subs.o module_ghg_fluxes.o module_gocart_drydep.o module_gocart_settling.o module_gocart_so2so4.o module_input_tracer_data.o module_interpolate.o module_mosaic_csuesat.o module_mozcart_wetscav.o module_peg_util.o module_tropopause.o module_upper_bc_driver.o module_vertmx_wrf.o module_wave_data.o module_wetdep_ls.o module_zero_plumegen_coms.o module_vash_settling.o module_chem_plumerise_scalar.o module_dep_simple.o module_gocart_dmsemis.o module_gocart_aerosols.o module_gocart_dust.o module_gocart_dust_afwa.o module_gocart_seasalt.o module_mosaic_addemiss.o module_mosaic_initmixrats.o module_mosaic_movesect.o module_mosaic_newnuc.o module_cbmz_lsodes_solver.o module_cbmz_rodas3_solver.o module_cmu_bulkaqchem.o module_data_mgn2mech.o module_ftuv_driver.o module_fastj_data.o module_fastj_mie.o module_input_chem_data.o module_mosaic_coag.o module_mosaic_wetscav.o module_mosaic_therm.o module_phot_mad.o module_radm.o module_sorgam_aqchem.o module_aerosols_soa_vbs.o module_aerosols_sorgam.o module_bioemi_megan2.o module_bioemi_simple.o module_cbm4_initmixrats.o module_cbmz.o module_cbmz_initmixrats.o module_cbmz_rodas_prep.o module_ctrans_grell.o module_gocart_chem.o module_input_tracer.o module_lightning_nox_driver.o module_lightning_nox_ott.o module_lightning_nox_decaria.o module_mixactivate_wrappers.o module_mosaic_driver.o module_optical_averaging.o module_plumerise1.o module_mosaic_drydep.o module_wetscav_driver.o module_input_chem_bioemiss.o module_input_dust_errosion.o module_input_gocart_dms.o module_cbmz_addemiss.o module_cbm4_addemiss.o module_emissions_anthropogenics.o module_aer_drydep.o module_cam_mam_calcsize.o module_cam_mam_dust_sediment.o module_cam_mam_drydep.o module_cam_mam_init.o module_cam_mam_initaerodata.o module_cam_mam_initmixrats.o module_cam_mam_rename.o module_cam_mam_wateruptake.o module_cam_mam_gasaerexch.o module_cam_mam_coag.o module_cam_mam_newnuc.o module_cam_mam_aerchem_driver.o module_cam_mam_addemiss.o module_cam_mam_wetscav.o module_cam_mam_mz_aerosols_intr.o module_cam_mam_wetdep.o module_cam_mam_cloudchem.o module_cam_mam_setsox.o module_cam_mam_mo_chem_utls.o module_mosaic_cloudchem.o module_sorgam_cloudchem.o module_cam_mam_gas_wetdep_driver.o module_cam_mam_mo_sethet.o module_phot_fastj.o kpp_mechanism_driver.o chemics_init.o chem_driver.o cloudchem_driver.o photolysis_driver.o optical_driver.o mechanism_driver.o emissions_driver.o dry_dep_driver.o aerosol_driver.o 
make[2]: Leaving directory `/global/scratch/azare/Josh/WRFV3/chem'
if [ 1 -eq 0 ] ; then \
	  if  [ "`echo -j 2 | sed -e 's/-j//g' -e 's/ \+//g'`" -gt "16" ] ; then \
	    ( cd chem ; make -i -r -j 16 ) ;  \
	  else \
	    ( cd chem ; make -i -r -j 2 ) ; \
	  fi \
	fi
make[1]: Leaving directory `/global/scratch/azare/Josh/WRFV3'
if [ 1 -eq 1 ]    ; then make -i -r MODULE_DIRS="-I../dyn_em -I../dyn_nmm   -I/global/scratch/azare/Josh/WRFV3/external/esmf_time_f90  -I/global/scratch/azare/Josh/WRFV3/main -I/global/scratch/azare/Josh/WRFV3/external/io_netcdf -I/global/scratch/azare/Josh/WRFV3/external/io_int -I/global/scratch/azare/Josh/WRFV3/frame -I/global/scratch/azare/Josh/WRFV3/share -I/global/scratch/azare/Josh/WRFV3/phys -I/global/scratch/azare/Josh/WRFV3/chem -I/global/scratch/azare/Josh/WRFV3/inc -I/global/software/sl-6.x86_64/modules/intel/2013_sp1.4.211/netcdf/4.3.2-intel-p/include " em_core ; fi
make[1]: Entering directory `/global/scratch/azare/Josh/WRFV3'
--------------------------------------
if [ 1  -eq 0 ] ; then \
		CF= ; \
	else \
		CF="../chem/module_aerosols_sorgam.o ../chem/module_gocart_aerosols.o ../chem/module_mosaic_driver.o ../chem/module_input_tracer.o ../chem/module_aerosols_soa_vbs.o" ; \
	fi
( cd dyn_em ; make -i -r -j 2 CF="" )
make[2]: Entering directory `/global/scratch/azare/Josh/WRFV3/dyn_em'
rm -f module_advect_em.o
/lib/cpp -C -P -I/global/scratch/azare/Josh/WRFV3/inc -DEM_CORE=1 -DNMM_CORE=0 -DNMM_MAX_DIM=2600 -DCOAMPS_CORE=0 -DDA_CORE=0 -DEXP_CORE=0 -DIWORDSIZE=4 -DDWORDSIZE=8 -DRWORDSIZE=4 -DLWORDSIZE=4 -DNONSTANDARD_SYSTEM_FUNC -DWRF_USE_CLM  -DDM_PARALLEL -DNETCDF -DUSE_ALLOCATABLES -DGRIB1 -DINTIO -DLIMIT_ARGS -DCONFIG_BUF_LEN=65536 -DMAX_DOMAINS_F=21 -DMAX_HISTORY=25 -DNMM_NEST=0 -DWRF_CHEM -DBUILD_CHEM=1 -DWRF_KPP -I. -traditional   module_advect_em.F  > module_advect_em.bb
rm -f module_big_step_utilities_em.o
/lib/cpp -C -P -I/global/scratch/azare/Josh/WRFV3/inc -DEM_CORE=1 -DNMM_CORE=0 -DNMM_MAX_DIM=2600 -DCOAMPS_CORE=0 -DDA_CORE=0 -DEXP_CORE=0 -DIWORDSIZE=4 -DDWORDSIZE=8 -DRWORDSIZE=4 -DLWORDSIZE=4 -DNONSTANDARD_SYSTEM_FUNC -DWRF_USE_CLM  -DDM_PARALLEL -DNETCDF -DUSE_ALLOCATABLES -DGRIB1 -DINTIO -DLIMIT_ARGS -DCONFIG_BUF_LEN=65536 -DMAX_DOMAINS_F=21 -DMAX_HISTORY=25 -DNMM_NEST=0 -DWRF_CHEM -DBUILD_CHEM=1 -DWRF_KPP -I. -traditional   module_big_step_utilities_em.F  > module_big_step_utilities_em.bb
/global/scratch/azare/Josh/WRFV3/tools/standard.exe module_big_step_utilities_em.bb | /lib/cpp -C -P > module_big_step_utilities_em.f90
/global/scratch/azare/Josh/WRFV3/tools/standard.exe module_advect_em.bb | /lib/cpp -C -P > module_advect_em.f90
rm -f module_big_step_utilities_em.b module_big_step_utilities_em.bb
rm -f module_advect_em.b module_advect_em.bb
mpif90 -f90=ifort -o module_big_step_utilities_em.o -c -O2 -ip -fp-model precise -w -ftz -align all -fno-alias -FR -convert big_endian    -I../dyn_em -I../dyn_nmm   -I/global/scratch/azare/Josh/WRFV3/external/esmf_time_f90  -I/global/scratch/azare/Josh/WRFV3/main -I/global/scratch/azare/Josh/WRFV3/external/io_netcdf -I/global/scratch/azare/Josh/WRFV3/external/io_int -I/global/scratch/azare/Josh/WRFV3/frame -I/global/scratch/azare/Josh/WRFV3/share -I/global/scratch/azare/Josh/WRFV3/phys -I/global/scratch/azare/Josh/WRFV3/chem -I/global/scratch/azare/Josh/WRFV3/inc -I/global/software/sl-6.x86_64/modules/intel/2013_sp1.4.211/netcdf/4.3.2-intel-p/include  -i4  module_big_step_utilities_em.f90
mpif90 -f90=ifort -o module_advect_em.o -c -O2 -ip -fp-model precise -w -ftz -align all -fno-alias -FR -convert big_endian    -I../dyn_em -I../dyn_nmm   -I/global/scratch/azare/Josh/WRFV3/external/esmf_time_f90  -I/global/scratch/azare/Josh/WRFV3/main -I/global/scratch/azare/Josh/WRFV3/external/io_netcdf -I/global/scratch/azare/Josh/WRFV3/external/io_int -I/global/scratch/azare/Josh/WRFV3/frame -I/global/scratch/azare/Josh/WRFV3/share -I/global/scratch/azare/Josh/WRFV3/phys -I/global/scratch/azare/Josh/WRFV3/chem -I/global/scratch/azare/Josh/WRFV3/inc -I/global/software/sl-6.x86_64/modules/intel/2013_sp1.4.211/netcdf/4.3.2-intel-p/include  -i4  module_advect_em.f90
rm -f module_small_step_em.o
/lib/cpp -C -P -I/global/scratch/azare/Josh/WRFV3/inc -DEM_CORE=1 -DNMM_CORE=0 -DNMM_MAX_DIM=2600 -DCOAMPS_CORE=0 -DDA_CORE=0 -DEXP_CORE=0 -DIWORDSIZE=4 -DDWORDSIZE=8 -DRWORDSIZE=4 -DLWORDSIZE=4 -DNONSTANDARD_SYSTEM_FUNC -DWRF_USE_CLM  -DDM_PARALLEL -DNETCDF -DUSE_ALLOCATABLES -DGRIB1 -DINTIO -DLIMIT_ARGS -DCONFIG_BUF_LEN=65536 -DMAX_DOMAINS_F=21 -DMAX_HISTORY=25 -DNMM_NEST=0 -DWRF_CHEM -DBUILD_CHEM=1 -DWRF_KPP -I. -traditional   module_small_step_em.F  > module_small_step_em.bb
/global/scratch/azare/Josh/WRFV3/tools/standard.exe module_small_step_em.bb | /lib/cpp -C -P > module_small_step_em.f90
rm -f module_small_step_em.b module_small_step_em.bb
mpif90 -f90=ifort -o module_small_step_em.o -c -O2 -ip -fp-model precise -w -ftz -align all -fno-alias -FR -convert big_endian    -I../dyn_em -I../dyn_nmm   -I/global/scratch/azare/Josh/WRFV3/external/esmf_time_f90  -I/global/scratch/azare/Josh/WRFV3/main -I/global/scratch/azare/Josh/WRFV3/external/io_netcdf -I/global/scratch/azare/Josh/WRFV3/external/io_int -I/global/scratch/azare/Josh/WRFV3/frame -I/global/scratch/azare/Josh/WRFV3/share -I/global/scratch/azare/Josh/WRFV3/phys -I/global/scratch/azare/Josh/WRFV3/chem -I/global/scratch/azare/Josh/WRFV3/inc -I/global/software/sl-6.x86_64/modules/intel/2013_sp1.4.211/netcdf/4.3.2-intel-p/include  -i4  module_small_step_em.f90
rm -f module_damping_em.o
/lib/cpp -C -P -I/global/scratch/azare/Josh/WRFV3/inc -DEM_CORE=1 -DNMM_CORE=0 -DNMM_MAX_DIM=2600 -DCOAMPS_CORE=0 -DDA_CORE=0 -DEXP_CORE=0 -DIWORDSIZE=4 -DDWORDSIZE=8 -DRWORDSIZE=4 -DLWORDSIZE=4 -DNONSTANDARD_SYSTEM_FUNC -DWRF_USE_CLM  -DDM_PARALLEL -DNETCDF -DUSE_ALLOCATABLES -DGRIB1 -DINTIO -DLIMIT_ARGS -DCONFIG_BUF_LEN=65536 -DMAX_DOMAINS_F=21 -DMAX_HISTORY=25 -DNMM_NEST=0 -DWRF_CHEM -DBUILD_CHEM=1 -DWRF_KPP -I. -traditional   module_damping_em.F  > module_damping_em.bb
/global/scratch/azare/Josh/WRFV3/tools/standard.exe module_damping_em.bb | /lib/cpp -C -P > module_damping_em.f90
rm -f module_damping_em.b module_damping_em.bb
mpif90 -f90=ifort -o module_damping_em.o -c -O2 -ip -fp-model precise -w -ftz -align all -fno-alias -FR -convert big_endian    -I../dyn_em -I../dyn_nmm   -I/global/scratch/azare/Josh/WRFV3/external/esmf_time_f90  -I/global/scratch/azare/Josh/WRFV3/main -I/global/scratch/azare/Josh/WRFV3/external/io_netcdf -I/global/scratch/azare/Josh/WRFV3/external/io_int -I/global/scratch/azare/Josh/WRFV3/frame -I/global/scratch/azare/Josh/WRFV3/share -I/global/scratch/azare/Josh/WRFV3/phys -I/global/scratch/azare/Josh/WRFV3/chem -I/global/scratch/azare/Josh/WRFV3/inc -I/global/software/sl-6.x86_64/modules/intel/2013_sp1.4.211/netcdf/4.3.2-intel-p/include  -i4  module_damping_em.f90
rm -f module_solvedebug_em.o
/lib/cpp -C -P -I/global/scratch/azare/Josh/WRFV3/inc -DEM_CORE=1 -DNMM_CORE=0 -DNMM_MAX_DIM=2600 -DCOAMPS_CORE=0 -DDA_CORE=0 -DEXP_CORE=0 -DIWORDSIZE=4 -DDWORDSIZE=8 -DRWORDSIZE=4 -DLWORDSIZE=4 -DNONSTANDARD_SYSTEM_FUNC -DWRF_USE_CLM  -DDM_PARALLEL -DNETCDF -DUSE_ALLOCATABLES -DGRIB1 -DINTIO -DLIMIT_ARGS -DCONFIG_BUF_LEN=65536 -DMAX_DOMAINS_F=21 -DMAX_HISTORY=25 -DNMM_NEST=0 -DWRF_CHEM -DBUILD_CHEM=1 -DWRF_KPP -I. -traditional   module_solvedebug_em.F  > module_solvedebug_em.bb
/global/scratch/azare/Josh/WRFV3/tools/standard.exe module_solvedebug_em.bb | /lib/cpp -C -P > module_solvedebug_em.f90
rm -f module_solvedebug_em.b module_solvedebug_em.bb
mpif90 -f90=ifort -o module_solvedebug_em.o -c -O2 -ip -fp-model precise -w -ftz -align all -fno-alias -FR -convert big_endian    -I../dyn_em -I../dyn_nmm   -I/global/scratch/azare/Josh/WRFV3/external/esmf_time_f90  -I/global/scratch/azare/Josh/WRFV3/main -I/global/scratch/azare/Josh/WRFV3/external/io_netcdf -I/global/scratch/azare/Josh/WRFV3/external/io_int -I/global/scratch/azare/Josh/WRFV3/frame -I/global/scratch/azare/Josh/WRFV3/share -I/global/scratch/azare/Josh/WRFV3/phys -I/global/scratch/azare/Josh/WRFV3/chem -I/global/scratch/azare/Josh/WRFV3/inc -I/global/software/sl-6.x86_64/modules/intel/2013_sp1.4.211/netcdf/4.3.2-intel-p/include  -i4  module_solvedebug_em.f90
rm -f module_bc_em.o
/lib/cpp -C -P -I/global/scratch/azare/Josh/WRFV3/inc -DEM_CORE=1 -DNMM_CORE=0 -DNMM_MAX_DIM=2600 -DCOAMPS_CORE=0 -DDA_CORE=0 -DEXP_CORE=0 -DIWORDSIZE=4 -DDWORDSIZE=8 -DRWORDSIZE=4 -DLWORDSIZE=4 -DNONSTANDARD_SYSTEM_FUNC -DWRF_USE_CLM  -DDM_PARALLEL -DNETCDF -DUSE_ALLOCATABLES -DGRIB1 -DINTIO -DLIMIT_ARGS -DCONFIG_BUF_LEN=65536 -DMAX_DOMAINS_F=21 -DMAX_HISTORY=25 -DNMM_NEST=0 -DWRF_CHEM -DBUILD_CHEM=1 -DWRF_KPP -I. -traditional   module_bc_em.F  > module_bc_em.bb
/global/scratch/azare/Josh/WRFV3/tools/standard.exe module_bc_em.bb | /lib/cpp -C -P > module_bc_em.f90
rm -f module_bc_em.b module_bc_em.bb
mpif90 -f90=ifort -o module_bc_em.o -c -O2 -ip -fp-model precise -w -ftz -align all -fno-alias -FR -convert big_endian    -I../dyn_em -I../dyn_nmm   -I/global/scratch/azare/Josh/WRFV3/external/esmf_time_f90  -I/global/scratch/azare/Josh/WRFV3/main -I/global/scratch/azare/Josh/WRFV3/external/io_netcdf -I/global/scratch/azare/Josh/WRFV3/external/io_int -I/global/scratch/azare/Josh/WRFV3/frame -I/global/scratch/azare/Josh/WRFV3/share -I/global/scratch/azare/Josh/WRFV3/phys -I/global/scratch/azare/Josh/WRFV3/chem -I/global/scratch/azare/Josh/WRFV3/inc -I/global/software/sl-6.x86_64/modules/intel/2013_sp1.4.211/netcdf/4.3.2-intel-p/include  -i4  module_bc_em.f90
rm -f module_init_utilities.o
/lib/cpp -C -P -I/global/scratch/azare/Josh/WRFV3/inc -DEM_CORE=1 -DNMM_CORE=0 -DNMM_MAX_DIM=2600 -DCOAMPS_CORE=0 -DDA_CORE=0 -DEXP_CORE=0 -DIWORDSIZE=4 -DDWORDSIZE=8 -DRWORDSIZE=4 -DLWORDSIZE=4 -DNONSTANDARD_SYSTEM_FUNC -DWRF_USE_CLM  -DDM_PARALLEL -DNETCDF -DUSE_ALLOCATABLES -DGRIB1 -DINTIO -DLIMIT_ARGS -DCONFIG_BUF_LEN=65536 -DMAX_DOMAINS_F=21 -DMAX_HISTORY=25 -DNMM_NEST=0 -DWRF_CHEM -DBUILD_CHEM=1 -DWRF_KPP -I. -traditional   module_init_utilities.F  > module_init_utilities.bb
/global/scratch/azare/Josh/WRFV3/tools/standard.exe module_init_utilities.bb | /lib/cpp -C -P > module_init_utilities.f90
rm -f module_init_utilities.b module_init_utilities.bb
mpif90 -f90=ifort -o module_init_utilities.o -c -O2 -ip -fp-model precise -w -ftz -align all -fno-alias -FR -convert big_endian    -I../dyn_em -I../dyn_nmm   -I/global/scratch/azare/Josh/WRFV3/external/esmf_time_f90  -I/global/scratch/azare/Josh/WRFV3/main -I/global/scratch/azare/Josh/WRFV3/external/io_netcdf -I/global/scratch/azare/Josh/WRFV3/external/io_int -I/global/scratch/azare/Josh/WRFV3/frame -I/global/scratch/azare/Josh/WRFV3/share -I/global/scratch/azare/Josh/WRFV3/phys -I/global/scratch/azare/Josh/WRFV3/chem -I/global/scratch/azare/Josh/WRFV3/inc -I/global/software/sl-6.x86_64/modules/intel/2013_sp1.4.211/netcdf/4.3.2-intel-p/include  -i4  module_init_utilities.f90
rm -f module_wps_io_arw.o
/global/scratch/azare/Josh/WRFV3/tools/standard.exe module_wps_io_arw.F > module_wps_io_arw.b 
/lib/cpp -C -P -I/global/scratch/azare/Josh/WRFV3/inc -DEM_CORE=1 -DNMM_CORE=0 -DNMM_MAX_DIM=2600 -DCOAMPS_CORE=0 -DDA_CORE=0 -DEXP_CORE=0 -DIWORDSIZE=4 -DDWORDSIZE=8 -DRWORDSIZE=4 -DLWORDSIZE=4 -DNONSTANDARD_SYSTEM_FUNC -DWRF_USE_CLM  -DDM_PARALLEL -DNETCDF -DUSE_ALLOCATABLES -DGRIB1 -DINTIO -DLIMIT_ARGS -DCONFIG_BUF_LEN=65536 -DMAX_DOMAINS_F=21 -DMAX_HISTORY=25 -DNMM_NEST=0 -DWRF_CHEM -DBUILD_CHEM=1 -DWRF_KPP -I. -traditional   module_wps_io_arw.b  > module_wps_io_arw.f90
rm -f module_wps_io_arw.b
if fgrep -iq '!$OMP' module_wps_io_arw.f90 ; then \
          if [ -n "" ] ; then echo COMPILING module_wps_io_arw.F WITH OMP ; fi ; \
	  mpif90 -f90=ifort -c -i4 -O0 -fno-inline -fno-ip -ip -fp-model precise -w -ftz -align all -fno-alias -FR -convert big_endian   -I../dyn_em -I../dyn_nmm   -I/global/scratch/azare/Josh/WRFV3/external/esmf_time_f90  -I/global/scratch/azare/Josh/WRFV3/main -I/global/scratch/azare/Josh/WRFV3/external/io_netcdf -I/global/scratch/azare/Josh/WRFV3/external/io_int -I/global/scratch/azare/Josh/WRFV3/frame -I/global/scratch/azare/Josh/WRFV3/share -I/global/scratch/azare/Josh/WRFV3/phys -I/global/scratch/azare/Josh/WRFV3/chem -I/global/scratch/azare/Josh/WRFV3/inc -I/global/software/sl-6.x86_64/modules/intel/2013_sp1.4.211/netcdf/4.3.2-intel-p/include    module_wps_io_arw.f90 ; \
        else \
          if [ -n "" ] ; then echo COMPILING module_wps_io_arw.F WITHOUT OMP ; fi ; \
	  mpif90 -f90=ifort -c -i4 -O0 -fno-inline -fno-ip -ip -fp-model precise -w -ftz -align all -fno-alias -FR -convert big_endian   -I../dyn_em -I../dyn_nmm   -I/global/scratch/azare/Josh/WRFV3/external/esmf_time_f90  -I/global/scratch/azare/Josh/WRFV3/main -I/global/scratch/azare/Josh/WRFV3/external/io_netcdf -I/global/scratch/azare/Josh/WRFV3/external/io_int -I/global/scratch/azare/Josh/WRFV3/frame -I/global/scratch/azare/Josh/WRFV3/share -I/global/scratch/azare/Josh/WRFV3/phys -I/global/scratch/azare/Josh/WRFV3/chem -I/global/scratch/azare/Josh/WRFV3/inc -I/global/software/sl-6.x86_64/modules/intel/2013_sp1.4.211/netcdf/4.3.2-intel-p/include   module_wps_io_arw.f90 ; \
        fi
rm -f module_polarfft.o
/lib/cpp -C -P -I/global/scratch/azare/Josh/WRFV3/inc -DEM_CORE=1 -DNMM_CORE=0 -DNMM_MAX_DIM=2600 -DCOAMPS_CORE=0 -DDA_CORE=0 -DEXP_CORE=0 -DIWORDSIZE=4 -DDWORDSIZE=8 -DRWORDSIZE=4 -DLWORDSIZE=4 -DNONSTANDARD_SYSTEM_FUNC -DWRF_USE_CLM  -DDM_PARALLEL -DNETCDF -DUSE_ALLOCATABLES -DGRIB1 -DINTIO -DLIMIT_ARGS -DCONFIG_BUF_LEN=65536 -DMAX_DOMAINS_F=21 -DMAX_HISTORY=25 -DNMM_NEST=0 -DWRF_CHEM -DBUILD_CHEM=1 -DWRF_KPP -I. -traditional   module_polarfft.F  > module_polarfft.bb
/global/scratch/azare/Josh/WRFV3/tools/standard.exe module_polarfft.bb | /lib/cpp -C -P > module_polarfft.f90
rm -f module_polarfft.b module_polarfft.bb
mpif90 -f90=ifort -o module_polarfft.o -c -O2 -ip -fp-model precise -w -ftz -align all -fno-alias -FR -convert big_endian    -I../dyn_em -I../dyn_nmm   -I/global/scratch/azare/Josh/WRFV3/external/esmf_time_f90  -I/global/scratch/azare/Josh/WRFV3/main -I/global/scratch/azare/Josh/WRFV3/external/io_netcdf -I/global/scratch/azare/Josh/WRFV3/external/io_int -I/global/scratch/azare/Josh/WRFV3/frame -I/global/scratch/azare/Josh/WRFV3/share -I/global/scratch/azare/Josh/WRFV3/phys -I/global/scratch/azare/Josh/WRFV3/chem -I/global/scratch/azare/Josh/WRFV3/inc -I/global/software/sl-6.x86_64/modules/intel/2013_sp1.4.211/netcdf/4.3.2-intel-p/include  -i4  module_polarfft.f90
rm -f module_force_scm.o
/lib/cpp -C -P -I/global/scratch/azare/Josh/WRFV3/inc -DEM_CORE=1 -DNMM_CORE=0 -DNMM_MAX_DIM=2600 -DCOAMPS_CORE=0 -DDA_CORE=0 -DEXP_CORE=0 -DIWORDSIZE=4 -DDWORDSIZE=8 -DRWORDSIZE=4 -DLWORDSIZE=4 -DNONSTANDARD_SYSTEM_FUNC -DWRF_USE_CLM  -DDM_PARALLEL -DNETCDF -DUSE_ALLOCATABLES -DGRIB1 -DINTIO -DLIMIT_ARGS -DCONFIG_BUF_LEN=65536 -DMAX_DOMAINS_F=21 -DMAX_HISTORY=25 -DNMM_NEST=0 -DWRF_CHEM -DBUILD_CHEM=1 -DWRF_KPP -I. -traditional   module_force_scm.F  > module_force_scm.bb
/global/scratch/azare/Josh/WRFV3/tools/standard.exe module_force_scm.bb | /lib/cpp -C -P > module_force_scm.f90
rm -f module_force_scm.b module_force_scm.bb
mpif90 -f90=ifort -o module_force_scm.o -c -O2 -ip -fp-model precise -w -ftz -align all -fno-alias -FR -convert big_endian    -I../dyn_em -I../dyn_nmm   -I/global/scratch/azare/Josh/WRFV3/external/esmf_time_f90  -I/global/scratch/azare/Josh/WRFV3/main -I/global/scratch/azare/Josh/WRFV3/external/io_netcdf -I/global/scratch/azare/Josh/WRFV3/external/io_int -I/global/scratch/azare/Josh/WRFV3/frame -I/global/scratch/azare/Josh/WRFV3/share -I/global/scratch/azare/Josh/WRFV3/phys -I/global/scratch/azare/Josh/WRFV3/chem -I/global/scratch/azare/Josh/WRFV3/inc -I/global/software/sl-6.x86_64/modules/intel/2013_sp1.4.211/netcdf/4.3.2-intel-p/include  -i4  module_force_scm.f90
rm -f module_stoch.o
/lib/cpp -C -P -I/global/scratch/azare/Josh/WRFV3/inc -DEM_CORE=1 -DNMM_CORE=0 -DNMM_MAX_DIM=2600 -DCOAMPS_CORE=0 -DDA_CORE=0 -DEXP_CORE=0 -DIWORDSIZE=4 -DDWORDSIZE=8 -DRWORDSIZE=4 -DLWORDSIZE=4 -DNONSTANDARD_SYSTEM_FUNC -DWRF_USE_CLM  -DDM_PARALLEL -DNETCDF -DUSE_ALLOCATABLES -DGRIB1 -DINTIO -DLIMIT_ARGS -DCONFIG_BUF_LEN=65536 -DMAX_DOMAINS_F=21 -DMAX_HISTORY=25 -DNMM_NEST=0 -DWRF_CHEM -DBUILD_CHEM=1 -DWRF_KPP -I. -traditional   module_stoch.F  > module_stoch.bb
/global/scratch/azare/Josh/WRFV3/tools/standard.exe module_stoch.bb | /lib/cpp -C -P > module_stoch.f90
rm -f module_stoch.b module_stoch.bb
mpif90 -f90=ifort -o module_stoch.o -c -O2 -ip -fp-model precise -w -ftz -align all -fno-alias -FR -convert big_endian    -I../dyn_em -I../dyn_nmm   -I/global/scratch/azare/Josh/WRFV3/external/esmf_time_f90  -I/global/scratch/azare/Josh/WRFV3/main -I/global/scratch/azare/Josh/WRFV3/external/io_netcdf -I/global/scratch/azare/Josh/WRFV3/external/io_int -I/global/scratch/azare/Josh/WRFV3/frame -I/global/scratch/azare/Josh/WRFV3/share -I/global/scratch/azare/Josh/WRFV3/phys -I/global/scratch/azare/Josh/WRFV3/chem -I/global/scratch/azare/Josh/WRFV3/inc -I/global/software/sl-6.x86_64/modules/intel/2013_sp1.4.211/netcdf/4.3.2-intel-p/include  -i4  module_stoch.f90
rm -f module_sfs_nba.o
/lib/cpp -C -P -I/global/scratch/azare/Josh/WRFV3/inc -DEM_CORE=1 -DNMM_CORE=0 -DNMM_MAX_DIM=2600 -DCOAMPS_CORE=0 -DDA_CORE=0 -DEXP_CORE=0 -DIWORDSIZE=4 -DDWORDSIZE=8 -DRWORDSIZE=4 -DLWORDSIZE=4 -DNONSTANDARD_SYSTEM_FUNC -DWRF_USE_CLM  -DDM_PARALLEL -DNETCDF -DUSE_ALLOCATABLES -DGRIB1 -DINTIO -DLIMIT_ARGS -DCONFIG_BUF_LEN=65536 -DMAX_DOMAINS_F=21 -DMAX_HISTORY=25 -DNMM_NEST=0 -DWRF_CHEM -DBUILD_CHEM=1 -DWRF_KPP -I. -traditional   module_sfs_nba.F  > module_sfs_nba.bb
/global/scratch/azare/Josh/WRFV3/tools/standard.exe module_sfs_nba.bb | /lib/cpp -C -P > module_sfs_nba.f90
rm -f module_sfs_nba.b module_sfs_nba.bb
mpif90 -f90=ifort -o module_sfs_nba.o -c -O2 -ip -fp-model precise -w -ftz -align all -fno-alias -FR -convert big_endian    -I../dyn_em -I../dyn_nmm   -I/global/scratch/azare/Josh/WRFV3/external/esmf_time_f90  -I/global/scratch/azare/Josh/WRFV3/main -I/global/scratch/azare/Josh/WRFV3/external/io_netcdf -I/global/scratch/azare/Josh/WRFV3/external/io_int -I/global/scratch/azare/Josh/WRFV3/frame -I/global/scratch/azare/Josh/WRFV3/share -I/global/scratch/azare/Josh/WRFV3/phys -I/global/scratch/azare/Josh/WRFV3/chem -I/global/scratch/azare/Josh/WRFV3/inc -I/global/software/sl-6.x86_64/modules/intel/2013_sp1.4.211/netcdf/4.3.2-intel-p/include  -i4  module_sfs_nba.f90
rm -f module_avgflx_em.o
/lib/cpp -C -P -I/global/scratch/azare/Josh/WRFV3/inc -DEM_CORE=1 -DNMM_CORE=0 -DNMM_MAX_DIM=2600 -DCOAMPS_CORE=0 -DDA_CORE=0 -DEXP_CORE=0 -DIWORDSIZE=4 -DDWORDSIZE=8 -DRWORDSIZE=4 -DLWORDSIZE=4 -DNONSTANDARD_SYSTEM_FUNC -DWRF_USE_CLM  -DDM_PARALLEL -DNETCDF -DUSE_ALLOCATABLES -DGRIB1 -DINTIO -DLIMIT_ARGS -DCONFIG_BUF_LEN=65536 -DMAX_DOMAINS_F=21 -DMAX_HISTORY=25 -DNMM_NEST=0 -DWRF_CHEM -DBUILD_CHEM=1 -DWRF_KPP -I. -traditional   module_avgflx_em.F  > module_avgflx_em.bb
/global/scratch/azare/Josh/WRFV3/tools/standard.exe module_avgflx_em.bb | /lib/cpp -C -P > module_avgflx_em.f90
rm -f module_avgflx_em.b module_avgflx_em.bb
mpif90 -f90=ifort -o module_avgflx_em.o -c -O2 -ip -fp-model precise -w -ftz -align all -fno-alias -FR -convert big_endian    -I../dyn_em -I../dyn_nmm   -I/global/scratch/azare/Josh/WRFV3/external/esmf_time_f90  -I/global/scratch/azare/Josh/WRFV3/main -I/global/scratch/azare/Josh/WRFV3/external/io_netcdf -I/global/scratch/azare/Josh/WRFV3/external/io_int -I/global/scratch/azare/Josh/WRFV3/frame -I/global/scratch/azare/Josh/WRFV3/share -I/global/scratch/azare/Josh/WRFV3/phys -I/global/scratch/azare/Josh/WRFV3/chem -I/global/scratch/azare/Josh/WRFV3/inc -I/global/software/sl-6.x86_64/modules/intel/2013_sp1.4.211/netcdf/4.3.2-intel-p/include  -i4  module_avgflx_em.f90
rm -f init_modules_em.o
/global/scratch/azare/Josh/WRFV3/tools/standard.exe init_modules_em.F > init_modules_em.b 
/lib/cpp -C -P -I/global/scratch/azare/Josh/WRFV3/inc -DEM_CORE=1 -DNMM_CORE=0 -DNMM_MAX_DIM=2600 -DCOAMPS_CORE=0 -DDA_CORE=0 -DEXP_CORE=0 -DIWORDSIZE=4 -DDWORDSIZE=8 -DRWORDSIZE=4 -DLWORDSIZE=4 -DNONSTANDARD_SYSTEM_FUNC -DWRF_USE_CLM  -DDM_PARALLEL -DNETCDF -DUSE_ALLOCATABLES -DGRIB1 -DINTIO -DLIMIT_ARGS -DCONFIG_BUF_LEN=65536 -DMAX_DOMAINS_F=21 -DMAX_HISTORY=25 -DNMM_NEST=0 -DWRF_CHEM -DBUILD_CHEM=1 -DWRF_KPP -I. -traditional   init_modules_em.b  > init_modules_em.f90
rm -f init_modules_em.b
if fgrep -iq '!$OMP' init_modules_em.f90 ; then \
          if [ -n "" ] ; then echo COMPILING init_modules_em.F WITH OMP ; fi ; \
	  mpif90 -f90=ifort -c -i4 -O0 -fno-inline -fno-ip -ip -fp-model precise -w -ftz -align all -fno-alias -FR -convert big_endian   -I../dyn_em -I../dyn_nmm   -I/global/scratch/azare/Josh/WRFV3/external/esmf_time_f90  -I/global/scratch/azare/Josh/WRFV3/main -I/global/scratch/azare/Josh/WRFV3/external/io_netcdf -I/global/scratch/azare/Josh/WRFV3/external/io_int -I/global/scratch/azare/Josh/WRFV3/frame -I/global/scratch/azare/Josh/WRFV3/share -I/global/scratch/azare/Josh/WRFV3/phys -I/global/scratch/azare/Josh/WRFV3/chem -I/global/scratch/azare/Josh/WRFV3/inc -I/global/software/sl-6.x86_64/modules/intel/2013_sp1.4.211/netcdf/4.3.2-intel-p/include    init_modules_em.f90 ; \
        else \
          if [ -n "" ] ; then echo COMPILING init_modules_em.F WITHOUT OMP ; fi ; \
	  mpif90 -f90=ifort -c -i4 -O0 -fno-inline -fno-ip -ip -fp-model precise -w -ftz -align all -fno-alias -FR -convert big_endian   -I../dyn_em -I../dyn_nmm   -I/global/scratch/azare/Josh/WRFV3/external/esmf_time_f90  -I/global/scratch/azare/Josh/WRFV3/main -I/global/scratch/azare/Josh/WRFV3/external/io_netcdf -I/global/scratch/azare/Josh/WRFV3/external/io_int -I/global/scratch/azare/Josh/WRFV3/frame -I/global/scratch/azare/Josh/WRFV3/share -I/global/scratch/azare/Josh/WRFV3/phys -I/global/scratch/azare/Josh/WRFV3/chem -I/global/scratch/azare/Josh/WRFV3/inc -I/global/software/sl-6.x86_64/modules/intel/2013_sp1.4.211/netcdf/4.3.2-intel-p/include   init_modules_em.f90 ; \
        fi
rm -f start_em.o
/global/scratch/azare/Josh/WRFV3/tools/standard.exe start_em.F > start_em.b 
/lib/cpp -C -P -I/global/scratch/azare/Josh/WRFV3/inc -DEM_CORE=1 -DNMM_CORE=0 -DNMM_MAX_DIM=2600 -DCOAMPS_CORE=0 -DDA_CORE=0 -DEXP_CORE=0 -DIWORDSIZE=4 -DDWORDSIZE=8 -DRWORDSIZE=4 -DLWORDSIZE=4 -DNONSTANDARD_SYSTEM_FUNC -DWRF_USE_CLM  -DDM_PARALLEL -DNETCDF -DUSE_ALLOCATABLES -DGRIB1 -DINTIO -DLIMIT_ARGS -DCONFIG_BUF_LEN=65536 -DMAX_DOMAINS_F=21 -DMAX_HISTORY=25 -DNMM_NEST=0 -DWRF_CHEM -DBUILD_CHEM=1 -DWRF_KPP -I. -traditional   start_em.b  > start_em.f90
rm -f start_em.b
if fgrep -iq '!$OMP' start_em.f90 ; then \
          if [ -n "" ] ; then echo COMPILING start_em.F WITH OMP ; fi ; \
	  mpif90 -f90=ifort -c -i4 -O0 -fno-inline -fno-ip -ip -fp-model precise -w -ftz -align all -fno-alias -FR -convert big_endian   -I../dyn_em -I../dyn_nmm   -I/global/scratch/azare/Josh/WRFV3/external/esmf_time_f90  -I/global/scratch/azare/Josh/WRFV3/main -I/global/scratch/azare/Josh/WRFV3/external/io_netcdf -I/global/scratch/azare/Josh/WRFV3/external/io_int -I/global/scratch/azare/Josh/WRFV3/frame -I/global/scratch/azare/Josh/WRFV3/share -I/global/scratch/azare/Josh/WRFV3/phys -I/global/scratch/azare/Josh/WRFV3/chem -I/global/scratch/azare/Josh/WRFV3/inc -I/global/software/sl-6.x86_64/modules/intel/2013_sp1.4.211/netcdf/4.3.2-intel-p/include    start_em.f90 ; \
        else \
          if [ -n "" ] ; then echo COMPILING start_em.F WITHOUT OMP ; fi ; \
	  mpif90 -f90=ifort -c -i4 -O0 -fno-inline -fno-ip -ip -fp-model precise -w -ftz -align all -fno-alias -FR -convert big_endian   -I../dyn_em -I../dyn_nmm   -I/global/scratch/azare/Josh/WRFV3/external/esmf_time_f90  -I/global/scratch/azare/Josh/WRFV3/main -I/global/scratch/azare/Josh/WRFV3/external/io_netcdf -I/global/scratch/azare/Josh/WRFV3/external/io_int -I/global/scratch/azare/Josh/WRFV3/frame -I/global/scratch/azare/Josh/WRFV3/share -I/global/scratch/azare/Josh/WRFV3/phys -I/global/scratch/azare/Josh/WRFV3/chem -I/global/scratch/azare/Josh/WRFV3/inc -I/global/software/sl-6.x86_64/modules/intel/2013_sp1.4.211/netcdf/4.3.2-intel-p/include   start_em.f90 ; \
        fi
rm -f shift_domain_em.o
/lib/cpp -C -P -I/global/scratch/azare/Josh/WRFV3/inc -DEM_CORE=1 -DNMM_CORE=0 -DNMM_MAX_DIM=2600 -DCOAMPS_CORE=0 -DDA_CORE=0 -DEXP_CORE=0 -DIWORDSIZE=4 -DDWORDSIZE=8 -DRWORDSIZE=4 -DLWORDSIZE=4 -DNONSTANDARD_SYSTEM_FUNC -DWRF_USE_CLM  -DDM_PARALLEL -DNETCDF -DUSE_ALLOCATABLES -DGRIB1 -DINTIO -DLIMIT_ARGS -DCONFIG_BUF_LEN=65536 -DMAX_DOMAINS_F=21 -DMAX_HISTORY=25 -DNMM_NEST=0 -DWRF_CHEM -DBUILD_CHEM=1 -DWRF_KPP -I. -traditional   shift_domain_em.F  > shift_domain_em.bb
/global/scratch/azare/Josh/WRFV3/tools/standard.exe shift_domain_em.bb | /lib/cpp -C -P > shift_domain_em.f90
rm -f shift_domain_em.b shift_domain_em.bb
mpif90 -f90=ifort -o shift_domain_em.o -c -O2 -ip -fp-model precise -w -ftz -align all -fno-alias -FR -convert big_endian    -I../dyn_em -I../dyn_nmm   -I/global/scratch/azare/Josh/WRFV3/external/esmf_time_f90  -I/global/scratch/azare/Josh/WRFV3/main -I/global/scratch/azare/Josh/WRFV3/external/io_netcdf -I/global/scratch/azare/Josh/WRFV3/external/io_int -I/global/scratch/azare/Josh/WRFV3/frame -I/global/scratch/azare/Josh/WRFV3/share -I/global/scratch/azare/Josh/WRFV3/phys -I/global/scratch/azare/Josh/WRFV3/chem -I/global/scratch/azare/Josh/WRFV3/inc -I/global/software/sl-6.x86_64/modules/intel/2013_sp1.4.211/netcdf/4.3.2-intel-p/include  -i4  shift_domain_em.f90
rm -f couple_or_uncouple_em.o
/lib/cpp -C -P -I/global/scratch/azare/Josh/WRFV3/inc -DEM_CORE=1 -DNMM_CORE=0 -DNMM_MAX_DIM=2600 -DCOAMPS_CORE=0 -DDA_CORE=0 -DEXP_CORE=0 -DIWORDSIZE=4 -DDWORDSIZE=8 -DRWORDSIZE=4 -DLWORDSIZE=4 -DNONSTANDARD_SYSTEM_FUNC -DWRF_USE_CLM  -DDM_PARALLEL -DNETCDF -DUSE_ALLOCATABLES -DGRIB1 -DINTIO -DLIMIT_ARGS -DCONFIG_BUF_LEN=65536 -DMAX_DOMAINS_F=21 -DMAX_HISTORY=25 -DNMM_NEST=0 -DWRF_CHEM -DBUILD_CHEM=1 -DWRF_KPP -I. -traditional   couple_or_uncouple_em.F  > couple_or_uncouple_em.bb
/global/scratch/azare/Josh/WRFV3/tools/standard.exe couple_or_uncouple_em.bb | /lib/cpp -C -P > couple_or_uncouple_em.f90
rm -f couple_or_uncouple_em.b couple_or_uncouple_em.bb
mpif90 -f90=ifort -o couple_or_uncouple_em.o -c -O2 -ip -fp-model precise -w -ftz -align all -fno-alias -FR -convert big_endian    -I../dyn_em -I../dyn_nmm   -I/global/scratch/azare/Josh/WRFV3/external/esmf_time_f90  -I/global/scratch/azare/Josh/WRFV3/main -I/global/scratch/azare/Josh/WRFV3/external/io_netcdf -I/global/scratch/azare/Josh/WRFV3/external/io_int -I/global/scratch/azare/Josh/WRFV3/frame -I/global/scratch/azare/Josh/WRFV3/share -I/global/scratch/azare/Josh/WRFV3/phys -I/global/scratch/azare/Josh/WRFV3/chem -I/global/scratch/azare/Josh/WRFV3/inc -I/global/software/sl-6.x86_64/modules/intel/2013_sp1.4.211/netcdf/4.3.2-intel-p/include  -i4  couple_or_uncouple_em.f90
rm -f nest_init_utils.o
/lib/cpp -C -P -I/global/scratch/azare/Josh/WRFV3/inc -DEM_CORE=1 -DNMM_CORE=0 -DNMM_MAX_DIM=2600 -DCOAMPS_CORE=0 -DDA_CORE=0 -DEXP_CORE=0 -DIWORDSIZE=4 -DDWORDSIZE=8 -DRWORDSIZE=4 -DLWORDSIZE=4 -DNONSTANDARD_SYSTEM_FUNC -DWRF_USE_CLM  -DDM_PARALLEL -DNETCDF -DUSE_ALLOCATABLES -DGRIB1 -DINTIO -DLIMIT_ARGS -DCONFIG_BUF_LEN=65536 -DMAX_DOMAINS_F=21 -DMAX_HISTORY=25 -DNMM_NEST=0 -DWRF_CHEM -DBUILD_CHEM=1 -DWRF_KPP -I. -traditional   nest_init_utils.F  > nest_init_utils.bb
/global/scratch/azare/Josh/WRFV3/tools/standard.exe nest_init_utils.bb | /lib/cpp -C -P > nest_init_utils.f90
rm -f nest_init_utils.b nest_init_utils.bb
mpif90 -f90=ifort -o nest_init_utils.o -c -O2 -ip -fp-model precise -w -ftz -align all -fno-alias -FR -convert big_endian    -I../dyn_em -I../dyn_nmm   -I/global/scratch/azare/Josh/WRFV3/external/esmf_time_f90  -I/global/scratch/azare/Josh/WRFV3/main -I/global/scratch/azare/Josh/WRFV3/external/io_netcdf -I/global/scratch/azare/Josh/WRFV3/external/io_int -I/global/scratch/azare/Josh/WRFV3/frame -I/global/scratch/azare/Josh/WRFV3/share -I/global/scratch/azare/Josh/WRFV3/phys -I/global/scratch/azare/Josh/WRFV3/chem -I/global/scratch/azare/Josh/WRFV3/inc -I/global/software/sl-6.x86_64/modules/intel/2013_sp1.4.211/netcdf/4.3.2-intel-p/include  -i4  nest_init_utils.f90
rm -f adapt_timestep_em.o
/lib/cpp -C -P -I/global/scratch/azare/Josh/WRFV3/inc -DEM_CORE=1 -DNMM_CORE=0 -DNMM_MAX_DIM=2600 -DCOAMPS_CORE=0 -DDA_CORE=0 -DEXP_CORE=0 -DIWORDSIZE=4 -DDWORDSIZE=8 -DRWORDSIZE=4 -DLWORDSIZE=4 -DNONSTANDARD_SYSTEM_FUNC -DWRF_USE_CLM  -DDM_PARALLEL -DNETCDF -DUSE_ALLOCATABLES -DGRIB1 -DINTIO -DLIMIT_ARGS -DCONFIG_BUF_LEN=65536 -DMAX_DOMAINS_F=21 -DMAX_HISTORY=25 -DNMM_NEST=0 -DWRF_CHEM -DBUILD_CHEM=1 -DWRF_KPP -I. -traditional   adapt_timestep_em.F  > adapt_timestep_em.bb
/global/scratch/azare/Josh/WRFV3/tools/standard.exe adapt_timestep_em.bb | /lib/cpp -C -P > adapt_timestep_em.f90
rm -f adapt_timestep_em.b adapt_timestep_em.bb
mpif90 -f90=ifort -o adapt_timestep_em.o -c -O2 -ip -fp-model precise -w -ftz -align all -fno-alias -FR -convert big_endian    -I../dyn_em -I../dyn_nmm   -I/global/scratch/azare/Josh/WRFV3/external/esmf_time_f90  -I/global/scratch/azare/Josh/WRFV3/main -I/global/scratch/azare/Josh/WRFV3/external/io_netcdf -I/global/scratch/azare/Josh/WRFV3/external/io_int -I/global/scratch/azare/Josh/WRFV3/frame -I/global/scratch/azare/Josh/WRFV3/share -I/global/scratch/azare/Josh/WRFV3/phys -I/global/scratch/azare/Josh/WRFV3/chem -I/global/scratch/azare/Josh/WRFV3/inc -I/global/software/sl-6.x86_64/modules/intel/2013_sp1.4.211/netcdf/4.3.2-intel-p/include  -i4  adapt_timestep_em.f90
rm -f interp_domain_em.o
/lib/cpp -C -P -I/global/scratch/azare/Josh/WRFV3/inc -DEM_CORE=1 -DNMM_CORE=0 -DNMM_MAX_DIM=2600 -DCOAMPS_CORE=0 -DDA_CORE=0 -DEXP_CORE=0 -DIWORDSIZE=4 -DDWORDSIZE=8 -DRWORDSIZE=4 -DLWORDSIZE=4 -DNONSTANDARD_SYSTEM_FUNC -DWRF_USE_CLM  -DDM_PARALLEL -DNETCDF -DUSE_ALLOCATABLES -DGRIB1 -DINTIO -DLIMIT_ARGS -DCONFIG_BUF_LEN=65536 -DMAX_DOMAINS_F=21 -DMAX_HISTORY=25 -DNMM_NEST=0 -DWRF_CHEM -DBUILD_CHEM=1 -DWRF_KPP -I. -traditional   interp_domain_em.F  > interp_domain_em.bb
/global/scratch/azare/Josh/WRFV3/tools/standard.exe interp_domain_em.bb | /lib/cpp -C -P > interp_domain_em.f90
rm -f interp_domain_em.b interp_domain_em.bb
mpif90 -f90=ifort -o interp_domain_em.o -c -O2 -ip -fp-model precise -w -ftz -align all -fno-alias -FR -convert big_endian    -I../dyn_em -I../dyn_nmm   -I/global/scratch/azare/Josh/WRFV3/external/esmf_time_f90  -I/global/scratch/azare/Josh/WRFV3/main -I/global/scratch/azare/Josh/WRFV3/external/io_netcdf -I/global/scratch/azare/Josh/WRFV3/external/io_int -I/global/scratch/azare/Josh/WRFV3/frame -I/global/scratch/azare/Josh/WRFV3/share -I/global/scratch/azare/Josh/WRFV3/phys -I/global/scratch/azare/Josh/WRFV3/chem -I/global/scratch/azare/Josh/WRFV3/inc -I/global/software/sl-6.x86_64/modules/intel/2013_sp1.4.211/netcdf/4.3.2-intel-p/include  -i4  interp_domain_em.f90
rm -f module_diffusion_em.o
/lib/cpp -C -P -I/global/scratch/azare/Josh/WRFV3/inc -DEM_CORE=1 -DNMM_CORE=0 -DNMM_MAX_DIM=2600 -DCOAMPS_CORE=0 -DDA_CORE=0 -DEXP_CORE=0 -DIWORDSIZE=4 -DDWORDSIZE=8 -DRWORDSIZE=4 -DLWORDSIZE=4 -DNONSTANDARD_SYSTEM_FUNC -DWRF_USE_CLM  -DDM_PARALLEL -DNETCDF -DUSE_ALLOCATABLES -DGRIB1 -DINTIO -DLIMIT_ARGS -DCONFIG_BUF_LEN=65536 -DMAX_DOMAINS_F=21 -DMAX_HISTORY=25 -DNMM_NEST=0 -DWRF_CHEM -DBUILD_CHEM=1 -DWRF_KPP -I. -traditional   module_diffusion_em.F  > module_diffusion_em.bb
/global/scratch/azare/Josh/WRFV3/tools/standard.exe module_diffusion_em.bb | /lib/cpp -C -P > module_diffusion_em.f90
rm -f module_diffusion_em.b module_diffusion_em.bb
mpif90 -f90=ifort -o module_diffusion_em.o -c -O2 -ip -fp-model precise -w -ftz -align all -fno-alias -FR -convert big_endian    -I../dyn_em -I../dyn_nmm   -I/global/scratch/azare/Josh/WRFV3/external/esmf_time_f90  -I/global/scratch/azare/Josh/WRFV3/main -I/global/scratch/azare/Josh/WRFV3/external/io_netcdf -I/global/scratch/azare/Josh/WRFV3/external/io_int -I/global/scratch/azare/Josh/WRFV3/frame -I/global/scratch/azare/Josh/WRFV3/share -I/global/scratch/azare/Josh/WRFV3/phys -I/global/scratch/azare/Josh/WRFV3/chem -I/global/scratch/azare/Josh/WRFV3/inc -I/global/software/sl-6.x86_64/modules/intel/2013_sp1.4.211/netcdf/4.3.2-intel-p/include  -i4  module_diffusion_em.f90
rm -f module_sfs_driver.o
/lib/cpp -C -P -I/global/scratch/azare/Josh/WRFV3/inc -DEM_CORE=1 -DNMM_CORE=0 -DNMM_MAX_DIM=2600 -DCOAMPS_CORE=0 -DDA_CORE=0 -DEXP_CORE=0 -DIWORDSIZE=4 -DDWORDSIZE=8 -DRWORDSIZE=4 -DLWORDSIZE=4 -DNONSTANDARD_SYSTEM_FUNC -DWRF_USE_CLM  -DDM_PARALLEL -DNETCDF -DUSE_ALLOCATABLES -DGRIB1 -DINTIO -DLIMIT_ARGS -DCONFIG_BUF_LEN=65536 -DMAX_DOMAINS_F=21 -DMAX_HISTORY=25 -DNMM_NEST=0 -DWRF_CHEM -DBUILD_CHEM=1 -DWRF_KPP -I. -traditional   module_sfs_driver.F  > module_sfs_driver.bb
/global/scratch/azare/Josh/WRFV3/tools/standard.exe module_sfs_driver.bb | /lib/cpp -C -P > module_sfs_driver.f90
rm -f module_sfs_driver.b module_sfs_driver.bb
mpif90 -f90=ifort -o module_sfs_driver.o -c -O2 -ip -fp-model precise -w -ftz -align all -fno-alias -FR -convert big_endian    -I../dyn_em -I../dyn_nmm   -I/global/scratch/azare/Josh/WRFV3/external/esmf_time_f90  -I/global/scratch/azare/Josh/WRFV3/main -I/global/scratch/azare/Josh/WRFV3/external/io_netcdf -I/global/scratch/azare/Josh/WRFV3/external/io_int -I/global/scratch/azare/Josh/WRFV3/frame -I/global/scratch/azare/Josh/WRFV3/share -I/global/scratch/azare/Josh/WRFV3/phys -I/global/scratch/azare/Josh/WRFV3/chem -I/global/scratch/azare/Josh/WRFV3/inc -I/global/software/sl-6.x86_64/modules/intel/2013_sp1.4.211/netcdf/4.3.2-intel-p/include  -i4  module_sfs_driver.f90
rm -f module_em.o
/lib/cpp -C -P -I/global/scratch/azare/Josh/WRFV3/inc -DEM_CORE=1 -DNMM_CORE=0 -DNMM_MAX_DIM=2600 -DCOAMPS_CORE=0 -DDA_CORE=0 -DEXP_CORE=0 -DIWORDSIZE=4 -DDWORDSIZE=8 -DRWORDSIZE=4 -DLWORDSIZE=4 -DNONSTANDARD_SYSTEM_FUNC -DWRF_USE_CLM  -DDM_PARALLEL -DNETCDF -DUSE_ALLOCATABLES -DGRIB1 -DINTIO -DLIMIT_ARGS -DCONFIG_BUF_LEN=65536 -DMAX_DOMAINS_F=21 -DMAX_HISTORY=25 -DNMM_NEST=0 -DWRF_CHEM -DBUILD_CHEM=1 -DWRF_KPP -I. -traditional   module_em.F  > module_em.bb
/global/scratch/azare/Josh/WRFV3/tools/standard.exe module_em.bb | /lib/cpp -C -P > module_em.f90
rm -f module_em.b module_em.bb
mpif90 -f90=ifort -o module_em.o -c -O2 -ip -fp-model precise -w -ftz -align all -fno-alias -FR -convert big_endian    -I../dyn_em -I../dyn_nmm   -I/global/scratch/azare/Josh/WRFV3/external/esmf_time_f90  -I/global/scratch/azare/Josh/WRFV3/main -I/global/scratch/azare/Josh/WRFV3/external/io_netcdf -I/global/scratch/azare/Josh/WRFV3/external/io_int -I/global/scratch/azare/Josh/WRFV3/frame -I/global/scratch/azare/Josh/WRFV3/share -I/global/scratch/azare/Josh/WRFV3/phys -I/global/scratch/azare/Josh/WRFV3/chem -I/global/scratch/azare/Josh/WRFV3/inc -I/global/software/sl-6.x86_64/modules/intel/2013_sp1.4.211/netcdf/4.3.2-intel-p/include  -i4  module_em.f90
rm -f module_first_rk_step_part1.o
/lib/cpp -C -P -I/global/scratch/azare/Josh/WRFV3/inc -DEM_CORE=1 -DNMM_CORE=0 -DNMM_MAX_DIM=2600 -DCOAMPS_CORE=0 -DDA_CORE=0 -DEXP_CORE=0 -DIWORDSIZE=4 -DDWORDSIZE=8 -DRWORDSIZE=4 -DLWORDSIZE=4 -DNONSTANDARD_SYSTEM_FUNC -DWRF_USE_CLM  -DDM_PARALLEL -DNETCDF -DUSE_ALLOCATABLES -DGRIB1 -DINTIO -DLIMIT_ARGS -DCONFIG_BUF_LEN=65536 -DMAX_DOMAINS_F=21 -DMAX_HISTORY=25 -DNMM_NEST=0 -DWRF_CHEM -DBUILD_CHEM=1 -DWRF_KPP -I. -traditional   module_first_rk_step_part1.F  > module_first_rk_step_part1.bb
/global/scratch/azare/Josh/WRFV3/tools/standard.exe module_first_rk_step_part1.bb | /lib/cpp -C -P > module_first_rk_step_part1.f90
rm -f module_first_rk_step_part1.b module_first_rk_step_part1.bb
mpif90 -f90=ifort -o module_first_rk_step_part1.o -c -O2 -ip -fp-model precise -w -ftz -align all -fno-alias -FR -convert big_endian    -I../dyn_em -I../dyn_nmm   -I/global/scratch/azare/Josh/WRFV3/external/esmf_time_f90  -I/global/scratch/azare/Josh/WRFV3/main -I/global/scratch/azare/Josh/WRFV3/external/io_netcdf -I/global/scratch/azare/Josh/WRFV3/external/io_int -I/global/scratch/azare/Josh/WRFV3/frame -I/global/scratch/azare/Josh/WRFV3/share -I/global/scratch/azare/Josh/WRFV3/phys -I/global/scratch/azare/Josh/WRFV3/chem -I/global/scratch/azare/Josh/WRFV3/inc -I/global/software/sl-6.x86_64/modules/intel/2013_sp1.4.211/netcdf/4.3.2-intel-p/include  -i4  module_first_rk_step_part1.f90
rm -f module_first_rk_step_part2.o
/lib/cpp -C -P -I/global/scratch/azare/Josh/WRFV3/inc -DEM_CORE=1 -DNMM_CORE=0 -DNMM_MAX_DIM=2600 -DCOAMPS_CORE=0 -DDA_CORE=0 -DEXP_CORE=0 -DIWORDSIZE=4 -DDWORDSIZE=8 -DRWORDSIZE=4 -DLWORDSIZE=4 -DNONSTANDARD_SYSTEM_FUNC -DWRF_USE_CLM  -DDM_PARALLEL -DNETCDF -DUSE_ALLOCATABLES -DGRIB1 -DINTIO -DLIMIT_ARGS -DCONFIG_BUF_LEN=65536 -DMAX_DOMAINS_F=21 -DMAX_HISTORY=25 -DNMM_NEST=0 -DWRF_CHEM -DBUILD_CHEM=1 -DWRF_KPP -I. -traditional   module_first_rk_step_part2.F  > module_first_rk_step_part2.bb
/global/scratch/azare/Josh/WRFV3/tools/standard.exe module_first_rk_step_part2.bb | /lib/cpp -C -P > module_first_rk_step_part2.f90
rm -f module_first_rk_step_part2.b module_first_rk_step_part2.bb
mpif90 -f90=ifort -o module_first_rk_step_part2.o -c -O2 -ip -fp-model precise -w -ftz -align all -fno-alias -FR -convert big_endian    -I../dyn_em -I../dyn_nmm   -I/global/scratch/azare/Josh/WRFV3/external/esmf_time_f90  -I/global/scratch/azare/Josh/WRFV3/main -I/global/scratch/azare/Josh/WRFV3/external/io_netcdf -I/global/scratch/azare/Josh/WRFV3/external/io_int -I/global/scratch/azare/Josh/WRFV3/frame -I/global/scratch/azare/Josh/WRFV3/share -I/global/scratch/azare/Josh/WRFV3/phys -I/global/scratch/azare/Josh/WRFV3/chem -I/global/scratch/azare/Josh/WRFV3/inc -I/global/software/sl-6.x86_64/modules/intel/2013_sp1.4.211/netcdf/4.3.2-intel-p/include  -i4  module_first_rk_step_part2.f90
rm -f solve_em.o
/lib/cpp -C -P -I/global/scratch/azare/Josh/WRFV3/inc -DEM_CORE=1 -DNMM_CORE=0 -DNMM_MAX_DIM=2600 -DCOAMPS_CORE=0 -DDA_CORE=0 -DEXP_CORE=0 -DIWORDSIZE=4 -DDWORDSIZE=8 -DRWORDSIZE=4 -DLWORDSIZE=4 -DNONSTANDARD_SYSTEM_FUNC -DWRF_USE_CLM  -DDM_PARALLEL -DNETCDF -DUSE_ALLOCATABLES -DGRIB1 -DINTIO -DLIMIT_ARGS -DCONFIG_BUF_LEN=65536 -DMAX_DOMAINS_F=21 -DMAX_HISTORY=25 -DNMM_NEST=0 -DWRF_CHEM -DBUILD_CHEM=1 -DWRF_KPP -I. -traditional   solve_em.F  > solve_em.bb
/global/scratch/azare/Josh/WRFV3/tools/standard.exe solve_em.bb | /lib/cpp -C -P > solve_em.f90
rm -f solve_em.b solve_em.bb
mpif90 -f90=ifort -o solve_em.o -c -O2 -ip -fp-model precise -w -ftz -align all -fno-alias -FR -convert big_endian    -I../dyn_em -I../dyn_nmm   -I/global/scratch/azare/Josh/WRFV3/external/esmf_time_f90  -I/global/scratch/azare/Josh/WRFV3/main -I/global/scratch/azare/Josh/WRFV3/external/io_netcdf -I/global/scratch/azare/Josh/WRFV3/external/io_int -I/global/scratch/azare/Josh/WRFV3/frame -I/global/scratch/azare/Josh/WRFV3/share -I/global/scratch/azare/Josh/WRFV3/phys -I/global/scratch/azare/Josh/WRFV3/chem -I/global/scratch/azare/Josh/WRFV3/inc -I/global/software/sl-6.x86_64/modules/intel/2013_sp1.4.211/netcdf/4.3.2-intel-p/include  -i4  solve_em.f90
ar ru ../main/libwrflib.a module_advect_em.o module_diffusion_em.o module_small_step_em.o module_big_step_utilities_em.o module_em.o module_solvedebug_em.o module_bc_em.o module_init_utilities.o module_wps_io_arw.o module_damping_em.o module_polarfft.o module_force_scm.o module_first_rk_step_part1.o module_first_rk_step_part2.o module_avgflx_em.o module_sfs_nba.o module_convtrans_prep.o module_sfs_driver.o module_stoch.o  init_modules_em.o solve_em.o start_em.o shift_domain_em.o couple_or_uncouple_em.o nest_init_utils.o adapt_timestep_em.o interp_domain_em.o
make[2]: Leaving directory `/global/scratch/azare/Josh/WRFV3/dyn_em'
make[1]: Leaving directory `/global/scratch/azare/Josh/WRFV3'
if [ 0 -eq 1 ]   ; then make -i -r MODULE_DIRS="-I../dyn_em -I../dyn_nmm   -I/global/scratch/azare/Josh/WRFV3/external/esmf_time_f90  -I/global/scratch/azare/Josh/WRFV3/main -I/global/scratch/azare/Josh/WRFV3/external/io_netcdf -I/global/scratch/azare/Josh/WRFV3/external/io_int -I/global/scratch/azare/Josh/WRFV3/frame -I/global/scratch/azare/Josh/WRFV3/share -I/global/scratch/azare/Josh/WRFV3/phys -I/global/scratch/azare/Josh/WRFV3/chem -I/global/scratch/azare/Josh/WRFV3/inc -I/global/software/sl-6.x86_64/modules/intel/2013_sp1.4.211/netcdf/4.3.2-intel-p/include " nmm_core ; fi
if [ 0 -eq 1 ]   ; then make -i -r MODULE_DIRS="-I../dyn_em -I../dyn_nmm   -I/global/scratch/azare/Josh/WRFV3/external/esmf_time_f90  -I/global/scratch/azare/Josh/WRFV3/main -I/global/scratch/azare/Josh/WRFV3/external/io_netcdf -I/global/scratch/azare/Josh/WRFV3/external/io_int -I/global/scratch/azare/Josh/WRFV3/frame -I/global/scratch/azare/Josh/WRFV3/share -I/global/scratch/azare/Josh/WRFV3/phys -I/global/scratch/azare/Josh/WRFV3/chem -I/global/scratch/azare/Josh/WRFV3/inc -I/global/software/sl-6.x86_64/modules/intel/2013_sp1.4.211/netcdf/4.3.2-intel-p/include " exp_core ; fi
if [ 0 -eq 1 ]   ; then make -i -r MODULE_DIRS="-I../dyn_em -I../dyn_nmm   -I/global/scratch/azare/Josh/WRFV3/external/esmf_time_f90  -I/global/scratch/azare/Josh/WRFV3/main -I/global/scratch/azare/Josh/WRFV3/external/io_netcdf -I/global/scratch/azare/Josh/WRFV3/external/io_int -I/global/scratch/azare/Josh/WRFV3/frame -I/global/scratch/azare/Josh/WRFV3/share -I/global/scratch/azare/Josh/WRFV3/phys -I/global/scratch/azare/Josh/WRFV3/chem -I/global/scratch/azare/Josh/WRFV3/inc -I/global/software/sl-6.x86_64/modules/intel/2013_sp1.4.211/netcdf/4.3.2-intel-p/include " wrf_hydro ; fi
( cd main ; make -i -r MODULE_DIRS="-I../dyn_em -I../dyn_nmm   -I/global/scratch/azare/Josh/WRFV3/external/esmf_time_f90  -I/global/scratch/azare/Josh/WRFV3/main -I/global/scratch/azare/Josh/WRFV3/external/io_netcdf -I/global/scratch/azare/Josh/WRFV3/external/io_int -I/global/scratch/azare/Josh/WRFV3/frame -I/global/scratch/azare/Josh/WRFV3/share -I/global/scratch/azare/Josh/WRFV3/phys -I/global/scratch/azare/Josh/WRFV3/chem -I/global/scratch/azare/Josh/WRFV3/inc -I/global/software/sl-6.x86_64/modules/intel/2013_sp1.4.211/netcdf/4.3.2-intel-p/include " SOLVER=em em_wrf )
make[1]: Entering directory `/global/scratch/azare/Josh/WRFV3/main'
rm -f ../main/module_wrf_top.o
/lib/cpp -C -P -I/global/scratch/azare/Josh/WRFV3/inc -DEM_CORE=1 -DNMM_CORE=0 -DNMM_MAX_DIM=2600 -DCOAMPS_CORE=0 -DDA_CORE=0 -DEXP_CORE=0 -DIWORDSIZE=4 -DDWORDSIZE=8 -DRWORDSIZE=4 -DLWORDSIZE=4 -DNONSTANDARD_SYSTEM_FUNC -DWRF_USE_CLM  -DDM_PARALLEL -DNETCDF -DUSE_ALLOCATABLES -DGRIB1 -DINTIO -DLIMIT_ARGS -DCONFIG_BUF_LEN=65536 -DMAX_DOMAINS_F=21 -DMAX_HISTORY=25 -DNMM_NEST=0 -DWRF_CHEM -DBUILD_CHEM=1 -DWRF_KPP -I. -traditional   ../main/module_wrf_top.F  > ../main/module_wrf_top.bb
/global/scratch/azare/Josh/WRFV3/tools/standard.exe ../main/module_wrf_top.bb | /lib/cpp -C -P > ../main/module_wrf_top.f90
rm -f ../main/module_wrf_top.b ../main/module_wrf_top.bb
mpif90 -f90=ifort -o ../main/module_wrf_top.o -c -O2 -ip -fp-model precise -w -ftz -align all -fno-alias -FR -convert big_endian    -I../dyn_em -I../dyn_nmm   -I/global/scratch/azare/Josh/WRFV3/external/esmf_time_f90  -I/global/scratch/azare/Josh/WRFV3/main -I/global/scratch/azare/Josh/WRFV3/external/io_netcdf -I/global/scratch/azare/Josh/WRFV3/external/io_int -I/global/scratch/azare/Josh/WRFV3/frame -I/global/scratch/azare/Josh/WRFV3/share -I/global/scratch/azare/Josh/WRFV3/phys -I/global/scratch/azare/Josh/WRFV3/chem -I/global/scratch/azare/Josh/WRFV3/inc -I/global/software/sl-6.x86_64/modules/intel/2013_sp1.4.211/netcdf/4.3.2-intel-p/include  -i4  ../main/module_wrf_top.f90
rm -f wrf.o
/lib/cpp -C -P -I/global/scratch/azare/Josh/WRFV3/inc -DEM_CORE=1 -DNMM_CORE=0 -DNMM_MAX_DIM=2600 -DCOAMPS_CORE=0 -DDA_CORE=0 -DEXP_CORE=0 -DIWORDSIZE=4 -DDWORDSIZE=8 -DRWORDSIZE=4 -DLWORDSIZE=4 -DNONSTANDARD_SYSTEM_FUNC -DWRF_USE_CLM  -DDM_PARALLEL -DNETCDF -DUSE_ALLOCATABLES -DGRIB1 -DINTIO -DLIMIT_ARGS -DCONFIG_BUF_LEN=65536 -DMAX_DOMAINS_F=21 -DMAX_HISTORY=25 -DNMM_NEST=0 -DWRF_CHEM -DBUILD_CHEM=1 -DWRF_KPP -I. -traditional   wrf.F  > wrf.bb
/global/scratch/azare/Josh/WRFV3/tools/standard.exe wrf.bb | /lib/cpp -C -P > wrf.f90
rm -f wrf.b wrf.bb
mpif90 -f90=ifort -o wrf.o -c -O2 -ip -fp-model precise -w -ftz -align all -fno-alias -FR -convert big_endian    -I../dyn_em -I../dyn_nmm   -I/global/scratch/azare/Josh/WRFV3/external/esmf_time_f90  -I/global/scratch/azare/Josh/WRFV3/main -I/global/scratch/azare/Josh/WRFV3/external/io_netcdf -I/global/scratch/azare/Josh/WRFV3/external/io_int -I/global/scratch/azare/Josh/WRFV3/frame -I/global/scratch/azare/Josh/WRFV3/share -I/global/scratch/azare/Josh/WRFV3/phys -I/global/scratch/azare/Josh/WRFV3/chem -I/global/scratch/azare/Josh/WRFV3/inc -I/global/software/sl-6.x86_64/modules/intel/2013_sp1.4.211/netcdf/4.3.2-intel-p/include  -i4  wrf.f90
ranlib libwrflib.a
mpif90 -f90=ifort -o wrf.exe  -O2 -ip -fp-model precise -w -ftz -align all -fno-alias -FR -convert big_endian   -ip   wrf.o ../main/module_wrf_top.o libwrflib.a /global/scratch/azare/Josh/WRFV3/external/fftpack/fftpack5/libfftpack.a /global/scratch/azare/Josh/WRFV3/external/io_grib1/libio_grib1.a /global/scratch/azare/Josh/WRFV3/external/io_grib_share/libio_grib_share.a /global/scratch/azare/Josh/WRFV3/external/io_int/libwrfio_int.a -L/global/scratch/azare/Josh/WRFV3/external/esmf_time_f90 -lesmf_time /global/scratch/azare/Josh/WRFV3/external/RSL_LITE/librsl_lite.a /global/scratch/azare/Josh/WRFV3/frame/module_internal_header_util.o /global/scratch/azare/Josh/WRFV3/frame/pack_utils.o  -L/global/scratch/azare/Josh/WRFV3/external/io_netcdf -lwrfio_nf -L/global/software/sl-6.x86_64/modules/intel/2013_sp1.4.211/netcdf/4.3.2-intel-p/lib -lnetcdff -lnetcdf      
make[1]: Leaving directory `/global/scratch/azare/Josh/WRFV3/main'
( cd run ; /bin/rm -f wrf.exe ; ln -s ../main/wrf.exe . )
if [ 0 -eq 1 ] ; then \
	  ( cd main ; make -i -r MODULE_DIRS="-I../dyn_em -I../dyn_nmm   -I/global/scratch/azare/Josh/WRFV3/external/esmf_time_f90  -I/global/scratch/azare/Josh/WRFV3/main -I/global/scratch/azare/Josh/WRFV3/external/io_netcdf -I/global/scratch/azare/Josh/WRFV3/external/io_int -I/global/scratch/azare/Josh/WRFV3/frame -I/global/scratch/azare/Josh/WRFV3/share -I/global/scratch/azare/Josh/WRFV3/phys -I/global/scratch/azare/Josh/WRFV3/chem -I/global/scratch/azare/Josh/WRFV3/inc -I/global/software/sl-6.x86_64/modules/intel/2013_sp1.4.211/netcdf/4.3.2-intel-p/include " SOLVER=em em_wrf_SST_ESMF ) ; \
	fi
build started:   Wed May 11 09:44:34 PDT 2016
build completed: Wed May 11 10:26:53 PDT 2016
--------------------------------------
( cd main ; make -i -r MODULE_DIRS="-I../dyn_em -I../dyn_nmm   -I/global/scratch/azare/Josh/WRFV3/external/esmf_time_f90  -I/global/scratch/azare/Josh/WRFV3/main -I/global/scratch/azare/Josh/WRFV3/external/io_netcdf -I/global/scratch/azare/Josh/WRFV3/external/io_int -I/global/scratch/azare/Josh/WRFV3/frame -I/global/scratch/azare/Josh/WRFV3/share -I/global/scratch/azare/Josh/WRFV3/phys -I/global/scratch/azare/Josh/WRFV3/chem -I/global/scratch/azare/Josh/WRFV3/inc -I/global/software/sl-6.x86_64/modules/intel/2013_sp1.4.211/netcdf/4.3.2-intel-p/include " SOLVER=em IDEAL_CASE=real em_real )
make[1]: Entering directory `/global/scratch/azare/Josh/WRFV3/main'
rm -f ../dyn_em/module_initialize_real.o
/lib/cpp -C -P -I/global/scratch/azare/Josh/WRFV3/inc -DEM_CORE=1 -DNMM_CORE=0 -DNMM_MAX_DIM=2600 -DCOAMPS_CORE=0 -DDA_CORE=0 -DEXP_CORE=0 -DIWORDSIZE=4 -DDWORDSIZE=8 -DRWORDSIZE=4 -DLWORDSIZE=4 -DNONSTANDARD_SYSTEM_FUNC -DWRF_USE_CLM  -DDM_PARALLEL -DNETCDF -DUSE_ALLOCATABLES -DGRIB1 -DINTIO -DLIMIT_ARGS -DCONFIG_BUF_LEN=65536 -DMAX_DOMAINS_F=21 -DMAX_HISTORY=25 -DNMM_NEST=0 -DWRF_CHEM -DBUILD_CHEM=1 -DWRF_KPP -I. -traditional   ../dyn_em/module_initialize_real.F  > ../dyn_em/module_initialize_real.bb
/global/scratch/azare/Josh/WRFV3/tools/standard.exe ../dyn_em/module_initialize_real.bb | /lib/cpp -C -P > ../dyn_em/module_initialize_real.f90
rm -f ../dyn_em/module_initialize_real.b ../dyn_em/module_initialize_real.bb
mpif90 -f90=ifort -o ../dyn_em/module_initialize_real.o -c -O2 -ip -fp-model precise -w -ftz -align all -fno-alias -FR -convert big_endian    -I../dyn_em -I../dyn_nmm   -I/global/scratch/azare/Josh/WRFV3/external/esmf_time_f90  -I/global/scratch/azare/Josh/WRFV3/main -I/global/scratch/azare/Josh/WRFV3/external/io_netcdf -I/global/scratch/azare/Josh/WRFV3/external/io_int -I/global/scratch/azare/Josh/WRFV3/frame -I/global/scratch/azare/Josh/WRFV3/share -I/global/scratch/azare/Josh/WRFV3/phys -I/global/scratch/azare/Josh/WRFV3/chem -I/global/scratch/azare/Josh/WRFV3/inc -I/global/software/sl-6.x86_64/modules/intel/2013_sp1.4.211/netcdf/4.3.2-intel-p/include  -i4  ../dyn_em/module_initialize_real.f90
rm -f ndown_em.o
/lib/cpp -C -P -I/global/scratch/azare/Josh/WRFV3/inc -DEM_CORE=1 -DNMM_CORE=0 -DNMM_MAX_DIM=2600 -DCOAMPS_CORE=0 -DDA_CORE=0 -DEXP_CORE=0 -DIWORDSIZE=4 -DDWORDSIZE=8 -DRWORDSIZE=4 -DLWORDSIZE=4 -DNONSTANDARD_SYSTEM_FUNC -DWRF_USE_CLM  -DDM_PARALLEL -DNETCDF -DUSE_ALLOCATABLES -DGRIB1 -DINTIO -DLIMIT_ARGS -DCONFIG_BUF_LEN=65536 -DMAX_DOMAINS_F=21 -DMAX_HISTORY=25 -DNMM_NEST=0 -DWRF_CHEM -DBUILD_CHEM=1 -DWRF_KPP -I. -traditional   ndown_em.F  > ndown_em.bb
/global/scratch/azare/Josh/WRFV3/tools/standard.exe ndown_em.bb | /lib/cpp -C -P > ndown_em.f90
rm -f ndown_em.b ndown_em.bb
mpif90 -f90=ifort -o ndown_em.o -c -O2 -ip -fp-model precise -w -ftz -align all -fno-alias -FR -convert big_endian    -I../dyn_em -I../dyn_nmm   -I/global/scratch/azare/Josh/WRFV3/external/esmf_time_f90  -I/global/scratch/azare/Josh/WRFV3/main -I/global/scratch/azare/Josh/WRFV3/external/io_netcdf -I/global/scratch/azare/Josh/WRFV3/external/io_int -I/global/scratch/azare/Josh/WRFV3/frame -I/global/scratch/azare/Josh/WRFV3/share -I/global/scratch/azare/Josh/WRFV3/phys -I/global/scratch/azare/Josh/WRFV3/chem -I/global/scratch/azare/Josh/WRFV3/inc -I/global/software/sl-6.x86_64/modules/intel/2013_sp1.4.211/netcdf/4.3.2-intel-p/include  -i4  ndown_em.f90
rm -f nup_em.o
/lib/cpp -C -P -I/global/scratch/azare/Josh/WRFV3/inc -DEM_CORE=1 -DNMM_CORE=0 -DNMM_MAX_DIM=2600 -DCOAMPS_CORE=0 -DDA_CORE=0 -DEXP_CORE=0 -DIWORDSIZE=4 -DDWORDSIZE=8 -DRWORDSIZE=4 -DLWORDSIZE=4 -DNONSTANDARD_SYSTEM_FUNC -DWRF_USE_CLM  -DDM_PARALLEL -DNETCDF -DUSE_ALLOCATABLES -DGRIB1 -DINTIO -DLIMIT_ARGS -DCONFIG_BUF_LEN=65536 -DMAX_DOMAINS_F=21 -DMAX_HISTORY=25 -DNMM_NEST=0 -DWRF_CHEM -DBUILD_CHEM=1 -DWRF_KPP -I. -traditional   nup_em.F  > nup_em.bb
/global/scratch/azare/Josh/WRFV3/tools/standard.exe nup_em.bb | /lib/cpp -C -P > nup_em.f90
rm -f nup_em.b nup_em.bb
mpif90 -f90=ifort -o nup_em.o -c -O2 -ip -fp-model precise -w -ftz -align all -fno-alias -FR -convert big_endian    -I../dyn_em -I../dyn_nmm   -I/global/scratch/azare/Josh/WRFV3/external/esmf_time_f90  -I/global/scratch/azare/Josh/WRFV3/main -I/global/scratch/azare/Josh/WRFV3/external/io_netcdf -I/global/scratch/azare/Josh/WRFV3/external/io_int -I/global/scratch/azare/Josh/WRFV3/frame -I/global/scratch/azare/Josh/WRFV3/share -I/global/scratch/azare/Josh/WRFV3/phys -I/global/scratch/azare/Josh/WRFV3/chem -I/global/scratch/azare/Josh/WRFV3/inc -I/global/software/sl-6.x86_64/modules/intel/2013_sp1.4.211/netcdf/4.3.2-intel-p/include  -i4  nup_em.f90
rm -f tc_em.o
/lib/cpp -C -P -I/global/scratch/azare/Josh/WRFV3/inc -DEM_CORE=1 -DNMM_CORE=0 -DNMM_MAX_DIM=2600 -DCOAMPS_CORE=0 -DDA_CORE=0 -DEXP_CORE=0 -DIWORDSIZE=4 -DDWORDSIZE=8 -DRWORDSIZE=4 -DLWORDSIZE=4 -DNONSTANDARD_SYSTEM_FUNC -DWRF_USE_CLM  -DDM_PARALLEL -DNETCDF -DUSE_ALLOCATABLES -DGRIB1 -DINTIO -DLIMIT_ARGS -DCONFIG_BUF_LEN=65536 -DMAX_DOMAINS_F=21 -DMAX_HISTORY=25 -DNMM_NEST=0 -DWRF_CHEM -DBUILD_CHEM=1 -DWRF_KPP -I. -traditional   tc_em.F  > tc_em.bb
/global/scratch/azare/Josh/WRFV3/tools/standard.exe tc_em.bb | /lib/cpp -C -P > tc_em.f90
rm -f tc_em.b tc_em.bb
mpif90 -f90=ifort -o tc_em.o -c -O2 -ip -fp-model precise -w -ftz -align all -fno-alias -FR -convert big_endian    -I../dyn_em -I../dyn_nmm   -I/global/scratch/azare/Josh/WRFV3/external/esmf_time_f90  -I/global/scratch/azare/Josh/WRFV3/main -I/global/scratch/azare/Josh/WRFV3/external/io_netcdf -I/global/scratch/azare/Josh/WRFV3/external/io_int -I/global/scratch/azare/Josh/WRFV3/frame -I/global/scratch/azare/Josh/WRFV3/share -I/global/scratch/azare/Josh/WRFV3/phys -I/global/scratch/azare/Josh/WRFV3/chem -I/global/scratch/azare/Josh/WRFV3/inc -I/global/software/sl-6.x86_64/modules/intel/2013_sp1.4.211/netcdf/4.3.2-intel-p/include  -i4  tc_em.f90
rm -f real_em.o
/lib/cpp -C -P -I/global/scratch/azare/Josh/WRFV3/inc -DEM_CORE=1 -DNMM_CORE=0 -DNMM_MAX_DIM=2600 -DCOAMPS_CORE=0 -DDA_CORE=0 -DEXP_CORE=0 -DIWORDSIZE=4 -DDWORDSIZE=8 -DRWORDSIZE=4 -DLWORDSIZE=4 -DNONSTANDARD_SYSTEM_FUNC -DWRF_USE_CLM  -DDM_PARALLEL -DNETCDF -DUSE_ALLOCATABLES -DGRIB1 -DINTIO -DLIMIT_ARGS -DCONFIG_BUF_LEN=65536 -DMAX_DOMAINS_F=21 -DMAX_HISTORY=25 -DNMM_NEST=0 -DWRF_CHEM -DBUILD_CHEM=1 -DWRF_KPP -I. -traditional   real_em.F  > real_em.bb
/global/scratch/azare/Josh/WRFV3/tools/standard.exe real_em.bb | /lib/cpp -C -P > real_em.f90
rm -f real_em.b real_em.bb
mpif90 -f90=ifort -o real_em.o -c -O2 -ip -fp-model precise -w -ftz -align all -fno-alias -FR -convert big_endian    -I../dyn_em -I../dyn_nmm   -I/global/scratch/azare/Josh/WRFV3/external/esmf_time_f90  -I/global/scratch/azare/Josh/WRFV3/main -I/global/scratch/azare/Josh/WRFV3/external/io_netcdf -I/global/scratch/azare/Josh/WRFV3/external/io_int -I/global/scratch/azare/Josh/WRFV3/frame -I/global/scratch/azare/Josh/WRFV3/share -I/global/scratch/azare/Josh/WRFV3/phys -I/global/scratch/azare/Josh/WRFV3/chem -I/global/scratch/azare/Josh/WRFV3/inc -I/global/software/sl-6.x86_64/modules/intel/2013_sp1.4.211/netcdf/4.3.2-intel-p/include  -i4  real_em.f90
ranlib libwrflib.a
mpif90 -f90=ifort -o ndown.exe  -O2 -ip -fp-model precise -w -ftz -align all -fno-alias -FR -convert big_endian   -ip   ndown_em.o  ../dyn_em/module_initialize_real.o libwrflib.a /global/scratch/azare/Josh/WRFV3/external/fftpack/fftpack5/libfftpack.a /global/scratch/azare/Josh/WRFV3/external/io_grib1/libio_grib1.a /global/scratch/azare/Josh/WRFV3/external/io_grib_share/libio_grib_share.a /global/scratch/azare/Josh/WRFV3/external/io_int/libwrfio_int.a -L/global/scratch/azare/Josh/WRFV3/external/esmf_time_f90 -lesmf_time /global/scratch/azare/Josh/WRFV3/external/RSL_LITE/librsl_lite.a /global/scratch/azare/Josh/WRFV3/frame/module_internal_header_util.o /global/scratch/azare/Josh/WRFV3/frame/pack_utils.o  -L/global/scratch/azare/Josh/WRFV3/external/io_netcdf -lwrfio_nf -L/global/software/sl-6.x86_64/modules/intel/2013_sp1.4.211/netcdf/4.3.2-intel-p/lib -lnetcdff -lnetcdf      
mpif90 -f90=ifort -o nup.exe  -O2 -ip -fp-model precise -w -ftz -align all -fno-alias -FR -convert big_endian   -ip   nup_em.o  ../dyn_em/module_initialize_real.o libwrflib.a /global/scratch/azare/Josh/WRFV3/external/fftpack/fftpack5/libfftpack.a /global/scratch/azare/Josh/WRFV3/external/io_grib1/libio_grib1.a /global/scratch/azare/Josh/WRFV3/external/io_grib_share/libio_grib_share.a /global/scratch/azare/Josh/WRFV3/external/io_int/libwrfio_int.a -L/global/scratch/azare/Josh/WRFV3/external/esmf_time_f90 -lesmf_time /global/scratch/azare/Josh/WRFV3/external/RSL_LITE/librsl_lite.a /global/scratch/azare/Josh/WRFV3/frame/module_internal_header_util.o /global/scratch/azare/Josh/WRFV3/frame/pack_utils.o  -L/global/scratch/azare/Josh/WRFV3/external/io_netcdf -lwrfio_nf -L/global/software/sl-6.x86_64/modules/intel/2013_sp1.4.211/netcdf/4.3.2-intel-p/lib -lnetcdff -lnetcdf      
mpif90 -f90=ifort -o tc.exe  -O2 -ip -fp-model precise -w -ftz -align all -fno-alias -FR -convert big_endian   -ip   tc_em.o  ../dyn_em/module_initialize_real.o libwrflib.a /global/scratch/azare/Josh/WRFV3/external/fftpack/fftpack5/libfftpack.a /global/scratch/azare/Josh/WRFV3/external/io_grib1/libio_grib1.a /global/scratch/azare/Josh/WRFV3/external/io_grib_share/libio_grib_share.a /global/scratch/azare/Josh/WRFV3/external/io_int/libwrfio_int.a -L/global/scratch/azare/Josh/WRFV3/external/esmf_time_f90 -lesmf_time /global/scratch/azare/Josh/WRFV3/external/RSL_LITE/librsl_lite.a /global/scratch/azare/Josh/WRFV3/frame/module_internal_header_util.o /global/scratch/azare/Josh/WRFV3/frame/pack_utils.o  -L/global/scratch/azare/Josh/WRFV3/external/io_netcdf -lwrfio_nf -L/global/software/sl-6.x86_64/modules/intel/2013_sp1.4.211/netcdf/4.3.2-intel-p/lib -lnetcdff -lnetcdf      
mpif90 -f90=ifort -o real.exe  -O2 -ip -fp-model precise -w -ftz -align all -fno-alias -FR -convert big_endian   -ip   real_em.o ../dyn_em/module_initialize_real.o libwrflib.a /global/scratch/azare/Josh/WRFV3/external/fftpack/fftpack5/libfftpack.a /global/scratch/azare/Josh/WRFV3/external/io_grib1/libio_grib1.a /global/scratch/azare/Josh/WRFV3/external/io_grib_share/libio_grib_share.a /global/scratch/azare/Josh/WRFV3/external/io_int/libwrfio_int.a -L/global/scratch/azare/Josh/WRFV3/external/esmf_time_f90 -lesmf_time /global/scratch/azare/Josh/WRFV3/external/RSL_LITE/librsl_lite.a /global/scratch/azare/Josh/WRFV3/frame/module_internal_header_util.o /global/scratch/azare/Josh/WRFV3/frame/pack_utils.o  -L/global/scratch/azare/Josh/WRFV3/external/io_netcdf -lwrfio_nf -L/global/software/sl-6.x86_64/modules/intel/2013_sp1.4.211/netcdf/4.3.2-intel-p/lib -lnetcdff -lnetcdf      
make[1]: Leaving directory `/global/scratch/azare/Josh/WRFV3/main'
( cd test/em_real ; /bin/rm -f wrf.exe ; ln -s ../../main/wrf.exe . )
if [ 0 -eq 1 ] ; then \
	  ( cd main ; make -i -r MODULE_DIRS="-I../dyn_em -I../dyn_nmm   -I/global/scratch/azare/Josh/WRFV3/external/esmf_time_f90  -I/global/scratch/azare/Josh/WRFV3/main -I/global/scratch/azare/Josh/WRFV3/external/io_netcdf -I/global/scratch/azare/Josh/WRFV3/external/io_int -I/global/scratch/azare/Josh/WRFV3/frame -I/global/scratch/azare/Josh/WRFV3/share -I/global/scratch/azare/Josh/WRFV3/phys -I/global/scratch/azare/Josh/WRFV3/chem -I/global/scratch/azare/Josh/WRFV3/inc -I/global/software/sl-6.x86_64/modules/intel/2013_sp1.4.211/netcdf/4.3.2-intel-p/include " SOLVER=em IDEAL_CASE=real em_wrf_SST_ESMF ) ; \
	  ( cd test/em_esmf_exp ; /bin/rm -f wrf.exe ; ln -s ../../main/wrf.exe . ) ; \
	  ( cd test/em_esmf_exp ; /bin/rm -f wrf_SST_ESMF.exe ; ln -s ../../main/wrf_SST_ESMF.exe . ) ; \
	  ( cd test/em_esmf_exp ; /bin/rm -f real.exe ; ln -s ../../main/real.exe . ) ; \
	  ( cd test/em_esmf_exp ; /bin/rm -f README.namelist ; ln -s ../../run/README.namelist . ) ; \
	  ( cd test/em_esmf_exp ; /bin/rm -f ETAMPNEW_DATA.expanded_rain ETAMPNEW_DATA RRTM_DATA RRTMG_LW_DATA RRTMG_SW_DATA ; \
               ln -sf ../../run/ETAMPNEW_DATA . ;                      \
               ln -sf ../../run/ETAMPNEW_DATA.expanded_rain . ;        \
               ln -sf ../../run/RRTM_DATA . ;                          \
               ln -sf ../../run/RRTMG_LW_DATA . ;                      \
               ln -sf ../../run/RRTMG_SW_DATA . ;                      \
               ln -sf ../../run/CAM_ABS_DATA . ;                       \
               ln -sf ../../run/CAM_AEROPT_DATA . ;                    \
               cp     ../../run/CAMtr_volume_mixing_ratio.RCP8.5 CAMtr_volume_mixing_ratio ;   \
               ln -sf ../../run/CAMtr_volume_mixing_ratio.RCP4.5 . ;   \
               ln -sf ../../run/CAMtr_volume_mixing_ratio.RCP6   . ;   \
               ln -sf ../../run/CAMtr_volume_mixing_ratio.RCP8.5 . ;   \
               ln -sf ../../run/CAMtr_volume_mixing_ratio.A1B    . ;   \
               ln -sf ../../run/CAMtr_volume_mixing_ratio.A2     . ;   \
               ln -sf ../../run/CLM_ALB_ICE_DFS_DATA . ;               \
               ln -sf ../../run/CLM_ALB_ICE_DRC_DATA . ;               \
               ln -sf ../../run/CLM_ASM_ICE_DFS_DATA . ;               \
               ln -sf ../../run/CLM_ASM_ICE_DRC_DATA . ;               \
               ln -sf ../../run/CLM_DRDSDT0_DATA . ;                   \
               ln -sf ../../run/CLM_EXT_ICE_DFS_DATA . ;               \
               ln -sf ../../run/CLM_EXT_ICE_DRC_DATA . ;               \
               ln -sf ../../run/CLM_KAPPA_DATA . ;                     \
               ln -sf ../../run/CLM_TAU_DATA . ;                       \
               ln -sf ../../run/ozone.formatted . ;                    \
               ln -sf ../../run/ozone_lat.formatted . ;                \
               ln -sf ../../run/ozone_plev.formatted . ;               \
               ln -sf ../../run/aerosol.formatted . ;                  \
               ln -sf ../../run/aerosol_lat.formatted . ;              \
               ln -sf ../../run/aerosol_lon.formatted . ;              \
               ln -sf ../../run/aerosol_plev.formatted . ;             \
               if [ 4 -eq 8 ] ; then                        \
                  ln -sf ../../run/ETAMPNEW_DATA_DBL ETAMPNEW_DATA ;   \
                  ln -sf ../../run/ETAMPNEW_DATA.expanded_rain_DBL ETAMPNEW_DATA.expanded_rain ;   \
                  ln -sf ../../run/RRTM_DATA_DBL RRTM_DATA         ;   \
                  ln -sf ../../run/RRTMG_LW_DATA_DBL RRTMG_LW_DATA ;   \
                  ln -sf ../../run/RRTMG_SW_DATA_DBL RRTMG_SW_DATA ;   \
               fi ) ; \
	  ( cd test/em_esmf_exp ; /bin/rm -f GENPARM.TBL ; ln -s ../../run/GENPARM.TBL . ) ; \
	  ( cd test/em_esmf_exp ; /bin/rm -f LANDUSE.TBL ; ln -s ../../run/LANDUSE.TBL . ) ; \
	  ( cd test/em_esmf_exp ; /bin/rm -f SOILPARM.TBL ; ln -s ../../run/SOILPARM.TBL . ) ; \
	  ( cd test/em_esmf_exp ; /bin/rm -f URBPARM.TBL ; ln -s ../../run/URBPARM.TBL . ) ; \
	  ( cd test/em_esmf_exp ; /bin/rm -f VEGPARM.TBL ; ln -s ../../run/VEGPARM.TBL . ) ; \
	  ( cd test/em_esmf_exp ; /bin/rm -f MPTABLE.TBL ; ln -s ../../run/MPTABLE.TBL . ) ; \
	  ( cd test/em_esmf_exp ; /bin/rm -f tr49t67 ; ln -s ../../run/tr49t67 . ) ; \
	  ( cd test/em_esmf_exp ; /bin/rm -f tr49t85 ; ln -s ../../run/tr49t85 . ) ; \
	  ( cd test/em_esmf_exp ; /bin/rm -f tr67t85 ; ln -s ../../run/tr67t85 . ) ; \
	  ( cd test/em_esmf_exp ; /bin/rm -f gribmap.txt ; ln -s ../../run/gribmap.txt . ) ; \
	  ( cd test/em_esmf_exp ; /bin/rm -f grib2map.tbl ; ln -s ../../run/grib2map.tbl . ) ; \
	fi
( cd test/em_real ; /bin/rm -f real.exe ; ln -s ../../main/real.exe . )
( cd test/em_real ; /bin/rm -f tc.exe ; ln -s ../../main/tc.exe . )
( cd test/em_real ; /bin/rm -f ndown.exe ; ln -s ../../main/ndown.exe . )
( cd test/em_real ; /bin/rm -f nup.exe ; ln -s ../../main/nup.exe . )
( cd test/em_real ; /bin/rm -f README.namelist ; ln -s ../../run/README.namelist . )
( cd test/em_real ; /bin/rm -f ETAMPNEW_DATA.expanded_rain ETAMPNEW_DATA RRTM_DATA RRTMG_LW_DATA RRTMG_SW_DATA ;    \
             ln -sf ../../run/ETAMPNEW_DATA . ;                     \
             ln -sf ../../run/ETAMPNEW_DATA.expanded_rain . ;       \
             ln -sf ../../run/RRTM_DATA . ;                         \
             ln -sf ../../run/RRTMG_LW_DATA . ;                     \
             ln -sf ../../run/RRTMG_SW_DATA . ;                     \
             ln -sf ../../run/CAM_ABS_DATA . ;                      \
             ln -sf ../../run/CAM_AEROPT_DATA . ;                   \
             cp     ../../run/CAMtr_volume_mixing_ratio.RCP8.5 CAMtr_volume_mixing_ratio ;   \
             ln -sf ../../run/CAMtr_volume_mixing_ratio.RCP4.5 . ;  \
             ln -sf ../../run/CAMtr_volume_mixing_ratio.RCP6   . ;  \
             ln -sf ../../run/CAMtr_volume_mixing_ratio.RCP8.5 . ;  \
             ln -sf ../../run/CAMtr_volume_mixing_ratio.A1B    . ;  \
             ln -sf ../../run/CAMtr_volume_mixing_ratio.A2     . ;  \
             ln -sf ../../run/CLM_ALB_ICE_DFS_DATA . ;              \
             ln -sf ../../run/CLM_ALB_ICE_DRC_DATA . ;              \
             ln -sf ../../run/CLM_ASM_ICE_DFS_DATA . ;              \
             ln -sf ../../run/CLM_ASM_ICE_DRC_DATA . ;              \
             ln -sf ../../run/CLM_DRDSDT0_DATA . ;                  \
             ln -sf ../../run/CLM_EXT_ICE_DFS_DATA . ;              \
             ln -sf ../../run/CLM_EXT_ICE_DRC_DATA . ;              \
             ln -sf ../../run/CLM_KAPPA_DATA . ;                    \
             ln -sf ../../run/CLM_TAU_DATA . ;                      \
             ln -sf ../../run/ozone.formatted . ;                   \
             ln -sf ../../run/ozone_lat.formatted . ;               \
             ln -sf ../../run/ozone_plev.formatted . ;              \
             ln -sf ../../run/aerosol.formatted . ;                 \
             ln -sf ../../run/aerosol_lat.formatted . ;             \
             ln -sf ../../run/aerosol_lon.formatted . ;             \
             ln -sf ../../run/aerosol_plev.formatted . ;            \
             if [ 4 -eq 8 ] ; then                       \
                ln -sf ../../run/ETAMPNEW_DATA_DBL ETAMPNEW_DATA ;  \
                ln -sf ../../run/ETAMPNEW_DATA.expanded_rain_DBL ETAMPNEW_DATA.expanded_rain ;   \
                ln -sf ../../run/RRTM_DATA_DBL RRTM_DATA ;          \
                ln -sf ../../run/RRTMG_LW_DATA_DBL RRTMG_LW_DATA ;  \
                ln -sf ../../run/RRTMG_SW_DATA_DBL RRTMG_SW_DATA ;  \
             fi )
( cd test/em_real ; /bin/rm -f GENPARM.TBL ; ln -s ../../run/GENPARM.TBL . )
( cd test/em_real ; /bin/rm -f LANDUSE.TBL ; ln -s ../../run/LANDUSE.TBL . )
( cd test/em_real ; /bin/rm -f SOILPARM.TBL ; ln -s ../../run/SOILPARM.TBL . )
( cd test/em_real ; /bin/rm -f URBPARM.TBL ; ln -s ../../run/URBPARM.TBL . )
( cd test/em_real ; /bin/rm -f VEGPARM.TBL ; ln -s ../../run/VEGPARM.TBL . )
( cd test/em_real ; /bin/rm -f MPTABLE.TBL ; ln -s ../../run/MPTABLE.TBL . )
( cd test/em_real ; /bin/rm -f tr49t67 ; ln -s ../../run/tr49t67 . )
( cd test/em_real ; /bin/rm -f tr49t85 ; ln -s ../../run/tr49t85 . )
( cd test/em_real ; /bin/rm -f tr67t85 ; ln -s ../../run/tr67t85 . )
( cd test/em_real ; /bin/rm -f gribmap.txt ; ln -s ../../run/gribmap.txt . )
( cd test/em_real ; /bin/rm -f grib2map.tbl ; ln -s ../../run/grib2map.tbl . )
( cd run ; /bin/rm -f real.exe ; ln -s ../main/real.exe . )
( cd run ; /bin/rm -f tc.exe ; ln -s ../main/tc.exe . )
( cd run ; /bin/rm -f ndown.exe ; ln -s ../main/ndown.exe . )
( cd run ; /bin/rm -f nup.exe ; ln -s ../main/nup.exe . )
( cd run ; if test -f namelist.input ; then \
		/bin/cp -f namelist.input namelist.input.backup ; fi ; \
		/bin/rm -f namelist.input ; ln -s ../test/em_real/namelist.input . )
build started:   Wed May 11 09:44:34 PDT 2016
build completed: Wed May 11 10:28:06 PDT 2016
